Archive member included to satisfy reference by file (symbol)

/lib/ps4-payload-sdk/libPS4/libPS4.a(debug.o)
                              build/main.o (DEBUG_SOCK)
/lib/ps4-payload-sdk/libPS4/libPS4.a(file.o)
                              build/main.o (write)
/lib/ps4-payload-sdk/libPS4/libPS4.a(kernel.o)
                              build/main.o (kexec)
/lib/ps4-payload-sdk/libPS4/libPS4.a(libc.o)
                              build/main.o (initLibc)
/lib/ps4-payload-sdk/libPS4/libPS4.a(module.o)
                              /lib/ps4-payload-sdk/libPS4/libPS4.a(kernel.o) (getFunctionAddressByName)
/lib/ps4-payload-sdk/libPS4/libPS4.a(network.o)
                              build/main.o (initNetwork)
/lib/ps4-payload-sdk/libPS4/libPS4.a(payload_utils.o)
                              build/main.o (get_kernel_base)
/lib/ps4-payload-sdk/libPS4/libPS4.a(pthread.o)
                              build/main.o (initPthread)
/lib/ps4-payload-sdk/libPS4/libPS4.a(sysutil.o)
                              build/main.o (initSysUtil)
/lib/ps4-payload-sdk/libPS4/libPS4.a(syscall.o)
                              build/main.o (syscall)
/lib/ps4-payload-sdk/libPS4/libPS4.a(memory.o)
                              /lib/ps4-payload-sdk/libPS4/libPS4.a(payload_utils.o) (mmap)

Merging object attributes


Merging program properties

Removed property 0xc0000002 to merge build/main.o (0x3) and /tmp/cc0Pc0dc.o (not found)
Removed property 0xc0000002 to merge build/main.o (not found) and /lib/ps4-payload-sdk/libPS4/libPS4.a(debug.o) (0x3)
Removed property 0xc0000002 to merge build/main.o (not found) and /lib/ps4-payload-sdk/libPS4/libPS4.a(file.o) (0x3)
Removed property 0xc0000002 to merge build/main.o (not found) and /lib/ps4-payload-sdk/libPS4/libPS4.a(kernel.o) (0x3)
Removed property 0xc0000002 to merge build/main.o (not found) and /lib/ps4-payload-sdk/libPS4/libPS4.a(libc.o) (0x3)
Removed property 0xc0000002 to merge build/main.o (not found) and /lib/ps4-payload-sdk/libPS4/libPS4.a(module.o) (0x3)
Removed property 0xc0000002 to merge build/main.o (not found) and /lib/ps4-payload-sdk/libPS4/libPS4.a(network.o) (0x3)
Removed property 0xc0000002 to merge build/main.o (not found) and /lib/ps4-payload-sdk/libPS4/libPS4.a(payload_utils.o) (0x3)
Removed property 0xc0000002 to merge build/main.o (not found) and /lib/ps4-payload-sdk/libPS4/libPS4.a(pthread.o) (0x3)
Removed property 0xc0000002 to merge build/main.o (not found) and /lib/ps4-payload-sdk/libPS4/libPS4.a(sysutil.o) (0x3)
Removed property 0xc0000002 to merge build/main.o (not found) and /lib/ps4-payload-sdk/libPS4/libPS4.a(memory.o) (0x3)

Discarded input sections

 .data          0x0000000000000000        0x0 /tmp/cc0Pc0dc.o
 .bss           0x0000000000000000        0x0 /tmp/cc0Pc0dc.o
 .text          0x0000000000000000        0x0 build/main.o
 .data          0x0000000000000000        0x0 build/main.o
 .bss           0x0000000000000000        0x0 build/main.o
 .comment       0x0000000000000000       0x27 build/main.o
 .note.GNU-stack
                0x0000000000000000        0x0 build/main.o
 .note.gnu.property
                0x0000000000000000       0x20 build/main.o
 .eh_frame      0x0000000000000000      0x1d8 build/main.o
 .text          0x0000000000000000        0x0 /lib/ps4-payload-sdk/libPS4/libPS4.a(debug.o)
 .data          0x0000000000000000        0x0 /lib/ps4-payload-sdk/libPS4/libPS4.a(debug.o)
 .bss           0x0000000000000000        0x0 /lib/ps4-payload-sdk/libPS4/libPS4.a(debug.o)
 .comment       0x0000000000000000       0x27 /lib/ps4-payload-sdk/libPS4/libPS4.a(debug.o)
 .note.GNU-stack
                0x0000000000000000        0x0 /lib/ps4-payload-sdk/libPS4/libPS4.a(debug.o)
 .note.gnu.property
                0x0000000000000000       0x20 /lib/ps4-payload-sdk/libPS4/libPS4.a(debug.o)
 .data          0x0000000000000000        0x0 /lib/ps4-payload-sdk/libPS4/libPS4.a(file.o)
 .bss           0x0000000000000000        0x0 /lib/ps4-payload-sdk/libPS4/libPS4.a(file.o)
 .text.getSandboxDirectory
                0x0000000000000000       0x1b /lib/ps4-payload-sdk/libPS4/libPS4.a(file.o)
 .text.file_exists
                0x0000000000000000       0x23 /lib/ps4-payload-sdk/libPS4/libPS4.a(file.o)
 .text.dir_exists
                0x0000000000000000       0x28 /lib/ps4-payload-sdk/libPS4/libPS4.a(file.o)
 .text.symlink_exists
                0x0000000000000000       0x3a /lib/ps4-payload-sdk/libPS4/libPS4.a(file.o)
 .text.touch_file
                0x0000000000000000       0x23 /lib/ps4-payload-sdk/libPS4/libPS4.a(file.o)
 .text.copy_file
                0x0000000000000000       0x93 /lib/ps4-payload-sdk/libPS4/libPS4.a(file.o)
 .rodata.copy_dir.str1.1
                0x0000000000000000        0xb /lib/ps4-payload-sdk/libPS4/libPS4.a(file.o)
 .text.copy_dir
                0x0000000000000000      0x138 /lib/ps4-payload-sdk/libPS4/libPS4.a(file.o)
 .text.file_compare
                0x0000000000000000      0x16a /lib/ps4-payload-sdk/libPS4/libPS4.a(file.o)
 .text.rmtree   0x0000000000000000      0x145 /lib/ps4-payload-sdk/libPS4/libPS4.a(file.o)
 .text.fgetc_pointer
                0x0000000000000000       0x2c /lib/ps4-payload-sdk/libPS4/libPS4.a(file.o)
 .text.build_iovec
                0x0000000000000000       0xd5 /lib/ps4-payload-sdk/libPS4/libPS4.a(file.o)
 .rodata.mount_large_fs.str1.1
                0x0000000000000000       0x4b /lib/ps4-payload-sdk/libPS4/libPS4.a(file.o)
 .text.mount_large_fs
                0x0000000000000000      0x173 /lib/ps4-payload-sdk/libPS4/libPS4.a(file.o)
 .comment       0x0000000000000000       0x27 /lib/ps4-payload-sdk/libPS4/libPS4.a(file.o)
 .note.GNU-stack
                0x0000000000000000        0x0 /lib/ps4-payload-sdk/libPS4/libPS4.a(file.o)
 .note.gnu.property
                0x0000000000000000       0x20 /lib/ps4-payload-sdk/libPS4/libPS4.a(file.o)
 .eh_frame      0x0000000000000000      0x270 /lib/ps4-payload-sdk/libPS4/libPS4.a(file.o)
 .data          0x0000000000000000        0x0 /lib/ps4-payload-sdk/libPS4/libPS4.a(kernel.o)
 .bss           0x0000000000000000        0x0 /lib/ps4-payload-sdk/libPS4/libPS4.a(kernel.o)
 .comment       0x0000000000000000       0x27 /lib/ps4-payload-sdk/libPS4/libPS4.a(kernel.o)
 .note.GNU-stack
                0x0000000000000000        0x0 /lib/ps4-payload-sdk/libPS4/libPS4.a(kernel.o)
 .note.gnu.property
                0x0000000000000000       0x20 /lib/ps4-payload-sdk/libPS4/libPS4.a(kernel.o)
 .eh_frame      0x0000000000000000       0x50 /lib/ps4-payload-sdk/libPS4/libPS4.a(kernel.o)
 .text          0x0000000000000000        0x0 /lib/ps4-payload-sdk/libPS4/libPS4.a(libc.o)
 .data          0x0000000000000000        0x0 /lib/ps4-payload-sdk/libPS4/libPS4.a(libc.o)
 .bss           0x0000000000000000        0x0 /lib/ps4-payload-sdk/libPS4/libPS4.a(libc.o)
 .text.memset_s
                0x0000000000000000       0x4d /lib/ps4-payload-sdk/libPS4/libPS4.a(libc.o)
 .comment       0x0000000000000000       0x27 /lib/ps4-payload-sdk/libPS4/libPS4.a(libc.o)
 .note.GNU-stack
                0x0000000000000000        0x0 /lib/ps4-payload-sdk/libPS4/libPS4.a(libc.o)
 .note.gnu.property
                0x0000000000000000       0x20 /lib/ps4-payload-sdk/libPS4/libPS4.a(libc.o)
 .eh_frame      0x0000000000000000       0x50 /lib/ps4-payload-sdk/libPS4/libPS4.a(libc.o)
 .data          0x0000000000000000        0x0 /lib/ps4-payload-sdk/libPS4/libPS4.a(module.o)
 .bss           0x0000000000000000        0x0 /lib/ps4-payload-sdk/libPS4/libPS4.a(module.o)
 .text.getModuleInfo
                0x0000000000000000       0x1f /lib/ps4-payload-sdk/libPS4/libPS4.a(module.o)
 .text.unloadModule
                0x0000000000000000       0x19 /lib/ps4-payload-sdk/libPS4/libPS4.a(module.o)
 .rodata.initModule.str1.1
                0x0000000000000000       0x2c /lib/ps4-payload-sdk/libPS4/libPS4.a(module.o)
 .text.initModule
                0x0000000000000000       0x47 /lib/ps4-payload-sdk/libPS4/libPS4.a(module.o)
 .bss.sceSysmoduleLoadModule
                0x0000000000000000        0x8 /lib/ps4-payload-sdk/libPS4/libPS4.a(module.o)
 .bss.libModule
                0x0000000000000000        0x4 /lib/ps4-payload-sdk/libPS4/libPS4.a(module.o)
 .comment       0x0000000000000000       0x27 /lib/ps4-payload-sdk/libPS4/libPS4.a(module.o)
 .note.GNU-stack
                0x0000000000000000        0x0 /lib/ps4-payload-sdk/libPS4/libPS4.a(module.o)
 .note.gnu.property
                0x0000000000000000       0x20 /lib/ps4-payload-sdk/libPS4/libPS4.a(module.o)
 .eh_frame      0x0000000000000000       0x80 /lib/ps4-payload-sdk/libPS4/libPS4.a(module.o)
 .text          0x0000000000000000        0x0 /lib/ps4-payload-sdk/libPS4/libPS4.a(network.o)
 .data          0x0000000000000000        0x0 /lib/ps4-payload-sdk/libPS4/libPS4.a(network.o)
 .bss           0x0000000000000000        0x0 /lib/ps4-payload-sdk/libPS4/libPS4.a(network.o)
 .text.SckConnect
                0x0000000000000000       0xa3 /lib/ps4-payload-sdk/libPS4/libPS4.a(network.o)
 .text.SckClose
                0x0000000000000000        0xd /lib/ps4-payload-sdk/libPS4/libPS4.a(network.o)
 .text.SckRecv  0x0000000000000000       0xce /lib/ps4-payload-sdk/libPS4/libPS4.a(network.o)
 .text.SckRecvf
                0x0000000000000000       0x7a /lib/ps4-payload-sdk/libPS4/libPS4.a(network.o)
 .comment       0x0000000000000000       0x27 /lib/ps4-payload-sdk/libPS4/libPS4.a(network.o)
 .note.GNU-stack
                0x0000000000000000        0x0 /lib/ps4-payload-sdk/libPS4/libPS4.a(network.o)
 .note.gnu.property
                0x0000000000000000       0x20 /lib/ps4-payload-sdk/libPS4/libPS4.a(network.o)
 .eh_frame      0x0000000000000000      0x110 /lib/ps4-payload-sdk/libPS4/libPS4.a(network.o)
 .text          0x0000000000000000        0x0 /lib/ps4-payload-sdk/libPS4/libPS4.a(payload_utils.o)
 .data          0x0000000000000000        0x0 /lib/ps4-payload-sdk/libPS4/libPS4.a(payload_utils.o)
 .bss           0x0000000000000000        0x0 /lib/ps4-payload-sdk/libPS4/libPS4.a(payload_utils.o)
 .text.kpayload_dump
                0x0000000000000000      0x768 /lib/ps4-payload-sdk/libPS4/libPS4.a(payload_utils.o)
 .rodata.kpayload_dump
                0x0000000000000000       0x50 /lib/ps4-payload-sdk/libPS4/libPS4.a(payload_utils.o)
 .text.kpayload_aslr
                0x0000000000000000      0x791 /lib/ps4-payload-sdk/libPS4/libPS4.a(payload_utils.o)
 .rodata.kpayload_aslr
                0x0000000000000000       0x50 /lib/ps4-payload-sdk/libPS4/libPS4.a(payload_utils.o)
 .rodata.kpayload_kernel_clock.str1.1
                0x0000000000000000      0x123 /lib/ps4-payload-sdk/libPS4/libPS4.a(payload_utils.o)
 .text.kpayload_kernel_clock
                0x0000000000000000     0x1114 /lib/ps4-payload-sdk/libPS4/libPS4.a(payload_utils.o)
 .rodata.kpayload_kernel_clock
                0x0000000000000000       0x50 /lib/ps4-payload-sdk/libPS4/libPS4.a(payload_utils.o)
 .text.kpayload_enable_browser
                0x0000000000000000      0x810 /lib/ps4-payload-sdk/libPS4/libPS4.a(payload_utils.o)
 .rodata.kpayload_enable_browser
                0x0000000000000000       0x50 /lib/ps4-payload-sdk/libPS4/libPS4.a(payload_utils.o)
 .text.kpayload_target_id
                0x0000000000000000      0x6b4 /lib/ps4-payload-sdk/libPS4/libPS4.a(payload_utils.o)
 .rodata.kpayload_target_id
                0x0000000000000000       0x50 /lib/ps4-payload-sdk/libPS4/libPS4.a(payload_utils.o)
 .text.kpayload_perm_uart
                0x0000000000000000      0x700 /lib/ps4-payload-sdk/libPS4/libPS4.a(payload_utils.o)
 .rodata.kpayload_perm_uart
                0x0000000000000000       0x50 /lib/ps4-payload-sdk/libPS4/libPS4.a(payload_utils.o)
 .text.kpayload_exit_idu
                0x0000000000000000      0x700 /lib/ps4-payload-sdk/libPS4/libPS4.a(payload_utils.o)
 .rodata.kpayload_exit_idu
                0x0000000000000000       0x50 /lib/ps4-payload-sdk/libPS4/libPS4.a(payload_utils.o)
 .text.kpayload_npdrm_patch
                0x0000000000000000      0xabb /lib/ps4-payload-sdk/libPS4/libPS4.a(payload_utils.o)
 .rodata.kpayload_npdrm_patch
                0x0000000000000000       0x50 /lib/ps4-payload-sdk/libPS4/libPS4.a(payload_utils.o)
 .text.kpayload_no_bd
                0x0000000000000000      0x7ae /lib/ps4-payload-sdk/libPS4/libPS4.a(payload_utils.o)
 .rodata.kpayload_no_bd
                0x0000000000000000       0x50 /lib/ps4-payload-sdk/libPS4/libPS4.a(payload_utils.o)
 .rodata.is_fw_spoofed.str1.1
                0x0000000000000000        0xc /lib/ps4-payload-sdk/libPS4/libPS4.a(payload_utils.o)
 .text.is_fw_spoofed
                0x0000000000000000       0xae /lib/ps4-payload-sdk/libPS4/libPS4.a(payload_utils.o)
 .rodata.get_firmware_string.str1.1
                0x0000000000000000       0x22 /lib/ps4-payload-sdk/libPS4/libPS4.a(payload_utils.o)
 .text.get_firmware_string
                0x0000000000000000       0xc3 /lib/ps4-payload-sdk/libPS4/libPS4.a(payload_utils.o)
 .text.get_memory_dump
                0x0000000000000000       0x47 /lib/ps4-payload-sdk/libPS4/libPS4.a(payload_utils.o)
 .text.disable_aslr
                0x0000000000000000       0x2a /lib/ps4-payload-sdk/libPS4/libPS4.a(payload_utils.o)
 .text.kernel_clock
                0x0000000000000000       0x31 /lib/ps4-payload-sdk/libPS4/libPS4.a(payload_utils.o)
 .text.enable_browser
                0x0000000000000000       0x2a /lib/ps4-payload-sdk/libPS4/libPS4.a(payload_utils.o)
 .text.spoof_target_id
                0x0000000000000000       0x32 /lib/ps4-payload-sdk/libPS4/libPS4.a(payload_utils.o)
 .text.enable_perm_uart
                0x0000000000000000       0x2a /lib/ps4-payload-sdk/libPS4/libPS4.a(payload_utils.o)
 .text.exit_idu
                0x0000000000000000       0x2a /lib/ps4-payload-sdk/libPS4/libPS4.a(payload_utils.o)
 .text.npdrm_patch
                0x0000000000000000       0x2a /lib/ps4-payload-sdk/libPS4/libPS4.a(payload_utils.o)
 .text.no_bd_patch
                0x0000000000000000       0x2a /lib/ps4-payload-sdk/libPS4/libPS4.a(payload_utils.o)
 .rodata.__FUNCTION__.0
                0x0000000000000000        0xf /lib/ps4-payload-sdk/libPS4/libPS4.a(payload_utils.o)
 .rodata.__FUNCTION__.1
                0x0000000000000000       0x15 /lib/ps4-payload-sdk/libPS4/libPS4.a(payload_utils.o)
 .rodata.__FUNCTION__.2
                0x0000000000000000       0x12 /lib/ps4-payload-sdk/libPS4/libPS4.a(payload_utils.o)
 .rodata.__FUNCTION__.3
                0x0000000000000000       0x13 /lib/ps4-payload-sdk/libPS4/libPS4.a(payload_utils.o)
 .rodata.__FUNCTION__.4
                0x0000000000000000       0x13 /lib/ps4-payload-sdk/libPS4/libPS4.a(payload_utils.o)
 .rodata.__FUNCTION__.5
                0x0000000000000000       0x18 /lib/ps4-payload-sdk/libPS4/libPS4.a(payload_utils.o)
 .rodata.__FUNCTION__.6
                0x0000000000000000       0x16 /lib/ps4-payload-sdk/libPS4/libPS4.a(payload_utils.o)
 .rodata.__FUNCTION__.7
                0x0000000000000000        0xe /lib/ps4-payload-sdk/libPS4/libPS4.a(payload_utils.o)
 .rodata.__FUNCTION__.10
                0x0000000000000000        0xe /lib/ps4-payload-sdk/libPS4/libPS4.a(payload_utils.o)
 .comment       0x0000000000000000       0x27 /lib/ps4-payload-sdk/libPS4/libPS4.a(payload_utils.o)
 .note.GNU-stack
                0x0000000000000000        0x0 /lib/ps4-payload-sdk/libPS4/libPS4.a(payload_utils.o)
 .note.gnu.property
                0x0000000000000000       0x20 /lib/ps4-payload-sdk/libPS4/libPS4.a(payload_utils.o)
 .eh_frame      0x0000000000000000      0x518 /lib/ps4-payload-sdk/libPS4/libPS4.a(payload_utils.o)
 .text          0x0000000000000000        0x0 /lib/ps4-payload-sdk/libPS4/libPS4.a(pthread.o)
 .data          0x0000000000000000        0x0 /lib/ps4-payload-sdk/libPS4/libPS4.a(pthread.o)
 .bss           0x0000000000000000        0x0 /lib/ps4-payload-sdk/libPS4/libPS4.a(pthread.o)
 .comment       0x0000000000000000       0x27 /lib/ps4-payload-sdk/libPS4/libPS4.a(pthread.o)
 .note.GNU-stack
                0x0000000000000000        0x0 /lib/ps4-payload-sdk/libPS4/libPS4.a(pthread.o)
 .note.gnu.property
                0x0000000000000000       0x20 /lib/ps4-payload-sdk/libPS4/libPS4.a(pthread.o)
 .eh_frame      0x0000000000000000       0x48 /lib/ps4-payload-sdk/libPS4/libPS4.a(pthread.o)
 .text          0x0000000000000000        0x0 /lib/ps4-payload-sdk/libPS4/libPS4.a(sysutil.o)
 .data          0x0000000000000000        0x0 /lib/ps4-payload-sdk/libPS4/libPS4.a(sysutil.o)
 .bss           0x0000000000000000        0x0 /lib/ps4-payload-sdk/libPS4/libPS4.a(sysutil.o)
 .rodata.initUserService.str1.1
                0x0000000000000000       0xb3 /lib/ps4-payload-sdk/libPS4/libPS4.a(sysutil.o)
 .text.initUserService
                0x0000000000000000       0x9f /lib/ps4-payload-sdk/libPS4/libPS4.a(sysutil.o)
 .text.openBrowser
                0x0000000000000000       0x12 /lib/ps4-payload-sdk/libPS4/libPS4.a(sysutil.o)
 .text.getUserIDList
                0x0000000000000000       0x44 /lib/ps4-payload-sdk/libPS4/libPS4.a(sysutil.o)
 .text.getUserID
                0x0000000000000000       0x18 /lib/ps4-payload-sdk/libPS4/libPS4.a(sysutil.o)
 .text.getUserName
                0x0000000000000000       0x8c /lib/ps4-payload-sdk/libPS4/libPS4.a(sysutil.o)
 .text.getInitialUser
                0x0000000000000000       0x47 /lib/ps4-payload-sdk/libPS4/libPS4.a(sysutil.o)
 .rodata.shutdown.str1.1
                0x0000000000000000       0x11 /lib/ps4-payload-sdk/libPS4/libPS4.a(sysutil.o)
 .text.shutdown
                0x0000000000000000       0x54 /lib/ps4-payload-sdk/libPS4/libPS4.a(sysutil.o)
 .rodata.reboot.str1.1
                0x0000000000000000       0x32 /lib/ps4-payload-sdk/libPS4/libPS4.a(sysutil.o)
 .text.reboot   0x0000000000000000       0x41 /lib/ps4-payload-sdk/libPS4/libPS4.a(sysutil.o)
 .bss.sceKernelReboot
                0x0000000000000000        0x8 /lib/ps4-payload-sdk/libPS4/libPS4.a(sysutil.o)
 .bss.sceUserServiceTerminate
                0x0000000000000000        0x8 /lib/ps4-payload-sdk/libPS4/libPS4.a(sysutil.o)
 .bss.sceUserServiceGetInitialUser
                0x0000000000000000        0x8 /lib/ps4-payload-sdk/libPS4/libPS4.a(sysutil.o)
 .bss.sceUserServiceGetUserName
                0x0000000000000000        0x8 /lib/ps4-payload-sdk/libPS4/libPS4.a(sysutil.o)
 .bss.sceUserServiceGetLoginUserIdList
                0x0000000000000000        0x8 /lib/ps4-payload-sdk/libPS4/libPS4.a(sysutil.o)
 .bss.sceUserServiceInitialize
                0x0000000000000000        0x8 /lib/ps4-payload-sdk/libPS4/libPS4.a(sysutil.o)
 .bss.libSceUserService
                0x0000000000000000        0x4 /lib/ps4-payload-sdk/libPS4/libPS4.a(sysutil.o)
 .comment       0x0000000000000000       0x27 /lib/ps4-payload-sdk/libPS4/libPS4.a(sysutil.o)
 .note.GNU-stack
                0x0000000000000000        0x0 /lib/ps4-payload-sdk/libPS4/libPS4.a(sysutil.o)
 .note.gnu.property
                0x0000000000000000       0x20 /lib/ps4-payload-sdk/libPS4/libPS4.a(sysutil.o)
 .eh_frame      0x0000000000000000      0x120 /lib/ps4-payload-sdk/libPS4/libPS4.a(sysutil.o)
 .data          0x0000000000000000        0x0 /lib/ps4-payload-sdk/libPS4/libPS4.a(syscall.o)
 .bss           0x0000000000000000        0x0 /lib/ps4-payload-sdk/libPS4/libPS4.a(syscall.o)
 .data          0x0000000000000000        0x0 /lib/ps4-payload-sdk/libPS4/libPS4.a(memory.o)
 .bss           0x0000000000000000        0x0 /lib/ps4-payload-sdk/libPS4/libPS4.a(memory.o)
 .comment       0x0000000000000000       0x27 /lib/ps4-payload-sdk/libPS4/libPS4.a(memory.o)
 .note.GNU-stack
                0x0000000000000000        0x0 /lib/ps4-payload-sdk/libPS4/libPS4.a(memory.o)
 .note.gnu.property
                0x0000000000000000       0x20 /lib/ps4-payload-sdk/libPS4/libPS4.a(memory.o)

Memory Configuration

Name             Origin             Length             Attributes
*default*        0x0000000000000000 0xffffffffffffffff

Linker script and memory map

LOAD /tmp/cc0Pc0dc.o
LOAD build/main.o

.text           0x0000000000000000     0x5638
 *(.text.start)
 *(.text*)
 .text          0x0000000000000000        0x5 /tmp/cc0Pc0dc.o
                0x0000000000000000                _start
 .text.sd_step  0x0000000000000005      0xda3 build/main.o
 .text.write_file
                0x0000000000000da8       0x69 build/main.o
 .text.sta      0x0000000000000e11       0x3c build/main.o
 .text._main    0x0000000000000e4d     0x1a97 build/main.o
                0x0000000000000e4d                _main
 .text          0x00000000000028e4      0x108 /lib/ps4-payload-sdk/libPS4/libPS4.a(file.o)
                0x00000000000028e4                read
                0x00000000000028f0                write
                0x00000000000028fc                open
                0x0000000000002908                close
                0x0000000000002914                unlink
                0x0000000000002920                link
                0x000000000000292c                readlink
                0x0000000000002938                symlink
                0x0000000000002944                mount
                0x0000000000002950                nmount
                0x000000000000295c                unmount
                0x0000000000002968                fchown
                0x0000000000002974                fchmod
                0x0000000000002980                rename
                0x000000000000298c                mkdir
                0x0000000000002998                rmdir
                0x00000000000029a4                stat
                0x00000000000029b0                fstat
                0x00000000000029bc                lstat
                0x00000000000029c8                getdents
                0x00000000000029d4                lseek
                0x00000000000029e0                fstatat
 .text          0x00000000000029ec       0x30 /lib/ps4-payload-sdk/libPS4/libPS4.a(kernel.o)
                0x00000000000029ec                kill
                0x00000000000029f8                ioctl
                0x0000000000002a04                kexec
                0x0000000000002a10                is_in_sandbox
 .text.initKernel
                0x0000000000002a1c      0x44c /lib/ps4-payload-sdk/libPS4/libPS4.a(kernel.o)
                0x0000000000002a1c                initKernel
 .text.initLibc
                0x0000000000002e68      0x648 /lib/ps4-payload-sdk/libPS4/libPS4.a(libc.o)
                0x0000000000002e68                initLibc
 .text          0x00000000000034b0       0x18 /lib/ps4-payload-sdk/libPS4/libPS4.a(module.o)
                0x00000000000034b0                getFunctionAddressByName
                0x00000000000034bc                getLoadedModules
 .text.loadModule
                0x00000000000034c8       0x1e /lib/ps4-payload-sdk/libPS4/libPS4.a(module.o)
                0x00000000000034c8                loadModule
 .text.initNetwork
                0x00000000000034e6      0x258 /lib/ps4-payload-sdk/libPS4/libPS4.a(network.o)
                0x00000000000034e6                initNetwork
 .text.SckSend  0x000000000000373e       0x15 /lib/ps4-payload-sdk/libPS4/libPS4.a(network.o)
                0x000000000000373e                SckSend
 .text.kpayload_kbase
                0x0000000000003753      0x862 /lib/ps4-payload-sdk/libPS4/libPS4.a(payload_utils.o)
                0x0000000000003753                kpayload_kbase
 .text.kpayload_jailbreak
                0x0000000000003fb5      0x7d4 /lib/ps4-payload-sdk/libPS4/libPS4.a(payload_utils.o)
                0x0000000000003fb5                kpayload_jailbreak
 .text.kpayload_mmap
                0x0000000000004789      0x97a /lib/ps4-payload-sdk/libPS4/libPS4.a(payload_utils.o)
                0x0000000000004789                kpayload_mmap
 .text.is_jailbroken
                0x0000000000005103       0x28 /lib/ps4-payload-sdk/libPS4/libPS4.a(payload_utils.o)
                0x0000000000005103                is_jailbroken
 .text.get_firmware
                0x000000000000512b      0x193 /lib/ps4-payload-sdk/libPS4/libPS4.a(payload_utils.o)
                0x000000000000512b                get_firmware
 .text.get_kernel_base
                0x00000000000052be       0x8a /lib/ps4-payload-sdk/libPS4/libPS4.a(payload_utils.o)
                0x00000000000052be                get_kernel_base
 .text.jailbreak
                0x0000000000005348       0x38 /lib/ps4-payload-sdk/libPS4/libPS4.a(payload_utils.o)
                0x0000000000005348                jailbreak
 .text.mmap_patch
                0x0000000000005380       0x2a /lib/ps4-payload-sdk/libPS4/libPS4.a(payload_utils.o)
                0x0000000000005380                mmap_patch
 .text.initPthread
                0x00000000000053aa      0x17a /lib/ps4-payload-sdk/libPS4/libPS4.a(pthread.o)
                0x00000000000053aa                initPthread
 .text.initSysUtil
                0x0000000000005524       0x86 /lib/ps4-payload-sdk/libPS4/libPS4.a(sysutil.o)
                0x0000000000005524                initSysUtil
 .text          0x00000000000055aa       0x2e /lib/ps4-payload-sdk/libPS4/libPS4.a(syscall.o)
                0x00000000000055aa                syscall
                0x00000000000055ad                syscall_macro
 .text          0x00000000000055d8       0x60 /lib/ps4-payload-sdk/libPS4/libPS4.a(memory.o)
                0x00000000000055d8                mmap
                0x00000000000055e4                munmap
                0x00000000000055f0                mprotect
                0x00000000000055fc                msync
                0x0000000000005608                mlock
                0x0000000000005614                munlock
                0x0000000000005620                getMemoryInfo
                0x000000000000562c                getOtherMemoryInfo

.plt            0x0000000000005640        0x0
 .plt           0x0000000000005640        0x0 /tmp/cc0Pc0dc.o

.plt.got        0x0000000000005638        0x0
 .plt.got       0x0000000000005638        0x0 /tmp/cc0Pc0dc.o

.rodata         0x0000000000005640     0x2467
 *(.rodata)
 *(.rodata*)
 .rodata.sd_step.str1.1
                0x0000000000005640      0xe0c build/main.o
                                         0xce (size before relaxing)
 .rodata.sd_step
                0x000000000000644c       0x24 build/main.o
 .rodata.sta.str1.1
                0x0000000000006470        0x0 build/main.o
                                         0x35 (size before relaxing)
 .rodata._main.str1.1
                0x0000000000006470        0x0 build/main.o
                                        0x398 (size before relaxing)
 *fill*         0x0000000000006470       0x10 
 .rodata.icon_uri.0
                0x0000000000006480       0x26 build/main.o
 *fill*         0x00000000000064a6       0x1a 
 .rodata.icon_uri.1
                0x00000000000064c0       0x26 build/main.o
 *fill*         0x00000000000064e6       0x1a 
 .rodata.icon_uri.2
                0x0000000000006500       0x26 build/main.o
 *fill*         0x0000000000006526        0x2 
 .rodata.__FUNCTION__.3
                0x0000000000006528        0x8 build/main.o
 *fill*         0x0000000000006530       0x10 
 .rodata.icon_uri.4
                0x0000000000006540       0x26 build/main.o
 *fill*         0x0000000000006566       0x1a 
 .rodata.icon_uri.5
                0x0000000000006580       0x26 build/main.o
 *fill*         0x00000000000065a6       0x1a 
 .rodata.icon_uri.8
                0x00000000000065c0       0x26 build/main.o
 *fill*         0x00000000000065e6       0x1a 
 .rodata.icon_uri.9
                0x0000000000006600       0x26 build/main.o
 *fill*         0x0000000000006626       0x1a 
 .rodata.icon_uri.10
                0x0000000000006640       0x26 build/main.o
 *fill*         0x0000000000006666       0x1a 
 .rodata.icon_uri.11
                0x0000000000006680       0x26 build/main.o
 *fill*         0x00000000000066a6       0x1a 
 .rodata.icon_uri.12
                0x00000000000066c0       0x26 build/main.o
 *fill*         0x00000000000066e6       0x1a 
 .rodata.icon_uri.13
                0x0000000000006700       0x26 build/main.o
 *fill*         0x0000000000006726       0x1a 
 .rodata.icon_uri.14
                0x0000000000006740       0x26 build/main.o
 *fill*         0x0000000000006766       0x1a 
 .rodata.icon_uri.16
                0x0000000000006780       0x26 build/main.o
 *fill*         0x00000000000067a6       0x1a 
 .rodata.icon_uri.17
                0x00000000000067c0       0x26 build/main.o
 *fill*         0x00000000000067e6       0x1a 
 .rodata.icon_uri.21
                0x0000000000006800       0x26 build/main.o
 *fill*         0x0000000000006826       0x1a 
 .rodata.icon_uri.22
                0x0000000000006840       0x26 build/main.o
 *fill*         0x0000000000006866       0x1a 
 .rodata.icon_uri.23
                0x0000000000006880       0x26 build/main.o
 *fill*         0x00000000000068a6       0x1a 
 .rodata.icon_uri.24
                0x00000000000068c0       0x26 build/main.o
 *fill*         0x00000000000068e6       0x1a 
 .rodata.icon_uri.25
                0x0000000000006900       0x26 build/main.o
 .rodata.__FUNCTION__.26
                0x0000000000006926        0x6 build/main.o
 *fill*         0x000000000000692c       0x14 
 .rodata.icon_uri.27
                0x0000000000006940       0x26 build/main.o
 *fill*         0x0000000000006966       0x1a 
 .rodata.g_embed_hdr
                0x0000000000006980     0x1000 build/main.o
 .rodata.initKernel.str1.1
                0x0000000000007980        0x0 /lib/ps4-payload-sdk/libPS4/libPS4.a(kernel.o)
                                        0x391 (size before relaxing)
 .rodata.initLibc.str1.1
                0x0000000000007980        0x0 /lib/ps4-payload-sdk/libPS4/libPS4.a(libc.o)
                                        0x248 (size before relaxing)
 .rodata.initNetwork.str1.1
                0x0000000000007980        0x0 /lib/ps4-payload-sdk/libPS4/libPS4.a(network.o)
                                        0x173 (size before relaxing)
 .rodata.kpayload_kbase.str1.1
                0x0000000000007980        0x0 /lib/ps4-payload-sdk/libPS4/libPS4.a(payload_utils.o)
                                         0x42 (size before relaxing)
 .rodata.kpayload_kbase
                0x0000000000007980       0x50 /lib/ps4-payload-sdk/libPS4/libPS4.a(payload_utils.o)
 .rodata.kpayload_jailbreak
                0x00000000000079d0       0x50 /lib/ps4-payload-sdk/libPS4/libPS4.a(payload_utils.o)
 .rodata.kpayload_mmap
                0x0000000000007a20       0x50 /lib/ps4-payload-sdk/libPS4/libPS4.a(payload_utils.o)
 .rodata.get_firmware.str1.1
                0x0000000000007a70        0x0 /lib/ps4-payload-sdk/libPS4/libPS4.a(payload_utils.o)
                                         0x41 (size before relaxing)
 .rodata.__FUNCTION__.8
                0x0000000000007a70        0xe /lib/ps4-payload-sdk/libPS4/libPS4.a(payload_utils.o)
 *fill*         0x0000000000007a7e        0x2 
 .rodata.__FUNCTION__.9
                0x0000000000007a80       0x13 /lib/ps4-payload-sdk/libPS4/libPS4.a(payload_utils.o)
 *fill*         0x0000000000007a93        0x5 
 .rodata.__FUNCTION__.11
                0x0000000000007a98        0xf /lib/ps4-payload-sdk/libPS4/libPS4.a(payload_utils.o)
 .rodata.initPthread.str1.1
                0x0000000000007aa7        0x0 /lib/ps4-payload-sdk/libPS4/libPS4.a(pthread.o)
                                        0x13a (size before relaxing)
 .rodata.initSysUtil.str1.1
                0x0000000000007aa7        0x0 /lib/ps4-payload-sdk/libPS4/libPS4.a(sysutil.o)
                                         0x9c (size before relaxing)

.gnu.version_d  0x0000000000007aa8        0x0
 .gnu.version_d
                0x0000000000007aa8        0x0 /tmp/cc0Pc0dc.o

.gnu.version    0x0000000000007aa8        0x0
 .gnu.version   0x0000000000007aa8        0x0 /tmp/cc0Pc0dc.o

.gnu.version_r  0x0000000000007aa8        0x0
 .gnu.version_r
                0x0000000000007aa8        0x0 /tmp/cc0Pc0dc.o

.dynsym         0x0000000000007aa8       0x18
 .dynsym        0x0000000000007aa8       0x18 /tmp/cc0Pc0dc.o

.dynstr         0x0000000000007ac0        0x1
 .dynstr        0x0000000000007ac0        0x1 /tmp/cc0Pc0dc.o

.gnu.hash       0x0000000000007ac8       0x1c
 .gnu.hash      0x0000000000007ac8       0x1c /tmp/cc0Pc0dc.o

.eh_frame_hdr   0x0000000000007ae4        0x0
 .eh_frame_hdr  0x0000000000007ae4        0x0 build/main.o

.rela.dyn       0x0000000000007ae8        0x0
 .rela.plt      0x0000000000007ae8        0x0 /tmp/cc0Pc0dc.o
 .rela.got      0x0000000000007ae8        0x0 /tmp/cc0Pc0dc.o
 .rela.bss      0x0000000000007ae8        0x0 /tmp/cc0Pc0dc.o
 .rela.data.rel.ro
                0x0000000000007ae8        0x0 /tmp/cc0Pc0dc.o
 .rela.ifunc    0x0000000000007ae8        0x0 /tmp/cc0Pc0dc.o
 .rela.tls      0x0000000000007ae8        0x0 /tmp/cc0Pc0dc.o

.data
 *(.data)

.dynamic        0x0000000000007ae8       0xe0
 .dynamic       0x0000000000007ae8       0xe0 /tmp/cc0Pc0dc.o
                0x0000000000007ae8                _DYNAMIC

.got            0x0000000000007bc8        0x0
 .got           0x0000000000007bc8        0x0 /tmp/cc0Pc0dc.o

.got.plt        0x0000000000007bc8        0x0
 .got.plt       0x0000000000007bc8        0x0 /tmp/cc0Pc0dc.o

.data.rel.ro    0x0000000000007bc8        0x0
 .data.rel.ro   0x0000000000007bc8        0x0 /tmp/cc0Pc0dc.o

.data.DEBUG_SOCK
                0x0000000000007bc8        0x4
 .data.DEBUG_SOCK
                0x0000000000007bc8        0x4 /lib/ps4-payload-sdk/libPS4/libPS4.a(debug.o)
                0x0000000000007bc8                DEBUG_SOCK

.bss
 *(.bss)

.dynbss         0x0000000000007bcc        0x0
 .dynbss        0x0000000000007bcc        0x0 /tmp/cc0Pc0dc.o

.bss.g_pn       0x0000000000007bd0        0x8
 .bss.g_pn      0x0000000000007bd0        0x8 build/main.o

.bss.g_pb       0x0000000000007be0       0x40
 .bss.g_pb      0x0000000000007be0       0x40 build/main.o

.bss.g_rcs      0x0000000000007c20       0x30
 .bss.g_rcs     0x0000000000007c20       0x30 build/main.o

.bss.g_r        0x0000000000007c60       0x88
 .bss.g_r       0x0000000000007c60       0x88 build/main.o

.bss.g_a        0x0000000000007d00      0x130
 .bss.g_a       0x0000000000007d00      0x130 build/main.o

.bss.sceKernelGetOpenPsIdForSystem
                0x0000000000007e30        0x8
 .bss.sceKernelGetOpenPsIdForSystem
                0x0000000000007e30        0x8 /lib/ps4-payload-sdk/libPS4/libPS4.a(kernel.o)
                0x0000000000007e30                sceKernelGetOpenPsIdForSystem

.bss.sceKernelGetOpenPsId
                0x0000000000007e38        0x8
 .bss.sceKernelGetOpenPsId
                0x0000000000007e38        0x8 /lib/ps4-payload-sdk/libPS4/libPS4.a(kernel.o)
                0x0000000000007e38                sceKernelGetOpenPsId

.bss.sceKernelGetIdPs
                0x0000000000007e40        0x8
 .bss.sceKernelGetIdPs
                0x0000000000007e40        0x8 /lib/ps4-payload-sdk/libPS4/libPS4.a(kernel.o)
                0x0000000000007e40                sceKernelGetIdPs

.bss.sceKernelGetCpuTemperature
                0x0000000000007e48        0x8
 .bss.sceKernelGetCpuTemperature
                0x0000000000007e48        0x8 /lib/ps4-payload-sdk/libPS4/libPS4.a(kernel.o)
                0x0000000000007e48                sceKernelGetCpuTemperature

.bss.sceKernelGetSystemSwVersion
                0x0000000000007e50        0x8
 .bss.sceKernelGetSystemSwVersion
                0x0000000000007e50        0x8 /lib/ps4-payload-sdk/libPS4/libPS4.a(kernel.o)
                0x0000000000007e50                sceKernelGetSystemSwVersion

.bss.sceKernelGetFsSandboxRandomWord
                0x0000000000007e58        0x8
 .bss.sceKernelGetFsSandboxRandomWord
                0x0000000000007e58        0x8 /lib/ps4-payload-sdk/libPS4/libPS4.a(kernel.o)
                0x0000000000007e58                sceKernelGetFsSandboxRandomWord

.bss.sceKernelSendNotificationRequest
                0x0000000000007e60        0x8
 .bss.sceKernelSendNotificationRequest
                0x0000000000007e60        0x8 /lib/ps4-payload-sdk/libPS4/libPS4.a(kernel.o)
                0x0000000000007e60                sceKernelSendNotificationRequest

.bss.setregid   0x0000000000007e68        0x8
 .bss.setregid  0x0000000000007e68        0x8 /lib/ps4-payload-sdk/libPS4/libPS4.a(kernel.o)
                0x0000000000007e68                setregid

.bss.setreuid   0x0000000000007e70        0x8
 .bss.setreuid  0x0000000000007e70        0x8 /lib/ps4-payload-sdk/libPS4/libPS4.a(kernel.o)
                0x0000000000007e70                setreuid

.bss.setgid     0x0000000000007e78        0x8
 .bss.setgid    0x0000000000007e78        0x8 /lib/ps4-payload-sdk/libPS4/libPS4.a(kernel.o)
                0x0000000000007e78                setgid

.bss.setuid     0x0000000000007e80        0x8
 .bss.setuid    0x0000000000007e80        0x8 /lib/ps4-payload-sdk/libPS4/libPS4.a(kernel.o)
                0x0000000000007e80                setuid

.bss.getpid     0x0000000000007e88        0x8
 .bss.getpid    0x0000000000007e88        0x8 /lib/ps4-payload-sdk/libPS4/libPS4.a(kernel.o)
                0x0000000000007e88                getpid

.bss.getgid     0x0000000000007e90        0x8
 .bss.getgid    0x0000000000007e90        0x8 /lib/ps4-payload-sdk/libPS4/libPS4.a(kernel.o)
                0x0000000000007e90                getgid

.bss.getuid     0x0000000000007e98        0x8
 .bss.getuid    0x0000000000007e98        0x8 /lib/ps4-payload-sdk/libPS4/libPS4.a(kernel.o)
                0x0000000000007e98                getuid

.bss.sceKernelAddReadEvent
                0x0000000000007ea0        0x8
 .bss.sceKernelAddReadEvent
                0x0000000000007ea0        0x8 /lib/ps4-payload-sdk/libPS4/libPS4.a(kernel.o)
                0x0000000000007ea0                sceKernelAddReadEvent

.bss.sceKernelAddUserEvent
                0x0000000000007ea8        0x8
 .bss.sceKernelAddUserEvent
                0x0000000000007ea8        0x8 /lib/ps4-payload-sdk/libPS4/libPS4.a(kernel.o)
                0x0000000000007ea8                sceKernelAddUserEvent

.bss.sceKernelDeleteEqueue
                0x0000000000007eb0        0x8
 .bss.sceKernelDeleteEqueue
                0x0000000000007eb0        0x8 /lib/ps4-payload-sdk/libPS4/libPS4.a(kernel.o)
                0x0000000000007eb0                sceKernelDeleteEqueue

.bss.sceKernelCreateEqueue
                0x0000000000007eb8        0x8
 .bss.sceKernelCreateEqueue
                0x0000000000007eb8        0x8 /lib/ps4-payload-sdk/libPS4/libPS4.a(kernel.o)
                0x0000000000007eb8                sceKernelCreateEqueue

.bss.pthread_setaffinity_np
                0x0000000000007ec0        0x8
 .bss.pthread_setaffinity_np
                0x0000000000007ec0        0x8 /lib/ps4-payload-sdk/libPS4/libPS4.a(kernel.o)
                0x0000000000007ec0                pthread_setaffinity_np

.bss.pthread_self
                0x0000000000007ec8        0x8
 .bss.pthread_self
                0x0000000000007ec8        0x8 /lib/ps4-payload-sdk/libPS4/libPS4.a(kernel.o)
                0x0000000000007ec8                pthread_self

.bss.execve     0x0000000000007ed0        0x8
 .bss.execve    0x0000000000007ed0        0x8 /lib/ps4-payload-sdk/libPS4/libPS4.a(kernel.o)
                0x0000000000007ed0                execve

.bss.sysarch    0x0000000000007ed8        0x8
 .bss.sysarch   0x0000000000007ed8        0x8 /lib/ps4-payload-sdk/libPS4/libPS4.a(kernel.o)
                0x0000000000007ed8                sysarch

.bss.sysctlbyname
                0x0000000000007ee0        0x8
 .bss.sysctlbyname
                0x0000000000007ee0        0x8 /lib/ps4-payload-sdk/libPS4/libPS4.a(kernel.o)
                0x0000000000007ee0                sysctlbyname

.bss.sysctl     0x0000000000007ee8        0x8
 .bss.sysctl    0x0000000000007ee8        0x8 /lib/ps4-payload-sdk/libPS4/libPS4.a(kernel.o)
                0x0000000000007ee8                sysctl

.bss.sceKernelGetCurrentCpu
                0x0000000000007ef0        0x8
 .bss.sceKernelGetCurrentCpu
                0x0000000000007ef0        0x8 /lib/ps4-payload-sdk/libPS4/libPS4.a(kernel.o)
                0x0000000000007ef0                sceKernelGetCurrentCpu

.bss.sceKernelGetProcessTime
                0x0000000000007ef8        0x8
 .bss.sceKernelGetProcessTime
                0x0000000000007ef8        0x8 /lib/ps4-payload-sdk/libPS4/libPS4.a(kernel.o)
                0x0000000000007ef8                sceKernelGetProcessTime

.bss.sceKernelGettimeofday
                0x0000000000007f00        0x8
 .bss.sceKernelGettimeofday
                0x0000000000007f00        0x8 /lib/ps4-payload-sdk/libPS4/libPS4.a(kernel.o)
                0x0000000000007f00                sceKernelGettimeofday

.bss.usleep     0x0000000000007f08        0x8
 .bss.usleep    0x0000000000007f08        0x8 /lib/ps4-payload-sdk/libPS4/libPS4.a(kernel.o)
                0x0000000000007f08                usleep

.bss.sceKernelUsleep
                0x0000000000007f10        0x8
 .bss.sceKernelUsleep
                0x0000000000007f10        0x8 /lib/ps4-payload-sdk/libPS4/libPS4.a(kernel.o)
                0x0000000000007f10                sceKernelUsleep

.bss.sceKernelSleep
                0x0000000000007f18        0x8
 .bss.sceKernelSleep
                0x0000000000007f18        0x8 /lib/ps4-payload-sdk/libPS4/libPS4.a(kernel.o)
                0x0000000000007f18                sceKernelSleep

.bss.sceKernelLwfsWrite
                0x0000000000007f20        0x8
 .bss.sceKernelLwfsWrite
                0x0000000000007f20        0x8 /lib/ps4-payload-sdk/libPS4/libPS4.a(kernel.o)
                0x0000000000007f20                sceKernelLwfsWrite

.bss.sceKernelLwfsLseek
                0x0000000000007f28        0x8
 .bss.sceKernelLwfsLseek
                0x0000000000007f28        0x8 /lib/ps4-payload-sdk/libPS4/libPS4.a(kernel.o)
                0x0000000000007f28                sceKernelLwfsLseek

.bss.sceKernelLwfsTrimBlock
                0x0000000000007f30        0x8
 .bss.sceKernelLwfsTrimBlock
                0x0000000000007f30        0x8 /lib/ps4-payload-sdk/libPS4/libPS4.a(kernel.o)
                0x0000000000007f30                sceKernelLwfsTrimBlock

.bss.sceKernelLwfsSetAttribute
                0x0000000000007f38        0x8
 .bss.sceKernelLwfsSetAttribute
                0x0000000000007f38        0x8 /lib/ps4-payload-sdk/libPS4/libPS4.a(kernel.o)
                0x0000000000007f38                sceKernelLwfsSetAttribute

.bss.sceKernelLwfsAllocateBlock
                0x0000000000007f40        0x8
 .bss.sceKernelLwfsAllocateBlock
                0x0000000000007f40        0x8 /lib/ps4-payload-sdk/libPS4/libPS4.a(kernel.o)
                0x0000000000007f40                sceKernelLwfsAllocateBlock

.bss.sceKernelClose
                0x0000000000007f48        0x8
 .bss.sceKernelClose
                0x0000000000007f48        0x8 /lib/ps4-payload-sdk/libPS4/libPS4.a(kernel.o)
                0x0000000000007f48                sceKernelClose

.bss.sceKernelLseek
                0x0000000000007f50        0x8
 .bss.sceKernelLseek
                0x0000000000007f50        0x8 /lib/ps4-payload-sdk/libPS4/libPS4.a(kernel.o)
                0x0000000000007f50                sceKernelLseek

.bss.sceKernelRead
                0x0000000000007f58        0x8
 .bss.sceKernelRead
                0x0000000000007f58        0x8 /lib/ps4-payload-sdk/libPS4/libPS4.a(kernel.o)
                0x0000000000007f58                sceKernelRead

.bss.sceKernelOpen
                0x0000000000007f60        0x8
 .bss.sceKernelOpen
                0x0000000000007f60        0x8 /lib/ps4-payload-sdk/libPS4/libPS4.a(kernel.o)
                0x0000000000007f60                sceKernelOpen

.bss.sceKernelStat
                0x0000000000007f68        0x8
 .bss.sceKernelStat
                0x0000000000007f68        0x8 /lib/ps4-payload-sdk/libPS4/libPS4.a(kernel.o)
                0x0000000000007f68                sceKernelStat

.bss.sceKernelGetDirectMemorySize
                0x0000000000007f70        0x8
 .bss.sceKernelGetDirectMemorySize
                0x0000000000007f70        0x8 /lib/ps4-payload-sdk/libPS4/libPS4.a(kernel.o)
                0x0000000000007f70                sceKernelGetDirectMemorySize

.bss.sceKernelMapDirectMemory
                0x0000000000007f78        0x8
 .bss.sceKernelMapDirectMemory
                0x0000000000007f78        0x8 /lib/ps4-payload-sdk/libPS4/libPS4.a(kernel.o)
                0x0000000000007f78                sceKernelMapDirectMemory

.bss.sceKernelAllocateDirectMemory
                0x0000000000007f80        0x8
 .bss.sceKernelAllocateDirectMemory
                0x0000000000007f80        0x8 /lib/ps4-payload-sdk/libPS4/libPS4.a(kernel.o)
                0x0000000000007f80                sceKernelAllocateDirectMemory

.bss.sceKernelLoadStartModule
                0x0000000000007f88        0x8
 .bss.sceKernelLoadStartModule
                0x0000000000007f88        0x8 /lib/ps4-payload-sdk/libPS4/libPS4.a(kernel.o)
                0x0000000000007f88                sceKernelLoadStartModule

.bss.sceKernelError
                0x0000000000007f90        0x8
 .bss.sceKernelError
                0x0000000000007f90        0x8 /lib/ps4-payload-sdk/libPS4/libPS4.a(kernel.o)
                0x0000000000007f90                sceKernelError

.bss.__error    0x0000000000007f98        0x8
 .bss.__error   0x0000000000007f98        0x8 /lib/ps4-payload-sdk/libPS4/libPS4.a(kernel.o)
                0x0000000000007f98                __error

.bss.__stack_chk_fail
                0x0000000000007fa0        0x8
 .bss.__stack_chk_fail
                0x0000000000007fa0        0x8 /lib/ps4-payload-sdk/libPS4/libPS4.a(kernel.o)
                0x0000000000007fa0                __stack_chk_fail

.bss.__stack_chk_guard
                0x0000000000007fa8        0x8
 .bss.__stack_chk_guard
                0x0000000000007fa8        0x8 /lib/ps4-payload-sdk/libPS4/libPS4.a(kernel.o)
                0x0000000000007fa8                __stack_chk_guard

.bss.libKernelHandle
                0x0000000000007fb0        0x4
 .bss.libKernelHandle
                0x0000000000007fb0        0x4 /lib/ps4-payload-sdk/libPS4/libPS4.a(kernel.o)
                0x0000000000007fb0                libKernelHandle

.bss.fgets      0x0000000000007fb8        0x8
 .bss.fgets     0x0000000000007fb8        0x8 /lib/ps4-payload-sdk/libPS4/libPS4.a(libc.o)
                0x0000000000007fb8                fgets

.bss.fprintf    0x0000000000007fc0        0x8
 .bss.fprintf   0x0000000000007fc0        0x8 /lib/ps4-payload-sdk/libPS4/libPS4.a(libc.o)
                0x0000000000007fc0                fprintf

.bss.fclose     0x0000000000007fc8        0x8
 .bss.fclose    0x0000000000007fc8        0x8 /lib/ps4-payload-sdk/libPS4/libPS4.a(libc.o)
                0x0000000000007fc8                fclose

.bss.ftell      0x0000000000007fd0        0x8
 .bss.ftell     0x0000000000007fd0        0x8 /lib/ps4-payload-sdk/libPS4/libPS4.a(libc.o)
                0x0000000000007fd0                ftell

.bss.fseek      0x0000000000007fd8        0x8
 .bss.fseek     0x0000000000007fd8        0x8 /lib/ps4-payload-sdk/libPS4/libPS4.a(libc.o)
                0x0000000000007fd8                fseek

.bss.fwrite     0x0000000000007fe0        0x8
 .bss.fwrite    0x0000000000007fe0        0x8 /lib/ps4-payload-sdk/libPS4/libPS4.a(libc.o)
                0x0000000000007fe0                fwrite

.bss.fread      0x0000000000007fe8        0x8
 .bss.fread     0x0000000000007fe8        0x8 /lib/ps4-payload-sdk/libPS4/libPS4.a(libc.o)
                0x0000000000007fe8                fread

.bss.fopen      0x0000000000007ff0        0x8
 .bss.fopen     0x0000000000007ff0        0x8 /lib/ps4-payload-sdk/libPS4/libPS4.a(libc.o)
                0x0000000000007ff0                fopen

.bss.getprogname
                0x0000000000007ff8        0x8
 .bss.getprogname
                0x0000000000007ff8        0x8 /lib/ps4-payload-sdk/libPS4/libPS4.a(libc.o)
                0x0000000000007ff8                getprogname

.bss.dirfd      0x0000000000008000        0x8
 .bss.dirfd     0x0000000000008000        0x8 /lib/ps4-payload-sdk/libPS4/libPS4.a(libc.o)
                0x0000000000008000                dirfd

.bss.closedir   0x0000000000008008        0x8
 .bss.closedir  0x0000000000008008        0x8 /lib/ps4-payload-sdk/libPS4/libPS4.a(libc.o)
                0x0000000000008008                closedir

.bss.rewinddir  0x0000000000008010        0x8
 .bss.rewinddir
                0x0000000000008010        0x8 /lib/ps4-payload-sdk/libPS4/libPS4.a(libc.o)
                0x0000000000008010                rewinddir

.bss.seekdir    0x0000000000008018        0x8
 .bss.seekdir   0x0000000000008018        0x8 /lib/ps4-payload-sdk/libPS4/libPS4.a(libc.o)
                0x0000000000008018                seekdir

.bss.telldir    0x0000000000008020        0x8
 .bss.telldir   0x0000000000008020        0x8 /lib/ps4-payload-sdk/libPS4/libPS4.a(libc.o)
                0x0000000000008020                telldir

.bss.readdir_r  0x0000000000008028        0x8
 .bss.readdir_r
                0x0000000000008028        0x8 /lib/ps4-payload-sdk/libPS4/libPS4.a(libc.o)
                0x0000000000008028                readdir_r

.bss.readdir    0x0000000000008030        0x8
 .bss.readdir   0x0000000000008030        0x8 /lib/ps4-payload-sdk/libPS4/libPS4.a(libc.o)
                0x0000000000008030                readdir

.bss.opendir    0x0000000000008038        0x8
 .bss.opendir   0x0000000000008038        0x8 /lib/ps4-payload-sdk/libPS4/libPS4.a(libc.o)
                0x0000000000008038                opendir

.bss.mktime     0x0000000000008040        0x8
 .bss.mktime    0x0000000000008040        0x8 /lib/ps4-payload-sdk/libPS4/libPS4.a(libc.o)
                0x0000000000008040                mktime

.bss.localtime_r
                0x0000000000008048        0x8
 .bss.localtime_r
                0x0000000000008048        0x8 /lib/ps4-payload-sdk/libPS4/libPS4.a(libc.o)
                0x0000000000008048                localtime_r

.bss.localtime  0x0000000000008050        0x8
 .bss.localtime
                0x0000000000008050        0x8 /lib/ps4-payload-sdk/libPS4/libPS4.a(libc.o)
                0x0000000000008050                localtime

.bss.gmtime_s   0x0000000000008058        0x8
 .bss.gmtime_s  0x0000000000008058        0x8 /lib/ps4-payload-sdk/libPS4/libPS4.a(libc.o)
                0x0000000000008058                gmtime_s

.bss.gmtime     0x0000000000008060        0x8
 .bss.gmtime    0x0000000000008060        0x8 /lib/ps4-payload-sdk/libPS4/libPS4.a(libc.o)
                0x0000000000008060                gmtime

.bss.time       0x0000000000008068        0x8
 .bss.time      0x0000000000008068        0x8 /lib/ps4-payload-sdk/libPS4/libPS4.a(libc.o)
                0x0000000000008068                time

.bss.ctime_r    0x0000000000008070        0x8
 .bss.ctime_r   0x0000000000008070        0x8 /lib/ps4-payload-sdk/libPS4/libPS4.a(libc.o)
                0x0000000000008070                ctime_r

.bss.ctime      0x0000000000008078        0x8
 .bss.ctime     0x0000000000008078        0x8 /lib/ps4-payload-sdk/libPS4/libPS4.a(libc.o)
                0x0000000000008078                ctime

.bss.asctime_r  0x0000000000008080        0x8
 .bss.asctime_r
                0x0000000000008080        0x8 /lib/ps4-payload-sdk/libPS4/libPS4.a(libc.o)
                0x0000000000008080                asctime_r

.bss.asctime    0x0000000000008088        0x8
 .bss.asctime   0x0000000000008088        0x8 /lib/ps4-payload-sdk/libPS4/libPS4.a(libc.o)
                0x0000000000008088                asctime

.bss.rand       0x0000000000008090        0x8
 .bss.rand      0x0000000000008090        0x8 /lib/ps4-payload-sdk/libPS4/libPS4.a(libc.o)
                0x0000000000008090                rand

.bss.srand      0x0000000000008098        0x8
 .bss.srand     0x0000000000008098        0x8 /lib/ps4-payload-sdk/libPS4/libPS4.a(libc.o)
                0x0000000000008098                srand

.bss.toupper    0x00000000000080a0        0x8
 .bss.toupper   0x00000000000080a0        0x8 /lib/ps4-payload-sdk/libPS4/libPS4.a(libc.o)
                0x00000000000080a0                toupper

.bss.tolower    0x00000000000080a8        0x8
 .bss.tolower   0x00000000000080a8        0x8 /lib/ps4-payload-sdk/libPS4/libPS4.a(libc.o)
                0x00000000000080a8                tolower

.bss.ceil       0x00000000000080b0        0x8
 .bss.ceil      0x00000000000080b0        0x8 /lib/ps4-payload-sdk/libPS4/libPS4.a(libc.o)
                0x00000000000080b0                ceil

.bss.bcopy      0x00000000000080b8        0x8
 .bss.bcopy     0x00000000000080b8        0x8 /lib/ps4-payload-sdk/libPS4/libPS4.a(libc.o)
                0x00000000000080b8                bcopy

.bss._Stoul     0x00000000000080c0        0x8
 .bss._Stoul    0x00000000000080c0        0x8 /lib/ps4-payload-sdk/libPS4/libPS4.a(libc.o)
                0x00000000000080c0                _Stoul

.bss._Getpctype
                0x00000000000080c8        0x8
 .bss._Getpctype
                0x00000000000080c8        0x8 /lib/ps4-payload-sdk/libPS4/libPS4.a(libc.o)
                0x00000000000080c8                _Getpctype

.bss.strerror   0x00000000000080d0        0x8
 .bss.strerror  0x00000000000080d0        0x8 /lib/ps4-payload-sdk/libPS4/libPS4.a(libc.o)
                0x00000000000080d0                strerror

.bss.strlcpy    0x00000000000080d8        0x8
 .bss.strlcpy   0x00000000000080d8        0x8 /lib/ps4-payload-sdk/libPS4/libPS4.a(libc.o)
                0x00000000000080d8                strlcpy

.bss.atof       0x00000000000080e0        0x8
 .bss.atof      0x00000000000080e0        0x8 /lib/ps4-payload-sdk/libPS4/libPS4.a(libc.o)
                0x00000000000080e0                atof

.bss.atoi       0x00000000000080e8        0x8
 .bss.atoi      0x00000000000080e8        0x8 /lib/ps4-payload-sdk/libPS4/libPS4.a(libc.o)
                0x00000000000080e8                atoi

.bss.isxdigit   0x00000000000080f0        0x8
 .bss.isxdigit  0x00000000000080f0        0x8 /lib/ps4-payload-sdk/libPS4/libPS4.a(libc.o)
                0x00000000000080f0                isxdigit

.bss.isdigit    0x00000000000080f8        0x8
 .bss.isdigit   0x00000000000080f8        0x8 /lib/ps4-payload-sdk/libPS4/libPS4.a(libc.o)
                0x00000000000080f8                isdigit

.bss.isspace    0x0000000000008100        0x8
 .bss.isspace   0x0000000000008100        0x8 /lib/ps4-payload-sdk/libPS4/libPS4.a(libc.o)
                0x0000000000008100                isspace

.bss.rindex     0x0000000000008108        0x8
 .bss.rindex    0x0000000000008108        0x8 /lib/ps4-payload-sdk/libPS4/libPS4.a(libc.o)
                0x0000000000008108                rindex

.bss.index      0x0000000000008110        0x8
 .bss.index     0x0000000000008110        0x8 /lib/ps4-payload-sdk/libPS4/libPS4.a(libc.o)
                0x0000000000008110                index

.bss.strdup     0x0000000000008118        0x8
 .bss.strdup    0x0000000000008118        0x8 /lib/ps4-payload-sdk/libPS4/libPS4.a(libc.o)
                0x0000000000008118                strdup

.bss.strstr     0x0000000000008120        0x8
 .bss.strstr    0x0000000000008120        0x8 /lib/ps4-payload-sdk/libPS4/libPS4.a(libc.o)
                0x0000000000008120                strstr

.bss.strrchr    0x0000000000008128        0x8
 .bss.strrchr   0x0000000000008128        0x8 /lib/ps4-payload-sdk/libPS4/libPS4.a(libc.o)
                0x0000000000008128                strrchr

.bss.strchr     0x0000000000008130        0x8
 .bss.strchr    0x0000000000008130        0x8 /lib/ps4-payload-sdk/libPS4/libPS4.a(libc.o)
                0x0000000000008130                strchr

.bss.strtok     0x0000000000008138        0x8
 .bss.strtok    0x0000000000008138        0x8 /lib/ps4-payload-sdk/libPS4/libPS4.a(libc.o)
                0x0000000000008138                strtok

.bss.strtol     0x0000000000008140        0x8
 .bss.strtol    0x0000000000008140        0x8 /lib/ps4-payload-sdk/libPS4/libPS4.a(libc.o)
                0x0000000000008140                strtol

.bss.sscanf     0x0000000000008148        0x8
 .bss.sscanf    0x0000000000008148        0x8 /lib/ps4-payload-sdk/libPS4/libPS4.a(libc.o)
                0x0000000000008148                sscanf

.bss.snprintf_s
                0x0000000000008150        0x8
 .bss.snprintf_s
                0x0000000000008150        0x8 /lib/ps4-payload-sdk/libPS4/libPS4.a(libc.o)
                0x0000000000008150                snprintf_s

.bss.snprintf   0x0000000000008158        0x8
 .bss.snprintf  0x0000000000008158        0x8 /lib/ps4-payload-sdk/libPS4/libPS4.a(libc.o)
                0x0000000000008158                snprintf

.bss.sprintf    0x0000000000008160        0x8
 .bss.sprintf   0x0000000000008160        0x8 /lib/ps4-payload-sdk/libPS4/libPS4.a(libc.o)
                0x0000000000008160                sprintf

.bss.strncmp    0x0000000000008168        0x8
 .bss.strncmp   0x0000000000008168        0x8 /lib/ps4-payload-sdk/libPS4/libPS4.a(libc.o)
                0x0000000000008168                strncmp

.bss.strcasecmp
                0x0000000000008170        0x8
 .bss.strcasecmp
                0x0000000000008170        0x8 /lib/ps4-payload-sdk/libPS4/libPS4.a(libc.o)
                0x0000000000008170                strcasecmp

.bss.strcmp     0x0000000000008178        0x8
 .bss.strcmp    0x0000000000008178        0x8 /lib/ps4-payload-sdk/libPS4/libPS4.a(libc.o)
                0x0000000000008178                strcmp

.bss.strlen     0x0000000000008180        0x8
 .bss.strlen    0x0000000000008180        0x8 /lib/ps4-payload-sdk/libPS4/libPS4.a(libc.o)
                0x0000000000008180                strlen

.bss.strncat    0x0000000000008188        0x8
 .bss.strncat   0x0000000000008188        0x8 /lib/ps4-payload-sdk/libPS4/libPS4.a(libc.o)
                0x0000000000008188                strncat

.bss.strcat     0x0000000000008190        0x8
 .bss.strcat    0x0000000000008190        0x8 /lib/ps4-payload-sdk/libPS4/libPS4.a(libc.o)
                0x0000000000008190                strcat

.bss.strncpy_s  0x0000000000008198        0x8
 .bss.strncpy_s
                0x0000000000008198        0x8 /lib/ps4-payload-sdk/libPS4/libPS4.a(libc.o)
                0x0000000000008198                strncpy_s

.bss.strncpy    0x00000000000081a0        0x8
 .bss.strncpy   0x00000000000081a0        0x8 /lib/ps4-payload-sdk/libPS4/libPS4.a(libc.o)
                0x00000000000081a0                strncpy

.bss.strcpy     0x00000000000081a8        0x8
 .bss.strcpy    0x00000000000081a8        0x8 /lib/ps4-payload-sdk/libPS4/libPS4.a(libc.o)
                0x00000000000081a8                strcpy

.bss.memmove_s  0x00000000000081b0        0x8
 .bss.memmove_s
                0x00000000000081b0        0x8 /lib/ps4-payload-sdk/libPS4/libPS4.a(libc.o)
                0x00000000000081b0                memmove_s

.bss.memmove    0x00000000000081b8        0x8
 .bss.memmove   0x00000000000081b8        0x8 /lib/ps4-payload-sdk/libPS4/libPS4.a(libc.o)
                0x00000000000081b8                memmove

.bss.memcmp     0x00000000000081c0        0x8
 .bss.memcmp    0x00000000000081c0        0x8 /lib/ps4-payload-sdk/libPS4/libPS4.a(libc.o)
                0x00000000000081c0                memcmp

.bss.memcpy     0x00000000000081c8        0x8
 .bss.memcpy    0x00000000000081c8        0x8 /lib/ps4-payload-sdk/libPS4/libPS4.a(libc.o)
                0x00000000000081c8                memcpy

.bss.memset     0x00000000000081d0        0x8
 .bss.memset    0x00000000000081d0        0x8 /lib/ps4-payload-sdk/libPS4/libPS4.a(libc.o)
                0x00000000000081d0                memset

.bss.memalign   0x00000000000081d8        0x8
 .bss.memalign  0x00000000000081d8        0x8 /lib/ps4-payload-sdk/libPS4/libPS4.a(libc.o)
                0x00000000000081d8                memalign

.bss.realloc    0x00000000000081e0        0x8
 .bss.realloc   0x00000000000081e0        0x8 /lib/ps4-payload-sdk/libPS4/libPS4.a(libc.o)
                0x00000000000081e0                realloc

.bss.calloc     0x00000000000081e8        0x8
 .bss.calloc    0x00000000000081e8        0x8 /lib/ps4-payload-sdk/libPS4/libPS4.a(libc.o)
                0x00000000000081e8                calloc

.bss.free       0x00000000000081f0        0x8
 .bss.free      0x00000000000081f0        0x8 /lib/ps4-payload-sdk/libPS4/libPS4.a(libc.o)
                0x00000000000081f0                free

.bss.malloc     0x00000000000081f8        0x8
 .bss.malloc    0x00000000000081f8        0x8 /lib/ps4-payload-sdk/libPS4/libPS4.a(libc.o)
                0x00000000000081f8                malloc

.bss.libc       0x0000000000008200        0x4
 .bss.libc      0x0000000000008200        0x4 /lib/ps4-payload-sdk/libPS4/libPS4.a(libc.o)
                0x0000000000008200                libc

.bss.sceNetCtlGetInfo
                0x0000000000008208        0x8
 .bss.sceNetCtlGetInfo
                0x0000000000008208        0x8 /lib/ps4-payload-sdk/libPS4/libPS4.a(network.o)
                0x0000000000008208                sceNetCtlGetInfo

.bss.sceNetCtlTerm
                0x0000000000008210        0x8
 .bss.sceNetCtlTerm
                0x0000000000008210        0x8 /lib/ps4-payload-sdk/libPS4/libPS4.a(network.o)
                0x0000000000008210                sceNetCtlTerm

.bss.sceNetCtlInit
                0x0000000000008218        0x8
 .bss.sceNetCtlInit
                0x0000000000008218        0x8 /lib/ps4-payload-sdk/libPS4/libPS4.a(network.o)
                0x0000000000008218                sceNetCtlInit

.bss.sceNetNtohs
                0x0000000000008220        0x8
 .bss.sceNetNtohs
                0x0000000000008220        0x8 /lib/ps4-payload-sdk/libPS4/libPS4.a(network.o)
                0x0000000000008220                sceNetNtohs

.bss.sceNetNtohl
                0x0000000000008228        0x8
 .bss.sceNetNtohl
                0x0000000000008228        0x8 /lib/ps4-payload-sdk/libPS4/libPS4.a(network.o)
                0x0000000000008228                sceNetNtohl

.bss.sceNetNtohll
                0x0000000000008230        0x8
 .bss.sceNetNtohll
                0x0000000000008230        0x8 /lib/ps4-payload-sdk/libPS4/libPS4.a(network.o)
                0x0000000000008230                sceNetNtohll

.bss.sceNetHtons
                0x0000000000008238        0x8
 .bss.sceNetHtons
                0x0000000000008238        0x8 /lib/ps4-payload-sdk/libPS4/libPS4.a(network.o)
                0x0000000000008238                sceNetHtons

.bss.sceNetHtonl
                0x0000000000008240        0x8
 .bss.sceNetHtonl
                0x0000000000008240        0x8 /lib/ps4-payload-sdk/libPS4/libPS4.a(network.o)
                0x0000000000008240                sceNetHtonl

.bss.sceNetHtonll
                0x0000000000008248        0x8
 .bss.sceNetHtonll
                0x0000000000008248        0x8 /lib/ps4-payload-sdk/libPS4/libPS4.a(network.o)
                0x0000000000008248                sceNetHtonll

.bss.sceNetInetPton
                0x0000000000008250        0x8
 .bss.sceNetInetPton
                0x0000000000008250        0x8 /lib/ps4-payload-sdk/libPS4/libPS4.a(network.o)
                0x0000000000008250                sceNetInetPton

.bss.sceNetInetNtop
                0x0000000000008258        0x8
 .bss.sceNetInetNtop
                0x0000000000008258        0x8 /lib/ps4-payload-sdk/libPS4/libPS4.a(network.o)
                0x0000000000008258                sceNetInetNtop

.bss.sceNetSetsockopt
                0x0000000000008260        0x8
 .bss.sceNetSetsockopt
                0x0000000000008260        0x8 /lib/ps4-payload-sdk/libPS4/libPS4.a(network.o)
                0x0000000000008260                sceNetSetsockopt

.bss.sceNetGetsockopt
                0x0000000000008268        0x8
 .bss.sceNetGetsockopt
                0x0000000000008268        0x8 /lib/ps4-payload-sdk/libPS4/libPS4.a(network.o)
                0x0000000000008268                sceNetGetsockopt

.bss.sceNetGetsockname
                0x0000000000008270        0x8
 .bss.sceNetGetsockname
                0x0000000000008270        0x8 /lib/ps4-payload-sdk/libPS4/libPS4.a(network.o)
                0x0000000000008270                sceNetGetsockname

.bss.sceNetSocketAbort
                0x0000000000008278        0x8
 .bss.sceNetSocketAbort
                0x0000000000008278        0x8 /lib/ps4-payload-sdk/libPS4/libPS4.a(network.o)
                0x0000000000008278                sceNetSocketAbort

.bss.sceNetRecv
                0x0000000000008280        0x8
 .bss.sceNetRecv
                0x0000000000008280        0x8 /lib/ps4-payload-sdk/libPS4/libPS4.a(network.o)
                0x0000000000008280                sceNetRecv

.bss.sceNetAccept
                0x0000000000008288        0x8
 .bss.sceNetAccept
                0x0000000000008288        0x8 /lib/ps4-payload-sdk/libPS4/libPS4.a(network.o)
                0x0000000000008288                sceNetAccept

.bss.sceNetListen
                0x0000000000008290        0x8
 .bss.sceNetListen
                0x0000000000008290        0x8 /lib/ps4-payload-sdk/libPS4/libPS4.a(network.o)
                0x0000000000008290                sceNetListen

.bss.sceNetBind
                0x0000000000008298        0x8
 .bss.sceNetBind
                0x0000000000008298        0x8 /lib/ps4-payload-sdk/libPS4/libPS4.a(network.o)
                0x0000000000008298                sceNetBind

.bss.sceNetSend
                0x00000000000082a0        0x8
 .bss.sceNetSend
                0x00000000000082a0        0x8 /lib/ps4-payload-sdk/libPS4/libPS4.a(network.o)
                0x00000000000082a0                sceNetSend

.bss.sceNetConnect
                0x00000000000082a8        0x8
 .bss.sceNetConnect
                0x00000000000082a8        0x8 /lib/ps4-payload-sdk/libPS4/libPS4.a(network.o)
                0x00000000000082a8                sceNetConnect

.bss.sceNetSocketClose
                0x00000000000082b0        0x8
 .bss.sceNetSocketClose
                0x00000000000082b0        0x8 /lib/ps4-payload-sdk/libPS4/libPS4.a(network.o)
                0x00000000000082b0                sceNetSocketClose

.bss.sceNetSocket
                0x00000000000082b8        0x8
 .bss.sceNetSocket
                0x00000000000082b8        0x8 /lib/ps4-payload-sdk/libPS4/libPS4.a(network.o)
                0x00000000000082b8                sceNetSocket

.bss.sceNetErrnoLoc
                0x00000000000082c0        0x8
 .bss.sceNetErrnoLoc
                0x00000000000082c0        0x8 /lib/ps4-payload-sdk/libPS4/libPS4.a(network.o)
                0x00000000000082c0                sceNetErrnoLoc

.bss.libNetCtl  0x00000000000082c8        0x4
 .bss.libNetCtl
                0x00000000000082c8        0x4 /lib/ps4-payload-sdk/libPS4/libPS4.a(network.o)
                0x00000000000082c8                libNetCtl

.bss.libNet     0x00000000000082cc        0x4
 .bss.libNet    0x00000000000082cc        0x4 /lib/ps4-payload-sdk/libPS4/libPS4.a(network.o)
                0x00000000000082cc                libNet

.bss.g_firmware
                0x00000000000082d0        0x2
 .bss.g_firmware
                0x00000000000082d0        0x2 /lib/ps4-payload-sdk/libPS4/libPS4.a(payload_utils.o)
                0x00000000000082d0                g_firmware

.bss.scePthreadBarrierDestroy
                0x00000000000082d8        0x8
 .bss.scePthreadBarrierDestroy
                0x00000000000082d8        0x8 /lib/ps4-payload-sdk/libPS4/libPS4.a(pthread.o)
                0x00000000000082d8                scePthreadBarrierDestroy

.bss.scePthreadBarrierWait
                0x00000000000082e0        0x8
 .bss.scePthreadBarrierWait
                0x00000000000082e0        0x8 /lib/ps4-payload-sdk/libPS4/libPS4.a(pthread.o)
                0x00000000000082e0                scePthreadBarrierWait

.bss.scePthreadBarrierInit
                0x00000000000082e8        0x8
 .bss.scePthreadBarrierInit
                0x00000000000082e8        0x8 /lib/ps4-payload-sdk/libPS4/libPS4.a(pthread.o)
                0x00000000000082e8                scePthreadBarrierInit

.bss.scePthreadMutexUnlock
                0x00000000000082f0        0x8
 .bss.scePthreadMutexUnlock
                0x00000000000082f0        0x8 /lib/ps4-payload-sdk/libPS4/libPS4.a(pthread.o)
                0x00000000000082f0                scePthreadMutexUnlock

.bss.scePthreadMutexTimedlock
                0x00000000000082f8        0x8
 .bss.scePthreadMutexTimedlock
                0x00000000000082f8        0x8 /lib/ps4-payload-sdk/libPS4/libPS4.a(pthread.o)
                0x00000000000082f8                scePthreadMutexTimedlock

.bss.scePthreadMutexTrylock
                0x0000000000008300        0x8
 .bss.scePthreadMutexTrylock
                0x0000000000008300        0x8 /lib/ps4-payload-sdk/libPS4/libPS4.a(pthread.o)
                0x0000000000008300                scePthreadMutexTrylock

.bss.scePthreadMutexLock
                0x0000000000008308        0x8
 .bss.scePthreadMutexLock
                0x0000000000008308        0x8 /lib/ps4-payload-sdk/libPS4/libPS4.a(pthread.o)
                0x0000000000008308                scePthreadMutexLock

.bss.scePthreadMutexDestroy
                0x0000000000008310        0x8
 .bss.scePthreadMutexDestroy
                0x0000000000008310        0x8 /lib/ps4-payload-sdk/libPS4/libPS4.a(pthread.o)
                0x0000000000008310                scePthreadMutexDestroy

.bss.scePthreadMutexInit
                0x0000000000008318        0x8
 .bss.scePthreadMutexInit
                0x0000000000008318        0x8 /lib/ps4-payload-sdk/libPS4/libPS4.a(pthread.o)
                0x0000000000008318                scePthreadMutexInit

.bss.scePthreadCancel
                0x0000000000008320        0x8
 .bss.scePthreadCancel
                0x0000000000008320        0x8 /lib/ps4-payload-sdk/libPS4/libPS4.a(pthread.o)
                0x0000000000008320                scePthreadCancel

.bss.scePthreadSelf
                0x0000000000008328        0x8
 .bss.scePthreadSelf
                0x0000000000008328        0x8 /lib/ps4-payload-sdk/libPS4/libPS4.a(pthread.o)
                0x0000000000008328                scePthreadSelf

.bss.scePthreadYield
                0x0000000000008330        0x8
 .bss.scePthreadYield
                0x0000000000008330        0x8 /lib/ps4-payload-sdk/libPS4/libPS4.a(pthread.o)
                0x0000000000008330                scePthreadYield

.bss.scePthreadJoin
                0x0000000000008338        0x8
 .bss.scePthreadJoin
                0x0000000000008338        0x8 /lib/ps4-payload-sdk/libPS4/libPS4.a(pthread.o)
                0x0000000000008338                scePthreadJoin

.bss.scePthreadDetach
                0x0000000000008340        0x8
 .bss.scePthreadDetach
                0x0000000000008340        0x8 /lib/ps4-payload-sdk/libPS4/libPS4.a(pthread.o)
                0x0000000000008340                scePthreadDetach

.bss.scePthreadExit
                0x0000000000008348        0x8
 .bss.scePthreadExit
                0x0000000000008348        0x8 /lib/ps4-payload-sdk/libPS4/libPS4.a(pthread.o)
                0x0000000000008348                scePthreadExit

.bss.scePthreadCreate
                0x0000000000008350        0x8
 .bss.scePthreadCreate
                0x0000000000008350        0x8 /lib/ps4-payload-sdk/libPS4/libPS4.a(pthread.o)
                0x0000000000008350                scePthreadCreate

.bss.libPthread
                0x0000000000008358        0x4
 .bss.libPthread
                0x0000000000008358        0x4 /lib/ps4-payload-sdk/libPS4/libPS4.a(pthread.o)
                0x0000000000008358                libPthread

.bss.sceSystemServiceLaunchWebBrowser
                0x0000000000008360        0x8
 .bss.sceSystemServiceLaunchWebBrowser
                0x0000000000008360        0x8 /lib/ps4-payload-sdk/libPS4/libPS4.a(sysutil.o)
                0x0000000000008360                sceSystemServiceLaunchWebBrowser

.bss.sceSysUtilSendSystemNotificationWithText
                0x0000000000008368        0x8
 .bss.sceSysUtilSendSystemNotificationWithText
                0x0000000000008368        0x8 /lib/ps4-payload-sdk/libPS4/libPS4.a(sysutil.o)
                0x0000000000008368                sceSysUtilSendSystemNotificationWithText

.bss.libSceSystemService
                0x0000000000008370        0x4
 .bss.libSceSystemService
                0x0000000000008370        0x4 /lib/ps4-payload-sdk/libPS4/libPS4.a(sysutil.o)
                0x0000000000008370                libSceSystemService

.bss.sysUtilHandle
                0x0000000000008374        0x4
 .bss.sysUtilHandle
                0x0000000000008374        0x4 /lib/ps4-payload-sdk/libPS4/libPS4.a(sysutil.o)
                0x0000000000008374                sysUtilHandle

/DISCARD/
 *(.comment)
 *(.note.GNU-stack)
 *(.eh_frame)
 *(.interp)
LOAD /lib/ps4-payload-sdk/libPS4/libPS4.a
OUTPUT(temp.t elf64-x86-64)
