Archive member included to satisfy reference by file (symbol)

/lib/ps4-payload-sdk/libPS4/libPS4.a(debug.o)
                              build/main.o (DEBUG_SOCK)
/lib/ps4-payload-sdk/libPS4/libPS4.a(file.o)
                              build/main.o (read)
/lib/ps4-payload-sdk/libPS4/libPS4.a(kernel.o)
                              build/main.o (initKernel)
/lib/ps4-payload-sdk/libPS4/libPS4.a(libc.o)
                              build/main.o (initLibc)
/lib/ps4-payload-sdk/libPS4/libPS4.a(module.o)
                              /lib/ps4-payload-sdk/libPS4/libPS4.a(kernel.o) (getFunctionAddressByName)
/lib/ps4-payload-sdk/libPS4/libPS4.a(network.o)
                              build/main.o (initNetwork)
/lib/ps4-payload-sdk/libPS4/libPS4.a(payload_utils.o)
                              build/main.o (get_kernel_base)
/lib/ps4-payload-sdk/libPS4/libPS4.a(pthread.o)
                              build/main.o (initPthread)
/lib/ps4-payload-sdk/libPS4/libPS4.a(sysutil.o)
                              build/main.o (initSysUtil)
/lib/ps4-payload-sdk/libPS4/libPS4.a(syscall.o)
                              build/main.o (syscall)
/lib/ps4-payload-sdk/libPS4/libPS4.a(memory.o)
                              /lib/ps4-payload-sdk/libPS4/libPS4.a(payload_utils.o) (mmap)

Merging object attributes


Merging program properties

Removed property 0xc0000002 to merge build/main.o (0x3) and /tmp/ccGWZUJe.o (not found)
Removed property 0xc0000002 to merge build/main.o (not found) and /lib/ps4-payload-sdk/libPS4/libPS4.a(debug.o) (0x3)
Removed property 0xc0000002 to merge build/main.o (not found) and /lib/ps4-payload-sdk/libPS4/libPS4.a(file.o) (0x3)
Removed property 0xc0000002 to merge build/main.o (not found) and /lib/ps4-payload-sdk/libPS4/libPS4.a(kernel.o) (0x3)
Removed property 0xc0000002 to merge build/main.o (not found) and /lib/ps4-payload-sdk/libPS4/libPS4.a(libc.o) (0x3)
Removed property 0xc0000002 to merge build/main.o (not found) and /lib/ps4-payload-sdk/libPS4/libPS4.a(module.o) (0x3)
Removed property 0xc0000002 to merge build/main.o (not found) and /lib/ps4-payload-sdk/libPS4/libPS4.a(network.o) (0x3)
Removed property 0xc0000002 to merge build/main.o (not found) and /lib/ps4-payload-sdk/libPS4/libPS4.a(payload_utils.o) (0x3)
Removed property 0xc0000002 to merge build/main.o (not found) and /lib/ps4-payload-sdk/libPS4/libPS4.a(pthread.o) (0x3)
Removed property 0xc0000002 to merge build/main.o (not found) and /lib/ps4-payload-sdk/libPS4/libPS4.a(sysutil.o) (0x3)
Removed property 0xc0000002 to merge build/main.o (not found) and /lib/ps4-payload-sdk/libPS4/libPS4.a(memory.o) (0x3)

Discarded input sections

 .data          0x0000000000000000        0x0 /tmp/ccGWZUJe.o
 .bss           0x0000000000000000        0x0 /tmp/ccGWZUJe.o
 .text          0x0000000000000000        0x0 build/main.o
 .data          0x0000000000000000        0x0 build/main.o
 .bss           0x0000000000000000        0x0 build/main.o
 .comment       0x0000000000000000       0x27 build/main.o
 .note.GNU-stack
                0x0000000000000000        0x0 build/main.o
 .note.gnu.property
                0x0000000000000000       0x20 build/main.o
 .eh_frame      0x0000000000000000       0xd8 build/main.o
 .text          0x0000000000000000        0x0 /lib/ps4-payload-sdk/libPS4/libPS4.a(debug.o)
 .data          0x0000000000000000        0x0 /lib/ps4-payload-sdk/libPS4/libPS4.a(debug.o)
 .bss           0x0000000000000000        0x0 /lib/ps4-payload-sdk/libPS4/libPS4.a(debug.o)
 .comment       0x0000000000000000       0x27 /lib/ps4-payload-sdk/libPS4/libPS4.a(debug.o)
 .note.GNU-stack
                0x0000000000000000        0x0 /lib/ps4-payload-sdk/libPS4/libPS4.a(debug.o)
 .note.gnu.property
                0x0000000000000000       0x20 /lib/ps4-payload-sdk/libPS4/libPS4.a(debug.o)
 .data          0x0000000000000000        0x0 /lib/ps4-payload-sdk/libPS4/libPS4.a(file.o)
 .bss           0x0000000000000000        0x0 /lib/ps4-payload-sdk/libPS4/libPS4.a(file.o)
 .text.getSandboxDirectory
                0x0000000000000000       0x1b /lib/ps4-payload-sdk/libPS4/libPS4.a(file.o)
 .text.file_exists
                0x0000000000000000       0x23 /lib/ps4-payload-sdk/libPS4/libPS4.a(file.o)
 .text.dir_exists
                0x0000000000000000       0x28 /lib/ps4-payload-sdk/libPS4/libPS4.a(file.o)
 .text.symlink_exists
                0x0000000000000000       0x3a /lib/ps4-payload-sdk/libPS4/libPS4.a(file.o)
 .text.touch_file
                0x0000000000000000       0x23 /lib/ps4-payload-sdk/libPS4/libPS4.a(file.o)
 .text.copy_file
                0x0000000000000000       0x93 /lib/ps4-payload-sdk/libPS4/libPS4.a(file.o)
 .rodata.copy_dir.str1.1
                0x0000000000000000        0xb /lib/ps4-payload-sdk/libPS4/libPS4.a(file.o)
 .text.copy_dir
                0x0000000000000000      0x138 /lib/ps4-payload-sdk/libPS4/libPS4.a(file.o)
 .text.file_compare
                0x0000000000000000      0x16a /lib/ps4-payload-sdk/libPS4/libPS4.a(file.o)
 .text.rmtree   0x0000000000000000      0x145 /lib/ps4-payload-sdk/libPS4/libPS4.a(file.o)
 .text.fgetc_pointer
                0x0000000000000000       0x2c /lib/ps4-payload-sdk/libPS4/libPS4.a(file.o)
 .text.build_iovec
                0x0000000000000000       0xd5 /lib/ps4-payload-sdk/libPS4/libPS4.a(file.o)
 .rodata.mount_large_fs.str1.1
                0x0000000000000000       0x4b /lib/ps4-payload-sdk/libPS4/libPS4.a(file.o)
 .text.mount_large_fs
                0x0000000000000000      0x173 /lib/ps4-payload-sdk/libPS4/libPS4.a(file.o)
 .comment       0x0000000000000000       0x27 /lib/ps4-payload-sdk/libPS4/libPS4.a(file.o)
 .note.GNU-stack
                0x0000000000000000        0x0 /lib/ps4-payload-sdk/libPS4/libPS4.a(file.o)
 .note.gnu.property
                0x0000000000000000       0x20 /lib/ps4-payload-sdk/libPS4/libPS4.a(file.o)
 .eh_frame      0x0000000000000000      0x270 /lib/ps4-payload-sdk/libPS4/libPS4.a(file.o)
 .data          0x0000000000000000        0x0 /lib/ps4-payload-sdk/libPS4/libPS4.a(kernel.o)
 .bss           0x0000000000000000        0x0 /lib/ps4-payload-sdk/libPS4/libPS4.a(kernel.o)
 .comment       0x0000000000000000       0x27 /lib/ps4-payload-sdk/libPS4/libPS4.a(kernel.o)
 .note.GNU-stack
                0x0000000000000000        0x0 /lib/ps4-payload-sdk/libPS4/libPS4.a(kernel.o)
 .note.gnu.property
                0x0000000000000000       0x20 /lib/ps4-payload-sdk/libPS4/libPS4.a(kernel.o)
 .eh_frame      0x0000000000000000       0x50 /lib/ps4-payload-sdk/libPS4/libPS4.a(kernel.o)
 .text          0x0000000000000000        0x0 /lib/ps4-payload-sdk/libPS4/libPS4.a(libc.o)
 .data          0x0000000000000000        0x0 /lib/ps4-payload-sdk/libPS4/libPS4.a(libc.o)
 .bss           0x0000000000000000        0x0 /lib/ps4-payload-sdk/libPS4/libPS4.a(libc.o)
 .text.memset_s
                0x0000000000000000       0x4d /lib/ps4-payload-sdk/libPS4/libPS4.a(libc.o)
 .comment       0x0000000000000000       0x27 /lib/ps4-payload-sdk/libPS4/libPS4.a(libc.o)
 .note.GNU-stack
                0x0000000000000000        0x0 /lib/ps4-payload-sdk/libPS4/libPS4.a(libc.o)
 .note.gnu.property
                0x0000000000000000       0x20 /lib/ps4-payload-sdk/libPS4/libPS4.a(libc.o)
 .eh_frame      0x0000000000000000       0x50 /lib/ps4-payload-sdk/libPS4/libPS4.a(libc.o)
 .data          0x0000000000000000        0x0 /lib/ps4-payload-sdk/libPS4/libPS4.a(module.o)
 .bss           0x0000000000000000        0x0 /lib/ps4-payload-sdk/libPS4/libPS4.a(module.o)
 .text.getModuleInfo
                0x0000000000000000       0x1f /lib/ps4-payload-sdk/libPS4/libPS4.a(module.o)
 .text.unloadModule
                0x0000000000000000       0x19 /lib/ps4-payload-sdk/libPS4/libPS4.a(module.o)
 .rodata.initModule.str1.1
                0x0000000000000000       0x2c /lib/ps4-payload-sdk/libPS4/libPS4.a(module.o)
 .text.initModule
                0x0000000000000000       0x47 /lib/ps4-payload-sdk/libPS4/libPS4.a(module.o)
 .bss.sceSysmoduleLoadModule
                0x0000000000000000        0x8 /lib/ps4-payload-sdk/libPS4/libPS4.a(module.o)
 .bss.libModule
                0x0000000000000000        0x4 /lib/ps4-payload-sdk/libPS4/libPS4.a(module.o)
 .comment       0x0000000000000000       0x27 /lib/ps4-payload-sdk/libPS4/libPS4.a(module.o)
 .note.GNU-stack
                0x0000000000000000        0x0 /lib/ps4-payload-sdk/libPS4/libPS4.a(module.o)
 .note.gnu.property
                0x0000000000000000       0x20 /lib/ps4-payload-sdk/libPS4/libPS4.a(module.o)
 .eh_frame      0x0000000000000000       0x80 /lib/ps4-payload-sdk/libPS4/libPS4.a(module.o)
 .text          0x0000000000000000        0x0 /lib/ps4-payload-sdk/libPS4/libPS4.a(network.o)
 .data          0x0000000000000000        0x0 /lib/ps4-payload-sdk/libPS4/libPS4.a(network.o)
 .bss           0x0000000000000000        0x0 /lib/ps4-payload-sdk/libPS4/libPS4.a(network.o)
 .text.SckConnect
                0x0000000000000000       0xa3 /lib/ps4-payload-sdk/libPS4/libPS4.a(network.o)
 .text.SckClose
                0x0000000000000000        0xd /lib/ps4-payload-sdk/libPS4/libPS4.a(network.o)
 .text.SckRecv  0x0000000000000000       0xce /lib/ps4-payload-sdk/libPS4/libPS4.a(network.o)
 .text.SckRecvf
                0x0000000000000000       0x7a /lib/ps4-payload-sdk/libPS4/libPS4.a(network.o)
 .comment       0x0000000000000000       0x27 /lib/ps4-payload-sdk/libPS4/libPS4.a(network.o)
 .note.GNU-stack
                0x0000000000000000        0x0 /lib/ps4-payload-sdk/libPS4/libPS4.a(network.o)
 .note.gnu.property
                0x0000000000000000       0x20 /lib/ps4-payload-sdk/libPS4/libPS4.a(network.o)
 .eh_frame      0x0000000000000000      0x110 /lib/ps4-payload-sdk/libPS4/libPS4.a(network.o)
 .text          0x0000000000000000        0x0 /lib/ps4-payload-sdk/libPS4/libPS4.a(payload_utils.o)
 .data          0x0000000000000000        0x0 /lib/ps4-payload-sdk/libPS4/libPS4.a(payload_utils.o)
 .bss           0x0000000000000000        0x0 /lib/ps4-payload-sdk/libPS4/libPS4.a(payload_utils.o)
 .text.kpayload_aslr
                0x0000000000000000      0x791 /lib/ps4-payload-sdk/libPS4/libPS4.a(payload_utils.o)
 .rodata.kpayload_aslr
                0x0000000000000000       0x50 /lib/ps4-payload-sdk/libPS4/libPS4.a(payload_utils.o)
 .rodata.kpayload_kernel_clock.str1.1
                0x0000000000000000      0x123 /lib/ps4-payload-sdk/libPS4/libPS4.a(payload_utils.o)
 .text.kpayload_kernel_clock
                0x0000000000000000     0x1114 /lib/ps4-payload-sdk/libPS4/libPS4.a(payload_utils.o)
 .rodata.kpayload_kernel_clock
                0x0000000000000000       0x50 /lib/ps4-payload-sdk/libPS4/libPS4.a(payload_utils.o)
 .text.kpayload_enable_browser
                0x0000000000000000      0x810 /lib/ps4-payload-sdk/libPS4/libPS4.a(payload_utils.o)
 .rodata.kpayload_enable_browser
                0x0000000000000000       0x50 /lib/ps4-payload-sdk/libPS4/libPS4.a(payload_utils.o)
 .text.kpayload_target_id
                0x0000000000000000      0x6b4 /lib/ps4-payload-sdk/libPS4/libPS4.a(payload_utils.o)
 .rodata.kpayload_target_id
                0x0000000000000000       0x50 /lib/ps4-payload-sdk/libPS4/libPS4.a(payload_utils.o)
 .text.kpayload_perm_uart
                0x0000000000000000      0x700 /lib/ps4-payload-sdk/libPS4/libPS4.a(payload_utils.o)
 .rodata.kpayload_perm_uart
                0x0000000000000000       0x50 /lib/ps4-payload-sdk/libPS4/libPS4.a(payload_utils.o)
 .text.kpayload_exit_idu
                0x0000000000000000      0x700 /lib/ps4-payload-sdk/libPS4/libPS4.a(payload_utils.o)
 .rodata.kpayload_exit_idu
                0x0000000000000000       0x50 /lib/ps4-payload-sdk/libPS4/libPS4.a(payload_utils.o)
 .text.kpayload_npdrm_patch
                0x0000000000000000      0xabb /lib/ps4-payload-sdk/libPS4/libPS4.a(payload_utils.o)
 .rodata.kpayload_npdrm_patch
                0x0000000000000000       0x50 /lib/ps4-payload-sdk/libPS4/libPS4.a(payload_utils.o)
 .text.kpayload_no_bd
                0x0000000000000000      0x7ae /lib/ps4-payload-sdk/libPS4/libPS4.a(payload_utils.o)
 .rodata.kpayload_no_bd
                0x0000000000000000       0x50 /lib/ps4-payload-sdk/libPS4/libPS4.a(payload_utils.o)
 .rodata.is_fw_spoofed.str1.1
                0x0000000000000000        0xc /lib/ps4-payload-sdk/libPS4/libPS4.a(payload_utils.o)
 .text.is_fw_spoofed
                0x0000000000000000       0xae /lib/ps4-payload-sdk/libPS4/libPS4.a(payload_utils.o)
 .rodata.get_firmware_string.str1.1
                0x0000000000000000       0x22 /lib/ps4-payload-sdk/libPS4/libPS4.a(payload_utils.o)
 .text.get_firmware_string
                0x0000000000000000       0xc3 /lib/ps4-payload-sdk/libPS4/libPS4.a(payload_utils.o)
 .text.disable_aslr
                0x0000000000000000       0x2a /lib/ps4-payload-sdk/libPS4/libPS4.a(payload_utils.o)
 .text.kernel_clock
                0x0000000000000000       0x31 /lib/ps4-payload-sdk/libPS4/libPS4.a(payload_utils.o)
 .text.enable_browser
                0x0000000000000000       0x2a /lib/ps4-payload-sdk/libPS4/libPS4.a(payload_utils.o)
 .text.spoof_target_id
                0x0000000000000000       0x32 /lib/ps4-payload-sdk/libPS4/libPS4.a(payload_utils.o)
 .text.enable_perm_uart
                0x0000000000000000       0x2a /lib/ps4-payload-sdk/libPS4/libPS4.a(payload_utils.o)
 .text.exit_idu
                0x0000000000000000       0x2a /lib/ps4-payload-sdk/libPS4/libPS4.a(payload_utils.o)
 .text.npdrm_patch
                0x0000000000000000       0x2a /lib/ps4-payload-sdk/libPS4/libPS4.a(payload_utils.o)
 .text.no_bd_patch
                0x0000000000000000       0x2a /lib/ps4-payload-sdk/libPS4/libPS4.a(payload_utils.o)
 .rodata.__FUNCTION__.0
                0x0000000000000000        0xf /lib/ps4-payload-sdk/libPS4/libPS4.a(payload_utils.o)
 .rodata.__FUNCTION__.1
                0x0000000000000000       0x15 /lib/ps4-payload-sdk/libPS4/libPS4.a(payload_utils.o)
 .rodata.__FUNCTION__.2
                0x0000000000000000       0x12 /lib/ps4-payload-sdk/libPS4/libPS4.a(payload_utils.o)
 .rodata.__FUNCTION__.3
                0x0000000000000000       0x13 /lib/ps4-payload-sdk/libPS4/libPS4.a(payload_utils.o)
 .rodata.__FUNCTION__.4
                0x0000000000000000       0x13 /lib/ps4-payload-sdk/libPS4/libPS4.a(payload_utils.o)
 .rodata.__FUNCTION__.5
                0x0000000000000000       0x18 /lib/ps4-payload-sdk/libPS4/libPS4.a(payload_utils.o)
 .rodata.__FUNCTION__.6
                0x0000000000000000       0x16 /lib/ps4-payload-sdk/libPS4/libPS4.a(payload_utils.o)
 .rodata.__FUNCTION__.7
                0x0000000000000000        0xe /lib/ps4-payload-sdk/libPS4/libPS4.a(payload_utils.o)
 .comment       0x0000000000000000       0x27 /lib/ps4-payload-sdk/libPS4/libPS4.a(payload_utils.o)
 .note.GNU-stack
                0x0000000000000000        0x0 /lib/ps4-payload-sdk/libPS4/libPS4.a(payload_utils.o)
 .note.gnu.property
                0x0000000000000000       0x20 /lib/ps4-payload-sdk/libPS4/libPS4.a(payload_utils.o)
 .eh_frame      0x0000000000000000      0x518 /lib/ps4-payload-sdk/libPS4/libPS4.a(payload_utils.o)
 .text          0x0000000000000000        0x0 /lib/ps4-payload-sdk/libPS4/libPS4.a(pthread.o)
 .data          0x0000000000000000        0x0 /lib/ps4-payload-sdk/libPS4/libPS4.a(pthread.o)
 .bss           0x0000000000000000        0x0 /lib/ps4-payload-sdk/libPS4/libPS4.a(pthread.o)
 .comment       0x0000000000000000       0x27 /lib/ps4-payload-sdk/libPS4/libPS4.a(pthread.o)
 .note.GNU-stack
                0x0000000000000000        0x0 /lib/ps4-payload-sdk/libPS4/libPS4.a(pthread.o)
 .note.gnu.property
                0x0000000000000000       0x20 /lib/ps4-payload-sdk/libPS4/libPS4.a(pthread.o)
 .eh_frame      0x0000000000000000       0x48 /lib/ps4-payload-sdk/libPS4/libPS4.a(pthread.o)
 .text          0x0000000000000000        0x0 /lib/ps4-payload-sdk/libPS4/libPS4.a(sysutil.o)
 .data          0x0000000000000000        0x0 /lib/ps4-payload-sdk/libPS4/libPS4.a(sysutil.o)
 .bss           0x0000000000000000        0x0 /lib/ps4-payload-sdk/libPS4/libPS4.a(sysutil.o)
 .rodata.initUserService.str1.1
                0x0000000000000000       0xb3 /lib/ps4-payload-sdk/libPS4/libPS4.a(sysutil.o)
 .text.initUserService
                0x0000000000000000       0x9f /lib/ps4-payload-sdk/libPS4/libPS4.a(sysutil.o)
 .text.openBrowser
                0x0000000000000000       0x12 /lib/ps4-payload-sdk/libPS4/libPS4.a(sysutil.o)
 .text.getUserIDList
                0x0000000000000000       0x44 /lib/ps4-payload-sdk/libPS4/libPS4.a(sysutil.o)
 .text.getUserID
                0x0000000000000000       0x18 /lib/ps4-payload-sdk/libPS4/libPS4.a(sysutil.o)
 .text.getUserName
                0x0000000000000000       0x8c /lib/ps4-payload-sdk/libPS4/libPS4.a(sysutil.o)
 .text.getInitialUser
                0x0000000000000000       0x47 /lib/ps4-payload-sdk/libPS4/libPS4.a(sysutil.o)
 .rodata.shutdown.str1.1
                0x0000000000000000       0x11 /lib/ps4-payload-sdk/libPS4/libPS4.a(sysutil.o)
 .text.shutdown
                0x0000000000000000       0x54 /lib/ps4-payload-sdk/libPS4/libPS4.a(sysutil.o)
 .rodata.reboot.str1.1
                0x0000000000000000       0x32 /lib/ps4-payload-sdk/libPS4/libPS4.a(sysutil.o)
 .text.reboot   0x0000000000000000       0x41 /lib/ps4-payload-sdk/libPS4/libPS4.a(sysutil.o)
 .bss.sceKernelReboot
                0x0000000000000000        0x8 /lib/ps4-payload-sdk/libPS4/libPS4.a(sysutil.o)
 .bss.sceUserServiceTerminate
                0x0000000000000000        0x8 /lib/ps4-payload-sdk/libPS4/libPS4.a(sysutil.o)
 .bss.sceUserServiceGetInitialUser
                0x0000000000000000        0x8 /lib/ps4-payload-sdk/libPS4/libPS4.a(sysutil.o)
 .bss.sceUserServiceGetUserName
                0x0000000000000000        0x8 /lib/ps4-payload-sdk/libPS4/libPS4.a(sysutil.o)
 .bss.sceUserServiceGetLoginUserIdList
                0x0000000000000000        0x8 /lib/ps4-payload-sdk/libPS4/libPS4.a(sysutil.o)
 .bss.sceUserServiceInitialize
                0x0000000000000000        0x8 /lib/ps4-payload-sdk/libPS4/libPS4.a(sysutil.o)
 .bss.libSceUserService
                0x0000000000000000        0x4 /lib/ps4-payload-sdk/libPS4/libPS4.a(sysutil.o)
 .comment       0x0000000000000000       0x27 /lib/ps4-payload-sdk/libPS4/libPS4.a(sysutil.o)
 .note.GNU-stack
                0x0000000000000000        0x0 /lib/ps4-payload-sdk/libPS4/libPS4.a(sysutil.o)
 .note.gnu.property
                0x0000000000000000       0x20 /lib/ps4-payload-sdk/libPS4/libPS4.a(sysutil.o)
 .eh_frame      0x0000000000000000      0x120 /lib/ps4-payload-sdk/libPS4/libPS4.a(sysutil.o)
 .data          0x0000000000000000        0x0 /lib/ps4-payload-sdk/libPS4/libPS4.a(syscall.o)
 .bss           0x0000000000000000        0x0 /lib/ps4-payload-sdk/libPS4/libPS4.a(syscall.o)
 .data          0x0000000000000000        0x0 /lib/ps4-payload-sdk/libPS4/libPS4.a(memory.o)
 .bss           0x0000000000000000        0x0 /lib/ps4-payload-sdk/libPS4/libPS4.a(memory.o)
 .comment       0x0000000000000000       0x27 /lib/ps4-payload-sdk/libPS4/libPS4.a(memory.o)
 .note.GNU-stack
                0x0000000000000000        0x0 /lib/ps4-payload-sdk/libPS4/libPS4.a(memory.o)
 .note.gnu.property
                0x0000000000000000       0x20 /lib/ps4-payload-sdk/libPS4/libPS4.a(memory.o)

Memory Configuration

Name             Origin             Length             Attributes
*default*        0x0000000000000000 0xffffffffffffffff

Linker script and memory map

LOAD /tmp/ccGWZUJe.o
LOAD build/main.o

.text           0x0000000000000000     0x48fa
 *(.text.start)
 *(.text*)
 .text          0x0000000000000000        0x5 /tmp/ccGWZUJe.o
                0x0000000000000000                _start
 .text.rd_hex   0x0000000000000005       0x51 build/main.o
 .text._main    0x0000000000000056     0x13a1 build/main.o
                0x0000000000000056                _main
 .text          0x00000000000013f7      0x108 /lib/ps4-payload-sdk/libPS4/libPS4.a(file.o)
                0x00000000000013f7                read
                0x0000000000001403                write
                0x000000000000140f                open
                0x000000000000141b                close
                0x0000000000001427                unlink
                0x0000000000001433                link
                0x000000000000143f                readlink
                0x000000000000144b                symlink
                0x0000000000001457                mount
                0x0000000000001463                nmount
                0x000000000000146f                unmount
                0x000000000000147b                fchown
                0x0000000000001487                fchmod
                0x0000000000001493                rename
                0x000000000000149f                mkdir
                0x00000000000014ab                rmdir
                0x00000000000014b7                stat
                0x00000000000014c3                fstat
                0x00000000000014cf                lstat
                0x00000000000014db                getdents
                0x00000000000014e7                lseek
                0x00000000000014f3                fstatat
 .text          0x00000000000014ff       0x30 /lib/ps4-payload-sdk/libPS4/libPS4.a(kernel.o)
                0x00000000000014ff                kill
                0x000000000000150b                ioctl
                0x0000000000001517                kexec
                0x0000000000001523                is_in_sandbox
 .text.initKernel
                0x000000000000152f      0x44c /lib/ps4-payload-sdk/libPS4/libPS4.a(kernel.o)
                0x000000000000152f                initKernel
 .text.initLibc
                0x000000000000197b      0x648 /lib/ps4-payload-sdk/libPS4/libPS4.a(libc.o)
                0x000000000000197b                initLibc
 .text          0x0000000000001fc3       0x18 /lib/ps4-payload-sdk/libPS4/libPS4.a(module.o)
                0x0000000000001fc3                getFunctionAddressByName
                0x0000000000001fcf                getLoadedModules
 .text.loadModule
                0x0000000000001fdb       0x1e /lib/ps4-payload-sdk/libPS4/libPS4.a(module.o)
                0x0000000000001fdb                loadModule
 .text.initNetwork
                0x0000000000001ff9      0x258 /lib/ps4-payload-sdk/libPS4/libPS4.a(network.o)
                0x0000000000001ff9                initNetwork
 .text.SckSend  0x0000000000002251       0x15 /lib/ps4-payload-sdk/libPS4/libPS4.a(network.o)
                0x0000000000002251                SckSend
 .text.kpayload_kbase
                0x0000000000002266      0x862 /lib/ps4-payload-sdk/libPS4/libPS4.a(payload_utils.o)
                0x0000000000002266                kpayload_kbase
 .text.kpayload_dump
                0x0000000000002ac8      0x768 /lib/ps4-payload-sdk/libPS4/libPS4.a(payload_utils.o)
                0x0000000000002ac8                kpayload_dump
 .text.kpayload_jailbreak
                0x0000000000003230      0x7d4 /lib/ps4-payload-sdk/libPS4/libPS4.a(payload_utils.o)
                0x0000000000003230                kpayload_jailbreak
 .text.kpayload_mmap
                0x0000000000003a04      0x97a /lib/ps4-payload-sdk/libPS4/libPS4.a(payload_utils.o)
                0x0000000000003a04                kpayload_mmap
 .text.is_jailbroken
                0x000000000000437e       0x28 /lib/ps4-payload-sdk/libPS4/libPS4.a(payload_utils.o)
                0x000000000000437e                is_jailbroken
 .text.get_firmware
                0x00000000000043a6      0x193 /lib/ps4-payload-sdk/libPS4/libPS4.a(payload_utils.o)
                0x00000000000043a6                get_firmware
 .text.get_kernel_base
                0x0000000000004539       0x8a /lib/ps4-payload-sdk/libPS4/libPS4.a(payload_utils.o)
                0x0000000000004539                get_kernel_base
 .text.get_memory_dump
                0x00000000000045c3       0x47 /lib/ps4-payload-sdk/libPS4/libPS4.a(payload_utils.o)
                0x00000000000045c3                get_memory_dump
 .text.jailbreak
                0x000000000000460a       0x38 /lib/ps4-payload-sdk/libPS4/libPS4.a(payload_utils.o)
                0x000000000000460a                jailbreak
 .text.mmap_patch
                0x0000000000004642       0x2a /lib/ps4-payload-sdk/libPS4/libPS4.a(payload_utils.o)
                0x0000000000004642                mmap_patch
 .text.initPthread
                0x000000000000466c      0x17a /lib/ps4-payload-sdk/libPS4/libPS4.a(pthread.o)
                0x000000000000466c                initPthread
 .text.initSysUtil
                0x00000000000047e6       0x86 /lib/ps4-payload-sdk/libPS4/libPS4.a(sysutil.o)
                0x00000000000047e6                initSysUtil
 .text          0x000000000000486c       0x2e /lib/ps4-payload-sdk/libPS4/libPS4.a(syscall.o)
                0x000000000000486c                syscall
                0x000000000000486f                syscall_macro
 .text          0x000000000000489a       0x60 /lib/ps4-payload-sdk/libPS4/libPS4.a(memory.o)
                0x000000000000489a                mmap
                0x00000000000048a6                munmap
                0x00000000000048b2                mprotect
                0x00000000000048be                msync
                0x00000000000048ca                mlock
                0x00000000000048d6                munlock
                0x00000000000048e2                getMemoryInfo
                0x00000000000048ee                getOtherMemoryInfo

.plt            0x0000000000004900        0x0
 .plt           0x0000000000004900        0x0 /tmp/ccGWZUJe.o

.plt.got        0x0000000000004900        0x0
 .plt.got       0x0000000000004900        0x0 /tmp/ccGWZUJe.o

.rodata         0x0000000000004900     0x1037
 *(.rodata)
 *(.rodata*)
 .rodata._main.str1.1
                0x0000000000004900      0xbf4 build/main.o
                                        0x28d (size before relaxing)
 *fill*         0x00000000000054f4        0xc 
 .rodata.icon_uri.0
                0x0000000000005500       0x26 build/main.o
 *fill*         0x0000000000005526       0x1a 
 .rodata.icon_uri.1
                0x0000000000005540       0x26 build/main.o
 *fill*         0x0000000000005566       0x1a 
 .rodata.icon_uri.2
                0x0000000000005580       0x26 build/main.o
 *fill*         0x00000000000055a6       0x1a 
 .rodata.icon_uri.3
                0x00000000000055c0       0x26 build/main.o
 *fill*         0x00000000000055e6       0x1a 
 .rodata.icon_uri.4
                0x0000000000005600       0x26 build/main.o
 *fill*         0x0000000000005626       0x1a 
 .rodata.icon_uri.5
                0x0000000000005640       0x26 build/main.o
 *fill*         0x0000000000005666       0x1a 
 .rodata.icon_uri.6
                0x0000000000005680       0x26 build/main.o
 *fill*         0x00000000000056a6       0x1a 
 .rodata.icon_uri.7
                0x00000000000056c0       0x26 build/main.o
 *fill*         0x00000000000056e6       0x1a 
 .rodata.icon_uri.8
                0x0000000000005700       0x26 build/main.o
 *fill*         0x0000000000005726       0x1a 
 .rodata.icon_uri.9
                0x0000000000005740       0x26 build/main.o
 .rodata.__FUNCTION__.10
                0x0000000000005766        0x6 build/main.o
 *fill*         0x000000000000576c       0x14 
 .rodata.icon_uri.11
                0x0000000000005780       0x26 build/main.o
 .rodata.initKernel.str1.1
                0x00000000000057a6        0x0 /lib/ps4-payload-sdk/libPS4/libPS4.a(kernel.o)
                                        0x391 (size before relaxing)
 .rodata.initLibc.str1.1
                0x00000000000057a6        0x0 /lib/ps4-payload-sdk/libPS4/libPS4.a(libc.o)
                                        0x248 (size before relaxing)
 .rodata.initNetwork.str1.1
                0x00000000000057a6        0x0 /lib/ps4-payload-sdk/libPS4/libPS4.a(network.o)
                                        0x173 (size before relaxing)
 .rodata.kpayload_kbase.str1.1
                0x00000000000057a6        0x0 /lib/ps4-payload-sdk/libPS4/libPS4.a(payload_utils.o)
                                         0x42 (size before relaxing)
 *fill*         0x00000000000057a6        0x2 
 .rodata.kpayload_kbase
                0x00000000000057a8       0x50 /lib/ps4-payload-sdk/libPS4/libPS4.a(payload_utils.o)
 .rodata.kpayload_dump
                0x00000000000057f8       0x50 /lib/ps4-payload-sdk/libPS4/libPS4.a(payload_utils.o)
 .rodata.kpayload_jailbreak
                0x0000000000005848       0x50 /lib/ps4-payload-sdk/libPS4/libPS4.a(payload_utils.o)
 .rodata.kpayload_mmap
                0x0000000000005898       0x50 /lib/ps4-payload-sdk/libPS4/libPS4.a(payload_utils.o)
 .rodata.get_firmware.str1.1
                0x00000000000058e8        0x0 /lib/ps4-payload-sdk/libPS4/libPS4.a(payload_utils.o)
                                         0x41 (size before relaxing)
 .rodata.__FUNCTION__.8
                0x00000000000058e8        0xe /lib/ps4-payload-sdk/libPS4/libPS4.a(payload_utils.o)
 *fill*         0x00000000000058f6        0xa 
 .rodata.__FUNCTION__.9
                0x0000000000005900       0x13 /lib/ps4-payload-sdk/libPS4/libPS4.a(payload_utils.o)
 *fill*         0x0000000000005913        0x5 
 .rodata.__FUNCTION__.10
                0x0000000000005918        0xe /lib/ps4-payload-sdk/libPS4/libPS4.a(payload_utils.o)
 *fill*         0x0000000000005926        0x2 
 .rodata.__FUNCTION__.11
                0x0000000000005928        0xf /lib/ps4-payload-sdk/libPS4/libPS4.a(payload_utils.o)
 .rodata.initPthread.str1.1
                0x0000000000005937        0x0 /lib/ps4-payload-sdk/libPS4/libPS4.a(pthread.o)
                                        0x13a (size before relaxing)
 .rodata.initSysUtil.str1.1
                0x0000000000005937        0x0 /lib/ps4-payload-sdk/libPS4/libPS4.a(sysutil.o)
                                         0x9c (size before relaxing)

.gnu.version_d  0x0000000000005938        0x0
 .gnu.version_d
                0x0000000000005938        0x0 /tmp/ccGWZUJe.o

.gnu.version    0x0000000000005938        0x0
 .gnu.version   0x0000000000005938        0x0 /tmp/ccGWZUJe.o

.gnu.version_r  0x0000000000005938        0x0
 .gnu.version_r
                0x0000000000005938        0x0 /tmp/ccGWZUJe.o

.dynsym         0x0000000000005938       0x18
 .dynsym        0x0000000000005938       0x18 /tmp/ccGWZUJe.o

.dynstr         0x0000000000005950        0x1
 .dynstr        0x0000000000005950        0x1 /tmp/ccGWZUJe.o

.gnu.hash       0x0000000000005958       0x1c
 .gnu.hash      0x0000000000005958       0x1c /tmp/ccGWZUJe.o

.eh_frame_hdr   0x0000000000005974        0x0
 .eh_frame_hdr  0x0000000000005974        0x0 build/main.o

.rela.dyn       0x0000000000005978        0x0
 .rela.plt      0x0000000000005978        0x0 /tmp/ccGWZUJe.o
 .rela.got      0x0000000000005978        0x0 /tmp/ccGWZUJe.o
 .rela.bss      0x0000000000005978        0x0 /tmp/ccGWZUJe.o
 .rela.data.rel.ro
                0x0000000000005978        0x0 /tmp/ccGWZUJe.o
 .rela.ifunc    0x0000000000005978        0x0 /tmp/ccGWZUJe.o
 .rela.tls      0x0000000000005978        0x0 /tmp/ccGWZUJe.o

.data
 *(.data)

.dynamic        0x0000000000005978       0xe0
 .dynamic       0x0000000000005978       0xe0 /tmp/ccGWZUJe.o
                0x0000000000005978                _DYNAMIC

.got            0x0000000000005a58        0x0
 .got           0x0000000000005a58        0x0 /tmp/ccGWZUJe.o

.got.plt        0x0000000000005a58        0x0
 .got.plt       0x0000000000005a58        0x0 /tmp/ccGWZUJe.o

.data.rel.ro    0x0000000000005a58        0x0
 .data.rel.ro   0x0000000000005a58        0x0 /tmp/ccGWZUJe.o

.data.DEBUG_SOCK
                0x0000000000005a58        0x4
 .data.DEBUG_SOCK
                0x0000000000005a58        0x4 /lib/ps4-payload-sdk/libPS4/libPS4.a(debug.o)
                0x0000000000005a58                DEBUG_SOCK

.bss
 *(.bss)

.dynbss         0x0000000000005a5c        0x0
 .dynbss        0x0000000000005a5c        0x0 /tmp/ccGWZUJe.o

.bss.g_kbase    0x0000000000005a60        0x8
 .bss.g_kbase   0x0000000000005a60        0x8 build/main.o

.bss.sceKernelGetOpenPsIdForSystem
                0x0000000000005a68        0x8
 .bss.sceKernelGetOpenPsIdForSystem
                0x0000000000005a68        0x8 /lib/ps4-payload-sdk/libPS4/libPS4.a(kernel.o)
                0x0000000000005a68                sceKernelGetOpenPsIdForSystem

.bss.sceKernelGetOpenPsId
                0x0000000000005a70        0x8
 .bss.sceKernelGetOpenPsId
                0x0000000000005a70        0x8 /lib/ps4-payload-sdk/libPS4/libPS4.a(kernel.o)
                0x0000000000005a70                sceKernelGetOpenPsId

.bss.sceKernelGetIdPs
                0x0000000000005a78        0x8
 .bss.sceKernelGetIdPs
                0x0000000000005a78        0x8 /lib/ps4-payload-sdk/libPS4/libPS4.a(kernel.o)
                0x0000000000005a78                sceKernelGetIdPs

.bss.sceKernelGetCpuTemperature
                0x0000000000005a80        0x8
 .bss.sceKernelGetCpuTemperature
                0x0000000000005a80        0x8 /lib/ps4-payload-sdk/libPS4/libPS4.a(kernel.o)
                0x0000000000005a80                sceKernelGetCpuTemperature

.bss.sceKernelGetSystemSwVersion
                0x0000000000005a88        0x8
 .bss.sceKernelGetSystemSwVersion
                0x0000000000005a88        0x8 /lib/ps4-payload-sdk/libPS4/libPS4.a(kernel.o)
                0x0000000000005a88                sceKernelGetSystemSwVersion

.bss.sceKernelGetFsSandboxRandomWord
                0x0000000000005a90        0x8
 .bss.sceKernelGetFsSandboxRandomWord
                0x0000000000005a90        0x8 /lib/ps4-payload-sdk/libPS4/libPS4.a(kernel.o)
                0x0000000000005a90                sceKernelGetFsSandboxRandomWord

.bss.sceKernelSendNotificationRequest
                0x0000000000005a98        0x8
 .bss.sceKernelSendNotificationRequest
                0x0000000000005a98        0x8 /lib/ps4-payload-sdk/libPS4/libPS4.a(kernel.o)
                0x0000000000005a98                sceKernelSendNotificationRequest

.bss.setregid   0x0000000000005aa0        0x8
 .bss.setregid  0x0000000000005aa0        0x8 /lib/ps4-payload-sdk/libPS4/libPS4.a(kernel.o)
                0x0000000000005aa0                setregid

.bss.setreuid   0x0000000000005aa8        0x8
 .bss.setreuid  0x0000000000005aa8        0x8 /lib/ps4-payload-sdk/libPS4/libPS4.a(kernel.o)
                0x0000000000005aa8                setreuid

.bss.setgid     0x0000000000005ab0        0x8
 .bss.setgid    0x0000000000005ab0        0x8 /lib/ps4-payload-sdk/libPS4/libPS4.a(kernel.o)
                0x0000000000005ab0                setgid

.bss.setuid     0x0000000000005ab8        0x8
 .bss.setuid    0x0000000000005ab8        0x8 /lib/ps4-payload-sdk/libPS4/libPS4.a(kernel.o)
                0x0000000000005ab8                setuid

.bss.getpid     0x0000000000005ac0        0x8
 .bss.getpid    0x0000000000005ac0        0x8 /lib/ps4-payload-sdk/libPS4/libPS4.a(kernel.o)
                0x0000000000005ac0                getpid

.bss.getgid     0x0000000000005ac8        0x8
 .bss.getgid    0x0000000000005ac8        0x8 /lib/ps4-payload-sdk/libPS4/libPS4.a(kernel.o)
                0x0000000000005ac8                getgid

.bss.getuid     0x0000000000005ad0        0x8
 .bss.getuid    0x0000000000005ad0        0x8 /lib/ps4-payload-sdk/libPS4/libPS4.a(kernel.o)
                0x0000000000005ad0                getuid

.bss.sceKernelAddReadEvent
                0x0000000000005ad8        0x8
 .bss.sceKernelAddReadEvent
                0x0000000000005ad8        0x8 /lib/ps4-payload-sdk/libPS4/libPS4.a(kernel.o)
                0x0000000000005ad8                sceKernelAddReadEvent

.bss.sceKernelAddUserEvent
                0x0000000000005ae0        0x8
 .bss.sceKernelAddUserEvent
                0x0000000000005ae0        0x8 /lib/ps4-payload-sdk/libPS4/libPS4.a(kernel.o)
                0x0000000000005ae0                sceKernelAddUserEvent

.bss.sceKernelDeleteEqueue
                0x0000000000005ae8        0x8
 .bss.sceKernelDeleteEqueue
                0x0000000000005ae8        0x8 /lib/ps4-payload-sdk/libPS4/libPS4.a(kernel.o)
                0x0000000000005ae8                sceKernelDeleteEqueue

.bss.sceKernelCreateEqueue
                0x0000000000005af0        0x8
 .bss.sceKernelCreateEqueue
                0x0000000000005af0        0x8 /lib/ps4-payload-sdk/libPS4/libPS4.a(kernel.o)
                0x0000000000005af0                sceKernelCreateEqueue

.bss.pthread_setaffinity_np
                0x0000000000005af8        0x8
 .bss.pthread_setaffinity_np
                0x0000000000005af8        0x8 /lib/ps4-payload-sdk/libPS4/libPS4.a(kernel.o)
                0x0000000000005af8                pthread_setaffinity_np

.bss.pthread_self
                0x0000000000005b00        0x8
 .bss.pthread_self
                0x0000000000005b00        0x8 /lib/ps4-payload-sdk/libPS4/libPS4.a(kernel.o)
                0x0000000000005b00                pthread_self

.bss.execve     0x0000000000005b08        0x8
 .bss.execve    0x0000000000005b08        0x8 /lib/ps4-payload-sdk/libPS4/libPS4.a(kernel.o)
                0x0000000000005b08                execve

.bss.sysarch    0x0000000000005b10        0x8
 .bss.sysarch   0x0000000000005b10        0x8 /lib/ps4-payload-sdk/libPS4/libPS4.a(kernel.o)
                0x0000000000005b10                sysarch

.bss.sysctlbyname
                0x0000000000005b18        0x8
 .bss.sysctlbyname
                0x0000000000005b18        0x8 /lib/ps4-payload-sdk/libPS4/libPS4.a(kernel.o)
                0x0000000000005b18                sysctlbyname

.bss.sysctl     0x0000000000005b20        0x8
 .bss.sysctl    0x0000000000005b20        0x8 /lib/ps4-payload-sdk/libPS4/libPS4.a(kernel.o)
                0x0000000000005b20                sysctl

.bss.sceKernelGetCurrentCpu
                0x0000000000005b28        0x8
 .bss.sceKernelGetCurrentCpu
                0x0000000000005b28        0x8 /lib/ps4-payload-sdk/libPS4/libPS4.a(kernel.o)
                0x0000000000005b28                sceKernelGetCurrentCpu

.bss.sceKernelGetProcessTime
                0x0000000000005b30        0x8
 .bss.sceKernelGetProcessTime
                0x0000000000005b30        0x8 /lib/ps4-payload-sdk/libPS4/libPS4.a(kernel.o)
                0x0000000000005b30                sceKernelGetProcessTime

.bss.sceKernelGettimeofday
                0x0000000000005b38        0x8
 .bss.sceKernelGettimeofday
                0x0000000000005b38        0x8 /lib/ps4-payload-sdk/libPS4/libPS4.a(kernel.o)
                0x0000000000005b38                sceKernelGettimeofday

.bss.usleep     0x0000000000005b40        0x8
 .bss.usleep    0x0000000000005b40        0x8 /lib/ps4-payload-sdk/libPS4/libPS4.a(kernel.o)
                0x0000000000005b40                usleep

.bss.sceKernelUsleep
                0x0000000000005b48        0x8
 .bss.sceKernelUsleep
                0x0000000000005b48        0x8 /lib/ps4-payload-sdk/libPS4/libPS4.a(kernel.o)
                0x0000000000005b48                sceKernelUsleep

.bss.sceKernelSleep
                0x0000000000005b50        0x8
 .bss.sceKernelSleep
                0x0000000000005b50        0x8 /lib/ps4-payload-sdk/libPS4/libPS4.a(kernel.o)
                0x0000000000005b50                sceKernelSleep

.bss.sceKernelLwfsWrite
                0x0000000000005b58        0x8
 .bss.sceKernelLwfsWrite
                0x0000000000005b58        0x8 /lib/ps4-payload-sdk/libPS4/libPS4.a(kernel.o)
                0x0000000000005b58                sceKernelLwfsWrite

.bss.sceKernelLwfsLseek
                0x0000000000005b60        0x8
 .bss.sceKernelLwfsLseek
                0x0000000000005b60        0x8 /lib/ps4-payload-sdk/libPS4/libPS4.a(kernel.o)
                0x0000000000005b60                sceKernelLwfsLseek

.bss.sceKernelLwfsTrimBlock
                0x0000000000005b68        0x8
 .bss.sceKernelLwfsTrimBlock
                0x0000000000005b68        0x8 /lib/ps4-payload-sdk/libPS4/libPS4.a(kernel.o)
                0x0000000000005b68                sceKernelLwfsTrimBlock

.bss.sceKernelLwfsSetAttribute
                0x0000000000005b70        0x8
 .bss.sceKernelLwfsSetAttribute
                0x0000000000005b70        0x8 /lib/ps4-payload-sdk/libPS4/libPS4.a(kernel.o)
                0x0000000000005b70                sceKernelLwfsSetAttribute

.bss.sceKernelLwfsAllocateBlock
                0x0000000000005b78        0x8
 .bss.sceKernelLwfsAllocateBlock
                0x0000000000005b78        0x8 /lib/ps4-payload-sdk/libPS4/libPS4.a(kernel.o)
                0x0000000000005b78                sceKernelLwfsAllocateBlock

.bss.sceKernelClose
                0x0000000000005b80        0x8
 .bss.sceKernelClose
                0x0000000000005b80        0x8 /lib/ps4-payload-sdk/libPS4/libPS4.a(kernel.o)
                0x0000000000005b80                sceKernelClose

.bss.sceKernelLseek
                0x0000000000005b88        0x8
 .bss.sceKernelLseek
                0x0000000000005b88        0x8 /lib/ps4-payload-sdk/libPS4/libPS4.a(kernel.o)
                0x0000000000005b88                sceKernelLseek

.bss.sceKernelRead
                0x0000000000005b90        0x8
 .bss.sceKernelRead
                0x0000000000005b90        0x8 /lib/ps4-payload-sdk/libPS4/libPS4.a(kernel.o)
                0x0000000000005b90                sceKernelRead

.bss.sceKernelOpen
                0x0000000000005b98        0x8
 .bss.sceKernelOpen
                0x0000000000005b98        0x8 /lib/ps4-payload-sdk/libPS4/libPS4.a(kernel.o)
                0x0000000000005b98                sceKernelOpen

.bss.sceKernelStat
                0x0000000000005ba0        0x8
 .bss.sceKernelStat
                0x0000000000005ba0        0x8 /lib/ps4-payload-sdk/libPS4/libPS4.a(kernel.o)
                0x0000000000005ba0                sceKernelStat

.bss.sceKernelGetDirectMemorySize
                0x0000000000005ba8        0x8
 .bss.sceKernelGetDirectMemorySize
                0x0000000000005ba8        0x8 /lib/ps4-payload-sdk/libPS4/libPS4.a(kernel.o)
                0x0000000000005ba8                sceKernelGetDirectMemorySize

.bss.sceKernelMapDirectMemory
                0x0000000000005bb0        0x8
 .bss.sceKernelMapDirectMemory
                0x0000000000005bb0        0x8 /lib/ps4-payload-sdk/libPS4/libPS4.a(kernel.o)
                0x0000000000005bb0                sceKernelMapDirectMemory

.bss.sceKernelAllocateDirectMemory
                0x0000000000005bb8        0x8
 .bss.sceKernelAllocateDirectMemory
                0x0000000000005bb8        0x8 /lib/ps4-payload-sdk/libPS4/libPS4.a(kernel.o)
                0x0000000000005bb8                sceKernelAllocateDirectMemory

.bss.sceKernelLoadStartModule
                0x0000000000005bc0        0x8
 .bss.sceKernelLoadStartModule
                0x0000000000005bc0        0x8 /lib/ps4-payload-sdk/libPS4/libPS4.a(kernel.o)
                0x0000000000005bc0                sceKernelLoadStartModule

.bss.sceKernelError
                0x0000000000005bc8        0x8
 .bss.sceKernelError
                0x0000000000005bc8        0x8 /lib/ps4-payload-sdk/libPS4/libPS4.a(kernel.o)
                0x0000000000005bc8                sceKernelError

.bss.__error    0x0000000000005bd0        0x8
 .bss.__error   0x0000000000005bd0        0x8 /lib/ps4-payload-sdk/libPS4/libPS4.a(kernel.o)
                0x0000000000005bd0                __error

.bss.__stack_chk_fail
                0x0000000000005bd8        0x8
 .bss.__stack_chk_fail
                0x0000000000005bd8        0x8 /lib/ps4-payload-sdk/libPS4/libPS4.a(kernel.o)
                0x0000000000005bd8                __stack_chk_fail

.bss.__stack_chk_guard
                0x0000000000005be0        0x8
 .bss.__stack_chk_guard
                0x0000000000005be0        0x8 /lib/ps4-payload-sdk/libPS4/libPS4.a(kernel.o)
                0x0000000000005be0                __stack_chk_guard

.bss.libKernelHandle
                0x0000000000005be8        0x4
 .bss.libKernelHandle
                0x0000000000005be8        0x4 /lib/ps4-payload-sdk/libPS4/libPS4.a(kernel.o)
                0x0000000000005be8                libKernelHandle

.bss.fgets      0x0000000000005bf0        0x8
 .bss.fgets     0x0000000000005bf0        0x8 /lib/ps4-payload-sdk/libPS4/libPS4.a(libc.o)
                0x0000000000005bf0                fgets

.bss.fprintf    0x0000000000005bf8        0x8
 .bss.fprintf   0x0000000000005bf8        0x8 /lib/ps4-payload-sdk/libPS4/libPS4.a(libc.o)
                0x0000000000005bf8                fprintf

.bss.fclose     0x0000000000005c00        0x8
 .bss.fclose    0x0000000000005c00        0x8 /lib/ps4-payload-sdk/libPS4/libPS4.a(libc.o)
                0x0000000000005c00                fclose

.bss.ftell      0x0000000000005c08        0x8
 .bss.ftell     0x0000000000005c08        0x8 /lib/ps4-payload-sdk/libPS4/libPS4.a(libc.o)
                0x0000000000005c08                ftell

.bss.fseek      0x0000000000005c10        0x8
 .bss.fseek     0x0000000000005c10        0x8 /lib/ps4-payload-sdk/libPS4/libPS4.a(libc.o)
                0x0000000000005c10                fseek

.bss.fwrite     0x0000000000005c18        0x8
 .bss.fwrite    0x0000000000005c18        0x8 /lib/ps4-payload-sdk/libPS4/libPS4.a(libc.o)
                0x0000000000005c18                fwrite

.bss.fread      0x0000000000005c20        0x8
 .bss.fread     0x0000000000005c20        0x8 /lib/ps4-payload-sdk/libPS4/libPS4.a(libc.o)
                0x0000000000005c20                fread

.bss.fopen      0x0000000000005c28        0x8
 .bss.fopen     0x0000000000005c28        0x8 /lib/ps4-payload-sdk/libPS4/libPS4.a(libc.o)
                0x0000000000005c28                fopen

.bss.getprogname
                0x0000000000005c30        0x8
 .bss.getprogname
                0x0000000000005c30        0x8 /lib/ps4-payload-sdk/libPS4/libPS4.a(libc.o)
                0x0000000000005c30                getprogname

.bss.dirfd      0x0000000000005c38        0x8
 .bss.dirfd     0x0000000000005c38        0x8 /lib/ps4-payload-sdk/libPS4/libPS4.a(libc.o)
                0x0000000000005c38                dirfd

.bss.closedir   0x0000000000005c40        0x8
 .bss.closedir  0x0000000000005c40        0x8 /lib/ps4-payload-sdk/libPS4/libPS4.a(libc.o)
                0x0000000000005c40                closedir

.bss.rewinddir  0x0000000000005c48        0x8
 .bss.rewinddir
                0x0000000000005c48        0x8 /lib/ps4-payload-sdk/libPS4/libPS4.a(libc.o)
                0x0000000000005c48                rewinddir

.bss.seekdir    0x0000000000005c50        0x8
 .bss.seekdir   0x0000000000005c50        0x8 /lib/ps4-payload-sdk/libPS4/libPS4.a(libc.o)
                0x0000000000005c50                seekdir

.bss.telldir    0x0000000000005c58        0x8
 .bss.telldir   0x0000000000005c58        0x8 /lib/ps4-payload-sdk/libPS4/libPS4.a(libc.o)
                0x0000000000005c58                telldir

.bss.readdir_r  0x0000000000005c60        0x8
 .bss.readdir_r
                0x0000000000005c60        0x8 /lib/ps4-payload-sdk/libPS4/libPS4.a(libc.o)
                0x0000000000005c60                readdir_r

.bss.readdir    0x0000000000005c68        0x8
 .bss.readdir   0x0000000000005c68        0x8 /lib/ps4-payload-sdk/libPS4/libPS4.a(libc.o)
                0x0000000000005c68                readdir

.bss.opendir    0x0000000000005c70        0x8
 .bss.opendir   0x0000000000005c70        0x8 /lib/ps4-payload-sdk/libPS4/libPS4.a(libc.o)
                0x0000000000005c70                opendir

.bss.mktime     0x0000000000005c78        0x8
 .bss.mktime    0x0000000000005c78        0x8 /lib/ps4-payload-sdk/libPS4/libPS4.a(libc.o)
                0x0000000000005c78                mktime

.bss.localtime_r
                0x0000000000005c80        0x8
 .bss.localtime_r
                0x0000000000005c80        0x8 /lib/ps4-payload-sdk/libPS4/libPS4.a(libc.o)
                0x0000000000005c80                localtime_r

.bss.localtime  0x0000000000005c88        0x8
 .bss.localtime
                0x0000000000005c88        0x8 /lib/ps4-payload-sdk/libPS4/libPS4.a(libc.o)
                0x0000000000005c88                localtime

.bss.gmtime_s   0x0000000000005c90        0x8
 .bss.gmtime_s  0x0000000000005c90        0x8 /lib/ps4-payload-sdk/libPS4/libPS4.a(libc.o)
                0x0000000000005c90                gmtime_s

.bss.gmtime     0x0000000000005c98        0x8
 .bss.gmtime    0x0000000000005c98        0x8 /lib/ps4-payload-sdk/libPS4/libPS4.a(libc.o)
                0x0000000000005c98                gmtime

.bss.time       0x0000000000005ca0        0x8
 .bss.time      0x0000000000005ca0        0x8 /lib/ps4-payload-sdk/libPS4/libPS4.a(libc.o)
                0x0000000000005ca0                time

.bss.ctime_r    0x0000000000005ca8        0x8
 .bss.ctime_r   0x0000000000005ca8        0x8 /lib/ps4-payload-sdk/libPS4/libPS4.a(libc.o)
                0x0000000000005ca8                ctime_r

.bss.ctime      0x0000000000005cb0        0x8
 .bss.ctime     0x0000000000005cb0        0x8 /lib/ps4-payload-sdk/libPS4/libPS4.a(libc.o)
                0x0000000000005cb0                ctime

.bss.asctime_r  0x0000000000005cb8        0x8
 .bss.asctime_r
                0x0000000000005cb8        0x8 /lib/ps4-payload-sdk/libPS4/libPS4.a(libc.o)
                0x0000000000005cb8                asctime_r

.bss.asctime    0x0000000000005cc0        0x8
 .bss.asctime   0x0000000000005cc0        0x8 /lib/ps4-payload-sdk/libPS4/libPS4.a(libc.o)
                0x0000000000005cc0                asctime

.bss.rand       0x0000000000005cc8        0x8
 .bss.rand      0x0000000000005cc8        0x8 /lib/ps4-payload-sdk/libPS4/libPS4.a(libc.o)
                0x0000000000005cc8                rand

.bss.srand      0x0000000000005cd0        0x8
 .bss.srand     0x0000000000005cd0        0x8 /lib/ps4-payload-sdk/libPS4/libPS4.a(libc.o)
                0x0000000000005cd0                srand

.bss.toupper    0x0000000000005cd8        0x8
 .bss.toupper   0x0000000000005cd8        0x8 /lib/ps4-payload-sdk/libPS4/libPS4.a(libc.o)
                0x0000000000005cd8                toupper

.bss.tolower    0x0000000000005ce0        0x8
 .bss.tolower   0x0000000000005ce0        0x8 /lib/ps4-payload-sdk/libPS4/libPS4.a(libc.o)
                0x0000000000005ce0                tolower

.bss.ceil       0x0000000000005ce8        0x8
 .bss.ceil      0x0000000000005ce8        0x8 /lib/ps4-payload-sdk/libPS4/libPS4.a(libc.o)
                0x0000000000005ce8                ceil

.bss.bcopy      0x0000000000005cf0        0x8
 .bss.bcopy     0x0000000000005cf0        0x8 /lib/ps4-payload-sdk/libPS4/libPS4.a(libc.o)
                0x0000000000005cf0                bcopy

.bss._Stoul     0x0000000000005cf8        0x8
 .bss._Stoul    0x0000000000005cf8        0x8 /lib/ps4-payload-sdk/libPS4/libPS4.a(libc.o)
                0x0000000000005cf8                _Stoul

.bss._Getpctype
                0x0000000000005d00        0x8
 .bss._Getpctype
                0x0000000000005d00        0x8 /lib/ps4-payload-sdk/libPS4/libPS4.a(libc.o)
                0x0000000000005d00                _Getpctype

.bss.strerror   0x0000000000005d08        0x8
 .bss.strerror  0x0000000000005d08        0x8 /lib/ps4-payload-sdk/libPS4/libPS4.a(libc.o)
                0x0000000000005d08                strerror

.bss.strlcpy    0x0000000000005d10        0x8
 .bss.strlcpy   0x0000000000005d10        0x8 /lib/ps4-payload-sdk/libPS4/libPS4.a(libc.o)
                0x0000000000005d10                strlcpy

.bss.atof       0x0000000000005d18        0x8
 .bss.atof      0x0000000000005d18        0x8 /lib/ps4-payload-sdk/libPS4/libPS4.a(libc.o)
                0x0000000000005d18                atof

.bss.atoi       0x0000000000005d20        0x8
 .bss.atoi      0x0000000000005d20        0x8 /lib/ps4-payload-sdk/libPS4/libPS4.a(libc.o)
                0x0000000000005d20                atoi

.bss.isxdigit   0x0000000000005d28        0x8
 .bss.isxdigit  0x0000000000005d28        0x8 /lib/ps4-payload-sdk/libPS4/libPS4.a(libc.o)
                0x0000000000005d28                isxdigit

.bss.isdigit    0x0000000000005d30        0x8
 .bss.isdigit   0x0000000000005d30        0x8 /lib/ps4-payload-sdk/libPS4/libPS4.a(libc.o)
                0x0000000000005d30                isdigit

.bss.isspace    0x0000000000005d38        0x8
 .bss.isspace   0x0000000000005d38        0x8 /lib/ps4-payload-sdk/libPS4/libPS4.a(libc.o)
                0x0000000000005d38                isspace

.bss.rindex     0x0000000000005d40        0x8
 .bss.rindex    0x0000000000005d40        0x8 /lib/ps4-payload-sdk/libPS4/libPS4.a(libc.o)
                0x0000000000005d40                rindex

.bss.index      0x0000000000005d48        0x8
 .bss.index     0x0000000000005d48        0x8 /lib/ps4-payload-sdk/libPS4/libPS4.a(libc.o)
                0x0000000000005d48                index

.bss.strdup     0x0000000000005d50        0x8
 .bss.strdup    0x0000000000005d50        0x8 /lib/ps4-payload-sdk/libPS4/libPS4.a(libc.o)
                0x0000000000005d50                strdup

.bss.strstr     0x0000000000005d58        0x8
 .bss.strstr    0x0000000000005d58        0x8 /lib/ps4-payload-sdk/libPS4/libPS4.a(libc.o)
                0x0000000000005d58                strstr

.bss.strrchr    0x0000000000005d60        0x8
 .bss.strrchr   0x0000000000005d60        0x8 /lib/ps4-payload-sdk/libPS4/libPS4.a(libc.o)
                0x0000000000005d60                strrchr

.bss.strchr     0x0000000000005d68        0x8
 .bss.strchr    0x0000000000005d68        0x8 /lib/ps4-payload-sdk/libPS4/libPS4.a(libc.o)
                0x0000000000005d68                strchr

.bss.strtok     0x0000000000005d70        0x8
 .bss.strtok    0x0000000000005d70        0x8 /lib/ps4-payload-sdk/libPS4/libPS4.a(libc.o)
                0x0000000000005d70                strtok

.bss.strtol     0x0000000000005d78        0x8
 .bss.strtol    0x0000000000005d78        0x8 /lib/ps4-payload-sdk/libPS4/libPS4.a(libc.o)
                0x0000000000005d78                strtol

.bss.sscanf     0x0000000000005d80        0x8
 .bss.sscanf    0x0000000000005d80        0x8 /lib/ps4-payload-sdk/libPS4/libPS4.a(libc.o)
                0x0000000000005d80                sscanf

.bss.snprintf_s
                0x0000000000005d88        0x8
 .bss.snprintf_s
                0x0000000000005d88        0x8 /lib/ps4-payload-sdk/libPS4/libPS4.a(libc.o)
                0x0000000000005d88                snprintf_s

.bss.snprintf   0x0000000000005d90        0x8
 .bss.snprintf  0x0000000000005d90        0x8 /lib/ps4-payload-sdk/libPS4/libPS4.a(libc.o)
                0x0000000000005d90                snprintf

.bss.sprintf    0x0000000000005d98        0x8
 .bss.sprintf   0x0000000000005d98        0x8 /lib/ps4-payload-sdk/libPS4/libPS4.a(libc.o)
                0x0000000000005d98                sprintf

.bss.strncmp    0x0000000000005da0        0x8
 .bss.strncmp   0x0000000000005da0        0x8 /lib/ps4-payload-sdk/libPS4/libPS4.a(libc.o)
                0x0000000000005da0                strncmp

.bss.strcasecmp
                0x0000000000005da8        0x8
 .bss.strcasecmp
                0x0000000000005da8        0x8 /lib/ps4-payload-sdk/libPS4/libPS4.a(libc.o)
                0x0000000000005da8                strcasecmp

.bss.strcmp     0x0000000000005db0        0x8
 .bss.strcmp    0x0000000000005db0        0x8 /lib/ps4-payload-sdk/libPS4/libPS4.a(libc.o)
                0x0000000000005db0                strcmp

.bss.strlen     0x0000000000005db8        0x8
 .bss.strlen    0x0000000000005db8        0x8 /lib/ps4-payload-sdk/libPS4/libPS4.a(libc.o)
                0x0000000000005db8                strlen

.bss.strncat    0x0000000000005dc0        0x8
 .bss.strncat   0x0000000000005dc0        0x8 /lib/ps4-payload-sdk/libPS4/libPS4.a(libc.o)
                0x0000000000005dc0                strncat

.bss.strcat     0x0000000000005dc8        0x8
 .bss.strcat    0x0000000000005dc8        0x8 /lib/ps4-payload-sdk/libPS4/libPS4.a(libc.o)
                0x0000000000005dc8                strcat

.bss.strncpy_s  0x0000000000005dd0        0x8
 .bss.strncpy_s
                0x0000000000005dd0        0x8 /lib/ps4-payload-sdk/libPS4/libPS4.a(libc.o)
                0x0000000000005dd0                strncpy_s

.bss.strncpy    0x0000000000005dd8        0x8
 .bss.strncpy   0x0000000000005dd8        0x8 /lib/ps4-payload-sdk/libPS4/libPS4.a(libc.o)
                0x0000000000005dd8                strncpy

.bss.strcpy     0x0000000000005de0        0x8
 .bss.strcpy    0x0000000000005de0        0x8 /lib/ps4-payload-sdk/libPS4/libPS4.a(libc.o)
                0x0000000000005de0                strcpy

.bss.memmove_s  0x0000000000005de8        0x8
 .bss.memmove_s
                0x0000000000005de8        0x8 /lib/ps4-payload-sdk/libPS4/libPS4.a(libc.o)
                0x0000000000005de8                memmove_s

.bss.memmove    0x0000000000005df0        0x8
 .bss.memmove   0x0000000000005df0        0x8 /lib/ps4-payload-sdk/libPS4/libPS4.a(libc.o)
                0x0000000000005df0                memmove

.bss.memcmp     0x0000000000005df8        0x8
 .bss.memcmp    0x0000000000005df8        0x8 /lib/ps4-payload-sdk/libPS4/libPS4.a(libc.o)
                0x0000000000005df8                memcmp

.bss.memcpy     0x0000000000005e00        0x8
 .bss.memcpy    0x0000000000005e00        0x8 /lib/ps4-payload-sdk/libPS4/libPS4.a(libc.o)
                0x0000000000005e00                memcpy

.bss.memset     0x0000000000005e08        0x8
 .bss.memset    0x0000000000005e08        0x8 /lib/ps4-payload-sdk/libPS4/libPS4.a(libc.o)
                0x0000000000005e08                memset

.bss.memalign   0x0000000000005e10        0x8
 .bss.memalign  0x0000000000005e10        0x8 /lib/ps4-payload-sdk/libPS4/libPS4.a(libc.o)
                0x0000000000005e10                memalign

.bss.realloc    0x0000000000005e18        0x8
 .bss.realloc   0x0000000000005e18        0x8 /lib/ps4-payload-sdk/libPS4/libPS4.a(libc.o)
                0x0000000000005e18                realloc

.bss.calloc     0x0000000000005e20        0x8
 .bss.calloc    0x0000000000005e20        0x8 /lib/ps4-payload-sdk/libPS4/libPS4.a(libc.o)
                0x0000000000005e20                calloc

.bss.free       0x0000000000005e28        0x8
 .bss.free      0x0000000000005e28        0x8 /lib/ps4-payload-sdk/libPS4/libPS4.a(libc.o)
                0x0000000000005e28                free

.bss.malloc     0x0000000000005e30        0x8
 .bss.malloc    0x0000000000005e30        0x8 /lib/ps4-payload-sdk/libPS4/libPS4.a(libc.o)
                0x0000000000005e30                malloc

.bss.libc       0x0000000000005e38        0x4
 .bss.libc      0x0000000000005e38        0x4 /lib/ps4-payload-sdk/libPS4/libPS4.a(libc.o)
                0x0000000000005e38                libc

.bss.sceNetCtlGetInfo
                0x0000000000005e40        0x8
 .bss.sceNetCtlGetInfo
                0x0000000000005e40        0x8 /lib/ps4-payload-sdk/libPS4/libPS4.a(network.o)
                0x0000000000005e40                sceNetCtlGetInfo

.bss.sceNetCtlTerm
                0x0000000000005e48        0x8
 .bss.sceNetCtlTerm
                0x0000000000005e48        0x8 /lib/ps4-payload-sdk/libPS4/libPS4.a(network.o)
                0x0000000000005e48                sceNetCtlTerm

.bss.sceNetCtlInit
                0x0000000000005e50        0x8
 .bss.sceNetCtlInit
                0x0000000000005e50        0x8 /lib/ps4-payload-sdk/libPS4/libPS4.a(network.o)
                0x0000000000005e50                sceNetCtlInit

.bss.sceNetNtohs
                0x0000000000005e58        0x8
 .bss.sceNetNtohs
                0x0000000000005e58        0x8 /lib/ps4-payload-sdk/libPS4/libPS4.a(network.o)
                0x0000000000005e58                sceNetNtohs

.bss.sceNetNtohl
                0x0000000000005e60        0x8
 .bss.sceNetNtohl
                0x0000000000005e60        0x8 /lib/ps4-payload-sdk/libPS4/libPS4.a(network.o)
                0x0000000000005e60                sceNetNtohl

.bss.sceNetNtohll
                0x0000000000005e68        0x8
 .bss.sceNetNtohll
                0x0000000000005e68        0x8 /lib/ps4-payload-sdk/libPS4/libPS4.a(network.o)
                0x0000000000005e68                sceNetNtohll

.bss.sceNetHtons
                0x0000000000005e70        0x8
 .bss.sceNetHtons
                0x0000000000005e70        0x8 /lib/ps4-payload-sdk/libPS4/libPS4.a(network.o)
                0x0000000000005e70                sceNetHtons

.bss.sceNetHtonl
                0x0000000000005e78        0x8
 .bss.sceNetHtonl
                0x0000000000005e78        0x8 /lib/ps4-payload-sdk/libPS4/libPS4.a(network.o)
                0x0000000000005e78                sceNetHtonl

.bss.sceNetHtonll
                0x0000000000005e80        0x8
 .bss.sceNetHtonll
                0x0000000000005e80        0x8 /lib/ps4-payload-sdk/libPS4/libPS4.a(network.o)
                0x0000000000005e80                sceNetHtonll

.bss.sceNetInetPton
                0x0000000000005e88        0x8
 .bss.sceNetInetPton
                0x0000000000005e88        0x8 /lib/ps4-payload-sdk/libPS4/libPS4.a(network.o)
                0x0000000000005e88                sceNetInetPton

.bss.sceNetInetNtop
                0x0000000000005e90        0x8
 .bss.sceNetInetNtop
                0x0000000000005e90        0x8 /lib/ps4-payload-sdk/libPS4/libPS4.a(network.o)
                0x0000000000005e90                sceNetInetNtop

.bss.sceNetSetsockopt
                0x0000000000005e98        0x8
 .bss.sceNetSetsockopt
                0x0000000000005e98        0x8 /lib/ps4-payload-sdk/libPS4/libPS4.a(network.o)
                0x0000000000005e98                sceNetSetsockopt

.bss.sceNetGetsockopt
                0x0000000000005ea0        0x8
 .bss.sceNetGetsockopt
                0x0000000000005ea0        0x8 /lib/ps4-payload-sdk/libPS4/libPS4.a(network.o)
                0x0000000000005ea0                sceNetGetsockopt

.bss.sceNetGetsockname
                0x0000000000005ea8        0x8
 .bss.sceNetGetsockname
                0x0000000000005ea8        0x8 /lib/ps4-payload-sdk/libPS4/libPS4.a(network.o)
                0x0000000000005ea8                sceNetGetsockname

.bss.sceNetSocketAbort
                0x0000000000005eb0        0x8
 .bss.sceNetSocketAbort
                0x0000000000005eb0        0x8 /lib/ps4-payload-sdk/libPS4/libPS4.a(network.o)
                0x0000000000005eb0                sceNetSocketAbort

.bss.sceNetRecv
                0x0000000000005eb8        0x8
 .bss.sceNetRecv
                0x0000000000005eb8        0x8 /lib/ps4-payload-sdk/libPS4/libPS4.a(network.o)
                0x0000000000005eb8                sceNetRecv

.bss.sceNetAccept
                0x0000000000005ec0        0x8
 .bss.sceNetAccept
                0x0000000000005ec0        0x8 /lib/ps4-payload-sdk/libPS4/libPS4.a(network.o)
                0x0000000000005ec0                sceNetAccept

.bss.sceNetListen
                0x0000000000005ec8        0x8
 .bss.sceNetListen
                0x0000000000005ec8        0x8 /lib/ps4-payload-sdk/libPS4/libPS4.a(network.o)
                0x0000000000005ec8                sceNetListen

.bss.sceNetBind
                0x0000000000005ed0        0x8
 .bss.sceNetBind
                0x0000000000005ed0        0x8 /lib/ps4-payload-sdk/libPS4/libPS4.a(network.o)
                0x0000000000005ed0                sceNetBind

.bss.sceNetSend
                0x0000000000005ed8        0x8
 .bss.sceNetSend
                0x0000000000005ed8        0x8 /lib/ps4-payload-sdk/libPS4/libPS4.a(network.o)
                0x0000000000005ed8                sceNetSend

.bss.sceNetConnect
                0x0000000000005ee0        0x8
 .bss.sceNetConnect
                0x0000000000005ee0        0x8 /lib/ps4-payload-sdk/libPS4/libPS4.a(network.o)
                0x0000000000005ee0                sceNetConnect

.bss.sceNetSocketClose
                0x0000000000005ee8        0x8
 .bss.sceNetSocketClose
                0x0000000000005ee8        0x8 /lib/ps4-payload-sdk/libPS4/libPS4.a(network.o)
                0x0000000000005ee8                sceNetSocketClose

.bss.sceNetSocket
                0x0000000000005ef0        0x8
 .bss.sceNetSocket
                0x0000000000005ef0        0x8 /lib/ps4-payload-sdk/libPS4/libPS4.a(network.o)
                0x0000000000005ef0                sceNetSocket

.bss.sceNetErrnoLoc
                0x0000000000005ef8        0x8
 .bss.sceNetErrnoLoc
                0x0000000000005ef8        0x8 /lib/ps4-payload-sdk/libPS4/libPS4.a(network.o)
                0x0000000000005ef8                sceNetErrnoLoc

.bss.libNetCtl  0x0000000000005f00        0x4
 .bss.libNetCtl
                0x0000000000005f00        0x4 /lib/ps4-payload-sdk/libPS4/libPS4.a(network.o)
                0x0000000000005f00                libNetCtl

.bss.libNet     0x0000000000005f04        0x4
 .bss.libNet    0x0000000000005f04        0x4 /lib/ps4-payload-sdk/libPS4/libPS4.a(network.o)
                0x0000000000005f04                libNet

.bss.g_firmware
                0x0000000000005f08        0x2
 .bss.g_firmware
                0x0000000000005f08        0x2 /lib/ps4-payload-sdk/libPS4/libPS4.a(payload_utils.o)
                0x0000000000005f08                g_firmware

.bss.scePthreadBarrierDestroy
                0x0000000000005f10        0x8
 .bss.scePthreadBarrierDestroy
                0x0000000000005f10        0x8 /lib/ps4-payload-sdk/libPS4/libPS4.a(pthread.o)
                0x0000000000005f10                scePthreadBarrierDestroy

.bss.scePthreadBarrierWait
                0x0000000000005f18        0x8
 .bss.scePthreadBarrierWait
                0x0000000000005f18        0x8 /lib/ps4-payload-sdk/libPS4/libPS4.a(pthread.o)
                0x0000000000005f18                scePthreadBarrierWait

.bss.scePthreadBarrierInit
                0x0000000000005f20        0x8
 .bss.scePthreadBarrierInit
                0x0000000000005f20        0x8 /lib/ps4-payload-sdk/libPS4/libPS4.a(pthread.o)
                0x0000000000005f20                scePthreadBarrierInit

.bss.scePthreadMutexUnlock
                0x0000000000005f28        0x8
 .bss.scePthreadMutexUnlock
                0x0000000000005f28        0x8 /lib/ps4-payload-sdk/libPS4/libPS4.a(pthread.o)
                0x0000000000005f28                scePthreadMutexUnlock

.bss.scePthreadMutexTimedlock
                0x0000000000005f30        0x8
 .bss.scePthreadMutexTimedlock
                0x0000000000005f30        0x8 /lib/ps4-payload-sdk/libPS4/libPS4.a(pthread.o)
                0x0000000000005f30                scePthreadMutexTimedlock

.bss.scePthreadMutexTrylock
                0x0000000000005f38        0x8
 .bss.scePthreadMutexTrylock
                0x0000000000005f38        0x8 /lib/ps4-payload-sdk/libPS4/libPS4.a(pthread.o)
                0x0000000000005f38                scePthreadMutexTrylock

.bss.scePthreadMutexLock
                0x0000000000005f40        0x8
 .bss.scePthreadMutexLock
                0x0000000000005f40        0x8 /lib/ps4-payload-sdk/libPS4/libPS4.a(pthread.o)
                0x0000000000005f40                scePthreadMutexLock

.bss.scePthreadMutexDestroy
                0x0000000000005f48        0x8
 .bss.scePthreadMutexDestroy
                0x0000000000005f48        0x8 /lib/ps4-payload-sdk/libPS4/libPS4.a(pthread.o)
                0x0000000000005f48                scePthreadMutexDestroy

.bss.scePthreadMutexInit
                0x0000000000005f50        0x8
 .bss.scePthreadMutexInit
                0x0000000000005f50        0x8 /lib/ps4-payload-sdk/libPS4/libPS4.a(pthread.o)
                0x0000000000005f50                scePthreadMutexInit

.bss.scePthreadCancel
                0x0000000000005f58        0x8
 .bss.scePthreadCancel
                0x0000000000005f58        0x8 /lib/ps4-payload-sdk/libPS4/libPS4.a(pthread.o)
                0x0000000000005f58                scePthreadCancel

.bss.scePthreadSelf
                0x0000000000005f60        0x8
 .bss.scePthreadSelf
                0x0000000000005f60        0x8 /lib/ps4-payload-sdk/libPS4/libPS4.a(pthread.o)
                0x0000000000005f60                scePthreadSelf

.bss.scePthreadYield
                0x0000000000005f68        0x8
 .bss.scePthreadYield
                0x0000000000005f68        0x8 /lib/ps4-payload-sdk/libPS4/libPS4.a(pthread.o)
                0x0000000000005f68                scePthreadYield

.bss.scePthreadJoin
                0x0000000000005f70        0x8
 .bss.scePthreadJoin
                0x0000000000005f70        0x8 /lib/ps4-payload-sdk/libPS4/libPS4.a(pthread.o)
                0x0000000000005f70                scePthreadJoin

.bss.scePthreadDetach
                0x0000000000005f78        0x8
 .bss.scePthreadDetach
                0x0000000000005f78        0x8 /lib/ps4-payload-sdk/libPS4/libPS4.a(pthread.o)
                0x0000000000005f78                scePthreadDetach

.bss.scePthreadExit
                0x0000000000005f80        0x8
 .bss.scePthreadExit
                0x0000000000005f80        0x8 /lib/ps4-payload-sdk/libPS4/libPS4.a(pthread.o)
                0x0000000000005f80                scePthreadExit

.bss.scePthreadCreate
                0x0000000000005f88        0x8
 .bss.scePthreadCreate
                0x0000000000005f88        0x8 /lib/ps4-payload-sdk/libPS4/libPS4.a(pthread.o)
                0x0000000000005f88                scePthreadCreate

.bss.libPthread
                0x0000000000005f90        0x4
 .bss.libPthread
                0x0000000000005f90        0x4 /lib/ps4-payload-sdk/libPS4/libPS4.a(pthread.o)
                0x0000000000005f90                libPthread

.bss.sceSystemServiceLaunchWebBrowser
                0x0000000000005f98        0x8
 .bss.sceSystemServiceLaunchWebBrowser
                0x0000000000005f98        0x8 /lib/ps4-payload-sdk/libPS4/libPS4.a(sysutil.o)
                0x0000000000005f98                sceSystemServiceLaunchWebBrowser

.bss.sceSysUtilSendSystemNotificationWithText
                0x0000000000005fa0        0x8
 .bss.sceSysUtilSendSystemNotificationWithText
                0x0000000000005fa0        0x8 /lib/ps4-payload-sdk/libPS4/libPS4.a(sysutil.o)
                0x0000000000005fa0                sceSysUtilSendSystemNotificationWithText

.bss.libSceSystemService
                0x0000000000005fa8        0x4
 .bss.libSceSystemService
                0x0000000000005fa8        0x4 /lib/ps4-payload-sdk/libPS4/libPS4.a(sysutil.o)
                0x0000000000005fa8                libSceSystemService

.bss.sysUtilHandle
                0x0000000000005fac        0x4
 .bss.sysUtilHandle
                0x0000000000005fac        0x4 /lib/ps4-payload-sdk/libPS4/libPS4.a(sysutil.o)
                0x0000000000005fac                sysUtilHandle

/DISCARD/
 *(.comment)
 *(.note.GNU-stack)
 *(.eh_frame)
 *(.interp)
LOAD /lib/ps4-payload-sdk/libPS4/libPS4.a
OUTPUT(temp.t elf64-x86-64)
