
===== reconnecting capture start 15:38:35 (1200s) =====
--- connect failed: ConnectionRefusedError ---
--- connect failed: ConnectionRefusedError ---
--- connect failed: ConnectionRefusedError ---
--- connect failed: ConnectionRefusedError ---
--- connect failed: ConnectionRefusedError ---
--- connect failed: ConnectionRefusedError ---
--- connect failed: ConnectionRefusedError ---
--- connect failed: ConnectionRefusedError ---
--- connect failed: ConnectionRefusedError ---
--- connect failed: ConnectionRefusedError ---
--- connect failed: ConnectionRefusedError ---
--- connect failed: ConnectionRefusedError ---
--- connect failed: ConnectionRefusedError ---
--- connect failed: ConnectionRefusedError ---
--- connect failed: ConnectionRefusedError ---
--- connect failed: ConnectionRefusedError ---
--- connect failed: ConnectionRefusedError ---
--- connect failed: ConnectionRefusedError ---
--- connect failed: ConnectionRefusedError ---
--- connect failed: ConnectionRefusedError ---
--- connect failed: ConnectionRefusedError ---
--- connect failed: ConnectionRefusedError ---
--- connect failed: ConnectionRefusedError ---
--- connect failed: ConnectionRefusedError ---
--- connect failed: ConnectionRefusedError ---
--- connect failed: ConnectionRefusedError ---
--- connect failed: ConnectionRefusedError ---
--- connect failed: ConnectionRefusedError ---
--- connect failed: ConnectionRefusedError ---
--- connect failed: ConnectionRefusedError ---
--- connect failed: ConnectionRefusedError ---
--- connect failed: ConnectionRefusedError ---
--- connect failed: ConnectionRefusedError ---
--- connect failed: ConnectionRefusedError ---
--- connect failed: ConnectionRefusedError ---
--- connect failed: ConnectionRefusedError ---
--- connect failed: ConnectionRefusedError ---
--- connect failed: ConnectionRefusedError ---
--- connect failed: ConnectionRefusedError ---
--- connect failed: ConnectionRefusedError ---
--- connect failed: ConnectionRefusedError ---
--- connect failed: ConnectionRefusedError ---
--- connect failed: ConnectionRefusedError ---
--- connect failed: ConnectionRefusedError ---
--- connect failed: ConnectionRefusedError ---
--- connect failed: ConnectionRefusedError ---
--- connect failed: ConnectionRefusedError ---
--- connect failed: ConnectionRefusedError ---
--- connect failed: ConnectionRefusedError ---
--- connect failed: ConnectionRefusedError ---
--- connect failed: ConnectionRefusedError ---
--- connect failed: ConnectionRefusedError ---
--- connect failed: ConnectionRefusedError ---
--- connect failed: ConnectionRefusedError ---
--- connect failed: ConnectionRefusedError ---
--- connect failed: ConnectionRefusedError ---
--- connect failed: ConnectionRefusedError ---
--- connect failed: ConnectionRefusedError ---
--- connect failed: ConnectionRefusedError ---
--- connect failed: ConnectionRefusedError ---
--- connect failed: ConnectionRefusedError ---
--- connect failed: ConnectionRefusedError ---
--- connect failed: ConnectionRefusedError ---
--- connect failed: ConnectionRefusedError ---
--- connect failed: ConnectionRefusedError ---
--- connect failed: ConnectionRefusedError ---
--- connect failed: ConnectionRefusedError ---
--- connect failed: ConnectionRefusedError ---
--- connect failed: ConnectionRefusedError ---
--- connect failed: ConnectionRefusedError ---
--- connect failed: ConnectionRefusedError ---
--- connect failed: ConnectionRefusedError ---
--- connect failed: ConnectionRefusedError ---
--- connect failed: ConnectionRefusedError ---
--- connect failed: ConnectionRefusedError ---
--- connect failed: ConnectionRefusedError ---
--- connect failed: ConnectionRefusedError ---
--- connect failed: ConnectionRefusedError ---
--- connect failed: ConnectionRefusedError ---
--- connect failed: ConnectionRefusedError ---
--- connect failed: ConnectionRefusedError ---
--- connect failed: ConnectionRefusedError ---
--- connect failed: ConnectionRefusedError ---
--- connect failed: ConnectionRefusedError ---
--- connect failed: ConnectionRefusedError ---
--- connect failed: ConnectionRefusedError ---
--- connect failed: ConnectionRefusedError ---
--- connect failed: ConnectionRefusedError ---
--- connect failed: ConnectionRefusedError ---
--- connect failed: ConnectionRefusedError ---
--- connect failed: ConnectionRefusedError ---
--- connect failed: ConnectionRefusedError ---
--- connect failed: ConnectionRefusedError ---
--- connect failed: ConnectionRefusedError ---
--- connect failed: ConnectionRefusedError ---
--- connect failed: ConnectionRefusedError ---
--- connect failed: ConnectionRefusedError ---
--- connect failed: ConnectionRefusedError ---
--- connect failed: TimeoutError ---
--- connect failed: TimeoutError ---
--- connect failed: TimeoutError ---
--- connect failed: TimeoutError ---
--- connect failed: ConnectionRefusedError ---
--- connect failed: ConnectionRefusedError ---
--- connect failed: ConnectionRefusedError ---
--- connect failed: ConnectionRefusedError ---
--- connect failed: ConnectionRefusedError ---
--- connect failed: ConnectionRefusedError ---
--- connect failed: ConnectionRefusedError ---
--- connect failed: ConnectionRefusedError ---
--- connect failed: ConnectionRefusedError ---
<118>[AppMgr Trace]: New Process, pid=0x32, created.
<118>[SceLncService] spawnApp
<118>[Syscore App] createApp NPXS21019
<118>[Syscore App] processSpawn(pid, 0x60000a09, 0x10a090b0, appParam, processParam, 0, 0, 1, param, debug, 0)
<118>[Syscore App] appParam: appType = 0x2, rootPath = /mnt/sandbox/NPXS21019_000, titleId = NPXS21019
<118>[Syscore App] processParam: elfPath = /app0/eboot.bin, fullPath = /system/vsh/app/NPXS21019/eboot.bin
<118>[Syscore App] new pid=0x33[Syscore App] attributeExe= 0
<118>[Syscore App] Ready to exec
<118>[Syscore App] wait for NOTE_EXIT|NOTE_EXEC
<118>[Syscore App] Add event : pid=0x33
<118>[AppMgr Trace]: New Process, pid=0x33, created.
<118>[AppMgr Trace]: New App, appId=0x60000a09, created
<118>[Syscore App]  ExpandCpuSetMode : enable
<118>[SceShellCore] START Music Core Server
<118>[SceLncService] launchApp(NPXS21007)
<118>[SceShellCore] Skipped periodic check
<118>[SceLncService] category={gdd} VRMode={0,0}
<118>[SceLncService] hnm,psnf,pc,tk,ns={0,0,0,0,0} appBootMode={-1}
<118>[SceLncService] appType={SCE_LNC_APP_TYPE_DAEMON} [] appVer={00.00}
<118>[SceLncService] Num. of logged-in users is 0
<118>[SceLncService] PrepareProcessLaunchDebuggerCheck()
<118>[SceLncService] PrepareProcessLaunchDebuggerCheck() returned
<118>[SceLncService] PrepareProcessLaunchDebugger()
<118>[SceLncService] PrepareProcessLaunchDebugger() returned
<118>[SceLncService] spawnApp
<118>[Syscore App] createApp NPXS21007
<118>[Syscore App] processSpawn(pid, 0x60000b0a, 0x10b0a0c0, appParam, processParam, 0, 0, 1, param, debug, 0)
<118>[Syscore App] appParam: appType = 0x2, rootPath = /mnt/sandbox/NPXS21007_000, titleId = NPXS21007
<118>[Syscore App] processParam: elfPath = /app0/eboot.bin, fullPath = /system/vsh/app/NPXS21007/eboot.bin
<118>[Syscore App] new pid=0x34[Syscore App] attributeExe= 0
<118>[Syscore App] Ready to exec
<118>[Syscore App] wait for NOTE_EXIT|NOTE_EXEC
<118>[Syscore App] Add event : pid=0x34
<118>[AppMgr Trace]: New Process, pid=0x34, created.
<118>[AppMgr Trace]: New App, appId=0x60000b0a, created
<118>[Syscore App]  ExpandCpuSetMode : enable
<118>[SceShellCore] START Voice and Agent
<118>[SceLncService] launchApp(NPXS21020)
<118>[SceLncService] category={gdd} VRMode={0,0}
<118>[SceLncService] hnm,psnf,pc,tk,ns={0,0,0,0,0} appBootMode={-1}
<118>[SceLncService] appType={SCE_LNC_APP_TYPE_DAEMON} [] appVer={00.00}
<118>[SceLncService] Num. of logged-in users is 0
<118>[SceLncService] PrepareProcessLaunchDebuggerCheck()
<118>[SceLncService] PrepareProcessLaunchDebuggerCheck() returned
<118>[SceLncService] PrepareProcessLaunchDebugger()
<118>[SceLncService] PrepareProcessLaunchDebugger() returned
<118>[SceLncService] spawnApp
<118>[Syscore App] createApp NPXS21020
<118>[Syscore App] processSpawn(pid, 0x60000c0b, 0x10c0b0d0, appParam, processParam, 0, 0, 1, param, debug, 0)
<118>[Syscore App] appParam: appType = 0x2, rootPath = /mnt/sandbox/NPXS21020_000, titleId = NPXS21020
<118>[Syscore App] processParam: elfPath = /app0/eboot.bin, fullPath = /system/vsh/app/NPXS21020/eboot.bin
<118>[Syscore App] new pid=0x35[Syscore App] attributeExe= 0
<118>[Syscore App] Ready to exec
<118>[Syscore App] wait for NOTE_EXIT|NOTE_EXEC
<118>[Syscore App] Add event : pid=0x35
<118>[AppMgr Trace]: New Process, pid=0x35, created.
<118>[AppMgr Trace]: New App, appId=0x60000c0b, created
<118>[Syscore App]  ExpandCpuSetMode : enable
<118>[SceSysCore] spawn /system/sys/fs_cleaner.elf OK
<118>fs_cleaner: fs_clean(172)  * cleaned mountpoints=0/647, files=0
<118>[SceLncService] No heart beat of Shell UI has been observed for 1025 msec.
<118>[UMD MAIN] launching VdecProxy PID=0x37
<118>[UMD MAIN] launching VencProxy PID=0x38
<118>[mbus] onNewClient. clientNum 8 over 8
SERIAL_PRINT_TIME_TICK#: 25451 msec -- StartFarsightUI : end
<118>[SceShellUI] I/PSM.UI : SceneQ : Loaded[1553.60msec] Layout[0.00msec/0widgets] : QuickMenuPlugin : QuickMenuPlugin
<118>[SceLncService] W:\Build\J02697908\vsh\shell\shell_core\lnc_service\lnc_manager.cpp(2188) getAppId: LNC_ISOK::0x80940004->0xffffffff
<118>SetDeviceIndexBehavior: mode=MergeAllConnectedDevice, param=null
<118>[SceShellCore] Unmounted /eap_user
<118>[Syscore Umd] Event id=SCE_UMD_SYSTEM_VSH_READY(0xa), phase=0 start
<118>[Syscore Umd] Event id=SCE_UMD_SYSTEM_VSH_READY(0xa), phase=0 end
<118>[Syscore Umd] Event id=SCE_UMD_SYSTEM_VSH_READY(0xa), phase=1 start
<118>[Syscore Umd] Event id=SCE_UMD_SYSTEM_VSH_READY(0xa), phase=1 end
<118>[Syscore Umd] Event id=SCE_UMD_SYSTEM_VSH_READY(0xa), phase=2 start
<118>[Syscore Umd] Event id=SCE_UMD_SYSTEM_VSH_READY(0xa), phase=2 end
<118>[Syscore Umd] Event id=SCE_UMD_SYSTEM_VSH_READY(0xa), phase=3 start
<118>[Syscore Umd] Event id=SCE_UMD_SYSTEM_VSH_READY(0xa), phase=3 end
<118>[Syscore Umd] Event id=SCE_UMD_SYSTEM_VSH_READY(0xa), phase=4 start
<118>[Syscore Umd] Event id=SCE_UMD_SYSTEM_VSH_READY(0xa), phase=4 end
<118>[BOOT TIME]   ShellUI:   27600 msec: vsh resume progress: ready to boot game
<118>[Performance Warning] framedrop count 103
<118>[Theme/I] : Mount[ANONYMOUS] : [Icons] : default icons
<118>[Theme/I] : Mount[ANONYMOUS] : [BgSceneGraph] : [HomeScreen:N/A][FuncScreen:N/A]
<118>[Theme/I] : Mount[ANONYMOUS] : [Color] : [Font:FFFFFFFF][FontShadow:00000000][ThemedFocus:0000BAFF]
<118>[Theme/I] : Mount[ANONYMOUS] : [Dimmer] : [Home:00000000][Function:00000000][Title:00000000]
<118>[Theme/I] : Mount[ANONYMOUS] : [Bgm/SE] : [bgmHome:D][seDecide:D][seCancel:D][seCursor:D]
<118>[Theme/I] : ** Mount finished : [ANONYMOUS][Type:Original] **
<118>[Performance Warning] framedrop count 3
SERIAL_PRINT_TIME_TICK#: 26824 msec -- ProcessBackgroundInit : end
<118>GetLocaleElement() failed in SetLocale
<118>@ busStatusChangeSubscribe:L4750
<118>[SceShellUI] I/PSM.UI : SceneQ : Loaded[0.01msec] Layout[0.00msec/0widgets] : Notification : NotificationScene
<118>[SceShellUI] I/PSM.UI : SceneQ : Loaded[0.01msec] Layout[0.00msec/0widgets] : VoiceRecognitionUI : VoiceRecognitionScene
<118>[SceShellUI] I/PSM.UI : SceneQ : Loaded[0.00msec] Layout[0.00msec/0widgets] : CdlgShellContainer : ContainerScene
<118>[SceShellUI] I/PSM.UI : SceneQ : Loaded[0.00msec] Layout[0.00msec/0widgets] : CdlgShellContainer : ContainerScene
<118>[SceShellUI] I/PSM.UI : SceneQ : Loaded[0.00msec] Layout[0.00msec/0widgets] : ScreenShotScene : ScreenShotScene
<118>[SceShellUI] I/PSM.UI : SceneQ : Loaded[2.61msec] Layout[0.00msec/0widgets] : ShareNavigationScene : ShareNavigationScene
<118>[Performance Warning] framedrop count 2
<118>[SceShellUI] I/PSM.UI : Created font: name=[__System__], size=[30], style=[Normal], weight=[Light], handle=[0x9751842f]
<118>[SceShellUI] I/PSM.UI : Created font: name=[__System__], size=[26], style=[Normal], weight=[Light], handle=[0x94517b2f]
<118>[SceShellUI] W/PSM.UI : WARNING : Widget LayoutBuild : [6.27msec/11widgets] : NotificationMsgPanel(Panel)
<118>[Performance Warning] framedrop count 7
SERIAL_PRINT_TIME_TICK#: 27257 msec -- LAP : HealthWarningController : ShowHealthWarning : finish animation
<118>[SceShellUI] I/PSM.UI : ** Unload enqueue: HealthWarning : Scene
<118>[AppDb] EraseMediaDiscThumbnailAndTitleName()[269]: called
<118>[AppDb] eraseAllFilesInDir()[115]: opendir error: path = [/user/temp/media_event_listener/thumbnail/]
<118>[AppDb][Server] Rcv Event 3
<118>enableMediaEvent()[923]: [MediaEvent] enableMediaEvent()
<118>enableMediaEvent()[926]: [MediaEvent] enableMediaEvent() locked.
<118>enableDiscEvent()[665]: [MediaEvent] enableDiscEvent() locked.
<118>MSG AutoMounterMelUtil(int32_t sceAutomounterMelUtil::unregisterDiscInsertionCallback() 1238):
<118>	callback for disc insertion event has not been registered yet.
<118>MSG AutoMounterMelUtil(int32_t sceAutomounterMelUtil::unregisterDiscEjectionCallback() 1279):
<118>	callback for disc insertion event has not been registered yet.
<118>MSG AutoMounterMelUtil(int32_t sceAutomounterMelUtil::unregisterDiscMountCallback() 1130):
<118>	callback for mount event has been not registered yet.
<118>MSG AutoMounterMelUtil(int32_t sceAutomounterMelUtil::unregisterDiscUnmountCallback() 1190):
<118>	callback for umount event has not been registered yet.
<118>MSG AutoMounterMelUtil(int32_t sceAutomounterMelUtil::getDiscStatus(int *) 1403):
<118>	no-disc state.
<118>enableUsbStorage()[749]: [MediaEvent] enableUsbStorage() locked.
<118>ERROR AutoMounterMelUtil(int32_t sceAutomounterMelUtil::unregisterUsbStorageMountCallback() 1320):
<118>	callback for mount event has been not registered yet.
<118>ERROR AutoMounterMelUtil(int32_t sceAutomounterMelUtil::unregisterUsbStorageUnmountCallback() 1361):
<118>	callback for umount event has not been registered yet.
<118>callbackUsbStorageMountInternal()[374]: [MediaEvent] callbackUsbStorageMountInternal() devNum=0
<118>callbackUsbStorageMountInternal()[377]: [MediaEvent] callbackUsbStorageMountInternal() locked.
<118>MSG AutoMounter(void AutoMount::PsmEventNotifier::enable() 426):
<118>	PsmEventNotifier::enable()
<118>InitializeExternalHddManager()[1248]: [MediaEvent] InitializeExternalHddManager()
<118>InitializeExternalHddManager()[1250]: [MediaEvent] InitializeExternalHddManager()start
<118>-- boot sequence finished --
<118>InitializeExternalHddManager()[1288]: [MediaEvent] usbId=0x0,last_connect=0,now_connect=0
<118>InitializeExternalHddManager()[1361]: [MediaEvent] InitializeExternalHddManager()end.ret=0x0,promote_result=0x0
<118>[Performance Warning] framedrop count 2
<118>[Performance Warning] framedrop count 2
<118>[LoginMgrFrameScene] SetLocale() : locale=en-GB, isSystemLang=True
<118>[LoginMgrFrameScene] SetLocale() : locale=en-GB, isSystemLang=True
<118>[SceShellUI] I/PSM.UI : SceneQ : Loaded[0.01msec] Layout[0.00msec/0widgets] : Noname : LoginMgrImposePlugin
<118>[SceShellUI] I/PSM.UI : SceneQ : Unloaded[0.27msec] : HealthWarning : Scene
<118>[SceShellUI] I/PSM.UI : SceneQ : Loaded[0.00msec] Layout[0.00msec/0widgets] : Noname : NoNameScene
<118>[Theme/I] : Apply [ANONYMOUS] : [Option:000001]: with not preloaded user
<118>[SceShellUI] I/PSM.UI : OnFocusActiveSceneChanged [TopMenuBG : Scene] -> [UserSelectScene : UserSelectScene]
<118>[SceShellUI] I/PSM.UI :      Scene [UserSelectScene : UserSelectScene] : Alive
<118>[AppDb] DequeueCmdMsgFromShellUI()[518]: app_db_client: [queue]: 0, [msg] cmd: 13, opt:4, index: 0
<118>SetDeviceIndexBehavior: mode=MergeAllConnectedDevice, param=null
<118>[Theme/I] : Apply [ANONYMOUS] : [Option:101001]: with not preloaded user
<118>[Performance Warning] framedrop count 4
<118>[SceShellUI] W/PSM.UI : WARNING : Widget LayoutBuild : [30.12msec/15widgets] : UserSelect_UserListPanel(UserListPanel)
<118>[SceShellUI] W/PSM.UI : WARNING : Widget LayoutBuild : [6.80msec/5widgets] : UserSelect_ConfirmLogout(ConfirmLogoutPanel)
<118>[SceShellUI] I/PSM.UI : SceneQ : Loaded[0.01msec] Layout[3.15msec/1widgets] : UserSelectScene : UserSelectScene
<118>[LoginMgrRootScene.SetupScene] call StartSecne().
<118>Start StartScene
<118>m_launchParam : {"launchMode":"NoDevice"}
<118>[UserSelectScene] CurrentSceneState : NoDevice
<118>SetDeviceIndexBehavior: mode=MergeAllConnectedDevice, param=null
<118>End StartScene
<118>[SceShellUI] I/PSM.UI : SceneQ : Loaded[0.01msec] Layout[0.00msec/0widgets] : LoginMgrRootScene : LoginMgrRootScene
<118>[SceShellUI] I/PSM.UI : SceneQ : Loaded[0.01msec] Layout[0.00msec/0widgets] : LoginMgrFrame : LoginMgrFrameScene
<118>[Performance Warning] framedrop count 9
<118>[SceShellUI] I/PSM.UI : Created font: name=[__System__], size=[30], style=[Normal], weight=[Medium], handle=[0x9451ac2f]
<118>[Performance Warning] framedrop count 1
<118>[AudioOut] sceAudioOutOpen() with restricted flag:pid=0x2a ch=8
<118>[SceShellUI] I/RNPS : CCTOR WarmUp - unable to find type by name: ReactNative.Views.Web.Dialog.Font, ReactNative.PUI.
<118>[Performance Warning] framedrop count 3
<118>[Performance Warning] framedrop count 3
<118>[Performance Warning] framedrop count 3
<118>
<118>*** network ready. myaddr: 172.20.10.3 ***
<118>[SceRnpsAppMgr] network available
<118>[SceRnpsAppMgr] Enqueued : m_trigger = 4
<118>[SceRnpsAppMgr] W:\Build\J02697908\vsh\shell\shell_core\rnps_app_mgr\rnps_app_mgr_updater.cpp(1405) PeriodicCheck: RNPSAM_ISOK::0x81850015
<118>[ScePatchChecker] [SceRnpsAppMgr] W:\Build\J02697908\vsh\shell\shell_core\rnps_app_mgr\rnps_app_mgr_updater.cpp(1355) Run: RNPSAM_ISOK::0x81850015
<118>Patch Check Request (type=0 trigger=3)
<118>[BgDailyChecker] Checking http://ps4-system.sec.np.dl.playstation.net/ps4-system/bgdc/np/v00/bgdc-config.xml.env
<118>[SceRnpsAppMgr] Finish m_trigger=0
<118>[SceRnpsAppMgr] CheckAllRnpsApps : trigger = 4, num_apps = 2
<118>[BgDailyChecker] SceBgdcConfigCheckJob end (2026-09-21T13:47:34.41+01:00)
<118>[SceRnpsAppMgr] CRL download : status code (304) ETag="61f32d2ebeb7a02cee02281d622e0c2a:1579629436.347373"
<118>[SceRnpsAppMgr] CheckAllRnpsApps : checking NPXS24000
<118>[SceRnpsAppMgr] EPKG download (NPXS24000): previous ETag=
<118>[BgDailyChecker] SceUpdateCheckJob end (2026-09-21T13:47:35.22+01:00)
<118>[SceRnpsAppMgr] W:\Build\J02697908\vsh\shell\shell_core\rnps_app_mgr\rnps_app_mgr_http.cpp(690) getResponseHeader: RNPSAM_ISOK::0x80432025
<118>[SceRnpsAppMgr] W:\Build\J02697908\vsh\shell\shell_core\rnps_app_mgr\rnps_app_mgr_http.cpp(625) GetEtagValue: RNPSAM_ISOK::0x80432025
<118>[SceRnpsAppMgr] EPKG download (NPXS24000): status code (404) max-age(3600=>3600)
<118>[SceRnpsAppMgr] W:\Build\J02697908\vsh\shell\shell_core\rnps_app_mgr\rnps_app_mgr_updater.cpp(1024) Download: RNPSAM_ISOK::0x8185000b
<118>[SceRnpsAppMgr] W:\Build\J02697908\vsh\shell\shell_core\rnps_app_mgr\rnps_app_mgr_updater.cpp(957) DownloadAndInstallImpl: RNPSAM_ISOK::0x8185000b
<118>[SceRnpsAppMgr] CheckAllRnpsApps : checking NPXS24005
<118>[SceRnpsAppMgr] EPKG download (NPXS24005): previous ETag=
<118>[SceRnpsAppMgr] W:\Build\J02697908\vsh\shell\shell_core\rnps_app_mgr\rnps_app_mgr_http.cpp(690) getResponseHeader: RNPSAM_ISOK::0x80432025
<118>[SceRnpsAppMgr] W:\Build\J02697908\vsh\shell\shell_core\rnps_app_mgr\rnps_app_mgr_http.cpp(625) GetEtagValue: RNPSAM_ISOK::0x80432025
<118>[SceRnpsAppMgr] EPKG download (NPXS24005): status code (404) max-age(3600=>3600)
<118>[SceRnpsAppMgr] W:\Build\J02697908\vsh\shell\shell_core\rnps_app_mgr\rnps_app_mgr_updater.cpp(1024) Download: RNPSAM_ISOK::0x8185000b
<118>[SceRnpsAppMgr] W:\Build\J02697908\vsh\shell\shell_core\rnps_app_mgr\rnps_app_mgr_updater.cpp(957) DownloadAndInstallImpl: RNPSAM_ISOK::0x8185000b
<118>[SceRnpsAppMgr] Finish m_trigger=4
<118>[SceRnpsAppMgr] Warning : m_jobPreodicChecks exists 880d31f20
<118>[SceRnpsAppMgr] Enqueued : m_trigger = 0
<118>[ScePatchChecker] (*) check (title_id='CUSA01015', app_version='01.00', check_option=5): status=1, trigger=10 userId=0xff return 0
<118>[ScePatchChecker] check (title_id='CUSA01015', app_version='', check_option=5): status=1, dl_status=-2124087293, trigger=10 userId=0xff return 0
<118>[ScePatchChecker] (*) check (title_id='CUSA01116', app_version='02.39', check_option=5): status=0, trigger=10 userId=0xff return 0
<118>[ScePatchChecker] check (title_id='CUSA01116', app_version='', check_option=5): status=0, dl_status=0, trigger=10 userId=0xff return 0
<118>@ jackDisconnected:L2697
<118>* mbusOnJackDisconnected:L5627 jackDisconnected failed. ret = 0xfffffffd
<118>* registerDevice:L1621 not found sub device id.
<118>ScePsP[TID:0x1886a]: sceMbusEvent has been received. (eventId=1 ADD, deviceId=0x30300)
<118>#LOGIN MGR# Receive Event : SCE_MBUS_EVENT_DEVICE_ADDED [DeviceId:0x30300][type:1][subType:2]
<118>D/125878 X
<118>#LOGIN MGR# SetDisableVibration( 0x0000000000030300, 1 )
<118>#LOGIN MGR# sceSystemStateMgrSendCecOneTouchPlayCommand : 0(0x00000000)
<118>#LOGIN MGR# isIduMode = 0
<118>#LOGIN MGR# getControllerNum() : 1
<118>#LOGIN MGR# [RunBusTransitionNewDevice] ret : -2135556047 / deviceUniqueId : 0x00004142583812fd
<118>ScePsP[TID:0x1886a]: Open Pad [0x0000000000030300, 0, 0]: ret=0x03020301
<118>ScePsP[TID:0x1886a]: ConnectedDeviceStatus: count=2
<118>  [c][DeviceId          ][UserId    ][Model     ]
<118>  [o][0x0000000000030300][0xffffffff][DUALSHOCK4]
<118>  [ ][0xffffffffffffffff][0xffffffff][none      ]
<118>  [ ][0xffffffffffffffff][0xffffffff][none      ]
<118>  [ ][0xffffffffffffffff][0xffffffff][none      ]
<118>#LOGIN MGR# [AudioDeviceStateChange] updState : 0 / functionType : 1 / scrachData : 128
<118>#LOGIN MGR# [AudioDeviceStateChange] function : 0 / isEnabled : 0 / realState : 0
<118>#LOGIN MGR# [AudioDeviceStateChange] updState : 0 / functionType : 2 / scrachData : 64
<118>#LOGIN MGR# [AudioDeviceStateChange] function : 0 / isEnabled : 0 / realState : 0
<118>Event OnControllerActivated #LOGIN MGR# [IsNeedControllerLightCalibration] isNeed : 0 / type : 0
<118>isAutoAssignComplete:0, m_systemState:1000, isSendEvent:1
<118>#LOGIN MGR# [DeviceQueueMgr::Enqueue]
<118>#LOGIN MGR# isIduMode = 0
<118>#LOGIN MGR# Post Event : type=SelectUser, deviceId=0x30300
<118>#LOGIN MGR# [IsNeedControllerLightCalibration] isNeed : 0 / type : 0
<118>#LOGIN MGR# Receive Event : SCE_MBUS_EVENT_DEVICE_STATUS_UPDATED [DeviceId:0x30300]
<118>#LOGIN MGR# Battery status changed.
<118>[ScePatchChecker] (*) check (title_id='APOL00004', app_version='02.32', check_option=5): status=0, trigger=10 userId=0xff return 0
<118>[LoginMgr] OnLoginMgrEnqueueEvent
<118>[LoginMgr:EventQueue] Enqueue - param : {"EventType":3,"autoLogin":"false","deviceId":197376,"deviceUniqueId":71753203716861,"enqueueType":0,"isBusChange":false,"isHdmiDisconnected":false,"isHmdUpdatePu":false,"isHmdUpdatePup":false,"isMorpheusAllowedOfUse":true,"isRemotePlayConnected":false,"nativeDeviceType2":0,"nativeFunctionType":513,"remotePlayDevice":false,"remotePlayUser":false,"wakeOnDevice":false,"whenEmpty":false}
<118>[LoginMgr:Queue] Enqueue - queueType : Level2 / eventType : QueueEventTypeSelectUser / WhenEmpty : False / EnqueueType : QueueEnqueueTypeNormal
<118>[LoginMgr:Queue] EnableEnqueue - enable : True / queueType : Level2
<118>[LoginMgrImposePlugin] OnControllerActivated()
<118>[ScePatchChecker] check (title_id='APOL00004', app_version='', check_option=5): status=0, dl_status=0, trigger=10 userId=0xff return 0
<118>[OnControllerActivated] LoginMgrRootScene deviceId = 0x30300 / autoAssignComplete : False
<118>[LoginMgr:EventQueue] Dispatch - FetchOk
<118>[LoginMgr:EventQueue] Dispatch(FetchOk) - EventType : QueueEventTypeSelectUser / IsCancel : False / IsRemoved : False
<118>#LOGIN MGR# : \event_thread.cpp(170) : Run : Event Received : SCE_LOGIN_MGR_EVENT_LOGIN_STARTED
<118>#LOGIN MGR# [OnLoginFinished]
<118>[LoginMgrImposePlugin.NotifyLoadArgument] m_launchParam=[{"EventType":3,"autoLogin":"false","deviceId":197376,"deviceUniqueId":71753203716861,"enqueueType":0,"isBusChange":false,"isHdmiDisconnected":false,"isHmdUpdatePu":false,"isHmdUpdatePup":false,"isMorpheusAllowedOfUse":true,"isRemotePlayConnected":false,"nativeDeviceType2":0,"nativeFunctionType":513,"remotePlayDevice":false,"remotePlayUser":false,"wakeOnDevice":false,"whenEmpty":false,"launchMode":"SelectUser"}]
<118>[LoginMgrImposePlugin.NotifyLoadArgument] m_launchParamList.Count=[0]
<118>[LoginMgrImposePlugin.NotifyLoadArgument] root scene found.
<118>Start StartScene
<118>m_launchParam : {"EventType":3,"autoLogin":"false","deviceId":197376,"deviceUniqueId":71753203716861,"enqueueType":0,"isBusChange":false,"isHdmiDisconnected":false,"isHmdUpdatePu":false,"isHmdUpdatePup":false,"isMorpheusAllowedOfUse":true,"isRemotePlayConnected":false,"nativeDeviceType2":0,"nativeFunctionType":513,"remotePlayDevice":false,"remotePlayUser":false,"wakeOnDevice":false,"whenEmpty":false,"launchMode":"SelectUser"}
<118>#LOGIN MGR# [EventThread::ForceEnqueueDeviceInfo] deviceId : 0x0000000000030300 / m_deviceId : 0xffffffffffffffff 
<118>#LOGIN MGR# [EventThread::ForceEnqueueDeviceInfo] m_loginProcessInfo.m_deviceId : 0x0000000000030300 
<118>#LOGIN MGR# [EventThread::ForceEnqueueDeviceInfo] m_loginProcessInfo.m_deviceType2 : 0 
<118>[LoginMgr:EventQueue] IsRemoved - isRemoved : False
<118>[UserSelectPanelManager] ChangePanel : [NoDevice] -> [UserSelectWithDevice]
<118>[UserSelectScene] CurrentSceneState : UserSelectWithDevice
<118>Start GetUserInfo()
<118>SetDeviceIndexBehavior: mode=SpecificDevice, param=0x0000000000030300
<118>#LOGIN MGR# : \event_thread.cpp(170) : Run : Event Received : SCE_LOGIN_MGR_EVENT_LOGIN_STARTED
<118>#LOGIN MGR# [OnLoginFinished]
<118>[Theme/I] : Apply [ANONYMOUS] : [Option:000001]: with not preloaded user
<118>End StartScene
<118>Start GetUserInfoJob::Run()
<118>[GetRegisteredUser] Start
<118>[GetRegisteredUser] RegisteredUserNum : 3
<118>[GetRegisteredUser] End
<118>[Performance Warning] framedrop count 2
<118>Finish GetUserInfoJob::Run()
<118>Start GetUserInfoJob::Finish() / Cancelled False / Result True
<118>Call GetUserInfoAction
<118>[UserListPanel.UserListPanelWithDevice] OnGetUserInfoAction() : CurrentSceneState=UserSelectWithDevice, MySceneState=UserSelectWithDevice
<118>[UserListPanel] OnGetUserInfoAction() : Name=UserListPanelWithDevice, Length=3
<118>Finish GetUserInfo()
<118>Finish GetUserInfoJob::Finish()
<118>D/89671:NEW_USER
<118>D/89671:0x1CABAFCA
<118>[Performance Warning] framedrop count 3
<118>[SceShellUI] I/PSM.UI : Created font: name=[__System__], size=[30], style=[Italic], weight=[Medium], handle=[0x9451922f]
<118>[ProfileCacheManager] JobUpdate.Run(0x1CABAFCA, FirstTime)
<118>[Performance Warning] framedrop count 1
<118>PRINT_TIME_TICK#: 38797 msec -- D/93790 start
<118>[Theme/I] : Apply [ANONYMOUS] : [Option:000001]: with not preloaded user
<118>[SceShellUI] I/PSM.UI : OnFocusActiveSceneChanged [UserSelectScene : UserSelectScene] -> [SenWebViewScene2 : SenWebViewScene2]
<118>[SceShellUI] I/PSM.UI :      Scene [SenWebViewScene2 : SenWebViewScene2] : Alive
<118>SetDeviceIndexBehavior: mode=MergeAllConnectedDevice, param=null
<118>[Theme/I] : Apply [ANONYMOUS] : [Option:101001]: with not preloaded user
<118>SetKeyRemapJob : Run(Start)
<118>#LOGIN MGR# EnablePadKeyRemapping start( 1, 0x30300, 0x1cabafca, 0 )
<118>#LOGIN MGR# IsKeyRemapEnable start( 0x1cabafca )
<118>#LOGIN MGR# IsKeyRemapEnable end( 0x1cabafca ) -> 0 
<118>#LOGIN MGR# EnablePadKeyRemapping end( 1, 0x30300, 0x1cabafca ) -> 0(0x00000000)
<118>#LOGIN MGR# [LoginMgr] SetPadKeyRemap() ret : 0 / deviceId:0x30300 / userId:0x1cabafca / force : 0
<118>SetKeyRemapJob : Run(End)
<118>[Performance Warning] framedrop count 2
<118>SetKeyRemapArgs : Finish / Cancelled False / Result True
<118>GetPlusInfoJob : Run(Start)
<118>GetPlusInfoJob : Run(End)
<118>GetPlusInfoJob : Finish / Cancelled False / Result True
<118>[UpdateUserInfoforPlus] upd_userId : 481013706 / type : Member
<118>[SceShellUI] W/PSM.UI : ** NOTICE: LoadSync : Parent_SenWebViewScene2 : FrameModalScene
<118>[Theme/I] : Apply [ANONYMOUS] : [Option:000001]: with not preloaded user
<118>[SceShellUI] I/PSM.UI : OnFocusActiveSceneChanged [SenWebViewScene2 : SenWebViewScene2] -> [Parent_SenWebViewScene2 : FrameModalScene]
<118>[SceShellUI] I/PSM.UI :      Scene [Parent_SenWebViewScene2 : FrameModalScene] : Alive
<118>SetDeviceIndexBehavior: mode=MergeAllConnectedDevice, param=null
<118>[Theme/I] : Apply [ANONYMOUS] : [Option:101001]: with not preloaded user
<118>[SenWebViewScene2] ShowConnectingPanel() : type=Skip
<118>[SenWebViewScene2] SetupWebView()
<118>[GetWebProcessAction] Create & Start
<118>[WebProcessMgr] GetWebProcess()
<118>[SceShellUI] I/PSM.UI : SceneQ : Loaded[0.01msec] Layout[0.02msec/0widgets] : SenWebViewScene2 : SenWebViewScene2
<118>[Performance Warning] framedrop count 3
<118>[SceShellUI] I/PSM.UI : [WebRunLoop] Initialize
<118>[SceShellUI] W/PSM.UI : -----------------------------------------------------------------
<118>[SceShellUI] W/PSM.UI :   [WebContext] specified invalid userId!!(ffffffff)
<118>[SceShellUI] W/PSM.UI : -----------------------------------------------------------------
<118>[WebViewAssetMgr] TryGetWebView() Scene=SenWebViewScene2 Succeeded. AssetHandle<Hash=0x7f41966e Priority=LoginMgr> WebViewCount=1
<118>[SenWebViewScene2] SetupWebView() GetWebView resType=Succeeded errorCode=0x0
<118>[Syscore App] Start sceApplicationAddProcess /Nu49FxtRxG/common/lib/LoginMgrUIProcess.self
<118>[Syscore App] calling add process
<118>[Syscore App] processSpawn(pid, 0x60000201, 0x102010e1, appParam, processParam, 0, 0, 0, param, debug, 0)
<118>[Syscore App] appParam: appType = 0x5, rootPath = /mnt/sandbox/NPXS20001_000, titleId = NPXS20001
<118>[Syscore App] processParam: elfPath = /Nu49FxtRxG/common/lib/LoginMgrUIProcess.self, fullPath = /system/common/lib/LoginMgrUIProcess.self
<118>[Syscore App] new pid=0x39[Syscore App] attributeExe= 0
<118>[Syscore App] Ready to exec
<118>[Syscore App] wait for NOTE_EXIT|NOTE_EXEC
<118>[Syscore App] Add event : pid=0x39
<118>[AppMgr Trace]: New Process, pid=0x39, created.
<118>[GetWebProcessAction] Dispose
<118>[Performance Warning] framedrop count 5
<118>[NpPush] Established.
<118>[ScePatchChecker] (*) check (title_id='SLUS21757', app_version='01.00', check_option=5): status=0, trigger=10 userId=0xff return 0
<118>[AccountUpgradeCheckJob] sceNpAccountUpgradeCheckSendRequest() error=0x8095f010
<118>[SenWebViewScene2] ExitProcess() : callerType=Vsh status=""
<118>[SenWebViewScene2] ShowConnectingPanel() : <Update> type=None
<118>[SenWebViewCommonJob] Create : Invoker ExitProcess
<118>[SenWebViewCommonJob] Run(Start) : Invoker ExitProcess
<118>#LOGIN MGR# [GetLoginFlag] userId : 0x1cabafca / value : 0x00000006
<118>[SenWebViewCommonJob] Run(End) : Invoker ExitProcess
<118>[ScePatchChecker] check (title_id='SLUS21757', app_version='', check_option=5): status=0, dl_status=0, trigger=10 userId=0xff return 0
<118>[SenWebViewCommonJob] Finish() : Invoker ExitProcess / Cancelled False / Result True
<118>[SenWebViewScene2] TerminateWebView()
<118>[WebViewAssetMgr] NotifyWebViewDisposed() Scene=SenWebViewScene2 Disposed WebView. AssetHandle<Hash=0x7f41966e Priority=LoginMgr> WebViewCount=0
<118>[WebProcessMgr] ReleaseWebProcess()
<118>[WebViewMgr] OnTerminateProcessBefore() WebContextType=LoginMgr isTerminateProcess=False
<118>#LOGIN MGR# IsBusTransitionOfActiveDevice():0x00000000  deviceId : 0x30300 
<118>LoginJob : Run(Start)
<118>#LOGIN MGR# [Login] userId=0x1cabafca, isLoged-in=0
<118>#LOGIN MGR# isIduMode = 0
<118>#LOGIN MGR# #### LoginProcess start ####
<118>#LOGIN MGR# isLogin = 0
<118>[SceUserServiceServer] -> RUNNING (JobId: 1)
<118>[SceUserServiceClient] Login: 0x1
<118>[SceUserServiceClient] JobId: 1, GetJobStatus: 0x0, status: 1, result: 0x80960106 (BUSY)
<118>[SceUserServiceServer] start job
<118>[SceUserService] User "kinanthecranker" (0x1cabafca) logged in
<118>[mbus] onNewClient. clientNum 9 over 8
<118>[SceUserServiceServer] -> FINISHED (JobId: 1) 0x0
<118>[SceLncUtil] blockAppSuspend: name={SceSaveData}, appId={0x60000100}, refCount={1}
<118>[SceUserServiceServer] -> IDLE (JobId: 1) 0x0
<118>IME:ime_framework.cpp(407):CbCheckLoginUser :login event arrived.
<118>#LOGIN MGR# loginMethod = 3
<118>#LOGIN MGR# userId = 0x1cabafca
<118>#LOGIN MGR# isGuestUser = 0
<118>#LOGIN MGR# setDataRet = 0
<118>#LOGIN MGR# #### LoginProcess end ####
<118>#LOGIN MGR# [Assign] DeviceId:0x0000000000030300 / UserId:0x1cabafca
<118>#LOGIN MGR# [Controller::onHoldDevice] userId = 0x1cabafca / holdAudioOutDeivice : 0
<118>#LOGIN MGR# [AudioDeviceStateChange] updState : 0 / functionType : 1 / scrachData : 128
<118>#LOGIN MGR# [AudioDeviceStateChange] function : 0 / isEnabled : 1 / realState : 0
<118>#LOGIN MGR# [AudioDeviceStateChange] updState : 0 / functionType : 2 / scrachData : 64
<118>#LOGIN MGR# [AudioDeviceStateChange] function : 0 / isEnabled : 175 / realState : -156258385
<118>@ connectDeviceByFunction:L1258
<118>@ checkAudioOutHandleStatus:L2487
<118>#LOGIN MGR# sceMbusBindDeviceWithUserId( 0x0000000000030300, 0x1cabafca ) : 0(0x00000000)
<118>#LOGIN MGR# SetDisableVibration( 0x0000000000030300, 0 )
<118>#LOGIN MGR# EnablePadKeyRemapping start( 1, 0x30300, 0x1cabafca, 1 )
<118>#LOGIN MGR# IsKeyRemapEnable start( 0x1cabafca )
<118>#LOGIN MGR# IsKeyRemapEnable end( 0x1cabafca ) -> 0 
<118>#LOGIN MGR# EnablePadKeyRemapping end( 1, 0x30300, 0x1cabafca, 1 ) -> 0(0x00000000)
<118>#LOGIN MGR# : \login_mgr.cpp(478) : NotifyDeviceAdd : OnDeviceAdded event send.
<118>#LOGIN MGR# [IsJediPlus] isJediPlus : 0 / deviceId : 0x9000000000100
<118>#LOGIN MGR# Receive Event : SCE_MBUS_EVENT_DEVICE_ADDED [DeviceId:0x9000000000100][type:2][subType:10]
<118>#LOGIN MGR# : \login_mgr.cpp(515) : NotifyLoggedin : OnDeviceAdded(NotifyLoggedin) event send.
<118>LoginJob : m_launchMode=SelectUser
<118>LoginJob : Run(End)
<118>ScePsP[TID:0x1886a]: sceMbusEvent has been received. (eventId=16 OWNERCHG, deviceId=0x30300)
<118>#LOGIN MGR# Receive Event : SCE_MBUS_EVENT_DEVICE_OWNER_CHANGED [DeviceId:0x30300][UserId:0x1cabafca]
<118>#LOGIN MGR# [OnDeviceOwnerChanged] deviceId : 0x30300 / userId : 0x1cabafca 
<118>ScePsP[TID:0x1886a]: ConnectedDeviceStatus: count=2
<118>  [c][DeviceId          ][UserId    ][Model     ]
<118>  [o][0x0000000000030300][0x1cabafca][DUALSHOCK4]
<118>  [ ][0xffffffffffffffff][0xffffffff][none      ]
<118>  [ ][0xffffffffffffffff][0xffffffff][none      ]
<118>  [ ][0xffffffffffffffff][0xffffffff][none      ]
<118>[SceLncUtil] unblockAppSuspend: name={SceSaveData}, appId={0x60000100}, refCount={0}
<118>[ScePatchChecker] Patch Check Request (type=0 trigger=4)
<118>[CloudConnectMgr] INFO: cloud_connect_manager_entitlement.cpp/npManagerActiveSigninStateCallbackEntry(710): Updating user list (userId:1cabafca state:3)
<118>[CloudConnectMgr] INFO: cloud_connect_manager_entitlement.cpp/updateUserList(296): UserList Updating...
<118>[SceLncUtil] blockAppSuspend: name={SceNpUds}, appId={0x60000100}, refCount={1}
<118>[SceLncUtil] unblockAppSuspend: name={SceNpUds}, appId={0x60000100}, refCount={0}
<118>[CloudConnectMgr] INFO: cloud_connect_manager_user_info.cpp/checkPremium(275): Calling checkPremium(cloudgame, apiVersion:2) for user(1cabafca)
<118>[Theme/I] : OnLogin : 1cabafca
<118>[Theme/I] : ** Mount started **
<118>[Theme/I] : Mount : [UID:1cabafca:BLUE]
<118>[Theme/I] : Mount : packaged theme : [EID:UP4396-CUSA04449_00-DYNAMICTHEME0125]
<118>[Sce.Vsh.Db.Shared.ConnectionManager] Open /Nu49FxtRxG/priv/mms/app.db, ReadOnly 
<118>[UserListPanel.UserListPanelWithDevice] RefreshPanelByLoggedin()
<118>Start GetUserInfo()
<118>LoginJob : Finish / Cancelled False / Result True
<118>Start GetUserInfoJob::Run()
<118>[GetRegisteredUser] Start
<118>[Performance Warning] framedrop count 12
<118>[Sce.Vsh.Db.Shared.ConnectionManager] Open /Nu49FxtRxG/priv/mms/notification.db, ReadWrite 
<118>[GetRegisteredUser] RegisteredUserNum : 3
<118>[GetRegisteredUser] End
<118>Finish GetUserInfoJob::Run()
<118>[SceShellUI] I/PSM.UI : OnFocusActiveSceneChanged [Parent_SenWebViewScene2 : FrameModalScene] -> [Noname : NoNameScene]
<118>[SceShellUI] I/PSM.UI :      Scene [Noname : NoNameScene] : Alive
<118>SetDeviceIndexBehavior: mode=MergeAllConnectedDevice, param=null
<118>Start GetUserInfoJob::Finish() / Cancelled False / Result True
<118>Call GetUserInfoAction
<118>[UserListPanel.UserListPanelWithDevice] OnGetUserInfoAction() : CurrentSceneState=UserSelectWithDevice, MySceneState=UserSelectWithDevice
<118>[UserListPanel] OnGetUserInfoAction() : Name=UserListPanelWithDevice, Length=3
<118>Finish GetUserInfo()
<118>Finish GetUserInfoJob::Finish()
<118>[Performance Warning] framedrop count 1
<118>[sceProcessStarter] MountAddcont() pkg_path = [/user/addcont/I00000002/UP4396-CUSA04449_00-DYNAMICTHEME0125/ac.pkg] content_id = [UP4396-CUSA04449_00-DYNAMICTHEME0125]
<118>[sceProcessStarter] AddcontMountPkg() pkg_path = [/user/addcont/I00000002/UP4396-CUSA04449_00-DYNAMICTHEME0125/ac.pkg]
<118>[ScePatchChecker] (*) check (title_id='NPXS39041', app_version='01.00', check_option=5): status=0, trigger=10 userId=0xff return 0
<118>[Syscore App] EVFILT_PROC NOTE_EXIT received : pid=0x39
<118>[Syscore App] process delete event : pid=0x39
<118>[AppMgr Trace]: pid=0x39, deleted.
<118>[Syscore App] Syscore Event Queue Push : SCE_SYSCORE_EVENT_ON_PROCESS_UNLOADED
<118>[AppMgr] checkAppTerminated pid=0x2a is still alive in 0x60000201
<118>[Syscore App]  ExpandCpuSetMode : enable
<118>[Syscore App] Syscore Event Queue Pop : SCE_SYSCORE_EVENT_ON_PROCESS_UNLOADED
<118>[WebProcessMgr] ReleaseWebProcess : DisposeContext() -> callback Succeeded.
<118>[WebViewMgr] OnTerminateProcessAfter() WebContextType=LoginMgr
<118>[LoginProcessFinishedCore] LoginMgr.LogoutMgr.IsLogoutAllStarted=False
<118>PRINT_TIME_TICK#: 40214 msec -- D/93790 end
<118>[BOOT TIME]   ShellUI:   41059 msec: vsh resume progress: resumed. (OpenForegroundSession finished)
<118>[Theme/I] : Mount : path [/addcont0]
<118>#LOGIN MGR# : \event_thread.cpp(181) : Run : Event Received : SCE_LOGIN_MGR_EVENT_LOGIN_FINISHED
<118>#LOGIN MGR# [OnLoginFinished] deviceId : 0x30300
<118>#LOGIN MGR# [OnAudioFunctionChanged] Post OnLoginMgrVisibilityChanged(MicScreenDisappeared) - deviceId : 0x0000000000030300
<118>[SceShellUI] I/PSM.UI : ** Unload enqueue: Parent_SenWebViewScene2 : FrameModalScene
<118>[SceShellUI] I/PSM.UI : ** Unload enqueue: UserSelectScene : UserSelectScene
<118>[SceShellUI] I/PSM.UI : ** Unload enqueue: SenWebViewScene2 : SenWebViewScene2
<118>[SceShellUI] I/PSM.UI : ** Unload enqueue: LoginMgrRootScene : LoginMgrRootScene
<118>[Performance Warning] framedrop count 2
<118>[Theme/I] : OnUnload : [ANONYMOUS(userId = ffffffff)]
<118>[Theme/I] : OnPreload : [NONE(userId = 1cabafca)] (Mount processing..)
<118>[SceShellUI] I/PSM.UI : SceneQ : Loaded[3.59msec] Layout[0.00msec/0widgets] : TopMenuControlPlugin : TopMenuControlPlugin
<118>SetDeviceIndexBehavior: mode=SpecificUser, param=0x1cabafca
<118>[Theme/I] : ActiveUserChanged : From : [ANONYMOUS(userId = ffffffff)]
<118>[Theme/I] : ActiveUserChanged : To   : [NONE(userId = 1cabafca)] (Mount processing..)
<118>[LoginMgr] OnLoginMgrDequeueEvent
<118>[LoginMgr:EventQueue] Dequeue - param : {"EventType":3,"autoLogin":"false","deviceId":197376,"deviceUniqueId":71753203716861,"enqueueType":0,"isBusChange":false,"isHdmiDisconnected":false,"isHmdUpdatePu":false,"isHmdUpdatePup":false,"isMorpheusAllowedOfUse":true,"isRemotePlayConnected":false,"nativeDeviceType2":0,"nativeFunctionType":513,"remotePlayDevice":false,"remotePlayUser":false,"wakeOnDevice":false,"whenEmpty":false,"launchMode":"SelectUser"}
<118>[LoginMgr:Queue] Dequeue - queueType : Level2 / eventType : QueueEventTypeSelectUser / eventJson : [{"EventType":3,"autoLogin":"false","deviceId":197376,"deviceUniqueId":71753203716861,"enqueueType":0,"isBusChange":false,"isHdmiDisconnected":false,"isHmdUpdatePu":false,"isHmdUpdatePup":false,"isMorpheusAllowedOfUse":true,"isRemotePlayConnected":false,"nativeDeviceType2":0,"nativeFunctionType":513,"remotePlayDevice":false,"remotePlayUser":false,"wakeOnDevice":false,"whenEmpty":false,"launchMode":"SelectUser"}] / isForce : True / isDeviceRemoved : False
<118>[LoginMgr:Queue] Dequeue - eventJson : {"EventType":3,"autoLogin":"false","deviceId":197376,"deviceUniqueId":71753203716861,"enqueueType":0,"isBusChange":false,"isHdmiDisconnected":false,"isHmdUpdatePu":false,"isHmdUpdatePup":false,"isMorpheusAllowedOfUse":true,"isRemotePlayConnected":false,"nativeDeviceType2":0,"nativeFunctionType":513,"remotePlayDevice":false,"remotePlayUser":false,"wakeOnDevice":false,"whenEmpty":false,"launchMode":"SelectUser"}
<118>[CloudConnectMgr] INFO: cloud_connect_manager_user_info.cpp/load(142): user:1cabafca account:3693992839577855314 SA-en authorization:false justification: owner:0 benefit:
<118>[CloudConnectMgr] INFO: cloud_connect_manager_user_info.cpp/show(157): user:1cabafc8 account:26770645713801516 SA-en owner:0 streamable:false homeshared:false
<118>[CloudConnectMgr] INFO: cloud_connect_manager_user_info.cpp/show(157): user:1cabafca account:3693992839577855314 SA-en owner:0 streamable:false homeshared:false
<118>[CloudConnectMgr] INFO: cloud_connect_manager_entitlement.cpp/updateTitleList(379): TitleList Updating... 
<118>[CloudConnectMgr] INFO: cloud_connect_manager_common.cpp/showMemory(57): currentSystemSize:1572864, maxInuseSize:68352, currentInuseSize:67424
<118>
<118>*** PRESENCE ONLINE (kinanthecranker) ***
<118>
<118>[ShellUI][SharedWebView][BVT] Constructor : 0 ms
<118>[Performance Warning] framedrop count 2
<118>[ScePatchChecker] check (title_id='NPXS39041', app_version='', check_option=5): status=0, dl_status=0, trigger=10 userId=0xff return 0
<118>[Theme/I] : Mount : formatVersion : [contents:4.0][systemsoftware:4.0]
<118>[Theme/I] : Mount[BLUE] : [ThemeColor] : Purple
<118>[Theme/I] : Mount[BLUE] : [BgTexture] : [HomeScreen:N/A][FuncScreen:N/A]
<118>[Theme/I] : Mount[BLUE] : [Icons] : default/customized icons
<118>[Theme/I] :  ContentIcons : [browser:C][gallery:C][livefromps:C][disc:C][discoverlay:C][tvvideo:C][library:C][usbmusic:C][shareplay:C][folder:C]
<118>[Theme/I] :  SystemIcons  : [notification:C][friend:C][community:C][event:C][message:C][party:C][trophy:C][setting:C][power:C]
<118>[Theme/I] :  SystemGlows  : [notification:C][friend:C][community:C][event:C][message:C][party:C][trophy:C][setting:C][power:C]
<118>[Theme/I] :  SystemIconBgs: [functionareabar:D]
<118>[Theme/I] : Mount[BLUE] : [BgSceneGraph] : [HomeScreen:C][FuncScreen:C]
<118>[Theme/I] : Mount[BLUE] : [Color] : [Font:FFFFFFFF][FontShadow:FF130E0B][ThemedFocus:FF130E0B]
<118>[Theme/I] : Mount[BLUE] : [Dimmer] : [Home:00FFFFFF][Function:00FFFFFF][Title:00FFFFFF]
<118>[Theme/I] : Mount[BLUE] : [Bgm/SE] : [bgmHome:C][seDecide:C][seCancel:C][seCursor:C]
<118>[Theme/I] : ** Mount finished : [BLUE][Type:Download][Label:MC-Cherry-Blossom-Lake] **
<118>[Theme/I] : Apply [ANONYMOUS] : [Option:000001]: with not preloaded user
<118>[Theme/I] : Apply [ANONYMOUS] : [Option:101001]: with not preloaded user
<118>[Syscore App] Start sceApplicationAddProcess /Nu49FxtRxG/common/lib/SecureUIProcess.self
<118>[Syscore App] calling add process
<118>[Syscore App] processSpawn(pid, 0x60000201, 0x102010f1, appParam, processParam, 0, 0, 0, param, debug, 0)
<118>[Syscore App] appParam: appType = 0x5, rootPath = /mnt/sandbox/NPXS20001_000, titleId = NPXS20001
<118>[Syscore App] processParam: elfPath = /Nu49FxtRxG/common/lib/SecureUIProcess.self, fullPath = /system/common/lib/SecureUIProcess.self
<118>[Syscore App] new pid=0x3a[Syscore App] attributeExe= 0
<118>[Syscore App] Ready to exec
<118>[Syscore App] wait for NOTE_EXIT|NOTE_EXEC
<118>[SceShellUI] W/PSM.UI : ** NOTICE: LoadSync : TopMenuFrameScene : VoiceRecognitionFrameScene
<118>[Syscore App] Add event : pid=0x3a
<118>[AppMgr Trace]: New Process, pid=0x3a, created.
<118>[SceShellUI] W/PSM.UI : ** NOTICE: LoadSync : LiveArea : ContainerScene
<118>[SceShellUI] W/PSM.UI : ** NOTICE: LoadSync : ContentsArea : ContainerScene
<118>[SceShellUI] W/PSM.UI : ** NOTICE: LoadSync : SystemArea : ContainerScene
<118>[SceShellUI] W/PSM.UI : ** NOTICE: LoadSync : TopMenuFG : Scene
<118>[SceShellUI][BVT] TopMenuPlugin Loaded.
<118>[SceShellUI] I/PSM.UI : SceneQ : Loaded[0.01msec] Layout[0.00msec/0widgets] : TopMenuPlugin : TopMenuPlugin
<118>[Performance Warning] framedrop count 1
<118>[Theme/I] : ** Unload started : [ANONYMOUS][Type:Original] **
<118>[Theme/I] : ** Unload finished : [ANONYMOUS][Type:Original] **
<118>[Theme/I] : ** Preload started : [BLUE][Type:Download][Label:MC-Cherry-Blossom-Lake] **
<118>[Theme/I] : Preload[BLUE] : [BgTexture] : no entry
<118>[Theme/I] : Preload[BLUE] : [Icons] : default/customized icons
<118>UserContentRetriever.GetUrl(): https://nsx.sec.np.dl.playstation.net/nsx/cp/np/v1/manifestList.json
<118>[ScePatchChecker] (*) check (title_id='CUSA02012', app_version='04.01', check_option=5): status=0, trigger=10 userId=0xff return 0
<118>[ScePatchChecker] check (title_id='CUSA02012', app_version='', check_option=5): status=0, dl_status=0, trigger=10 userId=0xff return 0
<118>[Theme/I] : Preload[BLUE] : [BgSceneGraph] : [HomeScreen:C][FuncScreen:C]
<118>[SceLncService] Enable SecureWebProcess.self to expand CPU
<118>[Syscore App] Start sceApplicationAddProcess /Nu49FxtRxG/common/lib/SecureWebProcess.self
<118>[Syscore App] calling add process
<118>[Syscore App] processSpawn(pid, 0x60000201, 0x10201102, appParam, processParam, 0, 0, 0, param, debug, 0)
<118>[Syscore App] appParam: appType = 0x5, rootPath = /mnt/sandbox/NPXS20001_000, titleId = NPXS20001
<118>[Syscore App] processParam: elfPath = /Nu49FxtRxG/common/lib/SecureWebProcess.self, fullPath = /system/common/lib/SecureWebProcess.self
<118>[ProfileCacheManager] IN  HttpReceiver.ConnectHttp() TID:57.
<118>[Syscore App] new pid=0x3b[Syscore App] attributeExe= 0
<118>[Syscore App] Ready to exec
<118>[Syscore App] wait for NOTE_EXIT|NOTE_EXEC
<118>[Syscore App] Add event : pid=0x3b
<118>[AppMgr Trace]: New Process, pid=0x3b, created.
<118>[SceShellCore] Libc Heap Status: free 38%, in-use 3786.1 KB, trend +7328.0 KB/min, peak 3884.2 KB, when 31 [sec]
<118>UserContentRetriever.GetUrl(): https://nsx.sec.np.dl.playstation.net/nsx/cp/np/v1/ps4ContentArea/manifests/countries/sa/contentList.json
<118>[ScePatchChecker] (*) check (title_id='CUSA02282', app_version='01.01', check_option=5): status=0, trigger=10 userId=0xff return 0
<118>[ProfileCacheManager] IN  HttpReceiver.RequestCallBack() TID:26.
<118>
<118>
<118>~~~~~~~~~~ 	int CreateWithSystemPermission() type=FILE, path='/Nu49FxtRxG/priv/cache/profile/0x1CABAFCA/avatar.png', permission=00700
<118>
<118>
<118>[ProfileCacheManager] OUT HttpReceiver.RequestCallBack()
<118>[UCMan] eventHandler()[124]: PUSH:cmd=1,opt=0,title=CUSA00568,user=481013706
<118>[ScePatchChecker] check (title_id='CUSA02282', app_version='', check_option=5): status=0, dl_status=0, trigger=10 userId=0xff return 0
<118>[ProfileCacheManager] OUT HttpReceiver.ConnectHttp()
<118>[ProfileCacheManager] JobUpdate.Finish(0x1CABAFCA)
<118>[ProfileCacheManager] JobUpdate.Run(0x1CABAFC7, FirstTime)
<118>[ProfileCacheManager] JobUpdate.Finish(0x1CABAFC7)
<118>[ProfileCacheManager] JobUpdate.Run(0x1CABAFC8, FirstTime)
<118>[ScePatchChecker] (*) check (title_id='CUSA00063', app_version='01.28', check_option=5): status=0, trigger=10 userId=0xff return 0
<118>[UCMan] eventHandler()[124]: PUSH:cmd=1,opt=0,title=CUSA06172,user=481013706
<118>[ScePatchChecker] check (title_id='CUSA00063', app_version='', check_option=5): status=0, dl_status=0, trigger=10 userId=0xff return 0
<118>[BgDailyChecker] ScePatchCheckJob end (2026-09-21T13:47:43.44+01:00)
<118>[BgDailyChecker] BgDailyCheckerAutoResumeDownloadJob end (2026-09-21T13:47:43.54+01:00)
<118>[BGFT] [RDL2] [SoC] onAdd() <<< start checking user = 1cabafc7, Not Primary >>
<118>[BGFT] [RDL2] [SoC] onCancel() <<< start checking user = 1cabafc7 >>
<118>[BGFT] [RDL2] [SoC] Error : getNotificationDetail(usercancelled) = 0x80550006
<118>[BGFT] [RDL2] [SoC] onAdd() <<< start checking user = 1cabafc8, Primary >>
<118>[BgDailyChecker] BgDailyCheckerPreOrderJob end (2026-09-21T13:47:43.64+01:00)
<118>[UCMan] eventHandler()[124]: PUSH:cmd=0,opt=0,title=CUSA00572,user=481013706
<118>[BgDailyChecker] BgDailyCheckerTzdataUpdateJob end (2026-09-21T13:47:43.95+01:00)
<118>[BgDailyChecker] BgDailyCheckerServerSwitchJob end (2026-09-21T13:47:44.05+01:00)
<118>[BgDailyChecker] BgDailyCheckerRnpsAppJob end (2026-09-21T13:47:44.15+01:00)
<118>[BGFT] [RDL2] [SoC] getNotificationDetail(notstarted) : count=0
<118>[BGFT] [RDL2] [SoC] onAdd() <<< end checking user = 1cabafc8 >>
<118>[BGFT] [RDL2] [SoC] onCancel() <<< start checking user = 1cabafc8 >>
<118>[ProfileCacheManager] IN  HttpReceiver.ConnectHttp() TID:57.
<118>[ProfileCacheManager] IN  HttpReceiver.RequestCallBack() TID:97.
<118>
<118>
<118>~~~~~~~~~~ 	int CreateWithSystemPermission() type=FILE, path='/Nu49FxtRxG/priv/cache/profile/0x1CABAFC8/avatar.png', permission=00700
<118>
<118>
<118>[ProfileCacheManager] OUT HttpReceiver.RequestCallBack()
<118>[BGFT] [RDL2] [SoC] getNotificationDetail(notstarted) : count=0
<118>[BGFT] [RDL2] [SoC] onCancel() <<< end checking user = 1cabafc8 >>
<118>[BGFT] [RDL2] [SoC] onAdd() <<< start checking user = 1cabafca, Primary >>
<118>[UCMan] eventHandler()[124]: PUSH:cmd=0,opt=0,title=CUSA01780,user=481013706
<118>[UCMan] eventHandler()[124]: PUSH:cmd=1,opt=0,title=NPXS20125,user=481013706
<118>[ProfileCacheManager] OUT HttpReceiver.ConnectHttp()
<118>[Theme/I] : Preload[BLUE] : [BgSceneGraph] : [Mesh:113] [Mem:142490 bytes] [VMem:15870300 bytes]
<118>[Theme/I] : Preload[BLUE] : [Color] : [Font:FFFFFFFF][FontShadow:FF130E0B]
<118>[Theme/I] : Preload[BLUE] : [Dimmer] : [Home:00FFFFFF][Function:00FFFFFF][Title:00FFFFFF]
<118>[Theme/I] : Preload[BLUE] : [Bgm] : customized sounds
<118>[BGFT] [RDL2] [SoC] getNotificationDetail(notstarted) : count=0
<118>[BGFT] [RDL2] [SoC] onAdd() <<< end checking user = 1cabafca >>
<118>[BGFT] [RDL2] [SoC] onCancel() <<< start checking user = 1cabafca >>
<118>[SceShellUI] E/PSM.UI : bgm p wrapper : StopBgmPlayer already stopped [/app0/systembgm/bgm_main.at9]
<118>[SceShellUI] I/PSM.UI : LoadAsync of custom SE is finished.
<118>[Theme/I] : ** Preload finished : [BLUE][Type:Download][Label:MC-Cherry-Blossom-Lake] **
<118>[Theme/I] : Apply [BLUE] : [Option:111111]: with preloaded user
<118>[ThemeColorManager] Update ThemeColor Skin to Purple
<118>[SceShellUI] I/PSM.UI : SceneQ : Loaded[0.71msec] Layout[0.00msec/0widgets] : TopMenuControlPlugin : TopMenuControlPlugin
<118>[SceShellUI] I/PSM.UI : **** Ignored unload request because of unload is already enqueued : Parent_SenWebViewScene2
<118>[SceShellUI] I/PSM.UI : SceneQ : Unloaded[0.24msec] : Parent_SenWebViewScene2 : FrameModalScene
<118>[SceShellUI] I/PSM.UI : SceneQ : Unloaded[0.04msec] : UserSelectScene : UserSelectScene
<118>[SenWebViewScene2] HideConnectingPanel()
<118>[SceShellUI] I/PSM.UI : SceneQ : Unloaded[0.04msec] : SenWebViewScene2 : SenWebViewScene2
<118>[LoginMgrRootScene:OnUnloaded]
<118>[LoginMgr:EventQueue] EnableDispatch - launchMode : SelectUser --> True
<118>[SceShellUI] I/PSM.UI : SceneQ : Unloaded[0.52msec] : LoginMgrRootScene : LoginMgrRootScene
<118>[SceShellUI] I/PSM.UI : Created font: name=[__System__], size=[22], style=[Normal], weight=[Medium], handle=[0x95513f2f]
<118>[SceShellUI] W/PSM.UI : WARNING : Scene LayoutBuild : [5.11msec/52widgets] : SystemArea : SystemAreaScene
<118>[LoginMgr] OnLoginMgrDispatchEvent
<118>[LoginMgr:EventQueue] Dispatch - NotFound
<118>[LoginMgrImposePlugin] RequestUnload() - loginUserNum : 1
<118>[SceShellUI] I/PSM.UI : ** Unload enqueue: Noname : NoNameScene
<118>[SceShellUI] I/PSM.UI : ** Unload enqueue: LoginMgrFrame : LoginMgrFrameScene
<118>[SceShellUI] I/PSM.UI : ** Unload enqueue: Noname : LoginMgrImposePlugin
<118>#LOGIN MGR# : \login_dialog_mgr.cpp(111) : Unloaded : 
<118>#LOGIN MGR# : \login_dialog_mgr.cpp(240) : setResult : 
<118>[SceShellUI] I/PSM.UI : OnFocusActiveSceneChanged [Noname : NoNameScene] -> [TopMenuBG : Scene]
<118>[SceShellUI] I/PSM.UI :      Scene [TopMenuBG : Scene] : Alive
<118>SetDeviceIndexBehavior: mode=SpecificUser, param=0x1cabafca
<118>[Theme/I] : Apply [BLUE] : [Option:111111]: with preloaded user
<118>[SceShellUI] I/PSM.UI : Created font: name=[__System__], size=[22], style=[Normal], weight=[Light], handle=[0x9551292f]
<118>[SceShellUI] I/PSM.UI : SceneQ : Loaded[0.01msec] Layout[5.11msec/52widgets] : SystemArea : SystemAreaScene
<118>[ProfileCacheManager] JobUpdate.Finish(0x1CABAFC8)
<118>[SceShellUI] I/PSM.UI : Created font: name=[__System__], size=[26], style=[Normal], weight=[Normal], handle=[0x95512c2f]
<118>[Performance Warning] framedrop count 4
<118>[SceShellUI] I/PSM.UI : SceneQ : Loaded[0.01msec] Layout[0.15msec/1widgets] : LiveAreaScene : LiveAreaScene
<118>PRINT_TIME_TICK#: 45666 msec -- BootEffect : start
SERIAL_PRINT_TIME_TICK#: 45666 msec -- BootEffect : start
<118>[SceShellUI] I/PSM.UI : OnFocusActiveSceneChanged [TopMenuBG : Scene] -> [ContentAreaScene : ContentAreaScene]
<118>[SceShellUI] I/PSM.UI :      Scene [ContentAreaScene : ContentAreaScene] : Alive
<118>SetDeviceIndexBehavior: mode=SpecificUser, param=0x1cabafca
<118>[Theme/I] : Apply [BLUE] : [Option:111111]: with preloaded user
<118>[SceShellUI] I/PSM.UI : SceneQ : Loaded[0.00msec] Layout[0.20msec/1widgets] : ContentAreaScene : ContentAreaScene
<118>[SceShellUI] I/PSM.UI : SceneQ : Unloaded[0.04msec] : Noname : NoNameScene
<118>[SceShellUI] I/PSM.UI : SceneQ : Unloaded[0.05msec] : LoginMgrFrame : LoginMgrFrameScene
<118>[SceShellUI] I/PSM.UI : SceneQ : Unloaded[3.06msec] : Noname : LoginMgrImposePlugin
<118>[Performance Warning] framedrop count 5
<118>GetPlusInfoJob : Run(Start)
<118>GetPlusInfoJob : Run(End)
<118>GetPlusInfoJob : Finish / Cancelled False / Result True
<118>[UpdateUserInfoforPlus] upd_userId : 481013706 / type : Member
<118>[AudioOut] sceAudioOutOpen() with restricted flag:pid=0x2a ch=8
<118>[Performance Warning] framedrop count 1
<118>D/88391:NPXS20108
<118>[BGFT] [RDL2] [SoC] getNotificationDetail(notstarted) : count=0
<118>[BGFT] [RDL2] [SoC] onCancel() <<< end checking user = 1cabafca >>
<118>[BgDailyChecker] BgDailyCheckerRifManagerCheck end (2026-09-21T13:47:46.48+01:00)
<118>[UCMan] eventHandler()[124]: PUSH:cmd=0,opt=0,title=NPXS20123,user=481013706
<118>libpng warning: iCCP: cHRM chunk does not match sRGB
<118>libpng warning: iCCP: cHRM chunk does not match sRGB
<118>[Sce.Vsh.Db.Shared.ConnectionManager] Open /Nu49FxtRxG/priv/messages/1cabafca/messages.db(),/Nu49FxtRxG/priv/messages/1cabafca/attachment.db(attach1), ReadOnly 
<118>[Syscore App] Start sceApplicationAddProcess /Nu49FxtRxG/common/lib/orbis-jsc-compiler.self
<118>[Syscore App] calling add process
<118>[Syscore App] processSpawn(pid, 0x60000201, 0x10201113, appParam, processParam, 0, 0, 0, param, debug, 0)
<118>[Syscore App] appParam: appType = 0x5, rootPath = /mnt/sandbox/NPXS20001_000, titleId = NPXS20001
<118>[Syscore App] processParam: elfPath = /Nu49FxtRxG/common/lib/orbis-jsc-compiler.self, fullPath = /system/common/lib/orbis-jsc-compiler.self
<118>[Syscore App] new pid=0x3c[Syscore App] attributeExe= 0
<118>[Syscore App] Ready to exec
<118>[Syscore App] wait for NOTE_EXIT|NOTE_EXEC
<118>[Syscore App] Add event : pid=0x3c
<118>[AppMgr Trace]: New Process, pid=0x3c, created.
<118>[UCMan] eventHandler()[124]: PUSH:cmd=0,opt=0,title=NPXS20167,user=481013706
<118>[UCMan] eventHandler()[124]: PUSH:cmd=1,opt=0,title=NPIA07116,user=481013706
<118>[UCMan] eventHandler()[124]: PUSH:cmd=1,opt=0,title=NPIA07119,user=481013706
<118>[UCMan] eventHandler()[124]: PUSH:cmd=1,opt=0,title=NPIA07123,user=481013706
<118>[UCMan] eventHandler()[124]: PUSH:cmd=1,opt=0,title=NPIA07126,user=481013706
<118>[UCMan] eventHandler()[124]: PUSH:cmd=1,opt=0,title=NPIA07134,user=481013706
<118>[UCMan] eventHandler()[124]: PUSH:cmd=1,opt=0,title=NPIA07138,user=481013706
<118>[UCMan] eventHandler()[124]: PUSH:cmd=1,opt=0,title=NPIA07141,user=481013706
<118>[UCMan] eventHandler()[124]: PUSH:cmd=1,opt=0,title=NPIA07144,user=481013706
<118>[UCMan] eventHandler()[124]: PUSH:cmd=1,opt=0,title=NPIA07147,user=481013706
<118>#LOGIN MGR# : \event_thread.cpp(129) : Run : Event Received : SCE_LOGIN_MGR_EVENT_RESUME_EVENT_WATCH
<118>#LOGIN MGR# [RunDisableWaitData]
<118>#LOGIN MGR# [DequeueDisableWaitData] deviceId : 0xffffffffffffffff / size : 0 
<118>#LOGIN MGR# [RunDisableWaitData] ret : -2135556087 / deviceId : 0xffffffffffffffff 
<118>PRINT_TIME_TICK#: 47535 msec -- BootEffect : end
<118>PRINT_TIME_TICK#: 47535 msec -- FinishBootEffect : Shell UI is Ready.
<118>[UCMan] eventHandler()[124]: PUSH:cmd=1,opt=0,title=NPIA07152,user=481013706
<118>[UCMan] eventHandler()[124]: PUSH:cmd=1,opt=0,title=NPIA07155,user=481013706
SERIAL_PRINT_TIME_TICK#: 47535 msec -- BootEffect : end
SERIAL_PRINT_TIME_TICK#: 47589 msec -- FinishBootEffect : Shell UI is Ready.
<118>[BVT] Cold boot time : 47596 msec
<118>[BVT] frame drop : 435
<118>[UCMan] eventHandler()[124]: PUSH:cmd=1,opt=0,title=NPIA07158,user=481013706
<118>[SceShellUI] I/PSM.UI : Created font: name=[__System__], size=[60], style=[Normal], weight=[Light], handle=[0x9551db2f]
<118>[UCMan] eventHandler()[124]: PUSH:cmd=1,opt=0,title=NPIA07163,user=481013706
<118>D/88391:
<118>D/88391:NPXS20102
<118>[UCMan] eventHandler()[124]: PUSH:cmd=1,opt=0,title=NPIA07166,user=481013706
<118>[UCMan] eventHandler()[124]: PUSH:cmd=1,opt=0,title=NPIA07169,user=481013706
<118>[UCMan] eventHandler()[124]: PUSH:cmd=1,opt=0,title=NPIA07177,user=481013706
<118>[UCMan] eventHandler()[124]: PUSH:cmd=1,opt=0,title=NPIA07174,user=481013706
<118>[UCMan] eventHandler()[124]: PUSH:cmd=1,opt=0,title=NPIA07180,user=481013706
<118>[UCMan] eventHandler()[124]: PUSH:cmd=1,opt=0,title=NPIA07183,user=481013706
<118>[UCMan] eventHandler()[124]: PUSH:cmd=1,opt=0,title=NPIA07186,user=481013706
<118>[UCMan] eventHandler()[124]: PUSH:cmd=1,opt=0,title=NPIA07189,user=481013706
<118>[UCMan] eventHandler()[124]: PUSH:cmd=1,opt=0,title=NPIA07194,user=481013706
<118>[UCMan] eventHandler()[124]: PUSH:cmd=1,opt=0,title=NPIA07201,user=481013706
<118>[UCMan] eventHandler()[124]: PUSH:cmd=1,opt=0,title=NPIA07206,user=481013706
<118>[UCMan] eventHandler()[124]: PUSH:cmd=1,opt=0,title=NPIA07211,user=481013706
<118>[UCMan] eventHandler()[124]: PUSH:cmd=1,opt=0,title=NPIA07214,user=481013706
<118>[UCMan] eventHandler()[124]: PUSH:cmd=1,opt=0,title=NPIA07222,user=481013706
<118>[UCMan] eventHandler()[124]: PUSH:cmd=1,opt=0,title=NPIA07229,user=481013706
<118>[UCMan] eventHandler()[124]: PUSH:cmd=1,opt=0,title=NPIA07232,user=481013706
<118>[UCMan] eventHandler()[124]: PUSH:cmd=1,opt=0,title=NPIA07236,user=481013706
<118>[UCMan] eventHandler()[124]: PUSH:cmd=1,opt=0,title=NPIA07242,user=481013706
<118>[UCMan] eventHandler()[124]: PUSH:cmd=1,opt=0,title=NPIA07244,user=481013706
<118>[UCMan] eventHandler()[124]: PUSH:cmd=1,opt=0,title=NPIA07252,user=481013706
<118>[UCMan] eventHandler()[124]: PUSH:cmd=1,opt=0,title=NPIA07255,user=481013706
<118>[UCMan] eventHandler()[124]: PUSH:cmd=1,opt=0,title=NPIA07262,user=481013706
<118>[UCMan] eventHandler()[124]: PUSH:cmd=1,opt=0,title=NPIA07266,user=481013706
<118>[UCMan] eventHandler()[124]: PUSH:cmd=1,opt=0,title=NPIA07270,user=481013706
<118>[UCMan] eventHandler()[124]: PUSH:cmd=1,opt=0,title=NPIA07273,user=481013706
<118>[UCMan] eventHandler()[124]: PUSH:cmd=1,opt=0,title=NPIA07278,user=481013706
<118>[ShellUI][SharedWebView][BVT] OnFinishedLoad : 10162 ms
<118>[System Telemetry(EVT d11)] Elapsed time for retrieving online friends : 0 msec, sentLog=False
<118>[SceShellUI] I/PSM.UI : OnFocusActiveSceneChanged [ContentAreaScene : ContentAreaScene] -> []
<118>SetDeviceIndexBehavior: mode=SpecificUser, param=0x1cabafca
<118>[SceShellUI] I/PSM.UI : SceneQ : Loaded[0.01msec] Layout[0.00msec/0widgets] : WebBrowserPlugin : WebBrowserPlugin
<118>[SceShellUI] I/PSM.UI : SceneQ : Loaded[0.00msec] Layout[0.00msec/0widgets] : WebBrowserScene : WebBrowserScene
<118>[SceShellUI] I/PSM.UI : OnFocusActiveSceneChanged [] -> [SettingsScene : SettingScene]
<118>[SceShellUI] I/PSM.UI :      Scene [SettingsScene : SettingScene] : Alive
<118>SetDeviceIndexBehavior: mode=SpecificUser, param=0x1cabafca
<118>[Theme/I] : Apply [BLUE] : [Option:111111]: with preloaded user
<118>[SceShellUI] I/PSM.UI : SceneQ : Loaded[0.00msec] Layout[0.00msec/0widgets] : BrowserMain : MainScene
<118>[SceShellUI] I/PSM.UI : OnFocusActiveSceneChanged [SettingsScene : SettingScene] -> [WebViewDialog : WebViewDialogScene]
<118>[SceShellUI] I/PSM.UI :      Scene [WebViewDialog : WebViewDialogScene] : Alive
<118>SetDeviceIndexBehavior: mode=SpecificUser, param=0x1cabafca
<118>[Theme/I] : Apply [BLUE] : [Option:111111]: with preloaded user
<118>[Syscore App] Start sceApplicationAddProcess /Nu49FxtRxG/common/lib/NKUIProcess.self
<118>[Syscore App] calling add process
<118>[Syscore App] processSpawn(pid, 0x60000201, 0x10201124, appParam, processParam, 0, 0, 0, param, debug, 0)
<118>[Syscore App] appParam: appType = 0x5, rootPath = /mnt/sandbox/NPXS20001_000, titleId = NPXS20001
<118>[Syscore App] processParam: elfPath = /Nu49FxtRxG/common/lib/NKUIProcess.self, fullPath = /system/common/lib/NKUIProcess.self
<118>[Syscore App] new pid=0x3d[Syscore App] attributeExe= 0
<118>[Syscore App] Ready to exec
<118>[Syscore App] wait for NOTE_EXIT|NOTE_EXEC
<118>[Syscore App] Add event : pid=0x3d
<118>[AppMgr Trace]: New Process, pid=0x3d, created.
<118>[SceShellUI] I/PSM.UI : SceneQ : Loaded[0.00msec] Layout[0.00msec/0widgets] : SettingsScene : SettingScene
<118>[SceShellUI] I/PSM.UI : SceneQ : Loaded[0.00msec] Layout[0.00msec/0widgets] : BookmarkScene : BookmarkView
<118>[SceShellUI] I/PSM.UI : SceneQ : Loaded[0.00msec] Layout[0.00msec/0widgets] : BookmarkEditScene : BookmarkEditView
<118>[SceShellUI] I/PSM.UI : SceneQ : Loaded[0.01msec] Layout[0.00msec/0widgets] : HistoryScene : HistoryView
<118>[SceShellUI] I/PSM.UI : SceneQ : Loaded[0.01msec] Layout[0.00msec/0widgets] : WebViewDialog : WebViewDialogScene
<118>[SceShellUI] I/PSM.UI : OnFocusActiveSceneChanged [WebViewDialog : WebViewDialogScene] -> [BrowserMain : MainScene]
<118>[SceShellUI] I/PSM.UI :      Scene [BrowserMain : MainScene] : Alive
<118>SetDeviceIndexBehavior: mode=SpecificUser, param=0x1cabafca
<118>[Theme/I] : Apply [BLUE] : [Option:111111]: with preloaded user
<118>[ShellUI][SharedWebView][BVT] OnNotifyDidFinishLoading : 13707 ms
<118>[ShellUI][SharedWebView][BVT] OnFinishedLoad : 14607 ms
<118>[Syscore App] Start sceApplicationAddProcess /Nu49FxtRxG/common/lib/NKNetworkProcess.self
<118>[Syscore App] calling add process
<118>[Syscore App] processSpawn(pid, 0x60000201, 0x10201135, appParam, processParam, 0, 0, 0, param, debug, 0)
<118>[Syscore App] appParam: appType = 0x5, rootPath = /mnt/sandbox/NPXS20001_000, titleId = NPXS20001
<118>[Syscore App] processParam: elfPath = /Nu49FxtRxG/common/lib/NKNetworkProcess.self, fullPath = /system/common/lib/NKNetworkProcess.self
<118>[Syscore App] new pid=0x3e[Syscore App] attributeExe= 0
<118>[Syscore App] Ready to exec
<118>[Syscore App] wait for NOTE_EXIT|NOTE_EXEC
<118>[Syscore App] Add event : pid=0x3e
<118>[AppMgr Trace]: New Process, pid=0x3e, created.
<118>[Syscore App] Start sceApplicationAddProcess /Nu49FxtRxG/common/lib/NKWebProcess.self
<118>[Syscore App] calling add process
<118>[Syscore App] processSpawn(pid, 0x60000201, 0x10201146, appParam, processParam, 0, 0, 0, param, debug, 0)
<118>[Syscore App] appParam: appType = 0x5, rootPath = /mnt/sandbox/NPXS20001_000, titleId = NPXS20001
<118>[Syscore App] processParam: elfPath = /Nu49FxtRxG/common/lib/NKWebProcess.self, fullPath = /system/common/lib/NKWebProcess.self
<118>[Syscore App] new pid=0x3f[Syscore App] attributeExe= 0
<118>[Syscore App] Ready to exec
<118>[Syscore App] wait for NOTE_EXIT|NOTE_EXEC
<118>[Syscore App] Add event : pid=0x3f
<118>[AppMgr Trace]: New Process, pid=0x3f, created.
<118>[SceSysCore] System CPU cores: c0
<118>[SceWorkaroundCtl] PERIODIC_DOWNLOAD_INTERVAL_SEC={86400} elapsed={48} isFirstTime={1}
<118>[SceWorkaroundCtl] start DownloadFile
<118>[SceWorkaroundCtl] ifModifiedSince={Thu, 10 Dec 2020 08:29:25 +0000}
<118>[SceWorkaroundCtl] statusCode={304}
<118>[SceWorkaroundCtl] W:\Build\J02697908\vsh\shell\shell_core\workaround_ctl\http_client.cpp(139) Get: WC_CHECK::0x814c0006 (statusCode != SCE_HTTP_STATUS_CODE_NOT_MODIFIED value is false)
<118>[SceWorkaroundCtl] W:\Build\J02697908\vsh\shell\shell_core\workaround_ctl\workaround_ctl_manager.cpp(288) DownloadFile: WC_ISOK::0x814c0006
<118>[SceWorkaroundCtl] update lastDownloadTime
<118>[SceWorkaroundCtl] PERIODIC_CHECK_INTERVAL_SEC={420}
<118>[SceShellCore] CPU Utilization: 0.03 0.00 0.00 0.00 0.01 0.00 1.00 0.26
<118>[SceShellCore] CPU Top: timestamp 66 to 69 (3.0 sec)
<118>[SceShellCore] 99% 1023 SceIdleCpu1
<118>[SceShellCore] 99% 1023 SceIdleCpu2
<118>[SceShellCore] 99% 1023 SceIdleCpu3
<118>[SceShellCore] 99% 1023 SceIdleCpu5
<118>[SceShellCore] 99% 1023 SceIdleCpu4
<118>[SceShellCore] 97% 1023 SceIdleCpu0
<118>[SceShellCore] 74% 1023 SceIdleCpu7
<118>[SceShellCore] 71%  750 NPXS20001 SceNKWebProcessMain
<118>[SceShellCore] 17%  605 NPXS20001 SceShellUIMain
<118>[SceShellCore]  9%  297 NPXS20973 SceAoutWriteAll
<118>[SceShellCore]  4%   68 ScePagedaemon0
<118>[SceShellCore]  3%  749 NPXS20001 SceNKUIProcessMain
<118>[SceShellCore]  2%   40 swi4: SceClock7
<118>[SceShellCore]  2%  750 NPXS20001 SceNKHeap Helper Thread
<118>[SceShellCore]  1%   20 irq269: sdhci0
<118>[SceShellCore]  1%   92 SceThreadTaskq
<118>[SceShellCore]  1%  302 NPXS20973 SceAinIntvl
<118>[SceShellCore]  1%  747 NPXS20001 SceStrawIPCSender
<118>[SceNetEv] PERIODIC_DOWNLOAD_INTERVAL_SEC={86400} contentId={8}, serviceName={netev}
<118>[SceNetEv] start DownloadFile, contentId={8}, serviceName={netev}
<118>[SceNetEv] ifModifiedSince={Tue, 02 Mar 2021 16:11:59 +0000}
<118>[SceNetEv] statusCode={304}
<118>[SceNetEv] W:\Build\J02697908\vsh\shell\shell_core\netev\netev_http_client.cpp(139) Get: NETEV_CHECK::0x80414409 (statusCode != SCE_HTTP_STATUS_CODE_NOT_MODIFIED value is false)
<118>[SceNetEv] W:\Build\J02697908\vsh\shell\shell_core\netev\netev_manager.cpp(345) DownloadFile: NETEV_ISOK::0x80414409
<118>[SceNetEv] update lastDownloadTime, contentId={8}, serviceName={netev}
<118>[SceNetEv] PERIODIC_CHECK_INTERVAL_SEC={480}
<118>[SceShellCore] VM Stats: RSS 1229.1, kernel 266.9, wire count 324.7, swap out 0.0, page table CPU 2934/6144 GPU 367/2048
<118>[SceShellCore] FMEM   0.3/   4.5 NPXS20977 SceSysAvControl.elf
<118>[SceShellCore] FMEM   4.3/  74.3 NPXS20991 SceSysCore.elf
<118>[SceShellCore] FMEM   5.3/  54.3 NPXS20973 orbis_audiod.elf
<118>[SceShellCore] FMEM   2.6/  11.2 NPXS20976 GnmCompositor.elf
<118>[SceShellCore] FMEM  28.3/ 340.8 NPXS20000 SceShellCore
<118>[SceShellCore] FMEM 382.6/ 882.2 NPXS20001 SceShellUI
<118>[SceShellCore] FMEM   3.5/   8.3 NPXS21003 SceAvCapture
<118>[SceShellCore] FMEM   8.5/  24.5 NPXS21000 SceGameLiveStreaming
<118>[SceShellCore] FMEM  14.5/  43.7 NPXS21002 ScePartyDaemon
<118>[SceShellCore] FMEM   4.3/  25.4 NPXS21004 SceVideoCoreServer
<118>[SceShellCore] FMEM  12.6/  51.3 NPXS21006 SceRemotePlay
<118>[SceShellCore] FMEM   7.8/  19.5 NPXS21010 SceCloudClientDaemon
<118>[SceShellCore] FMEM   3.3/  10.8 NPXS21016 SceSpZeroConf
<118>[SceShellCore] FMEM   8.6/ 156.0 NPXS21002 webrtc_daemon.self
<118>[SceShellCore] FMEM   6.8/  18.1 NPXS21019 SceSocialScreenMgr
<118>[SceShellCore] FMEM   5.0/   9.8 NPXS21007 SceMusicCoreServer
<118>[SceShellCore] FMEM   7.1/  14.4 NPXS21020 SceVoiceAndAgent
<118>[SceShellCore] FMEM   2.1/   5.1 NPXS20967 fs_cleaner.elf
<118>[SceShellCore] FMEM   2.1/  10.2 NPXS20974 SceVdecProxy.elf
<118>[SceShellCore] FMEM   2.0/  10.3 NPXS20975 SceVencProxy.elf
<118>[SceShellCore] FMEM  33.7/ 270.1 NPXS20001 SecureUIProcess.self
<118>[SceShellCore] FMEM  88.3/ 558.2 NPXS20001 SecureWebProcess.self
<118>[SceShellCore] FMEM  36.4/ 358.8 NPXS20001 orbis-jsc-compiler.self
<118>[SceShellCore] FMEM  80.5/ 163.3 NPXS20001 SceNKUIProcess
<118>[SceShellCore] FMEM  67.3/ 244.3 NPXS20001 SceNKNetworkProcess
<118>[SceShellCore] FMEM 411.6/ 765.6 NPXS20001 SceNKWebProcess
<118>[SceShellCore] Libc Heap Status: free 37%, in-use 3826.9 KB, trend +1345.6 KB/min, peak 3884.2 KB, when 62 [sec]
<118>[SceShellUI] I/PSM.UI : UI system timer elapsed 00:01:00
<118>[SceShellCore] Delete /user/TRASH/0/sticker/history_tmp.json
<118>[SceShellCore] Delete /user/TRASH/0/sticker/history_sticker.png
<118>[SceShellCore] CPU Utilization: 0.02 0.00 0.00 0.00 0.01 0.00 1.00 0.20
<118>[SceShellCore] CPU Top: timestamp 78 to 81 (3.0 sec)
<118>[SceShellCore] 99% 1023 SceIdleCpu1
<118>[SceShellCore] 99% 1023 SceIdleCpu2
<118>[SceShellCore] 99% 1023 SceIdleCpu3
<118>[SceShellCore] 99% 1023 SceIdleCpu4
<118>[SceShellCore] 99% 1023 SceIdleCpu5
<118>[SceShellCore] 98% 1023 SceIdleCpu0
<118>[SceShellCore] 80% 1023 SceIdleCpu7
<118>[SceShellCore] 76%  750 NPXS20001 SceNKWebProcessMain
<118>[SceShellCore] 16%  605 NPXS20001 SceShellUIMain
<118>[SceShellCore]  9%  297 NPXS20973 SceAoutWriteAll
<118>[SceShellCore]  2%   40 swi4: SceClock7
<118>[SceShellCore]  1%   20 irq269: sdhci0
<118>[SceShellCore]  1%   92 SceThreadTaskq
<118>[SceShellCore]  1%  747 NPXS20001 SceStrawIPCSender
<118>[SceShellCore] Delete /user/TRASH/0/_temp.dat
<118>[BVT] CPU Time : 3058 usec. 

~~~~~~~~~~~~~~~~~~~~~~~~~~~~~~~~~~~~~~~~~~~~~~~~~~~~~~~~~~~~~~~~~~~~~~~~
  _________________  .____  ________    ___ ______________ _______
 /  _____________  \ |    | \______ \  /   |   \_   _____/ \      \
/   \  ___  /   |   \|    |  |    |  \/    ~    \    __)_  /   |   \
\    \_\  \/    |    \    |__|    `   \    Y    /        \/    |    \
 \______  /\_______  /_______ \_____  /\___|_  /_______  /\____|__  /
        \/         \/        \/     \/       \/        \/         \/

                              Coded By
        _________.__  ____________________________ ________
       /   _____/|__|/   _________    _________   \_____   \
       \_____  \ |  |\_____  \   |    |  |       _/ /   |   \
       /        \|  |/        \  |    |  |    |   \/    |    \
      /_______  /|__/_______  /  |____|  |____|_  /\_________/
              \/            \/                  \/
~~~~~~~~~~~~~~~~~~~~~~~~~~~~~~~~~~~~~~~~~~~~~~~~~~~~~~~~~~~~~~~~~~~~~~~~

[GoldHEN] Installing GoldHEN in Kernel...
_aio_multi_delete() line=3797 error=16 0x10
[GoldHEN] FakePKG hooks installed!
[GoldHEN] FakeSelf hooks installed!
[GoldHEN] SceShellCore patches installed!
[GoldHEN] Kernel patches installed!
[GoldHEN] SceShellUI patches installed!
[GoldHEN] SceRemotePlay patches installed!
[GoldHEN] Klog server on port 3232
[GoldHEN] All done!
[GoldHEN] <payloader> Server started at 9090 port
<118>[SceShellCore] Libc Heap Status: free 38%, in-use 3794.3 KB, trend +14.9 KB/min, peak 3884.2 KB, when 93 [sec]
<118>[UIProcess] malloc stats freeSize:38837568 (93%) inuseSize:3105472 peakSize:4011008 [pid:0x3a]
<118>[SceShellCore] VM Stats: RSS 1199.1, kernel 267.8, wire count 324.7, swap out 0.0, page table CPU 2952/6144 GPU 367/2048
<118>[SceShellCore] FMEM   0.3/   4.5 NPXS20977 SceSysAvControl.elf
<118>[SceShellCore] FMEM   4.7/  74.3 NPXS20991 SceSysCore.elf
<118>[SceShellCore] FMEM   5.3/  54.3 NPXS20973 orbis_audiod.elf
<118>[SceShellCore] FMEM   2.6/  11.2 NPXS20976 GnmCompositor.elf
<118>[SceShellCore] FMEM  18.0/ 340.8 NPXS20000 SceShellCore
<118>[SceShellCore] FMEM 361.0/ 887.1 NPXS20001 SceShellUI
<118>[SceShellCore] FMEM   3.5/   8.3 NPXS21003 SceAvCapture
<118>[SceShellCore] FMEM   8.5/  24.5 NPXS21000 SceGameLiveStreaming
<118>[SceShellCore] FMEM  14.5/  43.7 NPXS21002 ScePartyDaemon
<118>[SceShellCore] FMEM   4.3/  25.4 NPXS21004 SceVideoCoreServer
<118>[SceShellCore] FMEM  10.8/  51.3 NPXS21006 SceRemotePlay
<118>[SceShellCore] FMEM   8.1/  39.0 NPXS21010 SceCloudClientDaemon
<118>[SceShellCore] FMEM   3.3/  10.8 NPXS21016 SceSpZeroConf
<118>[SceShellCore] FMEM   8.6/ 156.0 NPXS21002 webrtc_daemon.self
<118>[SceShellCore] FMEM   6.9/  18.1 NPXS21019 SceSocialScreenMgr
<118>[SceShellCore] FMEM   5.0/   9.8 NPXS21007 SceMusicCoreServer
<118>[SceShellCore] FMEM   7.1/  14.4 NPXS21020 SceVoiceAndAgent
<118>[SceShellCore] FMEM   2.1/   5.1 NPXS20967 fs_cleaner.elf
<118>[SceShellCore] FMEM   2.1/  10.2 NPXS20974 SceVdecProxy.elf
<118>[SceShellCore] FMEM   2.0/  10.3 NPXS20975 SceVencProxy.elf
<118>[SceShellCore] FMEM  33.7/ 270.1 NPXS20001 SecureUIProcess.self
<118>[SceShellCore] FMEM  88.4/ 558.3 NPXS20001 SecureWebProcess.self
<118>[SceShellCore] FMEM  36.4/ 358.8 NPXS20001 orbis-jsc-compiler.self
<118>[SceShellCore] FMEM  80.7/ 163.3 NPXS20001 SceNKUIProcess
<118>[SceShellCore] FMEM  68.5/ 244.6 NPXS20001 SceNKNetworkProcess
<118>[SceShellCore] FMEM 412.9/ 765.9 NPXS20001 SceNKWebProcess
<118>[SceShellUI] I/PSM.UI : OnFocusActiveSceneChanged [BrowserMain : MainScene] -> [ContentAreaScene : ContentAreaScene]
<118>[SceShellUI] I/PSM.UI :      Scene [ContentAreaScene : ContentAreaScene] : Alive
<118>SetDeviceIndexBehavior: mode=SpecificUser, param=0x1cabafca
<118>[Theme/I] : Apply [BLUE] : [Option:111111]: with preloaded user
<118>[SceShellUI] I/PSM.UI : OnFocusActiveSceneChanged [ContentAreaScene : ContentAreaScene] -> [SystemArea : SystemAreaScene]
<118>[SceShellUI] I/PSM.UI :      Scene [SystemArea : SystemAreaScene] : Alive
<118>SetDeviceIndexBehavior: mode=SpecificUser, param=0x1cabafca
<118>[Theme/I] : Apply [BLUE] : [Option:111111]: with preloaded user
<118>[SceShellCore] Libc Heap Status: free 38%, in-use 3796.9 KB, trend -30.5 KB/min, peak 3884.2 KB, when 136 [sec]
<118>[SceShellUI] I/PSM.UI : SceneQ : Loaded[0.01msec] Layout[0.00msec/0widgets] : SystemAreaPSPlus : SystemAreaPluginPSPlus
<118>[SceShellUI] I/PSM.UI : ** Unload enqueue: BrowserMain : MainScene
<118>[SceShellUI] I/PSM.UI : ** Unload enqueue: SettingsScene : SettingScene
<118>[SceShellUI] I/PSM.UI : ** Unload enqueue: BookmarkScene : BookmarkView
<118>[SceShellUI] I/PSM.UI : ** Unload enqueue: BookmarkEditScene : BookmarkEditView
<118>[SceShellUI] I/PSM.UI : ** Unload enqueue: HistoryScene : HistoryView
<118>[SceShellUI] I/PSM.UI : ** Unload enqueue: WebViewDialog : WebViewDialogScene
<118>[SceShellUI] I/PSM.UI : ** Unload enqueue: WebBrowserScene : WebBrowserScene
<118>[SceShellUI] I/PSM.UI : ** Unload enqueue: WebBrowserPlugin : WebBrowserPlugin
<118>[SceShellUI] I/PSM.UI : OnFocusActiveSceneChanged [SystemArea : SystemAreaScene] -> []
<118>SetDeviceIndexBehavior: mode=SpecificUser, param=0x1cabafca
<118>[SceShellUI] W/PSM.UI : SystemSound called when there is no FocusActiveScene !
<118>[VCS]closeSession() [APP->VCS] clientPid = 0x3f.
<118>[SceShellUI] I/PSM.UI : SceneQ : Unloaded[0.40msec] : BrowserMain : MainScene
<118>[SceShellUI] I/PSM.UI : SceneQ : Unloaded[0.03msec] : SettingsScene : SettingScene
<118>[SceShellUI] I/PSM.UI : SceneQ : Unloaded[0.03msec] : BookmarkScene : BookmarkView
<118>[SceShellUI] I/PSM.UI : SceneQ : Unloaded[0.03msec] : BookmarkEditScene : BookmarkEditView
<118>[SceShellUI] I/PSM.UI : SceneQ : Unloaded[0.03msec] : HistoryScene : HistoryView
<118>[SceShellUI] I/PSM.UI : SceneQ : Unloaded[0.28msec] : WebViewDialog : WebViewDialogScene
<118>[SceShellUI] I/PSM.UI : **** SceneQueue Reordered : rule 1-A: WebBrowserScene to QueueTop.
<118>[SceShellUI] I/PSM.UI : ** Unload enqueue: WebBrowserScene : WebBrowserScene
<118>[SceShellUI] I/PSM.UI : SceneQ : Unloaded[1.12msec] : WebBrowserScene : WebBrowserScene
<118>[SceShellUI] I/PSM.UI : **** SceneQueue Reordered : rule 1-A: WebBrowserScene to QueueTop.
<118>[SceShellUI] I/PSM.UI : SceneQ : Unloaded[0.04msec] : WebBrowserScene : WebBrowserScene
<118>[SceShellUI] I/PSM.UI : SceneQ : Unloaded[0.10msec] : WebBrowserScene : WebBrowserScene
<118>
<118>
<118>~~~~~~~~~~ 	int CreateWithSystemPermission() type=FILE, path='/user/home/1cabafca/webbrowser/window_left.txt', permission=00700
<118>
<118>
<118>[Syscore App] EVFILT_PROC NOTE_EXIT received : pid=0x3f
<118>[Syscore App] process delete event : pid=0x3f
<118>[AppMgr Trace]: pid=0x3f, deleted.
<118>[Syscore App] Syscore Event Queue Push : SCE_SYSCORE_EVENT_ON_PROCESS_UNLOADED
<118>[AppMgr] checkAppTerminated pid=0x2a is still alive in 0x60000201
<118>[Syscore App]  ExpandCpuSetMode : enable
<118>[Syscore App] Syscore Event Queue Pop : SCE_SYSCORE_EVENT_ON_PROCESS_UNLOADED
<118>
<118>
<118>~~~~~~~~~~ 	int CreateWithSystemPermission() type=FILE, path='/user/home/1cabafca/webbrowser/window_right.txt', permission=00700
<118>
<118>
<118>
<118>
<118>~~~~~~~~~~ 	int CreateWithSystemPermission() type=FILE, path='/user/home/1cabafca/webbrowser/endhistory.txt', permission=00700
<118>
<118>
<118>
<118>
<118>~~~~~~~~~~ 	int CreateWithSystemPermission() type=FILE, path='/user/home/1cabafca/webbrowser/setting.txt', permission=00700
<118>
<118>
<118>[SceShellUI] I/PSM.UI : [WebSecurity] Dispose start
<118>[Syscore App] EVFILT_PROC NOTE_EXIT received : pid=0x3e
<118>[Syscore App] process delete event : pid=0x3e
<118>[AppMgr Trace]: pid=0x3e, deleted.
<118>[Syscore App] Syscore Event Queue Push : SCE_SYSCORE_EVENT_ON_PROCESS_UNLOADED
<118>[AppMgr] checkAppTerminated pid=0x2a is still alive in 0x60000201
<118>[Syscore App]  ExpandCpuSetMode : enable
<118>[Syscore App] Syscore Event Queue Pop : SCE_SYSCORE_EVENT_ON_PROCESS_UNLOADED
<118>exit NKUIProcess 
<118>[Syscore App] EVFILT_PROC NOTE_EXIT received : pid=0x3d
<118>[Syscore App] process delete event : pid=0x3d
<118>[AppMgr Trace]: pid=0x3d, deleted.
<118>[Syscore App] Syscore Event Queue Push : SCE_SYSCORE_EVENT_ON_PROCESS_UNLOADED
<118>[AppMgr] checkAppTerminated pid=0x2a is still alive in 0x60000201
<118>[Syscore App]  ExpandCpuSetMode : enable
<118>[Syscore App] Syscore Event Queue Pop : SCE_SYSCORE_EVENT_ON_PROCESS_UNLOADED
<118>[SceShellUI] I/PSM.UI : SceneQ : Unloaded[0.55msec] : WebBrowserPlugin : WebBrowserPlugin
<118>[SceShellUI] I/PSM.UI : SceneQ : Loaded[0.00msec] Layout[0.00msec/0widgets] : SettingsPlugin : SettingsApplication
<118>[SceShellUI] I/PSM.UI : SceneQ : Loaded[0.00msec] Layout[0.00msec/0widgets] : Noname : FrameScene
<118>[SceShellUI] I/PSM.UI : SceneQ : Loaded[0.00msec] Layout[0.00msec/0widgets] : NormalStack : SettingPageNormalStack
<118>sceRemoteplayInitialize: 0x80fc0003
<118>[SceShellUI] I/PSM.UI : SceneQ : Loaded[0.00msec] Layout[0.00msec/0widgets] : SettingsBGScene : Scene
<118>[SceShellUI] I/PSM.UI : OnFocusActiveSceneChanged [] -> [id_goldhen_menu : SettingPage]
<118>[SceShellUI] I/PSM.UI :      Scene [id_goldhen_menu : SettingPage] : Alive
<118>SetDeviceIndexBehavior: mode=SpecificUser, param=0x1cabafca
<118>[Theme/I] : Apply [BLUE] : [Option:111111]: with preloaded user
<118>[SceShellUI] I/PSM.UI : SceneQ : Loaded[0.01msec] Layout[0.00msec/0widgets] : id_goldhen_menu : SettingPage
<118>[SceShellUI] I/PSM.UI : OnFocusActiveSceneChanged [id_goldhen_menu : SettingPage] -> [id_goldhen_servers_settings : SettingPage]
<118>[SceShellUI] I/PSM.UI :      Scene [id_goldhen_servers_settings : SettingPage] : Alive
<118>SetDeviceIndexBehavior: mode=SpecificUser, param=0x1cabafca
<118>[Theme/I] : Apply [BLUE] : [Option:111111]: with preloaded user
<118>[SceShellUI] I/PSM.UI : SceneQ : Loaded[0.01msec] Layout[0.00msec/0widgets] : id_goldhen_servers_settings : SettingPage
<118>[SceShellUI] I/PSM.UI : OnFocusActiveSceneChanged [id_goldhen_servers_settings : SettingPage] -> [id_goldhen_menu : SettingPage]
<118>[SceShellUI] I/PSM.UI :      Scene [id_goldhen_menu : SettingPage] : Alive
<118>SetDeviceIndexBehavior: mode=SpecificUser, param=0x1cabafca
<118>[Theme/I] : Apply [BLUE] : [Option:111111]: with preloaded user
<118>[SceShellUI] I/PSM.UI : ** Unload enqueue: id_goldhen_servers_settings : SettingPage
<118>[SceShellUI] I/PSM.UI : SceneQ : Unloaded[0.06msec] : id_goldhen_servers_settings : SettingPage
<118>[SceShellUI] I/PSM.UI : ** Unload enqueue: SettingsPlugin : SettingsApplication
<118>[SceShellUI] I/PSM.UI : OnFocusActiveSceneChanged [id_goldhen_menu : SettingPage] -> [SystemArea : SystemAreaScene]
<118>[SceShellUI] I/PSM.UI :      Scene [SystemArea : SystemAreaScene] : Alive
<118>SetDeviceIndexBehavior: mode=SpecificUser, param=0x1cabafca
<118>[Theme/I] : Apply [BLUE] : [Option:111111]: with preloaded user
<118>[SceShellUI] I/PSM.UI : ** Unload enqueue: SettingsBGScene : Scene
<118>[SceShellUI] I/PSM.UI : ** Unload enqueue: id_goldhen_menu : SettingPage
<118>[SceShellUI] I/PSM.UI : ** Unload enqueue: NormalStack : SettingPageNormalStack
<118>[SceShellUI] I/PSM.UI : ** Unload enqueue: Noname : FrameScene
<118>[SceShellUI] I/PSM.UI : SceneQ : Unloaded[0.02msec] : Noname : FrameScene
<118>[SceShellUI] I/PSM.UI : **** SceneQueue Reordered : rule 1-A: SettingsBGScene to QueueTop.
<118>[SceShellUI] I/PSM.UI : SceneQ : Unloaded[0.00msec] : SettingsBGScene : Scene
<118>[SceShellUI] I/PSM.UI : **** SceneQueue Reordered : rule 1-A: id_goldhen_menu to QueueTop.
<118>[SceShellUI] I/PSM.UI : SceneQ : Unloaded[0.00msec] : id_goldhen_menu : SettingPage
<118>[SceShellUI] I/PSM.UI : **** SceneQueue Reordered : rule 1-A: NormalStack to QueueTop.
<118>[SceShellUI] I/PSM.UI : SceneQ : Unloaded[0.06msec] : NormalStack : SettingPageNormalStack
<118>[SceShellUI] I/PSM.UI : **** SceneQueue Reordered : rule 1-A: Noname to QueueTop.
<118>[SceShellUI] I/PSM.UI : SceneQ : Unloaded[0.07msec] : Noname : FrameScene
<118>[SceShellUI] I/PSM.UI : SceneQ : Unloaded[0.00msec] : Noname : FrameScene
<118>[SceShellUI] I/PSM.UI : SceneQ : Unloaded[0.06msec] : SettingsPlugin : SettingsApplication
<118>[SceShellUI] I/PSM.UI : OnFocusActiveSceneChanged [SystemArea : SystemAreaScene] -> [ContentAreaScene : ContentAreaScene]
<118>[SceShellUI] I/PSM.UI :      Scene [ContentAreaScene : ContentAreaScene] : Alive
<118>SetDeviceIndexBehavior: mode=SpecificUser, param=0x1cabafca
<118>[Theme/I] : Apply [BLUE] : [Option:111111]: with preloaded user
<118>[SceShellUI] I/PSM.UI : ** Unload enqueue: SystemAreaPSPlus : SystemAreaPluginPSPlus
<118>[SceShellUI] I/PSM.UI : SceneQ : Unloaded[0.25msec] : SystemAreaPSPlus : SystemAreaPluginPSPlus
<118>[SceShellCore] Libc Heap Status: free 38%, in-use 3783.9 KB, trend -10.6 KB/min, peak 3884.2 KB, when 167 [sec]
preloaded user
<118>[SceShellUI] I/PSM.UI : SceneQ : Loaded[0.00msec] Layout[0.00msec/0widgets] : id_goldhen_menu : SettingPage
R: map(382) cpuaddr is not aligned on an 16383 boundary.
[DEBUG] [source/main.c (_main:700)] [NOTIFICATION]: selfdec2 step 4 rc=4 ffffffffffffffea 0 0
[DEBUG] [source/main.c (_main:712)] [NOTIFICATION]: selfdec2: stopping here
[DEBUG] [source/main.c (_main:759)] [NOTIFICATION]: selfdec2: done
lf
<118>[SceShellCore] FMEM   6.9/  18.1 NPXS21019 SceSocialScreenMgr
<118>[SceShellCore] FMEM   5.0/   9.8 NPXS21007 SceMusicCoreServer
<118>[SceShellCore] FMEM   7.2/  14.4 NPXS21020 SceVoiceAndAgent
<118>[SceShellCore] FMEM   2.1/   5.1 NPXS20967 fs_cleaner.elf
<118>[SceShellCore] FMEM   2.1/  10.2 NPXS20974 SceVdecProxy.elf
<118>[SceShellCore] FMEM   2.0/  10.3 NPXS20975 SceVencProxy.elf
<118>[SceShellCore] FMEM  33.7/ 270.1 NPXS20001 SecureUIProcess.self
<118>[SceShellCore] FMEM  88.4/ 558.4 NPXS20001 SecureWebProcess.self
<118>[SceShellCore] FMEM  36.4/ 358.8 NPXS20001 orbis-jsc-compiler.self
lf
<118>[SceShellCore] FMEM   6.9/  18.1 NPXS21019 SceSocialScreenMgr
<118>[SceShellCore] FMEM   5.0/   9.8 NPXS21007 SceMusicCoreServer
<118>[SceShellCore] FMEM   7.2/  14.4 NPXS21020 SceVoiceAndAgent
<118>[SceShellCore] FMEM   2.1/   5.1 NPXS20967 fs_cleaner.elf
<118>[SceShellCore] FMEM   2.1/  10.2 NPXS20974 SceVdecProxy.elf
<118>[SceShellCore] FMEM   2.0/  10.3 NPXS20975 SceVencProxy.elf
<118>[SceShellCore] FMEM  33.7/ 270.1 NPXS20001 SecureUIProcess.self
<118>[SceShellCore] FMEM  88.4/ 558.4 NPXS20001 SecureWebProcess.self
<118>[SceShellCore] FMEM  36.4/ 358.8 NPXS20001 orbis-jsc-compiler.self
llUI] I/PSM.UI : **** SceneQueue Reordered : rule 1-A: NormalStack to QueueTop.
<118>[SceShellUI] I/PSM.UI : SceneQ : Unloaded[0.01msec] : NormalStack : SettingPageNormalStack
<118>[SceShellUI] I/PSM.UI : **** SceneQueue Reordered : rule 1-A: Noname to QueueTop.
<118>[SceShellUI] I/PSM.UI : SceneQ : Unloaded[0.00msec] : Noname : FrameScene
<118>[SceShellUI] I/PSM.UI : SceneQ : Unloaded[0.00msec] : Noname : FrameScene
<118>[SceShellUI] I/PSM.UI : SceneQ : Unloaded[0.02msec] : SettingsPlugin : SettingsApplication
lf
<118>[SceShellCore] FMEM   6.9/  18.1 NPXS21019 SceSocialScreenMgr
<118>[SceShellCore] FMEM   5.0/   9.8 NPXS21007 SceMusicCoreServer
<118>[SceShellCore] FMEM   7.2/  14.4 NPXS21020 SceVoiceAndAgent
<118>[SceShellCore] FMEM   2.1/   5.1 NPXS20967 fs_cleaner.elf
<118>[SceShellCore] FMEM   2.1/  10.2 NPXS20974 SceVdecProxy.elf
<118>[SceShellCore] FMEM   2.0/  10.3 NPXS20975 SceVencProxy.elf
<118>[SceShellCore] FMEM  33.7/ 270.1 NPXS20001 SecureUIProcess.self
<118>[SceShellCore] FMEM  88.4/ 558.4 NPXS20001 SecureWebProcess.self
<118>[SceShellCore] FMEM  36.4/ 358.8 NPXS20001 orbis-jsc-compiler.self
preloaded user
<118>[SceShellUI] I/PSM.UI : ** Unload enqueue: id_goldhen_utils_payloader : SettingPage
<118>[SceShellUI] I/PSM.UI : SceneQ : Unloaded[0.01msec] : id_goldhen_utils_payloader : SettingPage
<118>[SceShellUI] I/PSM.UI : ** Unload enqueue: id_goldhen_utils : SettingPage
<118>[SceShellUI] I/PSM.UI : ** Unload enqueue: SettingsBGScene : Scene
<118>[SceShellUI] I/PSM.UI : ** Unload enqueue: id_goldhen_menu : SettingPage
<118>[SceShellUI] I/PSM.UI : ** Unload enqueue: NormalStack : SettingPageNormalStack
<118>[SceShellUI] I/PSM.UI : ** Unload enqueue: Noname : FrameScene
<118>[SceShellUI] I/PSM.UI : SceneQ : Unloaded[0.02msec] : Noname : FrameScene
<118>[SceShellUI] I/PSM.UI : **** SceneQueue Reordered : rule 1-A: id_goldhen_utils to QueueTop.
<118>[SceShellUI] I/PSM.UI : SceneQ : Unloaded[0.01msec] : id_goldhen_utils : SettingPage
<118>[SceShellUI] I/PSM.UI : **** SceneQueue Reordered : rule 1-A: SettingsBGScene to QueueTop.
<118>[SceShellUI] I/PSM.UI : SceneQ : Unloaded[0.00msec] : SettingsBGScene : Scene
<118>[SceShellUI] I/PSM.UI : **** SceneQueue Reordered : rule 1-A: id_goldhen_menu to QueueTop.
<118>[SceShellUI] I/PSM.UI : SceneQ : Unloaded[0.05msec] : id_goldhen_menu : SettingPage
<118>[SceShellUI] I/PSM.UI : **** SceneQueue Reordered : rule 1-A: NormalStack to QueueTop.
<118>[SceShellCore] Libc Heap Status: free 37%, in-use 3825.2 KB, trend -1.7 KB/min, peak 4320.2 KB, when 645 [sec]
<118>[SceShellUI] I/PSM.UI : SceneQ : Unloaded[0.01msec] : NormalStack : SettingPageNormalStack
<118>[SceShellUI] I/PSM.UI : **** SceneQueue Reordered : rule 1-A: Noname to QueueTop.
<118>[SceShellUI] I/PSM.UI : SceneQ : Unloaded[0.00msec] : Noname : FrameScene
<118>[SceShellUI] I/PSM.UI : SceneQ : Unloaded[0.00msec] : Noname : FrameScene
<118>[SceShellUI] I/PSM.UI : SceneQ : Unloaded[0.02msec] : SettingsPlugin : SettingsApplication
lf
<118>[SceShellCore] FMEM   6.9/  18.1 NPXS21019 SceSocialScreenMgr
<118>[SceShellCore] FMEM   5.0/   9.8 NPXS21007 SceMusicCoreServer
<118>[SceShellCore] FMEM   7.2/  14.4 NPXS21020 SceVoiceAndAgent
<118>[SceShellCore] FMEM   2.1/   5.1 NPXS20967 fs_cleaner.elf
<118>[SceShellCore] FMEM   2.1/  10.2 NPXS20974 SceVdecProxy.elf
<118>[SceShellCore] FMEM   2.0/  10.3 NPXS20975 SceVencProxy.elf
<118>[SceShellCore] FMEM  33.7/ 270.2 NPXS20001 SecureUIProcess.self
<118>[SceShellCore] FMEM  88.4/ 558.4 NPXS20001 SecureWebProcess.self
<118>[SceShellCore] FMEM  36.4/ 358.8 NPXS20001 orbis-jsc-compiler.self
===== capture end after 32 connections =====
