
===== capture start 2026-09-21 15:27:54 (up to 900s) =====
ullPath = /system/common/lib/SecureUIProcess.self
<118>[SceShellUI] W/PSM.UI : ** NOTICE: LoadSync : TopMenuFrameScene : VoiceRecognitionFrameScene
<118>[SceShellUI] W/PSM.UI : ** NOTICE: LoadSync : LiveArea : ContainerScene
<118>[SceShellUI] W/PSM.UI : ** NOTICE: LoadSync : ContentsArea : ContainerScene
<118>[SceShellUI] W/PSM.UI : ** NOTICE: LoadSync : SystemArea : ContainerScene
<118>[SceShellUI] W/PSM.UI : ** NOTICE: LoadSync : TopMenuFG : Scene
<118>[SceShellUI][BVT] TopMenuPlugin Loaded.
<118>[SceShellUI] I/PSM.UI : SceneQ : Loaded[0.01msec] Layout[0.00msec/0widgets] : TopMenuPlugin : TopMenuPlugin
<118>[Syscore App] new pid=0x3b[Syscore App] attributeExe= 0
<118>[Syscore App] Ready to exec
<118>[Syscore App] wait for NOTE_EXIT|NOTE_EXEC
<118>[Syscore App] Add event : pid=0x3b
<118>[AppMgr Trace]: New Process, pid=0x3b, created.
<118>[Theme/I] : Mount : path [/addcont0]
<118>[Theme/I] : Mount : formatVersion : [contents:4.0][systemsoftware:4.0]
<118>[Theme/I] : Mount[BLUE] : [ThemeColor] : Purple
<118>[Theme/I] : Mount[BLUE] : [BgTexture] : [HomeScreen:N/A][FuncScreen:N/A]
<118>[Theme/I] : Mount[BLUE] : [Icons] : default/customized icons
<118>[Theme/I] :  ContentIcons : [browser:C][gallery:C][livefromps:C][disc:C][discoverlay:C][tvvideo:C][library:C][usbmusic:C][shareplay:C][folder:C]
<118>[Theme/I] :  SystemIcons  : [notification:C][friend:C][community:C][event:C][message:C][party:C][trophy:C][setting:C][power:C]
<118>[Theme/I] :  SystemGlows  : [notification:C][friend:C][community:C][event:C][message:C][party:C][trophy:C][setting:C][power:C]
<118>[Theme/I] :  SystemIconBgs: [functionareabar:D]
<118>[Theme/I] : Mount[BLUE] : [BgSceneGraph] : [HomeScreen:C][FuncScreen:C]
<118>[Theme/I] : Mount[BLUE] : [Color] : [Font:FFFFFFFF][FontShadow:FF130E0B][ThemedFocus:FF130E0B]
<118>[Theme/I] : Mount[BLUE] : [Dimmer] : [Home:00FFFFFF][Function:00FFFFFF][Title:00FFFFFF]
<118>[Theme/I] : Mount[BLUE] : [Bgm/SE] : [bgmHome:C][seDecide:C][seCancel:C][seCursor:C]
<118>[Theme/I] : ** Mount finished : [BLUE][Type:Download][Label:MC-Cherry-Blossom-Lake] **
<118>[Theme/I] : Apply [ANONYMOUS] : [Option:000001]: with not preloaded user
<118>[Theme/I] : Apply [ANONYMOUS] : [Option:101001]: with not preloaded user
<118>UserContentRetriever.GetUrl(): https://nsx.sec.np.dl.playstation.net/nsx/cp/np/v1/manifestList.json
<118>[Theme/I] : ** Unload started : [ANONYMOUS][Type:Original] **
<118>[Theme/I] : ** Unload finished : [ANONYMOUS][Type:Original] **
<118>UserContentRetriever.GetUrl(): https://nsx.sec.np.dl.playstation.net/nsx/cp/np/v1/ps4ContentArea/manifests/countries/sa/contentList.json
<118>[Theme/I] : ** Preload started : [BLUE][Type:Download][Label:MC-Cherry-Blossom-Lake] **
<118>[Theme/I] : Preload[BLUE] : [BgTexture] : no entry
<118>[Theme/I] : Preload[BLUE] : [Icons] : default/customized icons
<118>[SceLncService] Enable SecureWebProcess.self to expand CPU
<118>[Syscore App] Start sceApplicationAddProcess /MoXlOjSFEJ/common/lib/SecureWebProcess.self
<118>[Syscore App] calling add process
<118>[Syscore App] processSpawn(pid, 0x60000201, 0x10201113, appParam, processParam, 0, 0, 0, param, debug, 0)
<118>[Syscore App] appParam: appType = 0x5, rootPath = /mnt/sandbox/NPXS20001_000, titleId = NPXS20001
<118>[Syscore App] processParam: elfPath = /MoXlOjSFEJ/common/lib/SecureWebProcess.self, fullPath = /system/common/lib/SecureWebProcess.self
<118>[Syscore App] new pid=0x3c[Syscore App] attributeExe= 0
<118>[Syscore App] Ready to exec
<118>[Syscore App] wait for NOTE_EXIT|NOTE_EXEC
<118>[Syscore App] Add event : pid=0x3c
<118>[AppMgr Trace]: New Process, pid=0x3c, created.
<118>[Theme/I] : Preload[BLUE] : [BgSceneGraph] : [HomeScreen:C][FuncScreen:C]
<118>[UCMan] eventHandler()[124]: PUSH:cmd=1,opt=0,title=CUSA00568,user=481013706
<118>[UCMan] eventHandler()[124]: PUSH:cmd=1,opt=0,title=CUSA06172,user=481013706
<118>[UCMan] eventHandler()[124]: PUSH:cmd=0,opt=0,title=CUSA00572,user=481013706
<118>[UCMan] eventHandler()[124]: PUSH:cmd=0,opt=0,title=CUSA01780,user=481013706
<118>[UCMan] eventHandler()[124]: PUSH:cmd=1,opt=0,title=NPXS20125,user=481013706
<118>[UCMan] eventHandler()[124]: PUSH:cmd=0,opt=0,title=NPXS20123,user=481013706
<118>[Syscore App] Start sceApplicationAddProcess /MoXlOjSFEJ/common/lib/orbis-jsc-compiler.self
<118>[Syscore App] calling add process
<118>[Syscore App] processSpawn(pid, 0x60000201, 0x10201124, appParam, processParam, 0, 0, 0, param, debug, 0)
<118>[Syscore App] appParam: appType = 0x5, rootPath = /mnt/sandbox/NPXS20001_000, titleId = NPXS20001
<118>[Syscore App] processParam: elfPath = /MoXlOjSFEJ/common/lib/orbis-jsc-compiler.self, fullPath = /system/common/lib/orbis-jsc-compiler.self
<118>[Syscore App] Start sceApplicationAddProcess /MoXlOjSFEJ/common/lib/orbis-jsc-compiler.self
<118>[Syscore App] calling add process
<118>[Syscore App] new pid=0x3d[Syscore App] attributeExe= 0
<118>[Syscore App] Ready to exec
<118>[Syscore App] wait for NOTE_EXIT|NOTE_EXEC
<118>[Syscore App] Add event : pid=0x3d
<118>[AppMgr Trace]: New Process, pid=0x3d, created.
<118>[Syscore App] processSpawn(pid, 0x60000201, 0x10201135, appParam, processParam, 0, 0, 0, param, debug, 0)
<118>[Syscore App] appParam: appType = 0x5, rootPath = /mnt/sandbox/NPXS20001_000, titleId = NPXS20001
<118>[Syscore App] processParam: elfPath = /MoXlOjSFEJ/common/lib/orbis-jsc-compiler.self, fullPath = /system/common/lib/orbis-jsc-compiler.self
<118>[Syscore App] new pid=0x3e[Syscore App] attributeExe= 0
<118>[Syscore App] Ready to exec
<118>[Syscore App] wait for NOTE_EXIT|NOTE_EXEC
<118>[Syscore App] Add event : pid=0x3e
<118>[AppMgr Trace]: New Process, pid=0x3e, created.
<118>[UCMan] eventHandler()[124]: PUSH:cmd=0,opt=0,title=NPXS20167,user=481013706
<118>[Theme/I] : Preload[BLUE] : [BgSceneGraph] : [Mesh:113] [Mem:142490 bytes] [VMem:15870300 bytes]
<118>[Theme/I] : Preload[BLUE] : [Color] : [Font:FFFFFFFF][FontShadow:FF130E0B]
<118>[Theme/I] : Preload[BLUE] : [Dimmer] : [Home:00FFFFFF][Function:00FFFFFF][Title:00FFFFFF]
<118>[Theme/I] : Preload[BLUE] : [Bgm] : customized sounds
<118>[SceShellUI] E/PSM.UI : bgm p wrapper : StopBgmPlayer already stopped [/app0/systembgm/bgm_main.at9]
<118>[UCMan] eventHandler()[124]: PUSH:cmd=1,opt=0,title=NPIA07116,user=481013706
<118>[SceShellUI] I/PSM.UI : LoadAsync of custom SE is finished.
<118>[Theme/I] : ** Preload finished : [BLUE][Type:Download][Label:MC-Cherry-Blossom-Lake] **
<118>[Theme/I] : Apply [BLUE] : [Option:111111]: with preloaded user
<118>[ThemeColorManager] Update ThemeColor Skin to Purple
<118>[SceShellUI] I/PSM.UI : SceneQ : Loaded[0.73msec] Layout[0.00msec/0widgets] : TopMenuControlPlugin : TopMenuControlPlugin
<118>[SceShellUI] I/PSM.UI : **** Ignored unload request because of unload is already enqueued : Parent_SenWebViewScene2
<118>[SceShellUI] I/PSM.UI : SceneQ : Unloaded[0.30msec] : Parent_SenWebViewScene2 : FrameModalScene
<118>[SceShellUI] I/PSM.UI : SceneQ : Unloaded[0.04msec] : UserSelectScene : UserSelectScene
<118>[SenWebViewScene2] HideConnectingPanel()
<118>[SceShellUI] I/PSM.UI : SceneQ : Unloaded[0.04msec] : SenWebViewScene2 : SenWebViewScene2
<118>[LoginMgrRootScene:OnUnloaded]
<118>[LoginMgr:EventQueue] EnableDispatch - launchMode : SelectUser --> True
<118>[SceShellUI] I/PSM.UI : SceneQ : Unloaded[0.45msec] : LoginMgrRootScene : LoginMgrRootScene
<118>[SceShellUI] I/PSM.UI : Created font: name=[__System__], size=[22], style=[Normal], weight=[Medium], handle=[0x95513e2f]
<118>[SceShellUI] W/PSM.UI : WARNING : Scene LayoutBuild : [5.07msec/52widgets] : SystemArea : SystemAreaScene
<118>[LoginMgr] OnLoginMgrDispatchEvent
<118>[LoginMgr:EventQueue] Dispatch - NotFound
<118>[LoginMgrImposePlugin] RequestUnload() - loginUserNum : 1
<118>[SceShellUI] I/PSM.UI : ** Unload enqueue: Noname : NoNameScene
<118>[SceShellUI] I/PSM.UI : ** Unload enqueue: LoginMgrFrame : LoginMgrFrameScene
<118>[SceShellUI] I/PSM.UI : ** Unload enqueue: Noname : LoginMgrImposePlugin
<118>#LOGIN MGR# : \login_dialog_mgr.cpp(111) : Unloaded : 
<118>#LOGIN MGR# : \login_dialog_mgr.cpp(240) : setResult : 
<118>[SceShellUI] I/PSM.UI : OnFocusActiveSceneChanged [Noname : NoNameScene] -> [TopMenuBG : Scene]
<118>[SceShellUI] I/PSM.UI :      Scene [TopMenuBG : Scene] : Alive
<118>SetDeviceIndexBehavior: mode=SpecificUser, param=0x1cabafca
<118>[Theme/I] : Apply [BLUE] : [Option:111111]: with preloaded user
<118>[Performance Warning] framedrop count 1
<118>[UCMan] eventHandler()[124]: PUSH:cmd=1,opt=0,title=NPIA07119,user=481013706
<118>[SceShellUI] I/PSM.UI : Created font: name=[__System__], size=[22], style=[Normal], weight=[Light], handle=[0x95512a2f]
<118>[SceShellUI] I/PSM.UI : SceneQ : Loaded[0.01msec] Layout[5.07msec/52widgets] : SystemArea : SystemAreaScene
<118>[SceShellUI] I/PSM.UI : Created font: name=[__System__], size=[26], style=[Normal], weight=[Normal], handle=[0x95512d2f]
<118>[Performance Warning] framedrop count 3
<118>[SceShellUI] I/PSM.UI : SceneQ : Loaded[0.01msec] Layout[0.19msec/1widgets] : LiveAreaScene : LiveAreaScene
<118>PRINT_TIME_TICK#: 77670 msec -- BootEffect : start
SERIAL_PRINT_TIME_TICK#: 77670 msec -- BootEffect : start
<118>[SceShellUI] I/PSM.UI : OnFocusActiveSceneChanged [TopMenuBG : Scene] -> [ContentAreaScene : ContentAreaScene]
<118>[SceShellUI] I/PSM.UI :      Scene [ContentAreaScene : ContentAreaScene] : Alive
<118>SetDeviceIndexBehavior: mode=SpecificUser, param=0x1cabafca
<118>[Theme/I] : Apply [BLUE] : [Option:111111]: with preloaded user
<118>[SceShellUI] I/PSM.UI : SceneQ : Loaded[0.01msec] Layout[0.21msec/1widgets] : ContentAreaScene : ContentAreaScene
<118>[SceShellUI] I/PSM.UI : SceneQ : Unloaded[0.04msec] : Noname : NoNameScene
<118>[SceShellUI] I/PSM.UI : SceneQ : Unloaded[0.04msec] : LoginMgrFrame : LoginMgrFrameScene
<118>[SceShellUI] I/PSM.UI : SceneQ : Unloaded[3.83msec] : Noname : LoginMgrImposePlugin
<118>[Performance Warning] framedrop count 6
<118>GetPlusInfoJob : Run(Start)
<118>GetPlusInfoJob : Run(End)
<118>GetPlusInfoJob : Finish / Cancelled False / Result True
<118>[UpdateUserInfoforPlus] upd_userId : 481013706 / type : Member
<118>[AudioOut] sceAudioOutOpen() with restricted flag:pid=0x2a ch=8
<118>[UCMan] eventHandler()[124]: PUSH:cmd=1,opt=0,title=NPIA07123,user=481013706
<118>[UCMan] eventHandler()[124]: PUSH:cmd=1,opt=0,title=NPIA07126,user=481013706
<118>[UCMan] eventHandler()[124]: PUSH:cmd=1,opt=0,title=NPIA07134,user=481013706
<118>[UCMan] eventHandler()[124]: PUSH:cmd=1,opt=0,title=NPIA07138,user=481013706
<118>[UCMan] eventHandler()[124]: PUSH:cmd=1,opt=0,title=NPIA07141,user=481013706
<118>[UCMan] eventHandler()[124]: PUSH:cmd=1,opt=0,title=NPIA07144,user=481013706
<118>[UCMan] eventHandler()[124]: PUSH:cmd=1,opt=0,title=NPIA07147,user=481013706
<118>[UCMan] eventHandler()[124]: PUSH:cmd=1,opt=0,title=NPIA07152,user=481013706
<118>[UCMan] eventHandler()[124]: PUSH:cmd=1,opt=0,title=NPIA07155,user=481013706
<118>[UCMan] eventHandler()[124]: PUSH:cmd=1,opt=0,title=NPIA07158,user=481013706
<118>[UCMan] eventHandler()[124]: PUSH:cmd=1,opt=0,title=NPIA07163,user=481013706
<118>[UCMan] eventHandler()[124]: PUSH:cmd=1,opt=0,title=NPIA07166,user=481013706
<118>[UCMan] eventHandler()[124]: PUSH:cmd=1,opt=0,title=NPIA07169,user=481013706
<118>[UCMan] eventHandler()[124]: PUSH:cmd=1,opt=0,title=NPIA07177,user=481013706
<118>[Sce.Vsh.Db.Shared.ConnectionManager] Open /MoXlOjSFEJ/priv/messages/1cabafca/messages.db(),/MoXlOjSFEJ/priv/messages/1cabafca/attachment.db(attach1), ReadOnly 
<118>[UCMan] eventHandler()[124]: PUSH:cmd=1,opt=0,title=NPIA07174,user=481013706
<118>[UCMan] eventHandler()[124]: PUSH:cmd=1,opt=0,title=NPIA07180,user=481013706
<118>[UCMan] eventHandler()[124]: PUSH:cmd=1,opt=0,title=NPIA07183,user=481013706
<118>[UCMan] eventHandler()[124]: PUSH:cmd=1,opt=0,title=NPIA07186,user=481013706
<118>[UCMan] eventHandler()[124]: PUSH:cmd=1,opt=0,title=NPIA07189,user=481013706
<118>[Syscore App] EVFILT_PROC NOTE_EXIT received : pid=0x3a
<118>[Syscore App] process delete event : pid=0x3a
<118>[AppMgr Trace]: pid=0x3a, deleted.
<118>[Syscore App] Syscore Event Queue Push : SCE_SYSCORE_EVENT_ON_PROCESS_UNLOADED
<118>[AppMgr] checkAppTerminated pid=0x2a is still alive in 0x60000201
<118>[Syscore App]  ExpandCpuSetMode : enable
<118>[Syscore App] EVFILT_PROC NOTE_EXIT received : pid=0x3e
<118>[Syscore App] Syscore Event Queue Pop : SCE_SYSCORE_EVENT_ON_PROCESS_UNLOADED
<118>[Syscore App] process delete event : pid=0x3e
<118>[AppMgr Trace]: pid=0x3e, deleted.
<118>[Syscore App] Syscore Event Queue Push : SCE_SYSCORE_EVENT_ON_PROCESS_UNLOADED
<118>[AppMgr] checkAppTerminated pid=0x2a is still alive in 0x60000201
<118>[Syscore App]  ExpandCpuSetMode : enable
<118>[Syscore App] Syscore Event Queue Pop : SCE_SYSCORE_EVENT_ON_PROCESS_UNLOADED
<118>[UCMan] eventHandler()[124]: PUSH:cmd=1,opt=0,title=NPIA07194,user=481013706
<118>[UCMan] eventHandler()[124]: PUSH:cmd=1,opt=0,title=NPIA07201,user=481013706
<118>[UCMan] eventHandler()[124]: PUSH:cmd=1,opt=0,title=NPIA07206,user=481013706
<118>[UCMan] eventHandler()[124]: PUSH:cmd=1,opt=0,title=NPIA07211,user=481013706
<118>[UCMan] eventHandler()[124]: PUSH:cmd=1,opt=0,title=NPIA07214,user=481013706
<118>[UCMan] eventHandler()[124]: PUSH:cmd=1,opt=0,title=NPIA07222,user=481013706
<118>[Performance Warning] framedrop count 1
<118>[UCMan] eventHandler()[124]: PUSH:cmd=1,opt=0,title=NPIA07229,user=481013706
<118>[UCMan] eventHandler()[124]: PUSH:cmd=1,opt=0,title=NPIA07232,user=481013706
<118>[UCMan] eventHandler()[124]: PUSH:cmd=1,opt=0,title=NPIA07236,user=481013706
<118>#LOGIN MGR# : \event_thread.cpp(129) : Run : Event Received : SCE_LOGIN_MGR_EVENT_RESUME_EVENT_WATCH
<118>#LOGIN MGR# [RunDisableWaitData]
<118>#LOGIN MGR# [DequeueDisableWaitData] deviceId : 0xffffffffffffffff / size : 0 
<118>#LOGIN MGR# [RunDisableWaitData] ret : -2135556087 / deviceId : 0xffffffffffffffff 
<118>PRINT_TIME_TICK#: 79544 msec -- BootEffect : end
<118>PRINT_TIME_TICK#: 79544 msec -- FinishBootEffect : Shell UI is Ready.
<118>[UCMan] eventHandler()[124]: PUSH:cmd=1,opt=0,title=NPIA07242,user=481013706
SERIAL_PRINT_TIME_TICK#: 79544 msec -- BootEffect : end
SERIAL_PRINT_TIME_TICK#: 79592 msec -- FinishBootEffect : Shell UI is Ready.
<118>[BVT] Cold boot time : 79599 msec
<118>[BVT] frame drop : 491
<118>[UCMan] eventHandler()[124]: PUSH:cmd=1,opt=0,title=NPIA07244,user=481013706
<118>[UCMan] eventHandler()[124]: PUSH:cmd=1,opt=0,title=NPIA07252,user=481013706
<118>[UCMan] eventHandler()[124]: PUSH:cmd=1,opt=0,title=NPIA07255,user=481013706
<118>[UCMan] eventHandler()[124]: PUSH:cmd=1,opt=0,title=NPIA07262,user=481013706
<118>[UCMan] eventHandler()[124]: PUSH:cmd=1,opt=0,title=NPIA07266,user=481013706
<118>[UCMan] eventHandler()[124]: PUSH:cmd=1,opt=0,title=NPIA07270,user=481013706
<118>[UCMan] eventHandler()[124]: PUSH:cmd=1,opt=0,title=NPIA07273,user=481013706
<118>[UCMan] eventHandler()[124]: PUSH:cmd=1,opt=0,title=NPIA07278,user=481013706
<118>D/88391:APOL00004
<118>[SceShellUI] I/PSM.UI : Created font: name=[__System__], size=[60], style=[Normal], weight=[Light], handle=[0x9551f42f]
<118>[SceShellUI] I/PSM.UI : UI system timer elapsed 00:01:00
<118>D/88391:
<118>D/88391:NPXS20105
<118>libpng warning: iCCP: cHRM chunk does not match sRGB
<118>libpng warning: iCCP: cHRM chunk does not match sRGB
<118>D/88391:
<118>D/88391:CUSA01015
<118>D/88391:
<118>D/88391:NPXS20123
<118>D/88391:
<118>D/88391:NPXS20102
<118>[SceShellCore] Delete /user/TRASH/0/sticker/history_tmp.json
<118>D/88391:
<118>D/88391:NPXS20123
<118>D/88391:
<118>D/88391:NPXS20102
<118>[ShellUI][SharedWebView][BVT] OnFinishedLoad : 8545 ms
<118>[SceShellCore] Delete /user/TRASH/0/sticker/history_sticker.png
<118>[SceShellUI] I/PSM.UI : OnFocusActiveSceneChanged [ContentAreaScene : ContentAreaScene] -> []
<118>SetDeviceIndexBehavior: mode=SpecificUser, param=0x1cabafca
<118>[SceShellUI] I/PSM.UI : SceneQ : Loaded[0.01msec] Layout[0.00msec/0widgets] : WebBrowserPlugin : WebBrowserPlugin
<118>[System Telemetry(EVT d11)] Elapsed time for retrieving online friends : 0 msec, sentLog=False
<118>[SceShellUI] I/PSM.UI : SceneQ : Loaded[0.00msec] Layout[0.00msec/0widgets] : WebBrowserScene : WebBrowserScene
<118>[SceShellUI] I/PSM.UI : OnFocusActiveSceneChanged [] -> [SettingsScene : SettingScene]
<118>[SceShellUI] I/PSM.UI :      Scene [SettingsScene : SettingScene] : Alive
<118>SetDeviceIndexBehavior: mode=SpecificUser, param=0x1cabafca
<118>[Theme/I] : Apply [BLUE] : [Option:111111]: with preloaded user
<118>[Syscore App] Start sceApplicationAddProcess /MoXlOjSFEJ/common/lib/NKUIProcess.self
<118>[Syscore App] calling add process
<118>[Syscore App] processSpawn(pid, 0x60000201, 0x10201142, appParam, processParam, 0, 0, 0, param, debug, 0)
<118>[Syscore App] appParam: appType = 0x5, rootPath = /mnt/sandbox/NPXS20001_000, titleId = NPXS20001
<118>[Syscore App] processParam: elfPath = /MoXlOjSFEJ/common/lib/NKUIProcess.self, fullPath = /system/common/lib/NKUIProcess.self
<118>[Syscore App] new pid=0x3f[Syscore App] attributeExe= 0
<118>[Syscore App] Ready to exec
<118>[Syscore App] wait for NOTE_EXIT|NOTE_EXEC
<118>[SceShellUI] I/PSM.UI : SceneQ : Loaded[0.00msec] Layout[0.00msec/0widgets] : BrowserMain : MainScene
<118>[SceShellUI] I/PSM.UI : OnFocusActiveSceneChanged [SettingsScene : SettingScene] -> [WebViewDialog : WebViewDialogScene]
<118>[SceShellUI] I/PSM.UI :      Scene [WebViewDialog : WebViewDialogScene] : Alive
<118>SetDeviceIndexBehavior: mode=SpecificUser, param=0x1cabafca
<118>[Theme/I] : Apply [BLUE] : [Option:111111]: with preloaded user
<118>[Syscore App] Add event : pid=0x3f
<118>[AppMgr Trace]: New Process, pid=0x3f, created.
<118>[SceShellCore] Delete /user/TRASH/0/_temp.dat
<118>[SceShellUI] I/PSM.UI : SceneQ : Loaded[0.01msec] Layout[0.00msec/0widgets] : SettingsScene : SettingScene
<118>[SceShellUI] I/PSM.UI : SceneQ : Loaded[0.01msec] Layout[0.00msec/0widgets] : BookmarkScene : BookmarkView
<118>[SceShellUI] I/PSM.UI : SceneQ : Loaded[0.00msec] Layout[0.00msec/0widgets] : BookmarkEditScene : BookmarkEditView
<118>[SceShellUI] I/PSM.UI : SceneQ : Loaded[0.00msec] Layout[0.00msec/0widgets] : HistoryScene : HistoryView
<118>[ShellUI][SharedWebView][BVT] OnNotifyDidFinishLoading : 10041 ms
<118>[SceShellUI] I/PSM.UI : SceneQ : Loaded[0.01msec] Layout[0.00msec/0widgets] : WebViewDialog : WebViewDialogScene
<118>[SceShellUI] I/PSM.UI : OnFocusActiveSceneChanged [WebViewDialog : WebViewDialogScene] -> [BrowserMain : MainScene]
<118>[SceShellUI] I/PSM.UI :      Scene [BrowserMain : MainScene] : Alive
<118>SetDeviceIndexBehavior: mode=SpecificUser, param=0x1cabafca
<118>[Theme/I] : Apply [BLUE] : [Option:111111]: with preloaded user
<118>[ShellUI][SharedWebView][BVT] OnNotifyDidFinishLoading : 12125 ms
<118>[ShellUI][SharedWebView][BVT] OnFinishedLoad : 12307 ms
<118>[Syscore App] Start sceApplicationAddProcess /MoXlOjSFEJ/common/lib/NKNetworkProcess.self
<118>[Syscore App] calling add process
<118>[Syscore App] processSpawn(pid, 0x60000201, 0x10201155, appParam, processParam, 0, 0, 0, param, debug, 0)
<118>[Syscore App] appParam: appType = 0x5, rootPath = /mnt/sandbox/NPXS20001_000, titleId = NPXS20001
<118>[Syscore App] processParam: elfPath = /MoXlOjSFEJ/common/lib/NKNetworkProcess.self, fullPath = /system/common/lib/NKNetworkProcess.self
<118>[Syscore App] new pid=0x40[Syscore App] attributeExe= 0
<118>[Syscore App] Ready to exec
<118>[Syscore App] wait for NOTE_EXIT|NOTE_EXEC
<118>[Syscore App] Add event : pid=0x40
<118>[AppMgr Trace]: New Process, pid=0x40, created.
<118>[Syscore App] Start sceApplicationAddProcess /MoXlOjSFEJ/common/lib/NKWebProcess.self
<118>[Syscore App] calling add process
<118>[Syscore App] processSpawn(pid, 0x60000201, 0x10201166, appParam, processParam, 0, 0, 0, param, debug, 0)
<118>[Syscore App] appParam: appType = 0x5, rootPath = /mnt/sandbox/NPXS20001_000, titleId = NPXS20001
<118>[Syscore App] processParam: elfPath = /MoXlOjSFEJ/common/lib/NKWebProcess.self, fullPath = /system/common/lib/NKWebProcess.self
<118>[Syscore App] new pid=0x41[Syscore App] attributeExe= 0
<118>[Syscore App] Ready to exec
<118>[Syscore App] wait for NOTE_EXIT|NOTE_EXEC
<118>[Syscore App] Add event : pid=0x41
<118>[AppMgr Trace]: New Process, pid=0x41, created.
<118>[SceSysCore] System CPU cores: c0
<118>[SceShellCore] CPU Utilization: 0.02 0.00 0.00 0.00 0.01 0.00 0.99 0.27
<118>[SceShellCore] CPU Top: timestamp 96 to 99 (3.0 sec)
<118>[SceShellCore] 99% 1023 SceIdleCpu1
<118>[SceShellCore] 99% 1023 SceIdleCpu2
<118>[SceShellCore] 99% 1023 SceIdleCpu3
<118>[SceShellCore] 99% 1023 SceIdleCpu4
<118>[SceShellCore] 99% 1023 SceIdleCpu5
<118>[SceShellCore] 98% 1023 SceIdleCpu0
<118>[SceShellCore] 73% 1023 SceIdleCpu7
<118>[SceShellCore] 72%  750 NPXS20001 SceNKWebProcessMain
<118>[SceShellCore] 18%  605 NPXS20001 SceShellUIMain
<118>[SceShellCore]  9%  297 NPXS20973 SceAoutWriteAll
<118>[SceShellCore]  4%  750 NPXS20001 SceNKHeap Helper Thread
<118>[SceShellCore]  2%   40 swi4: SceClock7
<118>[SceShellCore]  2%  749 NPXS20001 SceNKUIProcessMain
<118>[SceShellCore]  1%   20 irq269: sdhci0
<118>[SceShellCore]  1%   92 SceThreadTaskq
<118>[SceShellCore]  1%  748 NPXS20001 SceStrawIPCSender
<118>[SceShellCore]  1%  302 NPXS20973 SceAinIntvl
<118>[SceShellCore] Libc Heap Status: free 38%, in-use 3794.3 KB, trend +54.1 KB/min, peak 3927.6 KB, when 93 [sec]
<118>[SceShellCore] CPU Utilization: 0.02 0.00 0.00 0.00 0.01 0.00 1.00 0.22
<118>[SceShellCore] CPU Top: timestamp 108 to 111 (3.0 sec)
<118>[SceShellCore] 99% 1023 SceIdleCpu1
<118>[SceShellCore] 99% 1023 SceIdleCpu2
<118>[SceShellCore] 99% 1023 SceIdleCpu3
<118>[SceShellCore] 99% 1023 SceIdleCpu4
<118>[SceShellCore] 99% 1023 SceIdleCpu5
<118>[SceShellCore] 98% 1023 SceIdleCpu0
<118>[SceShellCore] 78% 1023 SceIdleCpu7
<118>[SceShellCore] 74%  750 NPXS20001 SceNKWebProcessMain
<118>[SceShellCore] 18%  605 NPXS20001 SceShellUIMain
<118>[SceShellCore]  9%  297 NPXS20973 SceAoutWriteAll
<118>[SceShellCore]  2%   40 swi4: SceClock7
<118>[SceShellCore]  2%  749 NPXS20001 SceNKUIProcessMain
<118>[SceShellCore]  1%   20 irq269: sdhci0
<118>[SceShellCore]  1%   92 SceThreadTaskq
<118>[SceShellCore]  1%  748 NPXS20001 SceStrawIPCSender

~~~~~~~~~~~~~~~~~~~~~~~~~~~~~~~~~~~~~~~~~~~~~~~~~~~~~~~~~~~~~~~~~~~~~~~~
  _________________  .____  ________    ___ ______________ _______
 /  _____________  \ |    | \______ \  /   |   \_   _____/ \      \
/   \  ___  /   |   \|    |  |    |  \/    ~    \    __)_  /   |   \
\    \_\  \/    |    \    |__|    `   \    Y    /        \/    |    \
 \______  /\_______  /_______ \_____  /\___|_  /_______  /\____|__  /
        \/         \/        \/     \/       \/        \/         \/

                              Coded By
        _________.__  ____________________________ ________
       /   _____/|__|/   _________    _________   \_____   \
       \_____  \ |  |\_____  \   |    |  |       _/ /   |   \
       /        \|  |/        \  |    |  |    |   \/    |    \
      /_______  /|__/_______  /  |____|  |____|_  /\_________/
              \/            \/                  \/
~~~~~~~~~~~~~~~~~~~~~~~~~~~~~~~~~~~~~~~~~~~~~~~~~~~~~~~~~~~~~~~~~~~~~~~~

[GoldHEN] Installing GoldHEN in Kernel...
_aio_multi_delete() line=3797 error=16 0x10
[GoldHEN] FakePKG hooks installed!
[GoldHEN] FakeSelf hooks installed!
[GoldHEN] SceShellCore patches installed!
[GoldHEN] Kernel patches installed!
[GoldHEN] SceShellUI patches installed!
[GoldHEN] SceRemotePlay patches installed!
[GoldHEN] Klog server on port 3232
[GoldHEN] All done!
<118>[BVT] CPU Time : 3288 usec. 
<118>[SceShellUI] I/PSM.UI : OnFocusActiveSceneChanged [BrowserMain : MainScene] -> [ContentAreaScene : ContentAreaScene]
<118>[SceShellUI] I/PSM.UI :      Scene [ContentAreaScene : ContentAreaScene] : Alive
<118>SetDeviceIndexBehavior: mode=SpecificUser, param=0x1cabafca
<118>[Theme/I] : Apply [BLUE] : [Option:111111]: with preloaded user
<118>[SceShellUI] I/PSM.UI : OnFocusActiveSceneChanged [ContentAreaScene : ContentAreaScene] -> [SystemArea : SystemAreaScene]
<118>[SceShellUI] I/PSM.UI :      Scene [SystemArea : SystemAreaScene] : Alive
<118>SetDeviceIndexBehavior: mode=SpecificUser, param=0x1cabafca
<118>[Theme/I] : Apply [BLUE] : [Option:111111]: with preloaded user
<118>[SceShellUI] I/PSM.UI : SceneQ : Loaded[0.01msec] Layout[0.00msec/0widgets] : SystemAreaPSPlus : SystemAreaPluginPSPlus
<118>[SceShellUI] I/PSM.UI : ** Unload enqueue: BrowserMain : MainScene
<118>[SceShellUI] I/PSM.UI : ** Unload enqueue: SettingsScene : SettingScene
<118>[SceShellUI] I/PSM.UI : ** Unload enqueue: BookmarkScene : BookmarkView
<118>[SceShellUI] I/PSM.UI : ** Unload enqueue: BookmarkEditScene : BookmarkEditView
<118>[SceShellUI] I/PSM.UI : ** Unload enqueue: HistoryScene : HistoryView
<118>[SceShellUI] I/PSM.UI : ** Unload enqueue: WebViewDialog : WebViewDialogScene
<118>[SceShellUI] I/PSM.UI : ** Unload enqueue: WebBrowserScene : WebBrowserScene
<118>[SceShellUI] I/PSM.UI : ** Unload enqueue: WebBrowserPlugin : WebBrowserPlugin
<118>[SceShellUI] I/PSM.UI : OnFocusActiveSceneChanged [SystemArea : SystemAreaScene] -> []
<118>SetDeviceIndexBehavior: mode=SpecificUser, param=0x1cabafca
<118>[SceShellUI] W/PSM.UI : SystemSound called when there is no FocusActiveScene !
<118>[VCS]closeSession() [APP->VCS] clientPid = 0x41.
<118>[SceShellUI] I/PSM.UI : SceneQ : Unloaded[0.46msec] : BrowserMain : MainScene
<118>
<118>
<118>~~~~~~~~~~ 	int CreateWithSystemPermission() type=FILE, path='/user/home/1cabafca/webbrowser/window_left.txt', permission=00700
<118>
<118>
<118>[SceShellUI] I/PSM.UI : SceneQ : Unloaded[0.06msec] : SettingsScene : SettingScene
<118>[SceShellUI] I/PSM.UI : SceneQ : Unloaded[0.05msec] : BookmarkScene : BookmarkView
<118>[SceShellUI] I/PSM.UI : SceneQ : Unloaded[0.03msec] : BookmarkEditScene : BookmarkEditView
<118>[SceShellUI] I/PSM.UI : SceneQ : Unloaded[0.03msec] : HistoryScene : HistoryView
<118>[SceShellUI] I/PSM.UI : SceneQ : Unloaded[0.33msec] : WebViewDialog : WebViewDialogScene
<118>[SceShellUI] I/PSM.UI : **** SceneQueue Reordered : rule 1-A: WebBrowserScene to QueueTop.
<118>[SceShellUI] I/PSM.UI : ** Unload enqueue: WebBrowserScene : WebBrowserScene
<118>[SceShellUI] I/PSM.UI : SceneQ : Unloaded[1.12msec] : WebBrowserScene : WebBrowserScene
<118>[SceShellUI] I/PSM.UI : **** SceneQueue Reordered : rule 1-A: WebBrowserScene to QueueTop.
<118>[SceShellUI] I/PSM.UI : SceneQ : Unloaded[0.04msec] : WebBrowserScene : WebBrowserScene
<118>[SceShellUI] I/PSM.UI : SceneQ : Unloaded[0.08msec] : WebBrowserScene : WebBrowserScene
<118>[Syscore App] EVFILT_PROC NOTE_EXIT received : pid=0x41
<118>[Syscore App] process delete event : pid=0x41
<118>[AppMgr Trace]: pid=0x41, deleted.
<118>[Syscore App] Syscore Event Queue Push : SCE_SYSCORE_EVENT_ON_PROCESS_UNLOADED
<118>[AppMgr] checkAppTerminated pid=0x2a is still alive in 0x60000201
<118>[Syscore App]  ExpandCpuSetMode : enable
<118>[Syscore App] Syscore Event Queue Pop : SCE_SYSCORE_EVENT_ON_PROCESS_UNLOADED
<118>
<118>
<118>~~~~~~~~~~ 	int CreateWithSystemPermission() type=FILE, path='/user/home/1cabafca/webbrowser/window_right.txt', permission=00700
<118>
<118>
<118>
<118>
<118>~~~~~~~~~~ 	int CreateWithSystemPermission() type=FILE, path='/user/home/1cabafca/webbrowser/endhistory.txt', permission=00700
<118>
<118>
<118>
<118>
<118>~~~~~~~~~~ 	int CreateWithSystemPermission() type=FILE, path='/user/home/1cabafca/webbrowser/setting.txt', permission=00700
<118>
<118>
<118>[SceShellUI] I/PSM.UI : [WebSecurity] Dispose start
<118>[Syscore App] EVFILT_PROC NOTE_EXIT received : pid=0x40
<118>[Syscore App] process delete event : pid=0x40
<118>[AppMgr Trace]: pid=0x40, deleted.
<118>[Syscore App] Syscore Event Queue Push : SCE_SYSCORE_EVENT_ON_PROCESS_UNLOADED
<118>[AppMgr] checkAppTerminated pid=0x2a is still alive in 0x60000201
<118>[Syscore App]  ExpandCpuSetMode : enable
<118>[Syscore App] Syscore Event Queue Pop : SCE_SYSCORE_EVENT_ON_PROCESS_UNLOADED
<118>exit NKUIProcess 
<118>[Syscore App] EVFILT_PROC NOTE_EXIT received : pid=0x3f
<118>[Syscore App] process delete event : pid=0x3f
<118>[AppMgr Trace]: pid=0x3f, deleted.
<118>[Syscore App] Syscore Event Queue Push : SCE_SYSCORE_EVENT_ON_PROCESS_UNLOADED
<118>[AppMgr] checkAppTerminated pid=0x2a is still alive in 0x60000201
<118>[Syscore App]  ExpandCpuSetMode : enable
<118>[Syscore App] Syscore Event Queue Pop : SCE_SYSCORE_EVENT_ON_PROCESS_UNLOADED
<118>[SceShellUI] I/PSM.UI : SceneQ : Unloaded[0.38msec] : WebBrowserPlugin : WebBrowserPlugin
<118>[SceShellUI] I/PSM.UI : SceneQ : Loaded[0.01msec] Layout[0.00msec/0widgets] : SettingsPlugin : SettingsApplication
<118>[SceShellUI] I/PSM.UI : SceneQ : Loaded[0.00msec] Layout[0.00msec/0widgets] : Noname : FrameScene
<118>[SceShellUI] I/PSM.UI : SceneQ : Loaded[0.00msec] Layout[0.00msec/0widgets] : NormalStack : SettingPageNormalStack
<118>sceRemoteplayInitialize: 0x80fc0003
<118>[SceShellUI] I/PSM.UI : SceneQ : Loaded[0.00msec] Layout[0.00msec/0widgets] : SettingsBGScene : Scene
<118>[SceShellUI] I/PSM.UI : OnFocusActiveSceneChanged [] -> [id_goldhen_menu : SettingPage]
<118>[SceShellUI] I/PSM.UI :      Scene [id_goldhen_menu : SettingPage] : Alive
<118>SetDeviceIndexBehavior: mode=SpecificUser, param=0x1cabafca
<118>[Theme/I] : Apply [BLUE] : [Option:111111]: with preloaded user
<118>[SceShellUI] I/PSM.UI : SceneQ : Loaded[0.01msec] Layout[0.00msec/0widgets] : id_goldhen_menu : SettingPage
<118>[SceShellCore] VM Stats: RSS 590.6, kernel 260.9, wire count 323.9, swap out 0.0, page table CPU 2319/6144 GPU 367/2048
<118>[SceShellCore] FMEM   1.3/   4.5 NPXS20977 SceSysAvControl.elf
<118>[SceShellCore] FMEM  10.8/  74.3 NPXS20991 SceSysCore.elf
<118>[SceShellCore] FMEM   9.3/  54.3 NPXS20973 orbis_audiod.elf
<118>[SceShellCore] FMEM   3.2/  11.2 NPXS20976 GnmCompositor.elf
<118>[SceShellCore] FMEM  30.3/ 342.8 NPXS20000 SceShellCore
<118>[SceShellCore] FMEM 346.8/ 867.0 NPXS20001 SceShellUI
<118>[SceShellCore] FMEM   3.5/   8.3 NPXS21003 SceAvCapture
<118>[SceShellCore] FMEM   8.9/  24.5 NPXS21000 SceGameLiveStreaming
<118>[SceShellCore] FMEM  14.8/  43.7 NPXS21002 ScePartyDaemon
<118>[SceShellCore] FMEM   4.3/  25.4 NPXS21004 SceVideoCoreServer
<118>[SceShellCore] FMEM  11.0/  51.3 NPXS21006 SceRemotePlay
<118>[SceShellCore] FMEM   8.1/  33.0 NPXS21010 SceCloudClientDaemon
<118>[SceShellCore] FMEM   8.6/ 156.0 NPXS21002 webrtc_daemon.self
<118>[SceShellCore] FMEM   3.3/  10.8 NPXS21016 SceSpZeroConf
<118>[SceShellCore] FMEM   7.0/  18.1 NPXS21019 SceSocialScreenMgr
<118>[SceShellCore] FMEM   5.0/   9.8 NPXS21007 SceMusicCoreServer
<118>[SceShellCore] FMEM   7.2/  14.4 NPXS21020 SceVoiceAndAgent
<118>[SceShellCore] FMEM   2.1/   5.1 NPXS20967 fs_cleaner.elf
<118>[SceShellCore] FMEM   2.1/  10.2 NPXS20974 SceVdecProxy.elf
<118>[SceShellCore] FMEM   2.0/  10.3 NPXS20975 SceVencProxy.elf
<118>[SceShellCore] FMEM  33.6/ 270.1 NPXS20001 SecureUIProcess.self
<118>[SceShellCore] FMEM  55.2/ 545.8 NPXS20001 SecureWebProcess.self
<118>[SceShellCore] FMEM  12.2/ 358.8 NPXS20001 orbis-jsc-compiler.self
<118>[SceShellUI] I/PSM.UI : OnFocusActiveSceneChanged [id_goldhen_menu : SettingPage] -> [id_goldhen_servers_settings : SettingPage]
<118>[SceShellUI] I/PSM.UI :      Scene [id_goldhen_servers_settings : SettingPage] : Alive
<118>SetDeviceIndexBehavior: mode=SpecificUser, param=0x1cabafca
<118>[Theme/I] : Apply [BLUE] : [Option:111111]: with preloaded user
<118>[SceShellUI] I/PSM.UI : SceneQ : Loaded[0.01msec] Layout[0.00msec/0widgets] : id_goldhen_servers_settings : SettingPage
<118>[SceShellCore] Libc Heap Status: free 38%, in-use 3787.0 KB, trend -24.7 KB/min, peak 3927.6 KB, when 124 [sec]
[GoldHEN] <payloader> Server started at 9090 port
[GoldHEN] <payloader> Error handling payload
<118>[SceShellCore] VM Stats: RSS 589.4, kernel 260.9, wire count 323.2, swap out 0.0, page table CPU 2325/6144 GPU 367/2048
<118>[SceShellCore] FMEM   1.3/   4.5 NPXS20977 SceSysAvControl.elf
<118>[SceShellCore] FMEM  10.8/  74.3 NPXS20991 SceSysCore.elf
<118>[SceShellCore] FMEM   9.3/  54.3 NPXS20973 orbis_audiod.elf
<118>[SceShellCore] FMEM   3.2/  11.2 NPXS20976 GnmCompositor.elf
<118>[SceShellCore] FMEM  30.3/ 342.8 NPXS20000 SceShellCore
<118>[SceShellCore] FMEM 345.4/ 865.6 NPXS20001 SceShellUI
<118>[SceShellCore] FMEM   3.5/   8.3 NPXS21003 SceAvCapture
<118>[SceShellCore] FMEM   8.9/  24.5 NPXS21000 SceGameLiveStreaming
<118>[SceShellCore] FMEM  14.8/  43.7 NPXS21002 ScePartyDaemon
<118>[SceShellCore] FMEM   4.3/  25.4 NPXS21004 SceVideoCoreServer
<118>[SceShellCore] FMEM  11.0/  51.3 NPXS21006 SceRemotePlay
<118>[SceShellCore] FMEM   8.2/  45.2 NPXS21010 SceCloudClientDaemon
<118>[SceShellCore] FMEM   8.6/ 156.0 NPXS21002 webrtc_daemon.self
<118>[SceShellCore] FMEM   3.3/  10.8 NPXS21016 SceSpZeroConf
<118>[SceShellCore] FMEM   7.0/  18.1 NPXS21019 SceSocialScreenMgr
<118>[SceShellCore] FMEM   5.0/   9.8 NPXS21007 SceMusicCoreServer
<118>[SceShellCore] FMEM   7.2/  14.4 NPXS21020 SceVoiceAndAgent
<118>[SceShellCore] FMEM   2.1/   5.1 NPXS20967 fs_cleaner.elf
<118>[SceShellCore] FMEM   2.1/  10.2 NPXS20974 SceVdecProxy.elf
<118>[SceShellCore] FMEM   2.0/  10.3 NPXS20975 SceVencProxy.elf
<118>[SceShellCore] FMEM  33.6/ 270.1 NPXS20001 SecureUIProcess.self
<118>[SceShellCore] FMEM  55.2/ 545.8 NPXS20001 SecureWebProcess.self
<118>[SceShellCore] FMEM  12.2/ 358.8 NPXS20001 orbis-jsc-compiler.self

===== capture start 2026-09-21 15:28:05 (up to 900s) =====
===== stream closed by console =====
===== capture end =====

===== reconnecting capture start 15:28:24 (900s) =====
===== stream closed by console =====
===== capture end =====
<118>[SceShellUI] I/PSM.UI : ** Unload enqueue: SettingsPlugin : SettingsApplication
<118>[SceShellUI] I/PSM.UI : OnFocusActiveSceneChanged [id_goldhen_menu : SettingPage] -> [SystemArea : SystemAreaScene]
<118>[SceShellUI] I/PSM.UI :      Scene [SystemArea : SystemAreaScene] : Alive
<118>SetDeviceIndexBehavior: mode=SpecificUser, param=0x1cabafca
<118>[Theme/I] : Apply [BLUE] : [Option:111111]: with preloaded user
<118>[SceShellUI] I/PSM.UI : ** Unload enqueue: id_goldhen_servers_settings : SettingPage
<118>[SceShellUI] I/PSM.UI : ** Unload enqueue: SettingsBGScene : Scene
<118>[SceShellUI] I/PSM.UI : ** Unload enqueue: id_goldhen_menu : SettingPage
<118>[SceShellUI] I/PSM.UI : ** Unload enqueue: NormalStack : SettingPageNormalStack
<118>[SceShellUI] I/PSM.UI : ** Unload enqueue: Noname : FrameScene
<118>[SceShellUI] I/PSM.UI : SceneQ : Unloaded[0.02msec] : Noname : FrameScene
<118>[SceShellUI] I/PSM.UI : **** SceneQueue Reordered : rule 1-A: id_goldhen_servers_settings to QueueTop.
<118>[SceShellUI] I/PSM.UI : SceneQ : Unloaded[0.08msec] : id_goldhen_servers_settings : SettingPage
<118>[SceShellUI] I/PSM.UI : **** SceneQueue Reordered : rule 1-A: SettingsBGScene to QueueTop.
<118>[SceShellUI] I/PSM.UI : SceneQ : Unloaded[0.00msec] : SettingsBGScene : Scene
<118>[SceShellUI] I/PSM.UI : **** SceneQueue Reordered : rule 1-A: id_goldhen_menu to QueueTop.
<118>[SceShellUI] I/PSM.UI : SceneQ : Unloaded[0.00msec] : id_goldhen_menu : SettingPage
<118>[SceShellUI] I/PSM.UI : **** SceneQueue Reordered : rule 1-A: NormalStack to QueueTop.
<118>[SceShellUI] I/PSM.UI : OnFocusActiveSceneChanged [SystemArea : SystemAreaScene] -> [ContentAreaScene : ContentAreaScene]
<118>[SceShellUI] I/PSM.UI :      Scene [ContentAreaScene : ContentAreaScene] : Alive
<118>SetDeviceIndexBehavior: mode=SpecificUser, param=0x1cabafca
<118>[Theme/I] : Apply [BLUE] : [Option:111111]: with preloaded user
<118>[SceShellUI] I/PSM.UI : ** Unload enqueue: SystemAreaPSPlus : SystemAreaPluginPSPlus
<118>[SceShellUI] I/PSM.UI : SceneQ : Unloaded[0.05msec] : NormalStack : SettingPageNormalStack
<118>[SceShellUI] I/PSM.UI : **** SceneQueue Reordered : rule 1-A: Noname to QueueTop.
<118>[SceShellUI] I/PSM.UI : SceneQ : Unloaded[0.08msec] : Noname : FrameScene
<118>[SceShellUI] I/PSM.UI : SceneQ : Unloaded[0.00msec] : Noname : FrameScene
<118>[SceShellUI] I/PSM.UI : SceneQ : Unloaded[0.05msec] : SettingsPlugin : SettingsApplication
<118>[SceShellUI] I/PSM.UI : SceneQ : Unloaded[0.26msec] : SystemAreaPSPlus : SystemAreaPluginPSPlus
<118>[SceShellCore] Libc Heap Status: free 38%, in-use 3786.3 KB, trend -0.8 KB/min, peak 3927.6 KB, when 224 [sec]
<118>[SceShellCore] VM Stats: RSS 589.2, kernel 261.0, wire count 323.0, swap out 0.0, page table CPU 2327/6144 GPU 367/2048
<118>[SceShellCore] FMEM   1.3/   4.5 NPXS20977 SceSysAvControl.elf
<118>[SceShellCore] FMEM  10.8/  74.3 NPXS20991 SceSysCore.elf
<118>[SceShellCore] FMEM   9.3/  54.3 NPXS20973 orbis_audiod.elf
<118>[SceShellCore] FMEM   3.2/  11.2 NPXS20976 GnmCompositor.elf
<118>[SceShellCore] FMEM  30.3/ 342.8 NPXS20000 SceShellCore
<118>[SceShellCore] FMEM 345.1/ 865.3 NPXS20001 SceShellUI
<118>[SceShellCore] FMEM   3.5/   8.3 NPXS21003 SceAvCapture
<118>[SceShellCore] FMEM   8.9/  24.5 NPXS21000 SceGameLiveStreaming
<118>[SceShellCore] FMEM  14.8/  43.7 NPXS21002 ScePartyDaemon
<118>[SceShellCore] FMEM   4.3/  25.4 NPXS21004 SceVideoCoreServer
<118>[SceShellCore] FMEM  11.0/  51.3 NPXS21006 SceRemotePlay
<118>[SceShellCore] FMEM   8.3/  49.2 NPXS21010 SceCloudClientDaemon
<118>[SceShellCore] FMEM   8.6/ 156.0 NPXS21002 webrtc_daemon.self
<118>[SceShellCore] FMEM   3.3/  10.8 NPXS21016 SceSpZeroConf
<118>[SceShellCore] FMEM   7.0/  18.1 NPXS21019 SceSocialScreenMgr
<118>[SceShellCore] FMEM   5.0/   9.8 NPXS21007 SceMusicCoreServer
<118>[SceShellCore] FMEM   7.2/  14.4 NPXS21020 SceVoiceAndAgent
<118>[SceShellCore] FMEM   2.1/   5.1 NPXS20967 fs_cleaner.elf
<118>[SceShellCore] FMEM   2.1/  10.2 NPXS20974 SceVdecProxy.elf
<118>[SceShellCore] FMEM   2.0/  10.3 NPXS20975 SceVencProxy.elf
<118>[SceShellCore] FMEM  33.6/ 270.1 NPXS20001 SecureUIProcess.self
<118>[SceShellCore] FMEM  55.3/ 545.8 NPXS20001 SecureWebProcess.self
<118>[SceShellCore] FMEM  12.2/ 358.8 NPXS20001 orbis-jsc-compiler.self
<118>[SceShellUI] I/PSM.UI : OnFocusActiveSceneChanged [ContentAreaScene : ContentAreaScene] -> [SystemArea : SystemAreaScene]
<118>[SceShellUI] I/PSM.UI :      Scene [SystemArea : SystemAreaScene] : Alive
<118>SetDeviceIndexBehavior: mode=SpecificUser, param=0x1cabafca
<118>[Theme/I] : Apply [BLUE] : [Option:111111]: with preloaded user
<118>[SceShellUI] I/PSM.UI : SceneQ : Loaded[0.01msec] Layout[0.00msec/0widgets] : SystemAreaPSPlus : SystemAreaPluginPSPlus
<118>[SceShellUI] I/PSM.UI : OnFocusActiveSceneChanged [SystemArea : SystemAreaScene] -> []
<118>SetDeviceIndexBehavior: mode=SpecificUser, param=0x1cabafca
<118>[SceShellUI] W/PSM.UI : SystemSound called when there is no FocusActiveScene !
<118>[SceShellUI] I/PSM.UI : SceneQ : Loaded[0.00msec] Layout[0.00msec/0widgets] : SettingsPlugin : SettingsApplication
<118>[SceShellUI] I/PSM.UI : SceneQ : Loaded[0.00msec] Layout[0.00msec/0widgets] : Noname : FrameScene
<118>[SceShellUI] I/PSM.UI : SceneQ : Loaded[0.00msec] Layout[0.00msec/0widgets] : NormalStack : SettingPageNormalStack
<118>sceRemoteplayInitialize: 0x80fc0003
<118>[SceShellUI] I/PSM.UI : SceneQ : Loaded[0.00msec] Layout[0.00msec/0widgets] : SettingsBGScene : Scene
<118>[SceShellUI] I/PSM.UI : OnFocusActiveSceneChanged [] -> [id_goldhen_menu : SettingPage]
<118>[SceShellUI] I/PSM.UI :      Scene [id_goldhen_menu : SettingPage] : Alive
<118>SetDeviceIndexBehavior: mode=SpecificUser, param=0x1cabafca
<118>[Theme/I] : Apply [BLUE] : [Option:111111]: with preloaded user
<118>[SceShellUI] I/PSM.UI : SceneQ : Loaded[0.01msec] Layout[0.00msec/0widgets] : id_goldhen_menu : SettingPage
<118>[SceShellUI] I/PSM.UI : OnFocusActiveSceneChanged [id_goldhen_menu : SettingPage] -> [id_goldhen_settings : SettingPage]
<118>[SceShellUI] I/PSM.UI :      Scene [id_goldhen_settings : SettingPage] : Alive
<118>SetDeviceIndexBehavior: mode=SpecificUser, param=0x1cabafca
<118>[Theme/I] : Apply [BLUE] : [Option:111111]: with preloaded user
<118>[SceShellUI] I/PSM.UI : SceneQ : Loaded[0.00msec] Layout[0.00msec/0widgets] : id_goldhen_settings : SettingPage
<118>[SceShellUI] I/PSM.UI : OnFocusActiveSceneChanged [id_goldhen_settings : SettingPage] -> [id_goldhen_menu : SettingPage]
<118>[SceShellUI] I/PSM.UI :      Scene [id_goldhen_menu : SettingPage] : Alive
<118>SetDeviceIndexBehavior: mode=SpecificUser, param=0x1cabafca
<118>[Theme/I] : Apply [BLUE] : [Option:111111]: with preloaded user
<118>[SceShellUI] I/PSM.UI : OnFocusActiveSceneChanged [id_goldhen_menu : SettingPage] -> [id_goldhen_settings : SettingPage]
<118>[SceShellUI] I/PSM.UI :      Scene [id_goldhen_settings : SettingPage] : Alive
<118>SetDeviceIndexBehavior: mode=SpecificUser, param=0x1cabafca
<118>[Theme/I] : Apply [BLUE] : [Option:111111]: with preloaded user
<118>[SceShellUI] I/PSM.UI : SceneQ : Loaded[0.01msec] Layout[0.00msec/0widgets] : id_goldhen_settings : SettingPage
<118>[SceShellUI] I/PSM.UI : ** Unload enqueue: id_goldhen_settings : SettingPage
<118>[SceShellUI] I/PSM.UI : SceneQ : Unloaded[0.01msec] : id_goldhen_settings : SettingPage
<118>[SceShellUI] I/PSM.UI : OnFocusActiveSceneChanged [id_goldhen_settings : SettingPage] -> [id_goldhen_menu : SettingPage]
<118>[SceShellUI] I/PSM.UI :      Scene [id_goldhen_menu : SettingPage] : Alive
<118>SetDeviceIndexBehavior: mode=SpecificUser, param=0x1cabafca
<118>[Theme/I] : Apply [BLUE] : [Option:111111]: with preloaded user
<118>[SceShellUI] I/PSM.UI : ** Unload enqueue: id_goldhen_settings : SettingPage
<118>[SceShellUI] I/PSM.UI : SceneQ : Unloaded[0.01msec] : id_goldhen_settings : SettingPage
<118>[SceShellUI] I/PSM.UI : OnFocusActiveSceneChanged [id_goldhen_menu : SettingPage] -> [id_goldhen_utils : SettingPage]
<118>[SceShellUI] I/PSM.UI :      Scene [id_goldhen_utils : SettingPage] : Alive
<118>SetDeviceIndexBehavior: mode=SpecificUser, param=0x1cabafca
<118>[Theme/I] : Apply [BLUE] : [Option:111111]: with preloaded user
<118>[SceShellUI] I/PSM.UI : SceneQ : Loaded[0.00msec] Layout[0.00msec/0widgets] : id_goldhen_utils : SettingPage
<118>[SceShellUI] I/PSM.UI : OnFocusActiveSceneChanged [id_goldhen_utils : SettingPage] -> [id_goldhen_utils_payloader : SettingPage]
<118>[SceShellUI] I/PSM.UI :      Scene [id_goldhen_utils_payloader : SettingPage] : Alive
<118>SetDeviceIndexBehavior: mode=SpecificUser, param=0x1cabafca
<118>[Theme/I] : Apply [BLUE] : [Option:111111]: with preloaded user
<118>[SceShellUI] I/PSM.UI : SceneQ : Loaded[0.00msec] Layout[0.00msec/0widgets] : id_goldhen_utils_payloader : SettingPage
<118>[SceShellUI] I/PSM.UI : OnFocusActiveSceneChanged [id_goldhen_utils_payloader : SettingPage] -> [id_goldhen_utils_payloader_autorun : SettingPage]
<118>[SceShellUI] I/PSM.UI :      Scene [id_goldhen_utils_payloader_autorun : SettingPage] : Alive
<118>SetDeviceIndexBehavior: mode=SpecificUser, param=0x1cabafca
<118>[Theme/I] : Apply [BLUE] : [Option:111111]: with preloaded user
<118>[SceShellUI] I/PSM.UI : SceneQ : Loaded[0.01msec] Layout[0.00msec/0widgets] : id_goldhen_utils_payloader_autorun : SettingPage
<118>[SceShellUI] I/PSM.UI : OnFocusActiveSceneChanged [id_goldhen_utils_payloader_autorun : SettingPage] -> [id_goldhen_utils_payloader : SettingPage]
<118>[SceShellUI] I/PSM.UI :      Scene [id_goldhen_utils_payloader : SettingPage] : Alive
<118>SetDeviceIndexBehavior: mode=SpecificUser, param=0x1cabafca
<118>[Theme/I] : Apply [BLUE] : [Option:111111]: with preloaded user
<118>[SceShellCore] Libc Heap Status: free 38%, in-use 3790.3 KB, trend +1.0 KB/min, peak 3927.6 KB, when 255 [sec]
<118>[SceShellUI] I/PSM.UI : ** Unload enqueue: id_goldhen_utils_payloader_autorun : SettingPage
<118>[SceShellUI] I/PSM.UI : OnFocusActiveSceneChanged [id_goldhen_utils_payloader : SettingPage] -> [id_goldhen_utils_payloader_launchpad : SettingPage]
<118>[SceShellUI] I/PSM.UI :      Scene [id_goldhen_utils_payloader_launchpad : SettingPage] : Alive
<118>SetDeviceIndexBehavior: mode=SpecificUser, param=0x1cabafca
<118>[Theme/I] : Apply [BLUE] : [Option:111111]: with preloaded user
<118>[SceShellUI] I/PSM.UI : SceneQ : Unloaded[0.01msec] : id_goldhen_utils_payloader_autorun : SettingPage
<118>[SceShellUI] I/PSM.UI : SceneQ : Loaded[0.00msec] Layout[0.00msec/0widgets] : id_goldhen_utils_payloader_launchpad : SettingPage
[DEBUG] [source/main.c (_main:530)] [NOTIFICATION]: selfdec2: start
[DEBUG] [source/main.c (_main:539)] [NOTIFICATION]: selfdec2 kbase=ffffffff93af8000
[DEBUG] [source/main.c (_main:546)] [NOTIFICATION]: selfdec2 max=6 lock=1 svcreq=1 seg=0
[DEBUG] [source/main.c (_main:571)] [NOTIFICATION]: selfdec2 self=88304B hdr=992 seg0 off=13e0 sz=10f9c
[DEBUG] [source/main.c (_main:606)] [NOTIFICATION]: selfdec2 -> step 1
[DEBUG] [source/main.c (_main:615)] [NOTIFICATION]: selfdec2 step 1 rc=-1 0 0 0
[DEBUG] [source/main.c (_main:627)] [NOTIFICATION]: selfdec2: stopping here
[DEBUG] [source/main.c (_main:665)] [NOTIFICATION]: selfdec2: done
<118>[SceShellCore] Libc Heap Status: free 38%, in-use 3790.6 KB, trend +4.4 KB/min, peak 3927.6 KB, when 286 [sec]
<118>[UIProcess] malloc stats freeSize:38837536 (93%) inuseSize:3105504 peakSize:4011040 [pid:0x3b]
<118>[SceShellCore] VM Stats: RSS 589.4, kernel 260.9, wire count 322.6, swap out 0.0, page table CPU 2331/6144 GPU 367/2048
<118>[SceShellCore] FMEM   1.3/   4.5 NPXS20977 SceSysAvControl.elf
<118>[SceShellCore] FMEM  10.8/  74.3 NPXS20991 SceSysCore.elf
<118>[SceShellCore] FMEM   9.3/  54.3 NPXS20973 orbis_audiod.elf
<118>[SceShellCore] FMEM   3.2/  11.2 NPXS20976 GnmCompositor.elf
<118>[SceShellCore] FMEM  30.3/ 342.8 NPXS20000 SceShellCore
<118>[SceShellCore] FMEM 344.8/ 864.9 NPXS20001 SceShellUI
<118>[SceShellCore] FMEM   3.5/   8.3 NPXS21003 SceAvCapture
<118>[SceShellCore] FMEM   8.9/  24.5 NPXS21000 SceGameLiveStreaming
<118>[SceShellCore] FMEM  15.3/  46.7 NPXS21002 ScePartyDaemon
<118>[SceShellCore] FMEM   4.3/  25.4 NPXS21004 SceVideoCoreServer
<118>[SceShellCore] FMEM  11.0/  51.3 NPXS21006 SceRemotePlay
<118>[SceShellCore] FMEM   8.3/  49.2 NPXS21010 SceCloudClientDaemon
<118>[SceShellCore] FMEM   8.6/ 156.0 NPXS21002 webrtc_daemon.self
<118>[SceShellCore] FMEM   3.3/  10.8 NPXS21016 SceSpZeroConf
<118>[SceShellCore] FMEM   7.0/  18.1 NPXS21019 SceSocialScreenMgr
<118>[SceShellCore] FMEM   5.0/   9.8 NPXS21007 SceMusicCoreServer
<118>[SceShellCore] FMEM   7.2/  14.4 NPXS21020 SceVoiceAndAgent
<118>[SceShellCore] FMEM   2.1/   5.1 NPXS20967 fs_cleaner.elf
<118>[SceShellCore] FMEM   2.1/  10.2 NPXS20974 SceVdecProxy.elf
<118>[SceShellCore] FMEM   2.0/  10.3 NPXS20975 SceVencProxy.elf
<118>[SceShellCore] FMEM  33.6/ 270.1 NPXS20001 SecureUIProcess.self
<118>[SceShellCore] FMEM  55.3/ 545.8 NPXS20001 SecureWebProcess.self
<118>[SceShellCore] FMEM  12.2/ 358.8 NPXS20001 orbis-jsc-compiler.self
<118>[SL][12:30:09:053][Thread 0x00018845][INFO][TRACE][ALWAYS][MAIN STREAM][BEGIN][Heap]sanity OK, free 2301728 (37%), in-use 3924192 (63%), peak 4021888 (65%), when 316 [sec]
<118>[SL][12:30:09:317][Thread 0x00018845][INFO][TRACE][ALWAYS][MAIN STREAM][END  ][Heap]sanity OK, free 2301696 (37%), in-use 3924224 (63%), peak 4421568 (71%), when 316 [sec]
<118>[SceShellCore] Libc Heap Status: free 37%, in-use 3839.0 KB, trend +49.5 KB/min, peak 4317.9 KB, when 317 [sec]
<118>[SceShellCore] Libc Heap Status: free 37%, in-use 3846.5 KB, trend +56.8 KB/min, peak 4317.9 KB, when 348 [sec]
<118>[SceShellUI] I/PSM.UI : OnFocusActiveSceneChanged [id_goldhen_utils_payloader_launchpad : SettingPage] -> [ContentAreaScene : ContentAreaScene]
<118>[SceShellUI] I/PSM.UI :      Scene [ContentAreaScene : ContentAreaScene] : Alive
<118>SetDeviceIndexBehavior: mode=SpecificUser, param=0x1cabafca
<118>[Theme/I] : Apply [BLUE] : [Option:111111]: with preloaded user
<118>[SceShellUI] I/PSM.UI : ** Unload enqueue: SystemAreaPSPlus : SystemAreaPluginPSPlus
<118>[SceShellUI] I/PSM.UI : SceneQ : Unloaded[0.18msec] : SystemAreaPSPlus : SystemAreaPluginPSPlus
<118>D/88391:
<118>D/88391:NPXS20123
<118>[UIProcess] malloc stats freeSize:38837984 (93%) inuseSize:3105056 peakSize:4011040 [pid:0x3b]
<118>[PIG]I-_OrbisCheckSystemRuntimeCompile:63 - Runtime shader compilation disabled in Target Manager
<118>[INFO] Using builtin ESSL shaders
<118>D/88391:
<118>D/88391:CUSA01015
<118>D/88391:
<118>D/88391:NPXS20105
<118>D/88391:
<118>D/88391:APOL00004
<118>[ShellUI][SharedWebView][BVT] OnNotifyDidFinishLoading : 288400 ms
<118>D/88391:
<118>D/88391:NPXS20105
<118>D/88391:
<118>D/88391:CUSA01015
<118>D/88391:
<118>D/88391:NPXS20105
<118>D/88391:
<118>D/88391:APOL00004
<118>D/88391:
<118>D/88391:NPXS20105
<118>D/88391:
<118>D/88391:CUSA01015
<118>D/88391:
<118>D/88391:NPXS20123
<118>D/88391:
<118>D/88391:NPXS20102
<118>D/88391:
<118>D/88391:NPXS20108
<118>D/88391:
<118>D/88391:NPXS20102
<118>D/88391:
<118>D/88391:NPXS20123
<118>D/88391:
<118>D/88391:CUSA01015
<118>D/88391:
<118>D/88391:NPXS20105
<118>D/88391:
<118>D/88391:APOL00004
<118>D/88391:
<118>libpng warning: iCCP: cHRM chunk does not match sRGB
<118>libpng warning: iCCP: cHRM chunk does not match sRGB
<118>D/88391:SLUS21757
<118>libpng warning: iCCP: cHRM chunk does not match sRGB
<118>libpng warning: iCCP: cHRM chunk does not match sRGB
<118>D/88391:
<118>D/88391:APOL00004
<118>D/88391:
<118>D/88391:SLUS21757
<118>D/88391:
<118>D/88391:NPXS39041
<118>D/88391:
<118>D/88391:NPXS20104
<118>D/88391:
<118>D/88391:CUSA02012
<118>D/88391:
<118>D/88391:CUSA02282
<118>D/88391:
<118>D/88391:NPXS20167
<118>D/88391:
<118>D/88391:CUSA00063
<118>[SceLncService] launchApp(CUSA00063)
<118>[SceLncService] category={gd} VRMode={0,0}
<118>[SceLncService] hnm,psnf,pc,tk,ns={0,0,0,0,0} appBootMode={0}
<118>[SceLncService] appType={SCE_LNC_APP_TYPE_BIG_APP} [] appVer={01.28}
<118>[SceLncService] Waiting for LoginMgr
<118>[SceLncService] Num. of logged-in users is 1
<118>[SceLncService] PrepareProcessLaunchDirCheck()
<118>[PS]Error: W:\Build\J02697908\vsh\shell\shell_core\process_starter\process_check.cpp at 170
<118>AppGetInsertedDiscTitleIdList() ret = [0x80a30008]
<118>[PS]Error: W:\Build\J02697908\vsh\shell\shell_core\process_starter\process_check.cpp at 2079
<118>disc not inserted error
<118>[PS]Error: W:\Build\J02697908\vsh\shell\shell_core\process_starter\process_mount.cpp at 4982
<118>CheckPrepareProcessLaunchPkgApp() ret = 80a40009 errorData = [1cabafca]
<118>[SceLncService] W:\Build\J02697908\vsh\shell\shell_core\lnc_service\lnc_application.cpp(211) preLaunchCheck: LNC_ISOK::0x80a40009
<118>[SceLncUtil] blockAppSuspend: name={SceNpUds}, appId={0x60000100}, refCount={1}
<118>[SceLncUtil] unblockAppSuspend: name={SceNpUds}, appId={0x60000100}, refCount={0}
<118>[SceLncService] W:\Build\J02697908\vsh\shell\shell_core\lnc_service\lnc_manager.cpp(418) launchApp: LNC_ISOK::0x80a40009
<118>[SceLncUtil] W:\Build\J02697908\vsh\common_lib\lnc_util\src\lnc_util_ipc_client.cpp(211) launchApp: LNC_ISOK::0x80a40009
<118>[UIProcess] malloc stats freeSize:38833088 (93%) inuseSize:3109952 peakSize:4160768 [pid:0x3b]
<118>[SceShellUI] I/PSM.UI : SceneQ : Loaded[0.00msec] Layout[0.00msec/0widgets] : LaunchWaitingScene : LaunchWaitingScene
<118>[SceShellUI] I/PSM.UI : OnFocusActiveSceneChanged [ContentAreaScene : ContentAreaScene] -> [LaunchWaitingSceneBody : ApplicationExitScene]
<118>[SceShellUI] I/PSM.UI :      Scene [LaunchWaitingSceneBody : ApplicationExitScene] : Alive
<118>SetDeviceIndexBehavior: mode=MergeAllConnectedDevice, param=null
<118>[Theme/I] : ActiveUserChanged : From : [BLUE(userId = 1cabafca)]
<118>[Theme/I] : ActiveUserChanged : To   : [ANONYMOUS(userId = ffffffff)]
<118>[Theme/I] : Apply [ANONYMOUS] : [Option:101001]: with not preloaded user
<118>[ThemeColorManager] Update ThemeColor Skin to Blue
<118>[SceShellUI] I/PSM.UI : SceneQ : Loaded[0.01msec] Layout[0.57msec/5widgets] : LaunchWaitingSceneBody : ApplicationExitScene
<118>[SceShellUI] I/PSM.UI : ** Unload enqueue: LaunchWaitingSceneBody : ApplicationExitScene
<118>[SceShellUI] I/PSM.UI : ** Unload enqueue: LaunchWaitingScene : LaunchWaitingScene
<118>[SceShellUI] I/PSM.UI : OnFocusActiveSceneChanged [LaunchWaitingSceneBody : ApplicationExitScene] -> [ContentAreaScene : ContentAreaScene]
<118>[SceShellUI] I/PSM.UI :      Scene [ContentAreaScene : ContentAreaScene] : Alive
<118>SetDeviceIndexBehavior: mode=SpecificUser, param=0x1cabafca
<118>[Theme/I] : ActiveUserChanged : From : [ANONYMOUS(userId = ffffffff)]
<118>[Theme/I] : ActiveUserChanged : To   : [BLUE(userId = 1cabafca)]
<118>[Theme/I] : Apply [BLUE] : [Option:111111]: with preloaded user
<118>[SceShellUI] I/PSM.UI : SceneQ : Unloaded[0.06msec] : LaunchWaitingSceneBody : ApplicationExitScene
<118>[SceShellUI] I/PSM.UI : SceneQ : Unloaded[0.07msec] : LaunchWaitingScene : LaunchWaitingScene
<118>[ThemeColorManager] Update ThemeColor Skin to Purple
<118>GetPlusInfoJob : Run(Start)
<118>GetPlusInfoJob : Run(End)
<118>GetPlusInfoJob : Finish / Cancelled False / Result True
<118>[UpdateUserInfoforPlus] upd_userId : 481013706 / type : Member
<118>D/88391:
<118>D/88391:NPXS20167
<118>D/88391:
<118>D/88391:CUSA02282
<118>[SceShellCore] VM Stats: RSS 702.1, kernel 261.1, wire count 318.9, swap out 0.0, page table CPU 2363/6144 GPU 367/2048
<118>[SceShellCore] FMEM   1.3/   4.5 NPXS20977 SceSysAvControl.elf
<118>[SceShellCore] FMEM  10.8/  74.3 NPXS20991 SceSysCore.elf
<118>[SceShellCore] FMEM   9.3/  54.3 NPXS20973 orbis_audiod.elf
<118>[SceShellCore] FMEM   3.2/  11.2 NPXS20976 GnmCompositor.elf
<118>[SceShellCore] FMEM  30.8/ 342.8 NPXS20000 SceShellCore
<118>[SceShellCore] FMEM 351.2/ 871.2 NPXS20001 SceShellUI
<118>[SceShellCore] FMEM   3.5/   8.3 NPXS21003 SceAvCapture
<118>[SceShellCore] FMEM   8.9/  24.5 NPXS21000 SceGameLiveStreaming
<118>[SceShellCore] FMEM  15.3/  46.7 NPXS21002 ScePartyDaemon
<118>[SceShellCore] FMEM   4.3/  25.4 NPXS21004 SceVideoCoreServer
<118>[SceShellCore] FMEM  11.0/  51.3 NPXS21006 SceRemotePlay
<118>[SceShellCore] FMEM   8.3/  49.2 NPXS21010 SceCloudClientDaemon
<118>[SceShellCore] FMEM   8.6/ 156.0 NPXS21002 webrtc_daemon.self
<118>[SceShellCore] FMEM   3.3/  10.8 NPXS21016 SceSpZeroConf
<118>[SceShellCore] FMEM   7.0/  18.1 NPXS21019 SceSocialScreenMgr
<118>[SceShellCore] FMEM   5.0/   9.8 NPXS21007 SceMusicCoreServer
<118>[SceShellCore] FMEM   7.2/  14.4 NPXS21020 SceVoiceAndAgent
<118>[SceShellCore] FMEM   2.1/   5.1 NPXS20967 fs_cleaner.elf
<118>[SceShellCore] FMEM   2.1/  10.2 NPXS20974 SceVdecProxy.elf
<118>[SceShellCore] FMEM   2.0/  10.3 NPXS20975 SceVencProxy.elf
<118>[SceShellCore] FMEM  49.5/ 290.3 NPXS20001 SecureUIProcess.self
<118>[SceShellCore] FMEM 116.3/ 584.5 NPXS20001 SecureWebProcess.self
<118>[SceShellCore] FMEM  40.9/ 358.8 NPXS20001 orbis-jsc-compiler.self
<118>[SceShellUI] I/PSM.UI : UI system timer elapsed 00:06:00
<118>D/88391:
<118>D/88391:NPXS20167
<118>D/88391:
<118>D/88391:CUSA00063
<118>D/88391:
<118>D/88391:NPXS21021
<118>D/88391:
<118>D/88391:SFIN00000
<118>D/88391:
<118>D/88391:NPXS21021
<118>D/88391:
<118>D/88391:CUSA00063
<118>D/88391:
<118>D/88391:NPXS20167
<118>D/88391:
<118>D/88391:CUSA02282
<118>D/88391:
<118>D/88391:CUSA02012
<118>D/88391:
<118>D/88391:NPXS20104
<118>D/88391:
<118>D/88391:NPXS39041
<118>D/88391:
<118>D/88391:SLUS21757
<118>D/88391:
<118>D/88391:APOL00004
<118>D/88391:
<118>D/88391:NPXS20105
<118>D/88391:
<118>D/88391:CUSA01015
<118>D/88391:
<118>D/88391:NPXS20123
<118>[UIProcess] malloc stats freeSize:38833408 (93%) inuseSize:3109632 peakSize:4160768 [pid:0x3b]
<118>D/88391:
<118>D/88391:NPXS20102
<118>D/88391:
<118>D/88391:NPXS20108
<118>D/88391:
<118>D/88391:NPXS20102
<118>[SceShellCore] Libc Heap Status: free 37%, in-use 3847.7 KB, trend +9.2 KB/min, peak 4317.9 KB, when 379 [sec]
<118>D/88391:
<118>D/88391:NPXS20123
<118>D/88391:
<118>D/88391:CUSA01015
<118>D/88391:
<118>D/88391:NPXS20105
<118>D/88391:
<118>D/88391:APOL00004
<118>[SceShellCore] Libc Heap Status: free 37%, in-use 3826.5 KB, trend -18.3 KB/min, peak 4317.9 KB, when 410 [sec]
<118>[SceHidConfigService] PERIODIC_DOWNLOAD_INTERVAL_SEC={86400} elapsed={423} isFirstTime={1}
<118>[SceHidConfigService] start DownloadFile
<118>[SceHidConfigService] PERIODIC_DOWNLOAD_INTERVAL_SEC={86400} elapsed={423} isFirstTime={1}
<118>[SceHidConfigService] start DownloadFile
<118>[SceHidConfigService] DownloadFile : [RevokeList]
<118>[SceHidConfigService] ifModifiedSince={Fri, 09 Mar 2018 03:55:47 +0000}
<118>[SceHidConfigService] SERVER_URL={http://ps4-system.sec.np.dl.playstation.net/ps4-system/hid_config/np/v00/hid_config.env}
<118>[SceHidConfigService] VerifySignature : size: total(610), signature(256), message(354) [byte]
<118>[SceHidConfigService] VerifySignature : pass
<118>[SceHidConfigService] DownloadFile : [UsbPower]
<118>[SceHidConfigService] ifModifiedSince={Mon, 01 Mar 2021 07:07:09 +0000}
<118>[SceHidConfigService] SERVER_URL={http://ps4-system.sec.np.dl.playstation.net/ps4-system/hidusbpower/np/v00/hidusbpower.env}
<118>[SceHidConfigService] statusCode={304}
<118>[SceHidConfigService] W:\Build\J02697908\vsh\shell\shell_core\hid_config_service\http_client.cpp(139) Get: HCS_CHECK::0x81560006 (statusCode != SCE_HTTP_STATUS_CODE_NOT_MODIFIED value is false)
<118>[SceHidConfigService] W:\Build\J02697908\vsh\shell\shell_core\hid_config_service\hid_config_service_manager.cpp(241) DownloadFile: HCS_ISOK::0x81560006
<118>[SceHidConfigService] update lastDownloadTime
<118>[SceHidConfigService] PERIODIC_CHECK_INTERVAL_SEC={420}
<118>[SceHidConfigService] statusCode={304}
<118>[SceHidConfigService] W:\Build\J02697908\vsh\shell\shell_core\hid_config_service\http_client.cpp(139) Get: HCS_CHECK::0x81560006 (statusCode != SCE_HTTP_STATUS_CODE_NOT_MODIFIED value is false)
<118>[SceHidConfigService] W:\Build\J02697908\vsh\shell\shell_core\hid_config_service\hid_config_service_manager.cpp(241) DownloadFile: HCS_ISOK::0x81560006
<118>[SceHidConfigService] update lastDownloadTime
<118>[SceHidConfigService] PERIODIC_CHECK_INTERVAL_SEC={420}
<118>[SceWorkaroundCtl] PERIODIC_DOWNLOAD_INTERVAL_SEC={86400} elapsed={421} isFirstTime={0}
<118>[SceWorkaroundCtl] PERIODIC_CHECK_INTERVAL_SEC={420}
<118>[SceShellUI] I/PSM.UI : OnFocusActiveSceneChanged [id_goldhen_utils_payloader_autorun : SettingPage] -> [id_goldhen_utils_payloader : SettingPage]
<118>[SceShellUI] I/PSM.UI :      Scene [id_goldhen_utils_payloader : SettingPage] : Alive
<118>SetDeviceIndexBehavior: mode=SpecificUser, param=0x1cabafca
<118>[Theme/I] : Apply [BLUE] : [Option:111111]: with preloaded user
--- connect failed: ConnectionRefusedError ---
--- connect failed: ConnectionRefusedError ---
--- connect failed: ConnectionRefusedError ---
--- connect failed: ConnectionRefusedError ---
--- connect failed: ConnectionRefusedError ---
--- connect failed: ConnectionRefusedError ---
--- connect failed: ConnectionRefusedError ---
--- connect failed: ConnectionRefusedError ---
--- connect failed: ConnectionRefusedError ---
--- connect failed: ConnectionRefusedError ---
--- connect failed: ConnectionRefusedError ---
--- connect failed: ConnectionRefusedError ---
--- connect failed: ConnectionRefusedError ---
--- connect failed: ConnectionRefusedError ---
--- connect failed: ConnectionRefusedError ---
--- connect failed: ConnectionRefusedError ---
--- connect failed: ConnectionRefusedError ---
--- connect failed: ConnectionRefusedError ---
--- connect failed: ConnectionRefusedError ---
--- connect failed: ConnectionRefusedError ---
--- connect failed: ConnectionRefusedError ---
--- connect failed: ConnectionRefusedError ---
--- connect failed: ConnectionRefusedError ---
--- connect failed: ConnectionRefusedError ---
--- connect failed: ConnectionRefusedError ---
--- connect failed: ConnectionRefusedError ---
--- connect failed: ConnectionRefusedError ---
--- connect failed: ConnectionRefusedError ---
--- connect failed: ConnectionRefusedError ---
--- connect failed: ConnectionRefusedError ---
--- connect failed: ConnectionRefusedError ---
--- connect failed: ConnectionRefusedError ---
--- connect failed: ConnectionRefusedError ---
--- connect failed: ConnectionRefusedError ---
--- connect failed: ConnectionRefusedError ---
--- connect failed: ConnectionRefusedError ---
--- connect failed: ConnectionRefusedError ---
--- connect failed: ConnectionRefusedError ---
--- connect failed: ConnectionRefusedError ---
--- connect failed: ConnectionRefusedError ---
--- connect failed: ConnectionRefusedError ---
--- connect failed: ConnectionRefusedError ---
--- connect failed: ConnectionRefusedError ---
--- connect failed: ConnectionRefusedError ---
--- connect failed: ConnectionRefusedError ---
--- connect failed: ConnectionRefusedError ---
--- connect failed: ConnectionRefusedError ---
--- connect failed: ConnectionRefusedError ---
--- connect failed: ConnectionRefusedError ---
--- connect failed: ConnectionRefusedError ---
--- connect failed: ConnectionRefusedError ---
--- connect failed: ConnectionRefusedError ---
--- connect failed: ConnectionRefusedError ---
--- connect failed: ConnectionRefusedError ---
--- connect failed: ConnectionRefusedError ---
--- connect failed: ConnectionRefusedError ---
--- connect failed: ConnectionRefusedError ---
===== capture end after 16 connections =====
