Archive member included to satisfy reference by file (symbol)

/lib/ps4-payload-sdk/libPS4/libPS4.a(debug.o)
                              build/decrypt.o (DEBUG_SOCK)
/lib/ps4-payload-sdk/libPS4/libPS4.a(file.o)
                              build/decryptio.o (read)
/lib/ps4-payload-sdk/libPS4/libPS4.a(kernel.o)
                              build/encryptsrv.o (ioctl)
/lib/ps4-payload-sdk/libPS4/libPS4.a(libc.o)
                              build/main.o (initLibc)
/lib/ps4-payload-sdk/libPS4/libPS4.a(module.o)
                              /lib/ps4-payload-sdk/libPS4/libPS4.a(kernel.o) (getFunctionAddressByName)
/lib/ps4-payload-sdk/libPS4/libPS4.a(network.o)
                              build/main.o (initNetwork)
/lib/ps4-payload-sdk/libPS4/libPS4.a(payload_utils.o)
                              build/main.o (is_jailbroken)
/lib/ps4-payload-sdk/libPS4/libPS4.a(pthread.o)
                              build/main.o (initPthread)
/lib/ps4-payload-sdk/libPS4/libPS4.a(sysutil.o)
                              build/main.o (initSysUtil)
/lib/ps4-payload-sdk/libPS4/libPS4.a(syscall.o)
                              build/decrypt.o (syscall)
/lib/ps4-payload-sdk/libPS4/libPS4.a(memory.o)
                              /lib/ps4-payload-sdk/libPS4/libPS4.a(payload_utils.o) (mmap)

Merging object attributes


Merging program properties

Removed property 0xc0000002 to merge build/checkheaders.o (0x3) and /tmp/ccUbEgu5.o (not found)
Removed property 0xc0000002 to merge build/checkheaders.o (not found) and build/decrypt.o (0x3)
Removed property 0xc0000002 to merge build/checkheaders.o (not found) and build/decryptio.o (0x3)
Removed property 0xc0000002 to merge build/checkheaders.o (not found) and build/encryptsrv.o (0x3)
Removed property 0xc0000002 to merge build/checkheaders.o (not found) and build/main.o (0x3)
Removed property 0xc0000002 to merge build/checkheaders.o (not found) and /lib/ps4-payload-sdk/libPS4/libPS4.a(debug.o) (0x3)
Removed property 0xc0000002 to merge build/checkheaders.o (not found) and /lib/ps4-payload-sdk/libPS4/libPS4.a(file.o) (0x3)
Removed property 0xc0000002 to merge build/checkheaders.o (not found) and /lib/ps4-payload-sdk/libPS4/libPS4.a(kernel.o) (0x3)
Removed property 0xc0000002 to merge build/checkheaders.o (not found) and /lib/ps4-payload-sdk/libPS4/libPS4.a(libc.o) (0x3)
Removed property 0xc0000002 to merge build/checkheaders.o (not found) and /lib/ps4-payload-sdk/libPS4/libPS4.a(module.o) (0x3)
Removed property 0xc0000002 to merge build/checkheaders.o (not found) and /lib/ps4-payload-sdk/libPS4/libPS4.a(network.o) (0x3)
Removed property 0xc0000002 to merge build/checkheaders.o (not found) and /lib/ps4-payload-sdk/libPS4/libPS4.a(payload_utils.o) (0x3)
Removed property 0xc0000002 to merge build/checkheaders.o (not found) and /lib/ps4-payload-sdk/libPS4/libPS4.a(pthread.o) (0x3)
Removed property 0xc0000002 to merge build/checkheaders.o (not found) and /lib/ps4-payload-sdk/libPS4/libPS4.a(sysutil.o) (0x3)
Removed property 0xc0000002 to merge build/checkheaders.o (not found) and /lib/ps4-payload-sdk/libPS4/libPS4.a(memory.o) (0x3)

Discarded input sections

 .data          0x0000000000000000        0x0 /tmp/ccUbEgu5.o
 .bss           0x0000000000000000        0x0 /tmp/ccUbEgu5.o
 .text          0x0000000000000000        0x0 build/checkheaders.o
 .data          0x0000000000000000        0x0 build/checkheaders.o
 .bss           0x0000000000000000        0x0 build/checkheaders.o
 .comment       0x0000000000000000       0x27 build/checkheaders.o
 .note.GNU-stack
                0x0000000000000000        0x0 build/checkheaders.o
 .note.gnu.property
                0x0000000000000000       0x20 build/checkheaders.o
 .text          0x0000000000000000        0x0 build/decrypt.o
 .data          0x0000000000000000        0x0 build/decrypt.o
 .bss           0x0000000000000000        0x0 build/decrypt.o
 .comment       0x0000000000000000       0x27 build/decrypt.o
 .note.GNU-stack
                0x0000000000000000        0x0 build/decrypt.o
 .note.gnu.property
                0x0000000000000000       0x20 build/decrypt.o
 .eh_frame      0x0000000000000000      0x2b0 build/decrypt.o
 .text          0x0000000000000000        0x0 build/decryptio.o
 .data          0x0000000000000000        0x0 build/decryptio.o
 .bss           0x0000000000000000        0x0 build/decryptio.o
 .comment       0x0000000000000000       0x27 build/decryptio.o
 .note.GNU-stack
                0x0000000000000000        0x0 build/decryptio.o
 .note.gnu.property
                0x0000000000000000       0x20 build/decryptio.o
 .eh_frame      0x0000000000000000       0xd0 build/decryptio.o
 .text          0x0000000000000000        0x0 build/encryptsrv.o
 .data          0x0000000000000000        0x0 build/encryptsrv.o
 .bss           0x0000000000000000        0x0 build/encryptsrv.o
 .comment       0x0000000000000000       0x27 build/encryptsrv.o
 .note.GNU-stack
                0x0000000000000000        0x0 build/encryptsrv.o
 .note.gnu.property
                0x0000000000000000       0x20 build/encryptsrv.o
 .eh_frame      0x0000000000000000      0x180 build/encryptsrv.o
 .text          0x0000000000000000        0x0 build/main.o
 .data          0x0000000000000000        0x0 build/main.o
 .bss           0x0000000000000000        0x0 build/main.o
 .bss.sock      0x0000000000000000        0x4 build/main.o
 .comment       0x0000000000000000       0x27 build/main.o
 .note.GNU-stack
                0x0000000000000000        0x0 build/main.o
 .note.gnu.property
                0x0000000000000000       0x20 build/main.o
 .eh_frame      0x0000000000000000       0x80 build/main.o
 .text          0x0000000000000000        0x0 /lib/ps4-payload-sdk/libPS4/libPS4.a(debug.o)
 .data          0x0000000000000000        0x0 /lib/ps4-payload-sdk/libPS4/libPS4.a(debug.o)
 .bss           0x0000000000000000        0x0 /lib/ps4-payload-sdk/libPS4/libPS4.a(debug.o)
 .comment       0x0000000000000000       0x27 /lib/ps4-payload-sdk/libPS4/libPS4.a(debug.o)
 .note.GNU-stack
                0x0000000000000000        0x0 /lib/ps4-payload-sdk/libPS4/libPS4.a(debug.o)
 .note.gnu.property
                0x0000000000000000       0x20 /lib/ps4-payload-sdk/libPS4/libPS4.a(debug.o)
 .data          0x0000000000000000        0x0 /lib/ps4-payload-sdk/libPS4/libPS4.a(file.o)
 .bss           0x0000000000000000        0x0 /lib/ps4-payload-sdk/libPS4/libPS4.a(file.o)
 .text.getSandboxDirectory
                0x0000000000000000       0x1b /lib/ps4-payload-sdk/libPS4/libPS4.a(file.o)
 .text.file_exists
                0x0000000000000000       0x23 /lib/ps4-payload-sdk/libPS4/libPS4.a(file.o)
 .text.dir_exists
                0x0000000000000000       0x28 /lib/ps4-payload-sdk/libPS4/libPS4.a(file.o)
 .text.symlink_exists
                0x0000000000000000       0x3a /lib/ps4-payload-sdk/libPS4/libPS4.a(file.o)
 .text.touch_file
                0x0000000000000000       0x23 /lib/ps4-payload-sdk/libPS4/libPS4.a(file.o)
 .text.copy_file
                0x0000000000000000       0x93 /lib/ps4-payload-sdk/libPS4/libPS4.a(file.o)
 .rodata.copy_dir.str1.1
                0x0000000000000000        0xb /lib/ps4-payload-sdk/libPS4/libPS4.a(file.o)
 .text.copy_dir
                0x0000000000000000      0x138 /lib/ps4-payload-sdk/libPS4/libPS4.a(file.o)
 .text.file_compare
                0x0000000000000000      0x16a /lib/ps4-payload-sdk/libPS4/libPS4.a(file.o)
 .text.rmtree   0x0000000000000000      0x145 /lib/ps4-payload-sdk/libPS4/libPS4.a(file.o)
 .text.fgetc_pointer
                0x0000000000000000       0x2c /lib/ps4-payload-sdk/libPS4/libPS4.a(file.o)
 .text.build_iovec
                0x0000000000000000       0xd5 /lib/ps4-payload-sdk/libPS4/libPS4.a(file.o)
 .rodata.mount_large_fs.str1.1
                0x0000000000000000       0x4b /lib/ps4-payload-sdk/libPS4/libPS4.a(file.o)
 .text.mount_large_fs
                0x0000000000000000      0x173 /lib/ps4-payload-sdk/libPS4/libPS4.a(file.o)
 .comment       0x0000000000000000       0x27 /lib/ps4-payload-sdk/libPS4/libPS4.a(file.o)
 .note.GNU-stack
                0x0000000000000000        0x0 /lib/ps4-payload-sdk/libPS4/libPS4.a(file.o)
 .note.gnu.property
                0x0000000000000000       0x20 /lib/ps4-payload-sdk/libPS4/libPS4.a(file.o)
 .eh_frame      0x0000000000000000      0x270 /lib/ps4-payload-sdk/libPS4/libPS4.a(file.o)
 .data          0x0000000000000000        0x0 /lib/ps4-payload-sdk/libPS4/libPS4.a(kernel.o)
 .bss           0x0000000000000000        0x0 /lib/ps4-payload-sdk/libPS4/libPS4.a(kernel.o)
 .comment       0x0000000000000000       0x27 /lib/ps4-payload-sdk/libPS4/libPS4.a(kernel.o)
 .note.GNU-stack
                0x0000000000000000        0x0 /lib/ps4-payload-sdk/libPS4/libPS4.a(kernel.o)
 .note.gnu.property
                0x0000000000000000       0x20 /lib/ps4-payload-sdk/libPS4/libPS4.a(kernel.o)
 .eh_frame      0x0000000000000000       0x50 /lib/ps4-payload-sdk/libPS4/libPS4.a(kernel.o)
 .text          0x0000000000000000        0x0 /lib/ps4-payload-sdk/libPS4/libPS4.a(libc.o)
 .data          0x0000000000000000        0x0 /lib/ps4-payload-sdk/libPS4/libPS4.a(libc.o)
 .bss           0x0000000000000000        0x0 /lib/ps4-payload-sdk/libPS4/libPS4.a(libc.o)
 .text.memset_s
                0x0000000000000000       0x4d /lib/ps4-payload-sdk/libPS4/libPS4.a(libc.o)
 .comment       0x0000000000000000       0x27 /lib/ps4-payload-sdk/libPS4/libPS4.a(libc.o)
 .note.GNU-stack
                0x0000000000000000        0x0 /lib/ps4-payload-sdk/libPS4/libPS4.a(libc.o)
 .note.gnu.property
                0x0000000000000000       0x20 /lib/ps4-payload-sdk/libPS4/libPS4.a(libc.o)
 .eh_frame      0x0000000000000000       0x50 /lib/ps4-payload-sdk/libPS4/libPS4.a(libc.o)
 .data          0x0000000000000000        0x0 /lib/ps4-payload-sdk/libPS4/libPS4.a(module.o)
 .bss           0x0000000000000000        0x0 /lib/ps4-payload-sdk/libPS4/libPS4.a(module.o)
 .text.getModuleInfo
                0x0000000000000000       0x1f /lib/ps4-payload-sdk/libPS4/libPS4.a(module.o)
 .text.unloadModule
                0x0000000000000000       0x19 /lib/ps4-payload-sdk/libPS4/libPS4.a(module.o)
 .rodata.initModule.str1.1
                0x0000000000000000       0x2c /lib/ps4-payload-sdk/libPS4/libPS4.a(module.o)
 .text.initModule
                0x0000000000000000       0x47 /lib/ps4-payload-sdk/libPS4/libPS4.a(module.o)
 .bss.sceSysmoduleLoadModule
                0x0000000000000000        0x8 /lib/ps4-payload-sdk/libPS4/libPS4.a(module.o)
 .bss.libModule
                0x0000000000000000        0x4 /lib/ps4-payload-sdk/libPS4/libPS4.a(module.o)
 .comment       0x0000000000000000       0x27 /lib/ps4-payload-sdk/libPS4/libPS4.a(module.o)
 .note.GNU-stack
                0x0000000000000000        0x0 /lib/ps4-payload-sdk/libPS4/libPS4.a(module.o)
 .note.gnu.property
                0x0000000000000000       0x20 /lib/ps4-payload-sdk/libPS4/libPS4.a(module.o)
 .eh_frame      0x0000000000000000       0x80 /lib/ps4-payload-sdk/libPS4/libPS4.a(module.o)
 .text          0x0000000000000000        0x0 /lib/ps4-payload-sdk/libPS4/libPS4.a(network.o)
 .data          0x0000000000000000        0x0 /lib/ps4-payload-sdk/libPS4/libPS4.a(network.o)
 .bss           0x0000000000000000        0x0 /lib/ps4-payload-sdk/libPS4/libPS4.a(network.o)
 .text.SckConnect
                0x0000000000000000       0xa3 /lib/ps4-payload-sdk/libPS4/libPS4.a(network.o)
 .text.SckClose
                0x0000000000000000        0xd /lib/ps4-payload-sdk/libPS4/libPS4.a(network.o)
 .text.SckRecv  0x0000000000000000       0xce /lib/ps4-payload-sdk/libPS4/libPS4.a(network.o)
 .text.SckRecvf
                0x0000000000000000       0x7a /lib/ps4-payload-sdk/libPS4/libPS4.a(network.o)
 .comment       0x0000000000000000       0x27 /lib/ps4-payload-sdk/libPS4/libPS4.a(network.o)
 .note.GNU-stack
                0x0000000000000000        0x0 /lib/ps4-payload-sdk/libPS4/libPS4.a(network.o)
 .note.gnu.property
                0x0000000000000000       0x20 /lib/ps4-payload-sdk/libPS4/libPS4.a(network.o)
 .eh_frame      0x0000000000000000      0x110 /lib/ps4-payload-sdk/libPS4/libPS4.a(network.o)
 .text          0x0000000000000000        0x0 /lib/ps4-payload-sdk/libPS4/libPS4.a(payload_utils.o)
 .data          0x0000000000000000        0x0 /lib/ps4-payload-sdk/libPS4/libPS4.a(payload_utils.o)
 .bss           0x0000000000000000        0x0 /lib/ps4-payload-sdk/libPS4/libPS4.a(payload_utils.o)
 .rodata.kpayload_kbase.str1.1
                0x0000000000000000       0x42 /lib/ps4-payload-sdk/libPS4/libPS4.a(payload_utils.o)
 .text.kpayload_kbase
                0x0000000000000000      0x862 /lib/ps4-payload-sdk/libPS4/libPS4.a(payload_utils.o)
 .rodata.kpayload_kbase
                0x0000000000000000       0x50 /lib/ps4-payload-sdk/libPS4/libPS4.a(payload_utils.o)
 .text.kpayload_dump
                0x0000000000000000      0x768 /lib/ps4-payload-sdk/libPS4/libPS4.a(payload_utils.o)
 .rodata.kpayload_dump
                0x0000000000000000       0x50 /lib/ps4-payload-sdk/libPS4/libPS4.a(payload_utils.o)
 .text.kpayload_jailbreak
                0x0000000000000000      0x7d4 /lib/ps4-payload-sdk/libPS4/libPS4.a(payload_utils.o)
 .rodata.kpayload_jailbreak
                0x0000000000000000       0x50 /lib/ps4-payload-sdk/libPS4/libPS4.a(payload_utils.o)
 .text.kpayload_mmap
                0x0000000000000000      0x97a /lib/ps4-payload-sdk/libPS4/libPS4.a(payload_utils.o)
 .rodata.kpayload_mmap
                0x0000000000000000       0x50 /lib/ps4-payload-sdk/libPS4/libPS4.a(payload_utils.o)
 .text.kpayload_aslr
                0x0000000000000000      0x791 /lib/ps4-payload-sdk/libPS4/libPS4.a(payload_utils.o)
 .rodata.kpayload_aslr
                0x0000000000000000       0x50 /lib/ps4-payload-sdk/libPS4/libPS4.a(payload_utils.o)
 .rodata.kpayload_kernel_clock.str1.1
                0x0000000000000000      0x123 /lib/ps4-payload-sdk/libPS4/libPS4.a(payload_utils.o)
 .text.kpayload_kernel_clock
                0x0000000000000000     0x1114 /lib/ps4-payload-sdk/libPS4/libPS4.a(payload_utils.o)
 .rodata.kpayload_kernel_clock
                0x0000000000000000       0x50 /lib/ps4-payload-sdk/libPS4/libPS4.a(payload_utils.o)
 .text.kpayload_enable_browser
                0x0000000000000000      0x810 /lib/ps4-payload-sdk/libPS4/libPS4.a(payload_utils.o)
 .rodata.kpayload_enable_browser
                0x0000000000000000       0x50 /lib/ps4-payload-sdk/libPS4/libPS4.a(payload_utils.o)
 .text.kpayload_target_id
                0x0000000000000000      0x6b4 /lib/ps4-payload-sdk/libPS4/libPS4.a(payload_utils.o)
 .rodata.kpayload_target_id
                0x0000000000000000       0x50 /lib/ps4-payload-sdk/libPS4/libPS4.a(payload_utils.o)
 .text.kpayload_perm_uart
                0x0000000000000000      0x700 /lib/ps4-payload-sdk/libPS4/libPS4.a(payload_utils.o)
 .rodata.kpayload_perm_uart
                0x0000000000000000       0x50 /lib/ps4-payload-sdk/libPS4/libPS4.a(payload_utils.o)
 .text.kpayload_exit_idu
                0x0000000000000000      0x700 /lib/ps4-payload-sdk/libPS4/libPS4.a(payload_utils.o)
 .rodata.kpayload_exit_idu
                0x0000000000000000       0x50 /lib/ps4-payload-sdk/libPS4/libPS4.a(payload_utils.o)
 .text.kpayload_npdrm_patch
                0x0000000000000000      0xabb /lib/ps4-payload-sdk/libPS4/libPS4.a(payload_utils.o)
 .rodata.kpayload_npdrm_patch
                0x0000000000000000       0x50 /lib/ps4-payload-sdk/libPS4/libPS4.a(payload_utils.o)
 .text.kpayload_no_bd
                0x0000000000000000      0x7ae /lib/ps4-payload-sdk/libPS4/libPS4.a(payload_utils.o)
 .rodata.kpayload_no_bd
                0x0000000000000000       0x50 /lib/ps4-payload-sdk/libPS4/libPS4.a(payload_utils.o)
 .rodata.is_fw_spoofed.str1.1
                0x0000000000000000        0xc /lib/ps4-payload-sdk/libPS4/libPS4.a(payload_utils.o)
 .text.is_fw_spoofed
                0x0000000000000000       0xae /lib/ps4-payload-sdk/libPS4/libPS4.a(payload_utils.o)
 .text.get_kernel_base
                0x0000000000000000       0x8a /lib/ps4-payload-sdk/libPS4/libPS4.a(payload_utils.o)
 .text.get_memory_dump
                0x0000000000000000       0x47 /lib/ps4-payload-sdk/libPS4/libPS4.a(payload_utils.o)
 .text.jailbreak
                0x0000000000000000       0x38 /lib/ps4-payload-sdk/libPS4/libPS4.a(payload_utils.o)
 .text.mmap_patch
                0x0000000000000000       0x2a /lib/ps4-payload-sdk/libPS4/libPS4.a(payload_utils.o)
 .text.disable_aslr
                0x0000000000000000       0x2a /lib/ps4-payload-sdk/libPS4/libPS4.a(payload_utils.o)
 .text.kernel_clock
                0x0000000000000000       0x31 /lib/ps4-payload-sdk/libPS4/libPS4.a(payload_utils.o)
 .text.enable_browser
                0x0000000000000000       0x2a /lib/ps4-payload-sdk/libPS4/libPS4.a(payload_utils.o)
 .text.spoof_target_id
                0x0000000000000000       0x32 /lib/ps4-payload-sdk/libPS4/libPS4.a(payload_utils.o)
 .text.enable_perm_uart
                0x0000000000000000       0x2a /lib/ps4-payload-sdk/libPS4/libPS4.a(payload_utils.o)
 .text.exit_idu
                0x0000000000000000       0x2a /lib/ps4-payload-sdk/libPS4/libPS4.a(payload_utils.o)
 .text.npdrm_patch
                0x0000000000000000       0x2a /lib/ps4-payload-sdk/libPS4/libPS4.a(payload_utils.o)
 .text.no_bd_patch
                0x0000000000000000       0x2a /lib/ps4-payload-sdk/libPS4/libPS4.a(payload_utils.o)
 .rodata.__FUNCTION__.0
                0x0000000000000000        0xf /lib/ps4-payload-sdk/libPS4/libPS4.a(payload_utils.o)
 .rodata.__FUNCTION__.1
                0x0000000000000000       0x15 /lib/ps4-payload-sdk/libPS4/libPS4.a(payload_utils.o)
 .rodata.__FUNCTION__.2
                0x0000000000000000       0x12 /lib/ps4-payload-sdk/libPS4/libPS4.a(payload_utils.o)
 .rodata.__FUNCTION__.3
                0x0000000000000000       0x13 /lib/ps4-payload-sdk/libPS4/libPS4.a(payload_utils.o)
 .rodata.__FUNCTION__.4
                0x0000000000000000       0x13 /lib/ps4-payload-sdk/libPS4/libPS4.a(payload_utils.o)
 .rodata.__FUNCTION__.5
                0x0000000000000000       0x18 /lib/ps4-payload-sdk/libPS4/libPS4.a(payload_utils.o)
 .rodata.__FUNCTION__.6
                0x0000000000000000       0x16 /lib/ps4-payload-sdk/libPS4/libPS4.a(payload_utils.o)
 .rodata.__FUNCTION__.7
                0x0000000000000000        0xe /lib/ps4-payload-sdk/libPS4/libPS4.a(payload_utils.o)
 .rodata.__FUNCTION__.8
                0x0000000000000000        0xe /lib/ps4-payload-sdk/libPS4/libPS4.a(payload_utils.o)
 .rodata.__FUNCTION__.9
                0x0000000000000000       0x13 /lib/ps4-payload-sdk/libPS4/libPS4.a(payload_utils.o)
 .rodata.__FUNCTION__.10
                0x0000000000000000        0xe /lib/ps4-payload-sdk/libPS4/libPS4.a(payload_utils.o)
 .rodata.__FUNCTION__.11
                0x0000000000000000        0xf /lib/ps4-payload-sdk/libPS4/libPS4.a(payload_utils.o)
 .comment       0x0000000000000000       0x27 /lib/ps4-payload-sdk/libPS4/libPS4.a(payload_utils.o)
 .note.GNU-stack
                0x0000000000000000        0x0 /lib/ps4-payload-sdk/libPS4/libPS4.a(payload_utils.o)
 .note.gnu.property
                0x0000000000000000       0x20 /lib/ps4-payload-sdk/libPS4/libPS4.a(payload_utils.o)
 .eh_frame      0x0000000000000000      0x518 /lib/ps4-payload-sdk/libPS4/libPS4.a(payload_utils.o)
 .text          0x0000000000000000        0x0 /lib/ps4-payload-sdk/libPS4/libPS4.a(pthread.o)
 .data          0x0000000000000000        0x0 /lib/ps4-payload-sdk/libPS4/libPS4.a(pthread.o)
 .bss           0x0000000000000000        0x0 /lib/ps4-payload-sdk/libPS4/libPS4.a(pthread.o)
 .comment       0x0000000000000000       0x27 /lib/ps4-payload-sdk/libPS4/libPS4.a(pthread.o)
 .note.GNU-stack
                0x0000000000000000        0x0 /lib/ps4-payload-sdk/libPS4/libPS4.a(pthread.o)
 .note.gnu.property
                0x0000000000000000       0x20 /lib/ps4-payload-sdk/libPS4/libPS4.a(pthread.o)
 .eh_frame      0x0000000000000000       0x48 /lib/ps4-payload-sdk/libPS4/libPS4.a(pthread.o)
 .text          0x0000000000000000        0x0 /lib/ps4-payload-sdk/libPS4/libPS4.a(sysutil.o)
 .data          0x0000000000000000        0x0 /lib/ps4-payload-sdk/libPS4/libPS4.a(sysutil.o)
 .bss           0x0000000000000000        0x0 /lib/ps4-payload-sdk/libPS4/libPS4.a(sysutil.o)
 .rodata.initUserService.str1.1
                0x0000000000000000       0xb3 /lib/ps4-payload-sdk/libPS4/libPS4.a(sysutil.o)
 .text.initUserService
                0x0000000000000000       0x9f /lib/ps4-payload-sdk/libPS4/libPS4.a(sysutil.o)
 .text.openBrowser
                0x0000000000000000       0x12 /lib/ps4-payload-sdk/libPS4/libPS4.a(sysutil.o)
 .text.getUserIDList
                0x0000000000000000       0x44 /lib/ps4-payload-sdk/libPS4/libPS4.a(sysutil.o)
 .text.getUserID
                0x0000000000000000       0x18 /lib/ps4-payload-sdk/libPS4/libPS4.a(sysutil.o)
 .text.getUserName
                0x0000000000000000       0x8c /lib/ps4-payload-sdk/libPS4/libPS4.a(sysutil.o)
 .text.getInitialUser
                0x0000000000000000       0x47 /lib/ps4-payload-sdk/libPS4/libPS4.a(sysutil.o)
 .rodata.shutdown.str1.1
                0x0000000000000000       0x11 /lib/ps4-payload-sdk/libPS4/libPS4.a(sysutil.o)
 .text.shutdown
                0x0000000000000000       0x54 /lib/ps4-payload-sdk/libPS4/libPS4.a(sysutil.o)
 .rodata.reboot.str1.1
                0x0000000000000000       0x32 /lib/ps4-payload-sdk/libPS4/libPS4.a(sysutil.o)
 .text.reboot   0x0000000000000000       0x41 /lib/ps4-payload-sdk/libPS4/libPS4.a(sysutil.o)
 .bss.sceKernelReboot
                0x0000000000000000        0x8 /lib/ps4-payload-sdk/libPS4/libPS4.a(sysutil.o)
 .bss.sceUserServiceTerminate
                0x0000000000000000        0x8 /lib/ps4-payload-sdk/libPS4/libPS4.a(sysutil.o)
 .bss.sceUserServiceGetInitialUser
                0x0000000000000000        0x8 /lib/ps4-payload-sdk/libPS4/libPS4.a(sysutil.o)
 .bss.sceUserServiceGetUserName
                0x0000000000000000        0x8 /lib/ps4-payload-sdk/libPS4/libPS4.a(sysutil.o)
 .bss.sceUserServiceGetLoginUserIdList
                0x0000000000000000        0x8 /lib/ps4-payload-sdk/libPS4/libPS4.a(sysutil.o)
 .bss.sceUserServiceInitialize
                0x0000000000000000        0x8 /lib/ps4-payload-sdk/libPS4/libPS4.a(sysutil.o)
 .bss.libSceUserService
                0x0000000000000000        0x4 /lib/ps4-payload-sdk/libPS4/libPS4.a(sysutil.o)
 .comment       0x0000000000000000       0x27 /lib/ps4-payload-sdk/libPS4/libPS4.a(sysutil.o)
 .note.GNU-stack
                0x0000000000000000        0x0 /lib/ps4-payload-sdk/libPS4/libPS4.a(sysutil.o)
 .note.gnu.property
                0x0000000000000000       0x20 /lib/ps4-payload-sdk/libPS4/libPS4.a(sysutil.o)
 .eh_frame      0x0000000000000000      0x120 /lib/ps4-payload-sdk/libPS4/libPS4.a(sysutil.o)
 .data          0x0000000000000000        0x0 /lib/ps4-payload-sdk/libPS4/libPS4.a(syscall.o)
 .bss           0x0000000000000000        0x0 /lib/ps4-payload-sdk/libPS4/libPS4.a(syscall.o)
 .text          0x0000000000000000       0x60 /lib/ps4-payload-sdk/libPS4/libPS4.a(memory.o)
 .data          0x0000000000000000        0x0 /lib/ps4-payload-sdk/libPS4/libPS4.a(memory.o)
 .bss           0x0000000000000000        0x0 /lib/ps4-payload-sdk/libPS4/libPS4.a(memory.o)
 .comment       0x0000000000000000       0x27 /lib/ps4-payload-sdk/libPS4/libPS4.a(memory.o)
 .note.GNU-stack
                0x0000000000000000        0x0 /lib/ps4-payload-sdk/libPS4/libPS4.a(memory.o)
 .note.gnu.property
                0x0000000000000000       0x20 /lib/ps4-payload-sdk/libPS4/libPS4.a(memory.o)

Memory Configuration

Name             Origin             Length             Attributes
*default*        0x0000000000000000 0xffffffffffffffff

Linker script and memory map

LOAD /tmp/ccUbEgu5.o
LOAD build/checkheaders.o
LOAD build/decrypt.o
LOAD build/decryptio.o
LOAD build/encryptsrv.o
LOAD build/main.o

.text           0x0000000000000000     0x695c
 *(.text.start)
 *(.text*)
 .text          0x0000000000000000        0x5 /tmp/ccUbEgu5.o
                0x0000000000000000                _start
 .text.find_table_segment.part.0
                0x0000000000000005      0x170 build/decrypt.o
 .text.verify_segment
                0x0000000000000175      0x33e build/decrypt.o
                0x0000000000000175                verify_segment
 .text.verify_segments
                0x00000000000004b3      0x377 build/decrypt.o
                0x00000000000004b3                verify_segments
 .text.decrypt_segment
                0x000000000000082a      0x47a build/decrypt.o
                0x000000000000082a                decrypt_segment
 .text.decrypt_segment_blocks
                0x0000000000000ca4      0xf1c build/decrypt.o
                0x0000000000000ca4                decrypt_segment_blocks
 .text.find_table_segment
                0x0000000000001bc0       0x51 build/decrypt.o
                0x0000000000001bc0                find_table_segment
 .text.decrypt_pup_data
                0x0000000000001c11      0xff1 build/decrypt.o
                0x0000000000001c11                decrypt_pup_data
 .text.decrypt_pup
                0x0000000000002c02      0x423 build/decrypt.o
                0x0000000000002c02                decrypt_pup
 .text.decrypt_pups
                0x0000000000003025      0xf1d build/decrypt.o
                0x0000000000003025                decrypt_pups
 .text.readbytes
                0x0000000000003f42      0x645 build/decryptio.o
                0x0000000000003f42                readbytes
 .text.writebytes
                0x0000000000004587      0x645 build/decryptio.o
                0x0000000000004587                writebytes
 .text.translate_type
                0x0000000000004bcc       0x29 build/encryptsrv.o
                0x0000000000004bcc                translate_type
 .text.encsrv_verify_blsheader
                0x0000000000004bf5       0x5a build/encryptsrv.o
                0x0000000000004bf5                encsrv_verify_blsheader
 .text.encsrv_decrypt_header
                0x0000000000004c4f       0x61 build/encryptsrv.o
                0x0000000000004c4f                encsrv_decrypt_header
 .text.encsrv_verify_segment
                0x0000000000004cb0       0x6c build/encryptsrv.o
                0x0000000000004cb0                encsrv_verify_segment
 .text.encsrv_decrypt_segment
                0x0000000000004d1c       0x5b build/encryptsrv.o
                0x0000000000004d1c                encsrv_decrypt_segment
 .text.encsrv_decrypt_segment_block
                0x0000000000004d77       0x81 build/encryptsrv.o
                0x0000000000004d77                encsrv_decrypt_segment_block
 .text.GetElapsed
                0x0000000000004df8       0x2e build/main.o
                0x0000000000004df8                GetElapsed
 .text._main    0x0000000000004e26      0x81b build/main.o
                0x0000000000004e26                _main
 .text          0x0000000000005641      0x108 /lib/ps4-payload-sdk/libPS4/libPS4.a(file.o)
                0x0000000000005641                read
                0x000000000000564d                write
                0x0000000000005659                open
                0x0000000000005665                close
                0x0000000000005671                unlink
                0x000000000000567d                link
                0x0000000000005689                readlink
                0x0000000000005695                symlink
                0x00000000000056a1                mount
                0x00000000000056ad                nmount
                0x00000000000056b9                unmount
                0x00000000000056c5                fchown
                0x00000000000056d1                fchmod
                0x00000000000056dd                rename
                0x00000000000056e9                mkdir
                0x00000000000056f5                rmdir
                0x0000000000005701                stat
                0x000000000000570d                fstat
                0x0000000000005719                lstat
                0x0000000000005725                getdents
                0x0000000000005731                lseek
                0x000000000000573d                fstatat
 .text          0x0000000000005749       0x30 /lib/ps4-payload-sdk/libPS4/libPS4.a(kernel.o)
                0x0000000000005749                kill
                0x0000000000005755                ioctl
                0x0000000000005761                kexec
                0x000000000000576d                is_in_sandbox
 .text.initKernel
                0x0000000000005779      0x44c /lib/ps4-payload-sdk/libPS4/libPS4.a(kernel.o)
                0x0000000000005779                initKernel
 .text.initLibc
                0x0000000000005bc5      0x648 /lib/ps4-payload-sdk/libPS4/libPS4.a(libc.o)
                0x0000000000005bc5                initLibc
 .text          0x000000000000620d       0x18 /lib/ps4-payload-sdk/libPS4/libPS4.a(module.o)
                0x000000000000620d                getFunctionAddressByName
                0x0000000000006219                getLoadedModules
 .text.loadModule
                0x0000000000006225       0x1e /lib/ps4-payload-sdk/libPS4/libPS4.a(module.o)
                0x0000000000006225                loadModule
 .text.initNetwork
                0x0000000000006243      0x258 /lib/ps4-payload-sdk/libPS4/libPS4.a(network.o)
                0x0000000000006243                initNetwork
 .text.SckSend  0x000000000000649b       0x15 /lib/ps4-payload-sdk/libPS4/libPS4.a(network.o)
                0x000000000000649b                SckSend
 .text.is_jailbroken
                0x00000000000064b0       0x28 /lib/ps4-payload-sdk/libPS4/libPS4.a(payload_utils.o)
                0x00000000000064b0                is_jailbroken
 .text.get_firmware
                0x00000000000064d8      0x193 /lib/ps4-payload-sdk/libPS4/libPS4.a(payload_utils.o)
                0x00000000000064d8                get_firmware
 .text.get_firmware_string
                0x000000000000666b       0xc3 /lib/ps4-payload-sdk/libPS4/libPS4.a(payload_utils.o)
                0x000000000000666b                get_firmware_string
 .text.initPthread
                0x000000000000672e      0x17a /lib/ps4-payload-sdk/libPS4/libPS4.a(pthread.o)
                0x000000000000672e                initPthread
 .text.initSysUtil
                0x00000000000068a8       0x86 /lib/ps4-payload-sdk/libPS4/libPS4.a(sysutil.o)
                0x00000000000068a8                initSysUtil
 .text          0x000000000000692e       0x2e /lib/ps4-payload-sdk/libPS4/libPS4.a(syscall.o)
                0x000000000000692e                syscall
                0x0000000000006931                syscall_macro

.plt            0x0000000000006960        0x0
 .plt           0x0000000000006960        0x0 /tmp/ccUbEgu5.o

.plt.got        0x0000000000006960        0x0
 .plt.got       0x0000000000006960        0x0 /tmp/ccUbEgu5.o

.rodata         0x0000000000006960     0x2166
 *(.rodata)
 *(.rodata*)
 .rodata.find_table_segment.part.0.str1.1
                0x0000000000006960     0x124e build/decrypt.o
                                         0x5b (size before relaxing)
 .rodata.verify_segment.str1.1
                0x0000000000007bae        0x0 build/decrypt.o
                                         0x50 (size before relaxing)
 .rodata.verify_segments.str1.1
                0x0000000000007bae        0x0 build/decrypt.o
                                         0x46 (size before relaxing)
 .rodata.decrypt_segment.str1.1
                0x0000000000007bae        0x0 build/decrypt.o
                                         0x6c (size before relaxing)
 .rodata.decrypt_segment_blocks.str1.1
                0x0000000000007bae        0x0 build/decrypt.o
                                        0x1cf (size before relaxing)
 .rodata.decrypt_pup_data.str1.1
                0x0000000000007bae        0x0 build/decrypt.o
                                        0x19e (size before relaxing)
 .rodata.decrypt_pup.str1.1
                0x0000000000007bae        0x0 build/decrypt.o
                                         0x8e (size before relaxing)
 .rodata.decrypt_pups.str1.1
                0x0000000000007bae        0x0 build/decrypt.o
                                        0x151 (size before relaxing)
 *fill*         0x0000000000007bae       0x12 
 .rodata.icon_uri.0
                0x0000000000007bc0       0x26 build/decrypt.o
 *fill*         0x0000000000007be6       0x1a 
 .rodata.icon_uri.1
                0x0000000000007c00       0x26 build/decrypt.o
 *fill*         0x0000000000007c26       0x1a 
 .rodata.icon_uri.2
                0x0000000000007c40       0x26 build/decrypt.o
 *fill*         0x0000000000007c66       0x1a 
 .rodata.icon_uri.3
                0x0000000000007c80       0x26 build/decrypt.o
 *fill*         0x0000000000007ca6       0x1a 
 .rodata.icon_uri.4
                0x0000000000007cc0       0x26 build/decrypt.o
 *fill*         0x0000000000007ce6       0x1a 
 .rodata.icon_uri.5
                0x0000000000007d00       0x26 build/decrypt.o
 *fill*         0x0000000000007d26       0x1a 
 .rodata.icon_uri.6
                0x0000000000007d40       0x26 build/decrypt.o
 *fill*         0x0000000000007d66       0x1a 
 .rodata.icon_uri.7
                0x0000000000007d80       0x26 build/decrypt.o
 *fill*         0x0000000000007da6       0x1a 
 .rodata.icon_uri.8
                0x0000000000007dc0       0x26 build/decrypt.o
 *fill*         0x0000000000007de6        0x2 
 .rodata.__FUNCTION__.9
                0x0000000000007de8        0xd build/decrypt.o
 *fill*         0x0000000000007df5        0xb 
 .rodata.icon_uri.10
                0x0000000000007e00       0x26 build/decrypt.o
 *fill*         0x0000000000007e26       0x1a 
 .rodata.icon_uri.11
                0x0000000000007e40       0x26 build/decrypt.o
 *fill*         0x0000000000007e66       0x1a 
 .rodata.icon_uri.12
                0x0000000000007e80       0x26 build/decrypt.o
 *fill*         0x0000000000007ea6        0x2 
 .rodata.__FUNCTION__.13
                0x0000000000007ea8        0xc build/decrypt.o
 *fill*         0x0000000000007eb4        0xc 
 .rodata.icon_uri.14
                0x0000000000007ec0       0x26 build/decrypt.o
 *fill*         0x0000000000007ee6       0x1a 
 .rodata.icon_uri.15
                0x0000000000007f00       0x26 build/decrypt.o
 *fill*         0x0000000000007f26       0x1a 
 .rodata.icon_uri.16
                0x0000000000007f40       0x26 build/decrypt.o
 *fill*         0x0000000000007f66       0x1a 
 .rodata.icon_uri.17
                0x0000000000007f80       0x26 build/decrypt.o
 *fill*         0x0000000000007fa6       0x1a 
 .rodata.icon_uri.18
                0x0000000000007fc0       0x26 build/decrypt.o
 *fill*         0x0000000000007fe6       0x1a 
 .rodata.icon_uri.19
                0x0000000000008000       0x26 build/decrypt.o
 *fill*         0x0000000000008026       0x1a 
 .rodata.icon_uri.20
                0x0000000000008040       0x26 build/decrypt.o
 *fill*         0x0000000000008066       0x1a 
 .rodata.icon_uri.21
                0x0000000000008080       0x26 build/decrypt.o
 *fill*         0x00000000000080a6       0x1a 
 .rodata.icon_uri.22
                0x00000000000080c0       0x26 build/decrypt.o
 *fill*         0x00000000000080e6       0x1a 
 .rodata.icon_uri.23
                0x0000000000008100       0x26 build/decrypt.o
 *fill*         0x0000000000008126       0x1a 
 .rodata.icon_uri.24
                0x0000000000008140       0x26 build/decrypt.o
 *fill*         0x0000000000008166       0x1a 
 .rodata.icon_uri.25
                0x0000000000008180       0x26 build/decrypt.o
 *fill*         0x00000000000081a6       0x1a 
 .rodata.icon_uri.26
                0x00000000000081c0       0x26 build/decrypt.o
 *fill*         0x00000000000081e6       0x1a 
 .rodata.icon_uri.27
                0x0000000000008200       0x26 build/decrypt.o
 *fill*         0x0000000000008226        0xa 
 .rodata.__FUNCTION__.28
                0x0000000000008230       0x11 build/decrypt.o
 *fill*         0x0000000000008241       0x1f 
 .rodata.icon_uri.29
                0x0000000000008260       0x26 build/decrypt.o
 *fill*         0x0000000000008286        0xa 
 .rodata.__FUNCTION__.30
                0x0000000000008290       0x13 build/decrypt.o
 *fill*         0x00000000000082a3       0x1d 
 .rodata.icon_uri.31
                0x00000000000082c0       0x26 build/decrypt.o
 *fill*         0x00000000000082e6       0x1a 
 .rodata.icon_uri.32
                0x0000000000008300       0x26 build/decrypt.o
 *fill*         0x0000000000008326       0x1a 
 .rodata.icon_uri.33
                0x0000000000008340       0x26 build/decrypt.o
 *fill*         0x0000000000008366       0x1a 
 .rodata.icon_uri.34
                0x0000000000008380       0x26 build/decrypt.o
 *fill*         0x00000000000083a6       0x1a 
 .rodata.icon_uri.35
                0x00000000000083c0       0x26 build/decrypt.o
 *fill*         0x00000000000083e6       0x1a 
 .rodata.icon_uri.36
                0x0000000000008400       0x26 build/decrypt.o
 *fill*         0x0000000000008426       0x1a 
 .rodata.icon_uri.37
                0x0000000000008440       0x26 build/decrypt.o
 *fill*         0x0000000000008466       0x1a 
 .rodata.icon_uri.38
                0x0000000000008480       0x26 build/decrypt.o
 *fill*         0x00000000000084a6       0x1a 
 .rodata.icon_uri.39
                0x00000000000084c0       0x26 build/decrypt.o
 *fill*         0x00000000000084e6       0x1a 
 .rodata.icon_uri.40
                0x0000000000008500       0x26 build/decrypt.o
 *fill*         0x0000000000008526        0xa 
 .rodata.__FUNCTION__.41
                0x0000000000008530       0x17 build/decrypt.o
 *fill*         0x0000000000008547       0x19 
 .rodata.icon_uri.42
                0x0000000000008560       0x26 build/decrypt.o
 *fill*         0x0000000000008586       0x1a 
 .rodata.icon_uri.43
                0x00000000000085a0       0x26 build/decrypt.o
 *fill*         0x00000000000085c6       0x1a 
 .rodata.icon_uri.44
                0x00000000000085e0       0x26 build/decrypt.o
 *fill*         0x0000000000008606        0xa 
 .rodata.__FUNCTION__.45
                0x0000000000008610       0x10 build/decrypt.o
 .rodata.icon_uri.46
                0x0000000000008620       0x26 build/decrypt.o
 *fill*         0x0000000000008646       0x1a 
 .rodata.icon_uri.47
                0x0000000000008660       0x26 build/decrypt.o
 *fill*         0x0000000000008686        0xa 
 .rodata.__FUNCTION__.48
                0x0000000000008690       0x10 build/decrypt.o
 .rodata.icon_uri.49
                0x00000000000086a0       0x26 build/decrypt.o
 *fill*         0x00000000000086c6       0x1a 
 .rodata.icon_uri.50
                0x00000000000086e0       0x26 build/decrypt.o
 *fill*         0x0000000000008706        0x2 
 .rodata.__FUNCTION__.51
                0x0000000000008708        0xf build/decrypt.o
 *fill*         0x0000000000008717        0x9 
 .rodata.icon_uri.52
                0x0000000000008720       0x26 build/decrypt.o
 *fill*         0x0000000000008746        0x2 
 .rodata.cst4   0x0000000000008748        0x4 build/decrypt.o
 .rodata.readbytes.str1.1
                0x000000000000874c        0x0 build/decryptio.o
                                         0xf7 (size before relaxing)
 .rodata.writebytes.str1.1
                0x000000000000874c        0x0 build/decryptio.o
                                         0xbf (size before relaxing)
 *fill*         0x000000000000874c       0x14 
 .rodata.icon_uri.0
                0x0000000000008760       0x26 build/decryptio.o
 *fill*         0x0000000000008786       0x1a 
 .rodata.icon_uri.1
                0x00000000000087a0       0x26 build/decryptio.o
 *fill*         0x00000000000087c6       0x1a 
 .rodata.icon_uri.2
                0x00000000000087e0       0x26 build/decryptio.o
 *fill*         0x0000000000008806        0x2 
 .rodata.__FUNCTION__.3
                0x0000000000008808        0xb build/decryptio.o
 *fill*         0x0000000000008813        0xd 
 .rodata.icon_uri.4
                0x0000000000008820       0x26 build/decryptio.o
 *fill*         0x0000000000008846       0x1a 
 .rodata.icon_uri.5
                0x0000000000008860       0x26 build/decryptio.o
 *fill*         0x0000000000008886       0x1a 
 .rodata.icon_uri.6
                0x00000000000088a0       0x26 build/decryptio.o
 *fill*         0x00000000000088c6       0x1a 
 .rodata.icon_uri.7
                0x00000000000088e0       0x26 build/decryptio.o
 *fill*         0x0000000000008906        0x2 
 .rodata.__FUNCTION__.8
                0x0000000000008908        0xa build/decryptio.o
 *fill*         0x0000000000008912        0xe 
 .rodata.icon_uri.9
                0x0000000000008920       0x26 build/decryptio.o
 .rodata._main.str1.1
                0x0000000000008946        0x0 build/main.o
                                        0x126 (size before relaxing)
 *fill*         0x0000000000008946       0x1a 
 .rodata.icon_uri.0
                0x0000000000008960       0x26 build/main.o
 *fill*         0x0000000000008986       0x1a 
 .rodata.icon_uri.1
                0x00000000000089a0       0x26 build/main.o
 *fill*         0x00000000000089c6       0x1a 
 .rodata.icon_uri.2
                0x00000000000089e0       0x26 build/main.o
 *fill*         0x0000000000008a06       0x1a 
 .rodata.icon_uri.3
                0x0000000000008a20       0x26 build/main.o
 *fill*         0x0000000000008a46       0x1a 
 .rodata.icon_uri.4
                0x0000000000008a60       0x26 build/main.o
 .rodata.__FUNCTION__.5
                0x0000000000008a86        0x6 build/main.o
 *fill*         0x0000000000008a8c       0x14 
 .rodata.icon_uri.6
                0x0000000000008aa0       0x26 build/main.o
 .rodata.initKernel.str1.1
                0x0000000000008ac6        0x0 /lib/ps4-payload-sdk/libPS4/libPS4.a(kernel.o)
                                        0x391 (size before relaxing)
 .rodata.initLibc.str1.1
                0x0000000000008ac6        0x0 /lib/ps4-payload-sdk/libPS4/libPS4.a(libc.o)
                                        0x248 (size before relaxing)
 .rodata.initNetwork.str1.1
                0x0000000000008ac6        0x0 /lib/ps4-payload-sdk/libPS4/libPS4.a(network.o)
                                        0x173 (size before relaxing)
 .rodata.get_firmware.str1.1
                0x0000000000008ac6        0x0 /lib/ps4-payload-sdk/libPS4/libPS4.a(payload_utils.o)
                                         0x41 (size before relaxing)
 .rodata.get_firmware_string.str1.1
                0x0000000000008ac6        0x0 /lib/ps4-payload-sdk/libPS4/libPS4.a(payload_utils.o)
                                         0x22 (size before relaxing)
 .rodata.initPthread.str1.1
                0x0000000000008ac6        0x0 /lib/ps4-payload-sdk/libPS4/libPS4.a(pthread.o)
                                        0x13a (size before relaxing)
 .rodata.initSysUtil.str1.1
                0x0000000000008ac6        0x0 /lib/ps4-payload-sdk/libPS4/libPS4.a(sysutil.o)
                                         0x9c (size before relaxing)

.gnu.version_d  0x0000000000008ac8        0x0
 .gnu.version_d
                0x0000000000008ac8        0x0 /tmp/ccUbEgu5.o

.gnu.version    0x0000000000008ac6        0x0
 .gnu.version   0x0000000000008ac6        0x0 /tmp/ccUbEgu5.o

.gnu.version_r  0x0000000000008ac8        0x0
 .gnu.version_r
                0x0000000000008ac8        0x0 /tmp/ccUbEgu5.o

.dynsym         0x0000000000008ac8       0x18
 .dynsym        0x0000000000008ac8       0x18 /tmp/ccUbEgu5.o

.dynstr         0x0000000000008ae0        0x1
 .dynstr        0x0000000000008ae0        0x1 /tmp/ccUbEgu5.o

.gnu.hash       0x0000000000008ae8       0x1c
 .gnu.hash      0x0000000000008ae8       0x1c /tmp/ccUbEgu5.o

.eh_frame_hdr   0x0000000000008b04        0x0
 .eh_frame_hdr  0x0000000000008b04        0x0 build/decrypt.o

.rela.dyn       0x0000000000008b08        0x0
 .rela.plt      0x0000000000008b08        0x0 /tmp/ccUbEgu5.o
 .rela.got      0x0000000000008b08        0x0 /tmp/ccUbEgu5.o
 .rela.bss      0x0000000000008b08        0x0 /tmp/ccUbEgu5.o
 .rela.data.rel.ro
                0x0000000000008b08        0x0 /tmp/ccUbEgu5.o
 .rela.ifunc    0x0000000000008b08        0x0 /tmp/ccUbEgu5.o
 .rela.tls      0x0000000000008b08        0x0 /tmp/ccUbEgu5.o

.data
 *(.data)

.dynamic        0x0000000000008b08       0xe0
 .dynamic       0x0000000000008b08       0xe0 /tmp/ccUbEgu5.o
                0x0000000000008b08                _DYNAMIC

.got            0x0000000000008be8        0x0
 .got           0x0000000000008be8        0x0 /tmp/ccUbEgu5.o

.got.plt        0x0000000000008be8        0x0
 .got.plt       0x0000000000008be8        0x0 /tmp/ccUbEgu5.o

.data.rel.ro    0x0000000000008be8        0x0
 .data.rel.ro   0x0000000000008be8        0x0 /tmp/ccUbEgu5.o

.data.DEBUG_SOCK
                0x0000000000008be8        0x4
 .data.DEBUG_SOCK
                0x0000000000008be8        0x4 /lib/ps4-payload-sdk/libPS4/libPS4.a(debug.o)
                0x0000000000008be8                DEBUG_SOCK

.bss
 *(.bss)

.dynbss         0x0000000000008bec        0x0
 .dynbss        0x0000000000008bec        0x0 /tmp/ccUbEgu5.o

.bss.prevtime   0x0000000000008bf0        0x8
 .bss.prevtime  0x0000000000008bf0        0x8 build/main.o
                0x0000000000008bf0                prevtime

.bss.sceKernelGetOpenPsIdForSystem
                0x0000000000008bf8        0x8
 .bss.sceKernelGetOpenPsIdForSystem
                0x0000000000008bf8        0x8 /lib/ps4-payload-sdk/libPS4/libPS4.a(kernel.o)
                0x0000000000008bf8                sceKernelGetOpenPsIdForSystem

.bss.sceKernelGetOpenPsId
                0x0000000000008c00        0x8
 .bss.sceKernelGetOpenPsId
                0x0000000000008c00        0x8 /lib/ps4-payload-sdk/libPS4/libPS4.a(kernel.o)
                0x0000000000008c00                sceKernelGetOpenPsId

.bss.sceKernelGetIdPs
                0x0000000000008c08        0x8
 .bss.sceKernelGetIdPs
                0x0000000000008c08        0x8 /lib/ps4-payload-sdk/libPS4/libPS4.a(kernel.o)
                0x0000000000008c08                sceKernelGetIdPs

.bss.sceKernelGetCpuTemperature
                0x0000000000008c10        0x8
 .bss.sceKernelGetCpuTemperature
                0x0000000000008c10        0x8 /lib/ps4-payload-sdk/libPS4/libPS4.a(kernel.o)
                0x0000000000008c10                sceKernelGetCpuTemperature

.bss.sceKernelGetSystemSwVersion
                0x0000000000008c18        0x8
 .bss.sceKernelGetSystemSwVersion
                0x0000000000008c18        0x8 /lib/ps4-payload-sdk/libPS4/libPS4.a(kernel.o)
                0x0000000000008c18                sceKernelGetSystemSwVersion

.bss.sceKernelGetFsSandboxRandomWord
                0x0000000000008c20        0x8
 .bss.sceKernelGetFsSandboxRandomWord
                0x0000000000008c20        0x8 /lib/ps4-payload-sdk/libPS4/libPS4.a(kernel.o)
                0x0000000000008c20                sceKernelGetFsSandboxRandomWord

.bss.sceKernelSendNotificationRequest
                0x0000000000008c28        0x8
 .bss.sceKernelSendNotificationRequest
                0x0000000000008c28        0x8 /lib/ps4-payload-sdk/libPS4/libPS4.a(kernel.o)
                0x0000000000008c28                sceKernelSendNotificationRequest

.bss.setregid   0x0000000000008c30        0x8
 .bss.setregid  0x0000000000008c30        0x8 /lib/ps4-payload-sdk/libPS4/libPS4.a(kernel.o)
                0x0000000000008c30                setregid

.bss.setreuid   0x0000000000008c38        0x8
 .bss.setreuid  0x0000000000008c38        0x8 /lib/ps4-payload-sdk/libPS4/libPS4.a(kernel.o)
                0x0000000000008c38                setreuid

.bss.setgid     0x0000000000008c40        0x8
 .bss.setgid    0x0000000000008c40        0x8 /lib/ps4-payload-sdk/libPS4/libPS4.a(kernel.o)
                0x0000000000008c40                setgid

.bss.setuid     0x0000000000008c48        0x8
 .bss.setuid    0x0000000000008c48        0x8 /lib/ps4-payload-sdk/libPS4/libPS4.a(kernel.o)
                0x0000000000008c48                setuid

.bss.getpid     0x0000000000008c50        0x8
 .bss.getpid    0x0000000000008c50        0x8 /lib/ps4-payload-sdk/libPS4/libPS4.a(kernel.o)
                0x0000000000008c50                getpid

.bss.getgid     0x0000000000008c58        0x8
 .bss.getgid    0x0000000000008c58        0x8 /lib/ps4-payload-sdk/libPS4/libPS4.a(kernel.o)
                0x0000000000008c58                getgid

.bss.getuid     0x0000000000008c60        0x8
 .bss.getuid    0x0000000000008c60        0x8 /lib/ps4-payload-sdk/libPS4/libPS4.a(kernel.o)
                0x0000000000008c60                getuid

.bss.sceKernelAddReadEvent
                0x0000000000008c68        0x8
 .bss.sceKernelAddReadEvent
                0x0000000000008c68        0x8 /lib/ps4-payload-sdk/libPS4/libPS4.a(kernel.o)
                0x0000000000008c68                sceKernelAddReadEvent

.bss.sceKernelAddUserEvent
                0x0000000000008c70        0x8
 .bss.sceKernelAddUserEvent
                0x0000000000008c70        0x8 /lib/ps4-payload-sdk/libPS4/libPS4.a(kernel.o)
                0x0000000000008c70                sceKernelAddUserEvent

.bss.sceKernelDeleteEqueue
                0x0000000000008c78        0x8
 .bss.sceKernelDeleteEqueue
                0x0000000000008c78        0x8 /lib/ps4-payload-sdk/libPS4/libPS4.a(kernel.o)
                0x0000000000008c78                sceKernelDeleteEqueue

.bss.sceKernelCreateEqueue
                0x0000000000008c80        0x8
 .bss.sceKernelCreateEqueue
                0x0000000000008c80        0x8 /lib/ps4-payload-sdk/libPS4/libPS4.a(kernel.o)
                0x0000000000008c80                sceKernelCreateEqueue

.bss.pthread_setaffinity_np
                0x0000000000008c88        0x8
 .bss.pthread_setaffinity_np
                0x0000000000008c88        0x8 /lib/ps4-payload-sdk/libPS4/libPS4.a(kernel.o)
                0x0000000000008c88                pthread_setaffinity_np

.bss.pthread_self
                0x0000000000008c90        0x8
 .bss.pthread_self
                0x0000000000008c90        0x8 /lib/ps4-payload-sdk/libPS4/libPS4.a(kernel.o)
                0x0000000000008c90                pthread_self

.bss.execve     0x0000000000008c98        0x8
 .bss.execve    0x0000000000008c98        0x8 /lib/ps4-payload-sdk/libPS4/libPS4.a(kernel.o)
                0x0000000000008c98                execve

.bss.sysarch    0x0000000000008ca0        0x8
 .bss.sysarch   0x0000000000008ca0        0x8 /lib/ps4-payload-sdk/libPS4/libPS4.a(kernel.o)
                0x0000000000008ca0                sysarch

.bss.sysctlbyname
                0x0000000000008ca8        0x8
 .bss.sysctlbyname
                0x0000000000008ca8        0x8 /lib/ps4-payload-sdk/libPS4/libPS4.a(kernel.o)
                0x0000000000008ca8                sysctlbyname

.bss.sysctl     0x0000000000008cb0        0x8
 .bss.sysctl    0x0000000000008cb0        0x8 /lib/ps4-payload-sdk/libPS4/libPS4.a(kernel.o)
                0x0000000000008cb0                sysctl

.bss.sceKernelGetCurrentCpu
                0x0000000000008cb8        0x8
 .bss.sceKernelGetCurrentCpu
                0x0000000000008cb8        0x8 /lib/ps4-payload-sdk/libPS4/libPS4.a(kernel.o)
                0x0000000000008cb8                sceKernelGetCurrentCpu

.bss.sceKernelGetProcessTime
                0x0000000000008cc0        0x8
 .bss.sceKernelGetProcessTime
                0x0000000000008cc0        0x8 /lib/ps4-payload-sdk/libPS4/libPS4.a(kernel.o)
                0x0000000000008cc0                sceKernelGetProcessTime

.bss.sceKernelGettimeofday
                0x0000000000008cc8        0x8
 .bss.sceKernelGettimeofday
                0x0000000000008cc8        0x8 /lib/ps4-payload-sdk/libPS4/libPS4.a(kernel.o)
                0x0000000000008cc8                sceKernelGettimeofday

.bss.usleep     0x0000000000008cd0        0x8
 .bss.usleep    0x0000000000008cd0        0x8 /lib/ps4-payload-sdk/libPS4/libPS4.a(kernel.o)
                0x0000000000008cd0                usleep

.bss.sceKernelUsleep
                0x0000000000008cd8        0x8
 .bss.sceKernelUsleep
                0x0000000000008cd8        0x8 /lib/ps4-payload-sdk/libPS4/libPS4.a(kernel.o)
                0x0000000000008cd8                sceKernelUsleep

.bss.sceKernelSleep
                0x0000000000008ce0        0x8
 .bss.sceKernelSleep
                0x0000000000008ce0        0x8 /lib/ps4-payload-sdk/libPS4/libPS4.a(kernel.o)
                0x0000000000008ce0                sceKernelSleep

.bss.sceKernelLwfsWrite
                0x0000000000008ce8        0x8
 .bss.sceKernelLwfsWrite
                0x0000000000008ce8        0x8 /lib/ps4-payload-sdk/libPS4/libPS4.a(kernel.o)
                0x0000000000008ce8                sceKernelLwfsWrite

.bss.sceKernelLwfsLseek
                0x0000000000008cf0        0x8
 .bss.sceKernelLwfsLseek
                0x0000000000008cf0        0x8 /lib/ps4-payload-sdk/libPS4/libPS4.a(kernel.o)
                0x0000000000008cf0                sceKernelLwfsLseek

.bss.sceKernelLwfsTrimBlock
                0x0000000000008cf8        0x8
 .bss.sceKernelLwfsTrimBlock
                0x0000000000008cf8        0x8 /lib/ps4-payload-sdk/libPS4/libPS4.a(kernel.o)
                0x0000000000008cf8                sceKernelLwfsTrimBlock

.bss.sceKernelLwfsSetAttribute
                0x0000000000008d00        0x8
 .bss.sceKernelLwfsSetAttribute
                0x0000000000008d00        0x8 /lib/ps4-payload-sdk/libPS4/libPS4.a(kernel.o)
                0x0000000000008d00                sceKernelLwfsSetAttribute

.bss.sceKernelLwfsAllocateBlock
                0x0000000000008d08        0x8
 .bss.sceKernelLwfsAllocateBlock
                0x0000000000008d08        0x8 /lib/ps4-payload-sdk/libPS4/libPS4.a(kernel.o)
                0x0000000000008d08                sceKernelLwfsAllocateBlock

.bss.sceKernelClose
                0x0000000000008d10        0x8
 .bss.sceKernelClose
                0x0000000000008d10        0x8 /lib/ps4-payload-sdk/libPS4/libPS4.a(kernel.o)
                0x0000000000008d10                sceKernelClose

.bss.sceKernelLseek
                0x0000000000008d18        0x8
 .bss.sceKernelLseek
                0x0000000000008d18        0x8 /lib/ps4-payload-sdk/libPS4/libPS4.a(kernel.o)
                0x0000000000008d18                sceKernelLseek

.bss.sceKernelRead
                0x0000000000008d20        0x8
 .bss.sceKernelRead
                0x0000000000008d20        0x8 /lib/ps4-payload-sdk/libPS4/libPS4.a(kernel.o)
                0x0000000000008d20                sceKernelRead

.bss.sceKernelOpen
                0x0000000000008d28        0x8
 .bss.sceKernelOpen
                0x0000000000008d28        0x8 /lib/ps4-payload-sdk/libPS4/libPS4.a(kernel.o)
                0x0000000000008d28                sceKernelOpen

.bss.sceKernelStat
                0x0000000000008d30        0x8
 .bss.sceKernelStat
                0x0000000000008d30        0x8 /lib/ps4-payload-sdk/libPS4/libPS4.a(kernel.o)
                0x0000000000008d30                sceKernelStat

.bss.sceKernelGetDirectMemorySize
                0x0000000000008d38        0x8
 .bss.sceKernelGetDirectMemorySize
                0x0000000000008d38        0x8 /lib/ps4-payload-sdk/libPS4/libPS4.a(kernel.o)
                0x0000000000008d38                sceKernelGetDirectMemorySize

.bss.sceKernelMapDirectMemory
                0x0000000000008d40        0x8
 .bss.sceKernelMapDirectMemory
                0x0000000000008d40        0x8 /lib/ps4-payload-sdk/libPS4/libPS4.a(kernel.o)
                0x0000000000008d40                sceKernelMapDirectMemory

.bss.sceKernelAllocateDirectMemory
                0x0000000000008d48        0x8
 .bss.sceKernelAllocateDirectMemory
                0x0000000000008d48        0x8 /lib/ps4-payload-sdk/libPS4/libPS4.a(kernel.o)
                0x0000000000008d48                sceKernelAllocateDirectMemory

.bss.sceKernelLoadStartModule
                0x0000000000008d50        0x8
 .bss.sceKernelLoadStartModule
                0x0000000000008d50        0x8 /lib/ps4-payload-sdk/libPS4/libPS4.a(kernel.o)
                0x0000000000008d50                sceKernelLoadStartModule

.bss.sceKernelError
                0x0000000000008d58        0x8
 .bss.sceKernelError
                0x0000000000008d58        0x8 /lib/ps4-payload-sdk/libPS4/libPS4.a(kernel.o)
                0x0000000000008d58                sceKernelError

.bss.__error    0x0000000000008d60        0x8
 .bss.__error   0x0000000000008d60        0x8 /lib/ps4-payload-sdk/libPS4/libPS4.a(kernel.o)
                0x0000000000008d60                __error

.bss.__stack_chk_fail
                0x0000000000008d68        0x8
 .bss.__stack_chk_fail
                0x0000000000008d68        0x8 /lib/ps4-payload-sdk/libPS4/libPS4.a(kernel.o)
                0x0000000000008d68                __stack_chk_fail

.bss.__stack_chk_guard
                0x0000000000008d70        0x8
 .bss.__stack_chk_guard
                0x0000000000008d70        0x8 /lib/ps4-payload-sdk/libPS4/libPS4.a(kernel.o)
                0x0000000000008d70                __stack_chk_guard

.bss.libKernelHandle
                0x0000000000008d78        0x4
 .bss.libKernelHandle
                0x0000000000008d78        0x4 /lib/ps4-payload-sdk/libPS4/libPS4.a(kernel.o)
                0x0000000000008d78                libKernelHandle

.bss.fgets      0x0000000000008d80        0x8
 .bss.fgets     0x0000000000008d80        0x8 /lib/ps4-payload-sdk/libPS4/libPS4.a(libc.o)
                0x0000000000008d80                fgets

.bss.fprintf    0x0000000000008d88        0x8
 .bss.fprintf   0x0000000000008d88        0x8 /lib/ps4-payload-sdk/libPS4/libPS4.a(libc.o)
                0x0000000000008d88                fprintf

.bss.fclose     0x0000000000008d90        0x8
 .bss.fclose    0x0000000000008d90        0x8 /lib/ps4-payload-sdk/libPS4/libPS4.a(libc.o)
                0x0000000000008d90                fclose

.bss.ftell      0x0000000000008d98        0x8
 .bss.ftell     0x0000000000008d98        0x8 /lib/ps4-payload-sdk/libPS4/libPS4.a(libc.o)
                0x0000000000008d98                ftell

.bss.fseek      0x0000000000008da0        0x8
 .bss.fseek     0x0000000000008da0        0x8 /lib/ps4-payload-sdk/libPS4/libPS4.a(libc.o)
                0x0000000000008da0                fseek

.bss.fwrite     0x0000000000008da8        0x8
 .bss.fwrite    0x0000000000008da8        0x8 /lib/ps4-payload-sdk/libPS4/libPS4.a(libc.o)
                0x0000000000008da8                fwrite

.bss.fread      0x0000000000008db0        0x8
 .bss.fread     0x0000000000008db0        0x8 /lib/ps4-payload-sdk/libPS4/libPS4.a(libc.o)
                0x0000000000008db0                fread

.bss.fopen      0x0000000000008db8        0x8
 .bss.fopen     0x0000000000008db8        0x8 /lib/ps4-payload-sdk/libPS4/libPS4.a(libc.o)
                0x0000000000008db8                fopen

.bss.getprogname
                0x0000000000008dc0        0x8
 .bss.getprogname
                0x0000000000008dc0        0x8 /lib/ps4-payload-sdk/libPS4/libPS4.a(libc.o)
                0x0000000000008dc0                getprogname

.bss.dirfd      0x0000000000008dc8        0x8
 .bss.dirfd     0x0000000000008dc8        0x8 /lib/ps4-payload-sdk/libPS4/libPS4.a(libc.o)
                0x0000000000008dc8                dirfd

.bss.closedir   0x0000000000008dd0        0x8
 .bss.closedir  0x0000000000008dd0        0x8 /lib/ps4-payload-sdk/libPS4/libPS4.a(libc.o)
                0x0000000000008dd0                closedir

.bss.rewinddir  0x0000000000008dd8        0x8
 .bss.rewinddir
                0x0000000000008dd8        0x8 /lib/ps4-payload-sdk/libPS4/libPS4.a(libc.o)
                0x0000000000008dd8                rewinddir

.bss.seekdir    0x0000000000008de0        0x8
 .bss.seekdir   0x0000000000008de0        0x8 /lib/ps4-payload-sdk/libPS4/libPS4.a(libc.o)
                0x0000000000008de0                seekdir

.bss.telldir    0x0000000000008de8        0x8
 .bss.telldir   0x0000000000008de8        0x8 /lib/ps4-payload-sdk/libPS4/libPS4.a(libc.o)
                0x0000000000008de8                telldir

.bss.readdir_r  0x0000000000008df0        0x8
 .bss.readdir_r
                0x0000000000008df0        0x8 /lib/ps4-payload-sdk/libPS4/libPS4.a(libc.o)
                0x0000000000008df0                readdir_r

.bss.readdir    0x0000000000008df8        0x8
 .bss.readdir   0x0000000000008df8        0x8 /lib/ps4-payload-sdk/libPS4/libPS4.a(libc.o)
                0x0000000000008df8                readdir

.bss.opendir    0x0000000000008e00        0x8
 .bss.opendir   0x0000000000008e00        0x8 /lib/ps4-payload-sdk/libPS4/libPS4.a(libc.o)
                0x0000000000008e00                opendir

.bss.mktime     0x0000000000008e08        0x8
 .bss.mktime    0x0000000000008e08        0x8 /lib/ps4-payload-sdk/libPS4/libPS4.a(libc.o)
                0x0000000000008e08                mktime

.bss.localtime_r
                0x0000000000008e10        0x8
 .bss.localtime_r
                0x0000000000008e10        0x8 /lib/ps4-payload-sdk/libPS4/libPS4.a(libc.o)
                0x0000000000008e10                localtime_r

.bss.localtime  0x0000000000008e18        0x8
 .bss.localtime
                0x0000000000008e18        0x8 /lib/ps4-payload-sdk/libPS4/libPS4.a(libc.o)
                0x0000000000008e18                localtime

.bss.gmtime_s   0x0000000000008e20        0x8
 .bss.gmtime_s  0x0000000000008e20        0x8 /lib/ps4-payload-sdk/libPS4/libPS4.a(libc.o)
                0x0000000000008e20                gmtime_s

.bss.gmtime     0x0000000000008e28        0x8
 .bss.gmtime    0x0000000000008e28        0x8 /lib/ps4-payload-sdk/libPS4/libPS4.a(libc.o)
                0x0000000000008e28                gmtime

.bss.time       0x0000000000008e30        0x8
 .bss.time      0x0000000000008e30        0x8 /lib/ps4-payload-sdk/libPS4/libPS4.a(libc.o)
                0x0000000000008e30                time

.bss.ctime_r    0x0000000000008e38        0x8
 .bss.ctime_r   0x0000000000008e38        0x8 /lib/ps4-payload-sdk/libPS4/libPS4.a(libc.o)
                0x0000000000008e38                ctime_r

.bss.ctime      0x0000000000008e40        0x8
 .bss.ctime     0x0000000000008e40        0x8 /lib/ps4-payload-sdk/libPS4/libPS4.a(libc.o)
                0x0000000000008e40                ctime

.bss.asctime_r  0x0000000000008e48        0x8
 .bss.asctime_r
                0x0000000000008e48        0x8 /lib/ps4-payload-sdk/libPS4/libPS4.a(libc.o)
                0x0000000000008e48                asctime_r

.bss.asctime    0x0000000000008e50        0x8
 .bss.asctime   0x0000000000008e50        0x8 /lib/ps4-payload-sdk/libPS4/libPS4.a(libc.o)
                0x0000000000008e50                asctime

.bss.rand       0x0000000000008e58        0x8
 .bss.rand      0x0000000000008e58        0x8 /lib/ps4-payload-sdk/libPS4/libPS4.a(libc.o)
                0x0000000000008e58                rand

.bss.srand      0x0000000000008e60        0x8
 .bss.srand     0x0000000000008e60        0x8 /lib/ps4-payload-sdk/libPS4/libPS4.a(libc.o)
                0x0000000000008e60                srand

.bss.toupper    0x0000000000008e68        0x8
 .bss.toupper   0x0000000000008e68        0x8 /lib/ps4-payload-sdk/libPS4/libPS4.a(libc.o)
                0x0000000000008e68                toupper

.bss.tolower    0x0000000000008e70        0x8
 .bss.tolower   0x0000000000008e70        0x8 /lib/ps4-payload-sdk/libPS4/libPS4.a(libc.o)
                0x0000000000008e70                tolower

.bss.ceil       0x0000000000008e78        0x8
 .bss.ceil      0x0000000000008e78        0x8 /lib/ps4-payload-sdk/libPS4/libPS4.a(libc.o)
                0x0000000000008e78                ceil

.bss.bcopy      0x0000000000008e80        0x8
 .bss.bcopy     0x0000000000008e80        0x8 /lib/ps4-payload-sdk/libPS4/libPS4.a(libc.o)
                0x0000000000008e80                bcopy

.bss._Stoul     0x0000000000008e88        0x8
 .bss._Stoul    0x0000000000008e88        0x8 /lib/ps4-payload-sdk/libPS4/libPS4.a(libc.o)
                0x0000000000008e88                _Stoul

.bss._Getpctype
                0x0000000000008e90        0x8
 .bss._Getpctype
                0x0000000000008e90        0x8 /lib/ps4-payload-sdk/libPS4/libPS4.a(libc.o)
                0x0000000000008e90                _Getpctype

.bss.strerror   0x0000000000008e98        0x8
 .bss.strerror  0x0000000000008e98        0x8 /lib/ps4-payload-sdk/libPS4/libPS4.a(libc.o)
                0x0000000000008e98                strerror

.bss.strlcpy    0x0000000000008ea0        0x8
 .bss.strlcpy   0x0000000000008ea0        0x8 /lib/ps4-payload-sdk/libPS4/libPS4.a(libc.o)
                0x0000000000008ea0                strlcpy

.bss.atof       0x0000000000008ea8        0x8
 .bss.atof      0x0000000000008ea8        0x8 /lib/ps4-payload-sdk/libPS4/libPS4.a(libc.o)
                0x0000000000008ea8                atof

.bss.atoi       0x0000000000008eb0        0x8
 .bss.atoi      0x0000000000008eb0        0x8 /lib/ps4-payload-sdk/libPS4/libPS4.a(libc.o)
                0x0000000000008eb0                atoi

.bss.isxdigit   0x0000000000008eb8        0x8
 .bss.isxdigit  0x0000000000008eb8        0x8 /lib/ps4-payload-sdk/libPS4/libPS4.a(libc.o)
                0x0000000000008eb8                isxdigit

.bss.isdigit    0x0000000000008ec0        0x8
 .bss.isdigit   0x0000000000008ec0        0x8 /lib/ps4-payload-sdk/libPS4/libPS4.a(libc.o)
                0x0000000000008ec0                isdigit

.bss.isspace    0x0000000000008ec8        0x8
 .bss.isspace   0x0000000000008ec8        0x8 /lib/ps4-payload-sdk/libPS4/libPS4.a(libc.o)
                0x0000000000008ec8                isspace

.bss.rindex     0x0000000000008ed0        0x8
 .bss.rindex    0x0000000000008ed0        0x8 /lib/ps4-payload-sdk/libPS4/libPS4.a(libc.o)
                0x0000000000008ed0                rindex

.bss.index      0x0000000000008ed8        0x8
 .bss.index     0x0000000000008ed8        0x8 /lib/ps4-payload-sdk/libPS4/libPS4.a(libc.o)
                0x0000000000008ed8                index

.bss.strdup     0x0000000000008ee0        0x8
 .bss.strdup    0x0000000000008ee0        0x8 /lib/ps4-payload-sdk/libPS4/libPS4.a(libc.o)
                0x0000000000008ee0                strdup

.bss.strstr     0x0000000000008ee8        0x8
 .bss.strstr    0x0000000000008ee8        0x8 /lib/ps4-payload-sdk/libPS4/libPS4.a(libc.o)
                0x0000000000008ee8                strstr

.bss.strrchr    0x0000000000008ef0        0x8
 .bss.strrchr   0x0000000000008ef0        0x8 /lib/ps4-payload-sdk/libPS4/libPS4.a(libc.o)
                0x0000000000008ef0                strrchr

.bss.strchr     0x0000000000008ef8        0x8
 .bss.strchr    0x0000000000008ef8        0x8 /lib/ps4-payload-sdk/libPS4/libPS4.a(libc.o)
                0x0000000000008ef8                strchr

.bss.strtok     0x0000000000008f00        0x8
 .bss.strtok    0x0000000000008f00        0x8 /lib/ps4-payload-sdk/libPS4/libPS4.a(libc.o)
                0x0000000000008f00                strtok

.bss.strtol     0x0000000000008f08        0x8
 .bss.strtol    0x0000000000008f08        0x8 /lib/ps4-payload-sdk/libPS4/libPS4.a(libc.o)
                0x0000000000008f08                strtol

.bss.sscanf     0x0000000000008f10        0x8
 .bss.sscanf    0x0000000000008f10        0x8 /lib/ps4-payload-sdk/libPS4/libPS4.a(libc.o)
                0x0000000000008f10                sscanf

.bss.snprintf_s
                0x0000000000008f18        0x8
 .bss.snprintf_s
                0x0000000000008f18        0x8 /lib/ps4-payload-sdk/libPS4/libPS4.a(libc.o)
                0x0000000000008f18                snprintf_s

.bss.snprintf   0x0000000000008f20        0x8
 .bss.snprintf  0x0000000000008f20        0x8 /lib/ps4-payload-sdk/libPS4/libPS4.a(libc.o)
                0x0000000000008f20                snprintf

.bss.sprintf    0x0000000000008f28        0x8
 .bss.sprintf   0x0000000000008f28        0x8 /lib/ps4-payload-sdk/libPS4/libPS4.a(libc.o)
                0x0000000000008f28                sprintf

.bss.strncmp    0x0000000000008f30        0x8
 .bss.strncmp   0x0000000000008f30        0x8 /lib/ps4-payload-sdk/libPS4/libPS4.a(libc.o)
                0x0000000000008f30                strncmp

.bss.strcasecmp
                0x0000000000008f38        0x8
 .bss.strcasecmp
                0x0000000000008f38        0x8 /lib/ps4-payload-sdk/libPS4/libPS4.a(libc.o)
                0x0000000000008f38                strcasecmp

.bss.strcmp     0x0000000000008f40        0x8
 .bss.strcmp    0x0000000000008f40        0x8 /lib/ps4-payload-sdk/libPS4/libPS4.a(libc.o)
                0x0000000000008f40                strcmp

.bss.strlen     0x0000000000008f48        0x8
 .bss.strlen    0x0000000000008f48        0x8 /lib/ps4-payload-sdk/libPS4/libPS4.a(libc.o)
                0x0000000000008f48                strlen

.bss.strncat    0x0000000000008f50        0x8
 .bss.strncat   0x0000000000008f50        0x8 /lib/ps4-payload-sdk/libPS4/libPS4.a(libc.o)
                0x0000000000008f50                strncat

.bss.strcat     0x0000000000008f58        0x8
 .bss.strcat    0x0000000000008f58        0x8 /lib/ps4-payload-sdk/libPS4/libPS4.a(libc.o)
                0x0000000000008f58                strcat

.bss.strncpy_s  0x0000000000008f60        0x8
 .bss.strncpy_s
                0x0000000000008f60        0x8 /lib/ps4-payload-sdk/libPS4/libPS4.a(libc.o)
                0x0000000000008f60                strncpy_s

.bss.strncpy    0x0000000000008f68        0x8
 .bss.strncpy   0x0000000000008f68        0x8 /lib/ps4-payload-sdk/libPS4/libPS4.a(libc.o)
                0x0000000000008f68                strncpy

.bss.strcpy     0x0000000000008f70        0x8
 .bss.strcpy    0x0000000000008f70        0x8 /lib/ps4-payload-sdk/libPS4/libPS4.a(libc.o)
                0x0000000000008f70                strcpy

.bss.memmove_s  0x0000000000008f78        0x8
 .bss.memmove_s
                0x0000000000008f78        0x8 /lib/ps4-payload-sdk/libPS4/libPS4.a(libc.o)
                0x0000000000008f78                memmove_s

.bss.memmove    0x0000000000008f80        0x8
 .bss.memmove   0x0000000000008f80        0x8 /lib/ps4-payload-sdk/libPS4/libPS4.a(libc.o)
                0x0000000000008f80                memmove

.bss.memcmp     0x0000000000008f88        0x8
 .bss.memcmp    0x0000000000008f88        0x8 /lib/ps4-payload-sdk/libPS4/libPS4.a(libc.o)
                0x0000000000008f88                memcmp

.bss.memcpy     0x0000000000008f90        0x8
 .bss.memcpy    0x0000000000008f90        0x8 /lib/ps4-payload-sdk/libPS4/libPS4.a(libc.o)
                0x0000000000008f90                memcpy

.bss.memset     0x0000000000008f98        0x8
 .bss.memset    0x0000000000008f98        0x8 /lib/ps4-payload-sdk/libPS4/libPS4.a(libc.o)
                0x0000000000008f98                memset

.bss.memalign   0x0000000000008fa0        0x8
 .bss.memalign  0x0000000000008fa0        0x8 /lib/ps4-payload-sdk/libPS4/libPS4.a(libc.o)
                0x0000000000008fa0                memalign

.bss.realloc    0x0000000000008fa8        0x8
 .bss.realloc   0x0000000000008fa8        0x8 /lib/ps4-payload-sdk/libPS4/libPS4.a(libc.o)
                0x0000000000008fa8                realloc

.bss.calloc     0x0000000000008fb0        0x8
 .bss.calloc    0x0000000000008fb0        0x8 /lib/ps4-payload-sdk/libPS4/libPS4.a(libc.o)
                0x0000000000008fb0                calloc

.bss.free       0x0000000000008fb8        0x8
 .bss.free      0x0000000000008fb8        0x8 /lib/ps4-payload-sdk/libPS4/libPS4.a(libc.o)
                0x0000000000008fb8                free

.bss.malloc     0x0000000000008fc0        0x8
 .bss.malloc    0x0000000000008fc0        0x8 /lib/ps4-payload-sdk/libPS4/libPS4.a(libc.o)
                0x0000000000008fc0                malloc

.bss.libc       0x0000000000008fc8        0x4
 .bss.libc      0x0000000000008fc8        0x4 /lib/ps4-payload-sdk/libPS4/libPS4.a(libc.o)
                0x0000000000008fc8                libc

.bss.sceNetCtlGetInfo
                0x0000000000008fd0        0x8
 .bss.sceNetCtlGetInfo
                0x0000000000008fd0        0x8 /lib/ps4-payload-sdk/libPS4/libPS4.a(network.o)
                0x0000000000008fd0                sceNetCtlGetInfo

.bss.sceNetCtlTerm
                0x0000000000008fd8        0x8
 .bss.sceNetCtlTerm
                0x0000000000008fd8        0x8 /lib/ps4-payload-sdk/libPS4/libPS4.a(network.o)
                0x0000000000008fd8                sceNetCtlTerm

.bss.sceNetCtlInit
                0x0000000000008fe0        0x8
 .bss.sceNetCtlInit
                0x0000000000008fe0        0x8 /lib/ps4-payload-sdk/libPS4/libPS4.a(network.o)
                0x0000000000008fe0                sceNetCtlInit

.bss.sceNetNtohs
                0x0000000000008fe8        0x8
 .bss.sceNetNtohs
                0x0000000000008fe8        0x8 /lib/ps4-payload-sdk/libPS4/libPS4.a(network.o)
                0x0000000000008fe8                sceNetNtohs

.bss.sceNetNtohl
                0x0000000000008ff0        0x8
 .bss.sceNetNtohl
                0x0000000000008ff0        0x8 /lib/ps4-payload-sdk/libPS4/libPS4.a(network.o)
                0x0000000000008ff0                sceNetNtohl

.bss.sceNetNtohll
                0x0000000000008ff8        0x8
 .bss.sceNetNtohll
                0x0000000000008ff8        0x8 /lib/ps4-payload-sdk/libPS4/libPS4.a(network.o)
                0x0000000000008ff8                sceNetNtohll

.bss.sceNetHtons
                0x0000000000009000        0x8
 .bss.sceNetHtons
                0x0000000000009000        0x8 /lib/ps4-payload-sdk/libPS4/libPS4.a(network.o)
                0x0000000000009000                sceNetHtons

.bss.sceNetHtonl
                0x0000000000009008        0x8
 .bss.sceNetHtonl
                0x0000000000009008        0x8 /lib/ps4-payload-sdk/libPS4/libPS4.a(network.o)
                0x0000000000009008                sceNetHtonl

.bss.sceNetHtonll
                0x0000000000009010        0x8
 .bss.sceNetHtonll
                0x0000000000009010        0x8 /lib/ps4-payload-sdk/libPS4/libPS4.a(network.o)
                0x0000000000009010                sceNetHtonll

.bss.sceNetInetPton
                0x0000000000009018        0x8
 .bss.sceNetInetPton
                0x0000000000009018        0x8 /lib/ps4-payload-sdk/libPS4/libPS4.a(network.o)
                0x0000000000009018                sceNetInetPton

.bss.sceNetInetNtop
                0x0000000000009020        0x8
 .bss.sceNetInetNtop
                0x0000000000009020        0x8 /lib/ps4-payload-sdk/libPS4/libPS4.a(network.o)
                0x0000000000009020                sceNetInetNtop

.bss.sceNetSetsockopt
                0x0000000000009028        0x8
 .bss.sceNetSetsockopt
                0x0000000000009028        0x8 /lib/ps4-payload-sdk/libPS4/libPS4.a(network.o)
                0x0000000000009028                sceNetSetsockopt

.bss.sceNetGetsockopt
                0x0000000000009030        0x8
 .bss.sceNetGetsockopt
                0x0000000000009030        0x8 /lib/ps4-payload-sdk/libPS4/libPS4.a(network.o)
                0x0000000000009030                sceNetGetsockopt

.bss.sceNetGetsockname
                0x0000000000009038        0x8
 .bss.sceNetGetsockname
                0x0000000000009038        0x8 /lib/ps4-payload-sdk/libPS4/libPS4.a(network.o)
                0x0000000000009038                sceNetGetsockname

.bss.sceNetSocketAbort
                0x0000000000009040        0x8
 .bss.sceNetSocketAbort
                0x0000000000009040        0x8 /lib/ps4-payload-sdk/libPS4/libPS4.a(network.o)
                0x0000000000009040                sceNetSocketAbort

.bss.sceNetRecv
                0x0000000000009048        0x8
 .bss.sceNetRecv
                0x0000000000009048        0x8 /lib/ps4-payload-sdk/libPS4/libPS4.a(network.o)
                0x0000000000009048                sceNetRecv

.bss.sceNetAccept
                0x0000000000009050        0x8
 .bss.sceNetAccept
                0x0000000000009050        0x8 /lib/ps4-payload-sdk/libPS4/libPS4.a(network.o)
                0x0000000000009050                sceNetAccept

.bss.sceNetListen
                0x0000000000009058        0x8
 .bss.sceNetListen
                0x0000000000009058        0x8 /lib/ps4-payload-sdk/libPS4/libPS4.a(network.o)
                0x0000000000009058                sceNetListen

.bss.sceNetBind
                0x0000000000009060        0x8
 .bss.sceNetBind
                0x0000000000009060        0x8 /lib/ps4-payload-sdk/libPS4/libPS4.a(network.o)
                0x0000000000009060                sceNetBind

.bss.sceNetSend
                0x0000000000009068        0x8
 .bss.sceNetSend
                0x0000000000009068        0x8 /lib/ps4-payload-sdk/libPS4/libPS4.a(network.o)
                0x0000000000009068                sceNetSend

.bss.sceNetConnect
                0x0000000000009070        0x8
 .bss.sceNetConnect
                0x0000000000009070        0x8 /lib/ps4-payload-sdk/libPS4/libPS4.a(network.o)
                0x0000000000009070                sceNetConnect

.bss.sceNetSocketClose
                0x0000000000009078        0x8
 .bss.sceNetSocketClose
                0x0000000000009078        0x8 /lib/ps4-payload-sdk/libPS4/libPS4.a(network.o)
                0x0000000000009078                sceNetSocketClose

.bss.sceNetSocket
                0x0000000000009080        0x8
 .bss.sceNetSocket
                0x0000000000009080        0x8 /lib/ps4-payload-sdk/libPS4/libPS4.a(network.o)
                0x0000000000009080                sceNetSocket

.bss.sceNetErrnoLoc
                0x0000000000009088        0x8
 .bss.sceNetErrnoLoc
                0x0000000000009088        0x8 /lib/ps4-payload-sdk/libPS4/libPS4.a(network.o)
                0x0000000000009088                sceNetErrnoLoc

.bss.libNetCtl  0x0000000000009090        0x4
 .bss.libNetCtl
                0x0000000000009090        0x4 /lib/ps4-payload-sdk/libPS4/libPS4.a(network.o)
                0x0000000000009090                libNetCtl

.bss.libNet     0x0000000000009094        0x4
 .bss.libNet    0x0000000000009094        0x4 /lib/ps4-payload-sdk/libPS4/libPS4.a(network.o)
                0x0000000000009094                libNet

.bss.g_firmware
                0x0000000000009098        0x2
 .bss.g_firmware
                0x0000000000009098        0x2 /lib/ps4-payload-sdk/libPS4/libPS4.a(payload_utils.o)
                0x0000000000009098                g_firmware

.bss.scePthreadBarrierDestroy
                0x00000000000090a0        0x8
 .bss.scePthreadBarrierDestroy
                0x00000000000090a0        0x8 /lib/ps4-payload-sdk/libPS4/libPS4.a(pthread.o)
                0x00000000000090a0                scePthreadBarrierDestroy

.bss.scePthreadBarrierWait
                0x00000000000090a8        0x8
 .bss.scePthreadBarrierWait
                0x00000000000090a8        0x8 /lib/ps4-payload-sdk/libPS4/libPS4.a(pthread.o)
                0x00000000000090a8                scePthreadBarrierWait

.bss.scePthreadBarrierInit
                0x00000000000090b0        0x8
 .bss.scePthreadBarrierInit
                0x00000000000090b0        0x8 /lib/ps4-payload-sdk/libPS4/libPS4.a(pthread.o)
                0x00000000000090b0                scePthreadBarrierInit

.bss.scePthreadMutexUnlock
                0x00000000000090b8        0x8
 .bss.scePthreadMutexUnlock
                0x00000000000090b8        0x8 /lib/ps4-payload-sdk/libPS4/libPS4.a(pthread.o)
                0x00000000000090b8                scePthreadMutexUnlock

.bss.scePthreadMutexTimedlock
                0x00000000000090c0        0x8
 .bss.scePthreadMutexTimedlock
                0x00000000000090c0        0x8 /lib/ps4-payload-sdk/libPS4/libPS4.a(pthread.o)
                0x00000000000090c0                scePthreadMutexTimedlock

.bss.scePthreadMutexTrylock
                0x00000000000090c8        0x8
 .bss.scePthreadMutexTrylock
                0x00000000000090c8        0x8 /lib/ps4-payload-sdk/libPS4/libPS4.a(pthread.o)
                0x00000000000090c8                scePthreadMutexTrylock

.bss.scePthreadMutexLock
                0x00000000000090d0        0x8
 .bss.scePthreadMutexLock
                0x00000000000090d0        0x8 /lib/ps4-payload-sdk/libPS4/libPS4.a(pthread.o)
                0x00000000000090d0                scePthreadMutexLock

.bss.scePthreadMutexDestroy
                0x00000000000090d8        0x8
 .bss.scePthreadMutexDestroy
                0x00000000000090d8        0x8 /lib/ps4-payload-sdk/libPS4/libPS4.a(pthread.o)
                0x00000000000090d8                scePthreadMutexDestroy

.bss.scePthreadMutexInit
                0x00000000000090e0        0x8
 .bss.scePthreadMutexInit
                0x00000000000090e0        0x8 /lib/ps4-payload-sdk/libPS4/libPS4.a(pthread.o)
                0x00000000000090e0                scePthreadMutexInit

.bss.scePthreadCancel
                0x00000000000090e8        0x8
 .bss.scePthreadCancel
                0x00000000000090e8        0x8 /lib/ps4-payload-sdk/libPS4/libPS4.a(pthread.o)
                0x00000000000090e8                scePthreadCancel

.bss.scePthreadSelf
                0x00000000000090f0        0x8
 .bss.scePthreadSelf
                0x00000000000090f0        0x8 /lib/ps4-payload-sdk/libPS4/libPS4.a(pthread.o)
                0x00000000000090f0                scePthreadSelf

.bss.scePthreadYield
                0x00000000000090f8        0x8
 .bss.scePthreadYield
                0x00000000000090f8        0x8 /lib/ps4-payload-sdk/libPS4/libPS4.a(pthread.o)
                0x00000000000090f8                scePthreadYield

.bss.scePthreadJoin
                0x0000000000009100        0x8
 .bss.scePthreadJoin
                0x0000000000009100        0x8 /lib/ps4-payload-sdk/libPS4/libPS4.a(pthread.o)
                0x0000000000009100                scePthreadJoin

.bss.scePthreadDetach
                0x0000000000009108        0x8
 .bss.scePthreadDetach
                0x0000000000009108        0x8 /lib/ps4-payload-sdk/libPS4/libPS4.a(pthread.o)
                0x0000000000009108                scePthreadDetach

.bss.scePthreadExit
                0x0000000000009110        0x8
 .bss.scePthreadExit
                0x0000000000009110        0x8 /lib/ps4-payload-sdk/libPS4/libPS4.a(pthread.o)
                0x0000000000009110                scePthreadExit

.bss.scePthreadCreate
                0x0000000000009118        0x8
 .bss.scePthreadCreate
                0x0000000000009118        0x8 /lib/ps4-payload-sdk/libPS4/libPS4.a(pthread.o)
                0x0000000000009118                scePthreadCreate

.bss.libPthread
                0x0000000000009120        0x4
 .bss.libPthread
                0x0000000000009120        0x4 /lib/ps4-payload-sdk/libPS4/libPS4.a(pthread.o)
                0x0000000000009120                libPthread

.bss.sceSystemServiceLaunchWebBrowser
                0x0000000000009128        0x8
 .bss.sceSystemServiceLaunchWebBrowser
                0x0000000000009128        0x8 /lib/ps4-payload-sdk/libPS4/libPS4.a(sysutil.o)
                0x0000000000009128                sceSystemServiceLaunchWebBrowser

.bss.sceSysUtilSendSystemNotificationWithText
                0x0000000000009130        0x8
 .bss.sceSysUtilSendSystemNotificationWithText
                0x0000000000009130        0x8 /lib/ps4-payload-sdk/libPS4/libPS4.a(sysutil.o)
                0x0000000000009130                sceSysUtilSendSystemNotificationWithText

.bss.libSceSystemService
                0x0000000000009138        0x4
 .bss.libSceSystemService
                0x0000000000009138        0x4 /lib/ps4-payload-sdk/libPS4/libPS4.a(sysutil.o)
                0x0000000000009138                libSceSystemService

.bss.sysUtilHandle
                0x000000000000913c        0x4
 .bss.sysUtilHandle
                0x000000000000913c        0x4 /lib/ps4-payload-sdk/libPS4/libPS4.a(sysutil.o)
                0x000000000000913c                sysUtilHandle

/DISCARD/
 *(.comment)
 *(.note.GNU-stack)
 *(.eh_frame)
 *(.interp)
LOAD /lib/ps4-payload-sdk/libPS4/libPS4.a
OUTPUT(temp.t elf64-x86-64)
