Archive member included to satisfy reference by file (symbol)

/lib/ps4-payload-sdk/libPS4/libPS4.a(debug.o)
                              build/main.o (DEBUG_SOCK)
/lib/ps4-payload-sdk/libPS4/libPS4.a(file.o)
                              build/main.o (read)
/lib/ps4-payload-sdk/libPS4/libPS4.a(kernel.o)
                              build/main.o (initKernel)
/lib/ps4-payload-sdk/libPS4/libPS4.a(libc.o)
                              build/main.o (initLibc)
/lib/ps4-payload-sdk/libPS4/libPS4.a(module.o)
                              /lib/ps4-payload-sdk/libPS4/libPS4.a(kernel.o) (getFunctionAddressByName)
/lib/ps4-payload-sdk/libPS4/libPS4.a(network.o)
                              build/main.o (initNetwork)
/lib/ps4-payload-sdk/libPS4/libPS4.a(payload_utils.o)
                              build/main.o (get_kernel_base)
/lib/ps4-payload-sdk/libPS4/libPS4.a(pthread.o)
                              build/main.o (initPthread)
/lib/ps4-payload-sdk/libPS4/libPS4.a(sysutil.o)
                              build/main.o (initSysUtil)
/lib/ps4-payload-sdk/libPS4/libPS4.a(syscall.o)
                              build/main.o (syscall)
/lib/ps4-payload-sdk/libPS4/libPS4.a(memory.o)
                              /lib/ps4-payload-sdk/libPS4/libPS4.a(payload_utils.o) (mmap)

Merging object attributes


Merging program properties

Removed property 0xc0000002 to merge build/main.o (0x3) and /tmp/ccbASoSI.o (not found)
Removed property 0xc0000002 to merge build/main.o (not found) and /lib/ps4-payload-sdk/libPS4/libPS4.a(debug.o) (0x3)
Removed property 0xc0000002 to merge build/main.o (not found) and /lib/ps4-payload-sdk/libPS4/libPS4.a(file.o) (0x3)
Removed property 0xc0000002 to merge build/main.o (not found) and /lib/ps4-payload-sdk/libPS4/libPS4.a(kernel.o) (0x3)
Removed property 0xc0000002 to merge build/main.o (not found) and /lib/ps4-payload-sdk/libPS4/libPS4.a(libc.o) (0x3)
Removed property 0xc0000002 to merge build/main.o (not found) and /lib/ps4-payload-sdk/libPS4/libPS4.a(module.o) (0x3)
Removed property 0xc0000002 to merge build/main.o (not found) and /lib/ps4-payload-sdk/libPS4/libPS4.a(network.o) (0x3)
Removed property 0xc0000002 to merge build/main.o (not found) and /lib/ps4-payload-sdk/libPS4/libPS4.a(payload_utils.o) (0x3)
Removed property 0xc0000002 to merge build/main.o (not found) and /lib/ps4-payload-sdk/libPS4/libPS4.a(pthread.o) (0x3)
Removed property 0xc0000002 to merge build/main.o (not found) and /lib/ps4-payload-sdk/libPS4/libPS4.a(sysutil.o) (0x3)
Removed property 0xc0000002 to merge build/main.o (not found) and /lib/ps4-payload-sdk/libPS4/libPS4.a(memory.o) (0x3)

Discarded input sections

 .data          0x0000000000000000        0x0 /tmp/ccbASoSI.o
 .bss           0x0000000000000000        0x0 /tmp/ccbASoSI.o
 .text          0x0000000000000000        0x0 build/main.o
 .data          0x0000000000000000        0x0 build/main.o
 .bss           0x0000000000000000        0x0 build/main.o
 .comment       0x0000000000000000       0x27 build/main.o
 .note.GNU-stack
                0x0000000000000000        0x0 build/main.o
 .note.gnu.property
                0x0000000000000000       0x20 build/main.o
 .eh_frame      0x0000000000000000      0x100 build/main.o
 .text          0x0000000000000000        0x0 /lib/ps4-payload-sdk/libPS4/libPS4.a(debug.o)
 .data          0x0000000000000000        0x0 /lib/ps4-payload-sdk/libPS4/libPS4.a(debug.o)
 .bss           0x0000000000000000        0x0 /lib/ps4-payload-sdk/libPS4/libPS4.a(debug.o)
 .comment       0x0000000000000000       0x27 /lib/ps4-payload-sdk/libPS4/libPS4.a(debug.o)
 .note.GNU-stack
                0x0000000000000000        0x0 /lib/ps4-payload-sdk/libPS4/libPS4.a(debug.o)
 .note.gnu.property
                0x0000000000000000       0x20 /lib/ps4-payload-sdk/libPS4/libPS4.a(debug.o)
 .data          0x0000000000000000        0x0 /lib/ps4-payload-sdk/libPS4/libPS4.a(file.o)
 .bss           0x0000000000000000        0x0 /lib/ps4-payload-sdk/libPS4/libPS4.a(file.o)
 .text.getSandboxDirectory
                0x0000000000000000       0x1b /lib/ps4-payload-sdk/libPS4/libPS4.a(file.o)
 .text.file_exists
                0x0000000000000000       0x23 /lib/ps4-payload-sdk/libPS4/libPS4.a(file.o)
 .text.dir_exists
                0x0000000000000000       0x28 /lib/ps4-payload-sdk/libPS4/libPS4.a(file.o)
 .text.symlink_exists
                0x0000000000000000       0x3a /lib/ps4-payload-sdk/libPS4/libPS4.a(file.o)
 .text.touch_file
                0x0000000000000000       0x23 /lib/ps4-payload-sdk/libPS4/libPS4.a(file.o)
 .text.copy_file
                0x0000000000000000       0x93 /lib/ps4-payload-sdk/libPS4/libPS4.a(file.o)
 .rodata.copy_dir.str1.1
                0x0000000000000000        0xb /lib/ps4-payload-sdk/libPS4/libPS4.a(file.o)
 .text.copy_dir
                0x0000000000000000      0x138 /lib/ps4-payload-sdk/libPS4/libPS4.a(file.o)
 .text.file_compare
                0x0000000000000000      0x16a /lib/ps4-payload-sdk/libPS4/libPS4.a(file.o)
 .text.rmtree   0x0000000000000000      0x145 /lib/ps4-payload-sdk/libPS4/libPS4.a(file.o)
 .text.fgetc_pointer
                0x0000000000000000       0x2c /lib/ps4-payload-sdk/libPS4/libPS4.a(file.o)
 .text.build_iovec
                0x0000000000000000       0xd5 /lib/ps4-payload-sdk/libPS4/libPS4.a(file.o)
 .rodata.mount_large_fs.str1.1
                0x0000000000000000       0x4b /lib/ps4-payload-sdk/libPS4/libPS4.a(file.o)
 .text.mount_large_fs
                0x0000000000000000      0x173 /lib/ps4-payload-sdk/libPS4/libPS4.a(file.o)
 .comment       0x0000000000000000       0x27 /lib/ps4-payload-sdk/libPS4/libPS4.a(file.o)
 .note.GNU-stack
                0x0000000000000000        0x0 /lib/ps4-payload-sdk/libPS4/libPS4.a(file.o)
 .note.gnu.property
                0x0000000000000000       0x20 /lib/ps4-payload-sdk/libPS4/libPS4.a(file.o)
 .eh_frame      0x0000000000000000      0x270 /lib/ps4-payload-sdk/libPS4/libPS4.a(file.o)
 .data          0x0000000000000000        0x0 /lib/ps4-payload-sdk/libPS4/libPS4.a(kernel.o)
 .bss           0x0000000000000000        0x0 /lib/ps4-payload-sdk/libPS4/libPS4.a(kernel.o)
 .comment       0x0000000000000000       0x27 /lib/ps4-payload-sdk/libPS4/libPS4.a(kernel.o)
 .note.GNU-stack
                0x0000000000000000        0x0 /lib/ps4-payload-sdk/libPS4/libPS4.a(kernel.o)
 .note.gnu.property
                0x0000000000000000       0x20 /lib/ps4-payload-sdk/libPS4/libPS4.a(kernel.o)
 .eh_frame      0x0000000000000000       0x50 /lib/ps4-payload-sdk/libPS4/libPS4.a(kernel.o)
 .text          0x0000000000000000        0x0 /lib/ps4-payload-sdk/libPS4/libPS4.a(libc.o)
 .data          0x0000000000000000        0x0 /lib/ps4-payload-sdk/libPS4/libPS4.a(libc.o)
 .bss           0x0000000000000000        0x0 /lib/ps4-payload-sdk/libPS4/libPS4.a(libc.o)
 .text.memset_s
                0x0000000000000000       0x4d /lib/ps4-payload-sdk/libPS4/libPS4.a(libc.o)
 .comment       0x0000000000000000       0x27 /lib/ps4-payload-sdk/libPS4/libPS4.a(libc.o)
 .note.GNU-stack
                0x0000000000000000        0x0 /lib/ps4-payload-sdk/libPS4/libPS4.a(libc.o)
 .note.gnu.property
                0x0000000000000000       0x20 /lib/ps4-payload-sdk/libPS4/libPS4.a(libc.o)
 .eh_frame      0x0000000000000000       0x50 /lib/ps4-payload-sdk/libPS4/libPS4.a(libc.o)
 .data          0x0000000000000000        0x0 /lib/ps4-payload-sdk/libPS4/libPS4.a(module.o)
 .bss           0x0000000000000000        0x0 /lib/ps4-payload-sdk/libPS4/libPS4.a(module.o)
 .text.getModuleInfo
                0x0000000000000000       0x1f /lib/ps4-payload-sdk/libPS4/libPS4.a(module.o)
 .text.unloadModule
                0x0000000000000000       0x19 /lib/ps4-payload-sdk/libPS4/libPS4.a(module.o)
 .rodata.initModule.str1.1
                0x0000000000000000       0x2c /lib/ps4-payload-sdk/libPS4/libPS4.a(module.o)
 .text.initModule
                0x0000000000000000       0x47 /lib/ps4-payload-sdk/libPS4/libPS4.a(module.o)
 .bss.sceSysmoduleLoadModule
                0x0000000000000000        0x8 /lib/ps4-payload-sdk/libPS4/libPS4.a(module.o)
 .bss.libModule
                0x0000000000000000        0x4 /lib/ps4-payload-sdk/libPS4/libPS4.a(module.o)
 .comment       0x0000000000000000       0x27 /lib/ps4-payload-sdk/libPS4/libPS4.a(module.o)
 .note.GNU-stack
                0x0000000000000000        0x0 /lib/ps4-payload-sdk/libPS4/libPS4.a(module.o)
 .note.gnu.property
                0x0000000000000000       0x20 /lib/ps4-payload-sdk/libPS4/libPS4.a(module.o)
 .eh_frame      0x0000000000000000       0x80 /lib/ps4-payload-sdk/libPS4/libPS4.a(module.o)
 .text          0x0000000000000000        0x0 /lib/ps4-payload-sdk/libPS4/libPS4.a(network.o)
 .data          0x0000000000000000        0x0 /lib/ps4-payload-sdk/libPS4/libPS4.a(network.o)
 .bss           0x0000000000000000        0x0 /lib/ps4-payload-sdk/libPS4/libPS4.a(network.o)
 .text.SckConnect
                0x0000000000000000       0xa3 /lib/ps4-payload-sdk/libPS4/libPS4.a(network.o)
 .text.SckClose
                0x0000000000000000        0xd /lib/ps4-payload-sdk/libPS4/libPS4.a(network.o)
 .text.SckRecv  0x0000000000000000       0xce /lib/ps4-payload-sdk/libPS4/libPS4.a(network.o)
 .text.SckRecvf
                0x0000000000000000       0x7a /lib/ps4-payload-sdk/libPS4/libPS4.a(network.o)
 .comment       0x0000000000000000       0x27 /lib/ps4-payload-sdk/libPS4/libPS4.a(network.o)
 .note.GNU-stack
                0x0000000000000000        0x0 /lib/ps4-payload-sdk/libPS4/libPS4.a(network.o)
 .note.gnu.property
                0x0000000000000000       0x20 /lib/ps4-payload-sdk/libPS4/libPS4.a(network.o)
 .eh_frame      0x0000000000000000      0x110 /lib/ps4-payload-sdk/libPS4/libPS4.a(network.o)
 .text          0x0000000000000000        0x0 /lib/ps4-payload-sdk/libPS4/libPS4.a(payload_utils.o)
 .data          0x0000000000000000        0x0 /lib/ps4-payload-sdk/libPS4/libPS4.a(payload_utils.o)
 .bss           0x0000000000000000        0x0 /lib/ps4-payload-sdk/libPS4/libPS4.a(payload_utils.o)
 .text.kpayload_aslr
                0x0000000000000000      0x791 /lib/ps4-payload-sdk/libPS4/libPS4.a(payload_utils.o)
 .rodata.kpayload_aslr
                0x0000000000000000       0x50 /lib/ps4-payload-sdk/libPS4/libPS4.a(payload_utils.o)
 .rodata.kpayload_kernel_clock.str1.1
                0x0000000000000000      0x123 /lib/ps4-payload-sdk/libPS4/libPS4.a(payload_utils.o)
 .text.kpayload_kernel_clock
                0x0000000000000000     0x1114 /lib/ps4-payload-sdk/libPS4/libPS4.a(payload_utils.o)
 .rodata.kpayload_kernel_clock
                0x0000000000000000       0x50 /lib/ps4-payload-sdk/libPS4/libPS4.a(payload_utils.o)
 .text.kpayload_enable_browser
                0x0000000000000000      0x810 /lib/ps4-payload-sdk/libPS4/libPS4.a(payload_utils.o)
 .rodata.kpayload_enable_browser
                0x0000000000000000       0x50 /lib/ps4-payload-sdk/libPS4/libPS4.a(payload_utils.o)
 .text.kpayload_target_id
                0x0000000000000000      0x6b4 /lib/ps4-payload-sdk/libPS4/libPS4.a(payload_utils.o)
 .rodata.kpayload_target_id
                0x0000000000000000       0x50 /lib/ps4-payload-sdk/libPS4/libPS4.a(payload_utils.o)
 .text.kpayload_perm_uart
                0x0000000000000000      0x700 /lib/ps4-payload-sdk/libPS4/libPS4.a(payload_utils.o)
 .rodata.kpayload_perm_uart
                0x0000000000000000       0x50 /lib/ps4-payload-sdk/libPS4/libPS4.a(payload_utils.o)
 .text.kpayload_exit_idu
                0x0000000000000000      0x700 /lib/ps4-payload-sdk/libPS4/libPS4.a(payload_utils.o)
 .rodata.kpayload_exit_idu
                0x0000000000000000       0x50 /lib/ps4-payload-sdk/libPS4/libPS4.a(payload_utils.o)
 .text.kpayload_npdrm_patch
                0x0000000000000000      0xabb /lib/ps4-payload-sdk/libPS4/libPS4.a(payload_utils.o)
 .rodata.kpayload_npdrm_patch
                0x0000000000000000       0x50 /lib/ps4-payload-sdk/libPS4/libPS4.a(payload_utils.o)
 .text.kpayload_no_bd
                0x0000000000000000      0x7ae /lib/ps4-payload-sdk/libPS4/libPS4.a(payload_utils.o)
 .rodata.kpayload_no_bd
                0x0000000000000000       0x50 /lib/ps4-payload-sdk/libPS4/libPS4.a(payload_utils.o)
 .rodata.is_fw_spoofed.str1.1
                0x0000000000000000        0xc /lib/ps4-payload-sdk/libPS4/libPS4.a(payload_utils.o)
 .text.is_fw_spoofed
                0x0000000000000000       0xae /lib/ps4-payload-sdk/libPS4/libPS4.a(payload_utils.o)
 .rodata.get_firmware_string.str1.1
                0x0000000000000000       0x22 /lib/ps4-payload-sdk/libPS4/libPS4.a(payload_utils.o)
 .text.get_firmware_string
                0x0000000000000000       0xc3 /lib/ps4-payload-sdk/libPS4/libPS4.a(payload_utils.o)
 .text.disable_aslr
                0x0000000000000000       0x2a /lib/ps4-payload-sdk/libPS4/libPS4.a(payload_utils.o)
 .text.kernel_clock
                0x0000000000000000       0x31 /lib/ps4-payload-sdk/libPS4/libPS4.a(payload_utils.o)
 .text.enable_browser
                0x0000000000000000       0x2a /lib/ps4-payload-sdk/libPS4/libPS4.a(payload_utils.o)
 .text.spoof_target_id
                0x0000000000000000       0x32 /lib/ps4-payload-sdk/libPS4/libPS4.a(payload_utils.o)
 .text.enable_perm_uart
                0x0000000000000000       0x2a /lib/ps4-payload-sdk/libPS4/libPS4.a(payload_utils.o)
 .text.exit_idu
                0x0000000000000000       0x2a /lib/ps4-payload-sdk/libPS4/libPS4.a(payload_utils.o)
 .text.npdrm_patch
                0x0000000000000000       0x2a /lib/ps4-payload-sdk/libPS4/libPS4.a(payload_utils.o)
 .text.no_bd_patch
                0x0000000000000000       0x2a /lib/ps4-payload-sdk/libPS4/libPS4.a(payload_utils.o)
 .rodata.__FUNCTION__.0
                0x0000000000000000        0xf /lib/ps4-payload-sdk/libPS4/libPS4.a(payload_utils.o)
 .rodata.__FUNCTION__.1
                0x0000000000000000       0x15 /lib/ps4-payload-sdk/libPS4/libPS4.a(payload_utils.o)
 .rodata.__FUNCTION__.2
                0x0000000000000000       0x12 /lib/ps4-payload-sdk/libPS4/libPS4.a(payload_utils.o)
 .rodata.__FUNCTION__.3
                0x0000000000000000       0x13 /lib/ps4-payload-sdk/libPS4/libPS4.a(payload_utils.o)
 .rodata.__FUNCTION__.4
                0x0000000000000000       0x13 /lib/ps4-payload-sdk/libPS4/libPS4.a(payload_utils.o)
 .rodata.__FUNCTION__.5
                0x0000000000000000       0x18 /lib/ps4-payload-sdk/libPS4/libPS4.a(payload_utils.o)
 .rodata.__FUNCTION__.6
                0x0000000000000000       0x16 /lib/ps4-payload-sdk/libPS4/libPS4.a(payload_utils.o)
 .rodata.__FUNCTION__.7
                0x0000000000000000        0xe /lib/ps4-payload-sdk/libPS4/libPS4.a(payload_utils.o)
 .comment       0x0000000000000000       0x27 /lib/ps4-payload-sdk/libPS4/libPS4.a(payload_utils.o)
 .note.GNU-stack
                0x0000000000000000        0x0 /lib/ps4-payload-sdk/libPS4/libPS4.a(payload_utils.o)
 .note.gnu.property
                0x0000000000000000       0x20 /lib/ps4-payload-sdk/libPS4/libPS4.a(payload_utils.o)
 .eh_frame      0x0000000000000000      0x518 /lib/ps4-payload-sdk/libPS4/libPS4.a(payload_utils.o)
 .text          0x0000000000000000        0x0 /lib/ps4-payload-sdk/libPS4/libPS4.a(pthread.o)
 .data          0x0000000000000000        0x0 /lib/ps4-payload-sdk/libPS4/libPS4.a(pthread.o)
 .bss           0x0000000000000000        0x0 /lib/ps4-payload-sdk/libPS4/libPS4.a(pthread.o)
 .comment       0x0000000000000000       0x27 /lib/ps4-payload-sdk/libPS4/libPS4.a(pthread.o)
 .note.GNU-stack
                0x0000000000000000        0x0 /lib/ps4-payload-sdk/libPS4/libPS4.a(pthread.o)
 .note.gnu.property
                0x0000000000000000       0x20 /lib/ps4-payload-sdk/libPS4/libPS4.a(pthread.o)
 .eh_frame      0x0000000000000000       0x48 /lib/ps4-payload-sdk/libPS4/libPS4.a(pthread.o)
 .text          0x0000000000000000        0x0 /lib/ps4-payload-sdk/libPS4/libPS4.a(sysutil.o)
 .data          0x0000000000000000        0x0 /lib/ps4-payload-sdk/libPS4/libPS4.a(sysutil.o)
 .bss           0x0000000000000000        0x0 /lib/ps4-payload-sdk/libPS4/libPS4.a(sysutil.o)
 .rodata.initUserService.str1.1
                0x0000000000000000       0xb3 /lib/ps4-payload-sdk/libPS4/libPS4.a(sysutil.o)
 .text.initUserService
                0x0000000000000000       0x9f /lib/ps4-payload-sdk/libPS4/libPS4.a(sysutil.o)
 .text.openBrowser
                0x0000000000000000       0x12 /lib/ps4-payload-sdk/libPS4/libPS4.a(sysutil.o)
 .text.getUserIDList
                0x0000000000000000       0x44 /lib/ps4-payload-sdk/libPS4/libPS4.a(sysutil.o)
 .text.getUserID
                0x0000000000000000       0x18 /lib/ps4-payload-sdk/libPS4/libPS4.a(sysutil.o)
 .text.getUserName
                0x0000000000000000       0x8c /lib/ps4-payload-sdk/libPS4/libPS4.a(sysutil.o)
 .text.getInitialUser
                0x0000000000000000       0x47 /lib/ps4-payload-sdk/libPS4/libPS4.a(sysutil.o)
 .rodata.shutdown.str1.1
                0x0000000000000000       0x11 /lib/ps4-payload-sdk/libPS4/libPS4.a(sysutil.o)
 .text.shutdown
                0x0000000000000000       0x54 /lib/ps4-payload-sdk/libPS4/libPS4.a(sysutil.o)
 .rodata.reboot.str1.1
                0x0000000000000000       0x32 /lib/ps4-payload-sdk/libPS4/libPS4.a(sysutil.o)
 .text.reboot   0x0000000000000000       0x41 /lib/ps4-payload-sdk/libPS4/libPS4.a(sysutil.o)
 .bss.sceKernelReboot
                0x0000000000000000        0x8 /lib/ps4-payload-sdk/libPS4/libPS4.a(sysutil.o)
 .bss.sceUserServiceTerminate
                0x0000000000000000        0x8 /lib/ps4-payload-sdk/libPS4/libPS4.a(sysutil.o)
 .bss.sceUserServiceGetInitialUser
                0x0000000000000000        0x8 /lib/ps4-payload-sdk/libPS4/libPS4.a(sysutil.o)
 .bss.sceUserServiceGetUserName
                0x0000000000000000        0x8 /lib/ps4-payload-sdk/libPS4/libPS4.a(sysutil.o)
 .bss.sceUserServiceGetLoginUserIdList
                0x0000000000000000        0x8 /lib/ps4-payload-sdk/libPS4/libPS4.a(sysutil.o)
 .bss.sceUserServiceInitialize
                0x0000000000000000        0x8 /lib/ps4-payload-sdk/libPS4/libPS4.a(sysutil.o)
 .bss.libSceUserService
                0x0000000000000000        0x4 /lib/ps4-payload-sdk/libPS4/libPS4.a(sysutil.o)
 .comment       0x0000000000000000       0x27 /lib/ps4-payload-sdk/libPS4/libPS4.a(sysutil.o)
 .note.GNU-stack
                0x0000000000000000        0x0 /lib/ps4-payload-sdk/libPS4/libPS4.a(sysutil.o)
 .note.gnu.property
                0x0000000000000000       0x20 /lib/ps4-payload-sdk/libPS4/libPS4.a(sysutil.o)
 .eh_frame      0x0000000000000000      0x120 /lib/ps4-payload-sdk/libPS4/libPS4.a(sysutil.o)
 .data          0x0000000000000000        0x0 /lib/ps4-payload-sdk/libPS4/libPS4.a(syscall.o)
 .bss           0x0000000000000000        0x0 /lib/ps4-payload-sdk/libPS4/libPS4.a(syscall.o)
 .data          0x0000000000000000        0x0 /lib/ps4-payload-sdk/libPS4/libPS4.a(memory.o)
 .bss           0x0000000000000000        0x0 /lib/ps4-payload-sdk/libPS4/libPS4.a(memory.o)
 .comment       0x0000000000000000       0x27 /lib/ps4-payload-sdk/libPS4/libPS4.a(memory.o)
 .note.GNU-stack
                0x0000000000000000        0x0 /lib/ps4-payload-sdk/libPS4/libPS4.a(memory.o)
 .note.gnu.property
                0x0000000000000000       0x20 /lib/ps4-payload-sdk/libPS4/libPS4.a(memory.o)

Memory Configuration

Name             Origin             Length             Attributes
*default*        0x0000000000000000 0xffffffffffffffff

Linker script and memory map

LOAD /tmp/ccbASoSI.o
LOAD build/main.o

.text           0x0000000000000000     0x4ae0
 *(.text.start)
 *(.text*)
 .text          0x0000000000000000        0x5 /tmp/ccbASoSI.o
                0x0000000000000000                _start
 .text.rd_hex   0x0000000000000005       0x51 build/main.o
 .text.write_all
                0x0000000000000056       0x48 build/main.o
 .text._main    0x000000000000009e     0x153f build/main.o
                0x000000000000009e                _main
 .text          0x00000000000015dd      0x108 /lib/ps4-payload-sdk/libPS4/libPS4.a(file.o)
                0x00000000000015dd                read
                0x00000000000015e9                write
                0x00000000000015f5                open
                0x0000000000001601                close
                0x000000000000160d                unlink
                0x0000000000001619                link
                0x0000000000001625                readlink
                0x0000000000001631                symlink
                0x000000000000163d                mount
                0x0000000000001649                nmount
                0x0000000000001655                unmount
                0x0000000000001661                fchown
                0x000000000000166d                fchmod
                0x0000000000001679                rename
                0x0000000000001685                mkdir
                0x0000000000001691                rmdir
                0x000000000000169d                stat
                0x00000000000016a9                fstat
                0x00000000000016b5                lstat
                0x00000000000016c1                getdents
                0x00000000000016cd                lseek
                0x00000000000016d9                fstatat
 .text          0x00000000000016e5       0x30 /lib/ps4-payload-sdk/libPS4/libPS4.a(kernel.o)
                0x00000000000016e5                kill
                0x00000000000016f1                ioctl
                0x00000000000016fd                kexec
                0x0000000000001709                is_in_sandbox
 .text.initKernel
                0x0000000000001715      0x44c /lib/ps4-payload-sdk/libPS4/libPS4.a(kernel.o)
                0x0000000000001715                initKernel
 .text.initLibc
                0x0000000000001b61      0x648 /lib/ps4-payload-sdk/libPS4/libPS4.a(libc.o)
                0x0000000000001b61                initLibc
 .text          0x00000000000021a9       0x18 /lib/ps4-payload-sdk/libPS4/libPS4.a(module.o)
                0x00000000000021a9                getFunctionAddressByName
                0x00000000000021b5                getLoadedModules
 .text.loadModule
                0x00000000000021c1       0x1e /lib/ps4-payload-sdk/libPS4/libPS4.a(module.o)
                0x00000000000021c1                loadModule
 .text.initNetwork
                0x00000000000021df      0x258 /lib/ps4-payload-sdk/libPS4/libPS4.a(network.o)
                0x00000000000021df                initNetwork
 .text.SckSend  0x0000000000002437       0x15 /lib/ps4-payload-sdk/libPS4/libPS4.a(network.o)
                0x0000000000002437                SckSend
 .text.kpayload_kbase
                0x000000000000244c      0x862 /lib/ps4-payload-sdk/libPS4/libPS4.a(payload_utils.o)
                0x000000000000244c                kpayload_kbase
 .text.kpayload_dump
                0x0000000000002cae      0x768 /lib/ps4-payload-sdk/libPS4/libPS4.a(payload_utils.o)
                0x0000000000002cae                kpayload_dump
 .text.kpayload_jailbreak
                0x0000000000003416      0x7d4 /lib/ps4-payload-sdk/libPS4/libPS4.a(payload_utils.o)
                0x0000000000003416                kpayload_jailbreak
 .text.kpayload_mmap
                0x0000000000003bea      0x97a /lib/ps4-payload-sdk/libPS4/libPS4.a(payload_utils.o)
                0x0000000000003bea                kpayload_mmap
 .text.is_jailbroken
                0x0000000000004564       0x28 /lib/ps4-payload-sdk/libPS4/libPS4.a(payload_utils.o)
                0x0000000000004564                is_jailbroken
 .text.get_firmware
                0x000000000000458c      0x193 /lib/ps4-payload-sdk/libPS4/libPS4.a(payload_utils.o)
                0x000000000000458c                get_firmware
 .text.get_kernel_base
                0x000000000000471f       0x8a /lib/ps4-payload-sdk/libPS4/libPS4.a(payload_utils.o)
                0x000000000000471f                get_kernel_base
 .text.get_memory_dump
                0x00000000000047a9       0x47 /lib/ps4-payload-sdk/libPS4/libPS4.a(payload_utils.o)
                0x00000000000047a9                get_memory_dump
 .text.jailbreak
                0x00000000000047f0       0x38 /lib/ps4-payload-sdk/libPS4/libPS4.a(payload_utils.o)
                0x00000000000047f0                jailbreak
 .text.mmap_patch
                0x0000000000004828       0x2a /lib/ps4-payload-sdk/libPS4/libPS4.a(payload_utils.o)
                0x0000000000004828                mmap_patch
 .text.initPthread
                0x0000000000004852      0x17a /lib/ps4-payload-sdk/libPS4/libPS4.a(pthread.o)
                0x0000000000004852                initPthread
 .text.initSysUtil
                0x00000000000049cc       0x86 /lib/ps4-payload-sdk/libPS4/libPS4.a(sysutil.o)
                0x00000000000049cc                initSysUtil
 .text          0x0000000000004a52       0x2e /lib/ps4-payload-sdk/libPS4/libPS4.a(syscall.o)
                0x0000000000004a52                syscall
                0x0000000000004a55                syscall_macro
 .text          0x0000000000004a80       0x60 /lib/ps4-payload-sdk/libPS4/libPS4.a(memory.o)
                0x0000000000004a80                mmap
                0x0000000000004a8c                munmap
                0x0000000000004a98                mprotect
                0x0000000000004aa4                msync
                0x0000000000004ab0                mlock
                0x0000000000004abc                munlock
                0x0000000000004ac8                getMemoryInfo
                0x0000000000004ad4                getOtherMemoryInfo

.plt            0x0000000000004ae0        0x0
 .plt           0x0000000000004ae0        0x0 /tmp/ccbASoSI.o

.plt.got        0x0000000000004ae0        0x0
 .plt.got       0x0000000000004ae0        0x0 /tmp/ccbASoSI.o

.rodata         0x0000000000004ae0     0x10d7
 *(.rodata)
 *(.rodata*)
 .rodata._main.str1.1
                0x0000000000004ae0      0xc03 build/main.o
                                        0x29d (size before relaxing)
 *fill*         0x00000000000056e3       0x1d 
 .rodata.icon_uri.0
                0x0000000000005700       0x26 build/main.o
 *fill*         0x0000000000005726       0x1a 
 .rodata.icon_uri.1
                0x0000000000005740       0x26 build/main.o
 *fill*         0x0000000000005766       0x1a 
 .rodata.icon_uri.2
                0x0000000000005780       0x26 build/main.o
 *fill*         0x00000000000057a6       0x1a 
 .rodata.icon_uri.3
                0x00000000000057c0       0x26 build/main.o
 *fill*         0x00000000000057e6       0x1a 
 .rodata.icon_uri.4
                0x0000000000005800       0x26 build/main.o
 *fill*         0x0000000000005826       0x1a 
 .rodata.icon_uri.5
                0x0000000000005840       0x26 build/main.o
 *fill*         0x0000000000005866       0x1a 
 .rodata.icon_uri.6
                0x0000000000005880       0x26 build/main.o
 *fill*         0x00000000000058a6       0x1a 
 .rodata.icon_uri.7
                0x00000000000058c0       0x26 build/main.o
 *fill*         0x00000000000058e6       0x1a 
 .rodata.icon_uri.8
                0x0000000000005900       0x26 build/main.o
 *fill*         0x0000000000005926       0x1a 
 .rodata.icon_uri.9
                0x0000000000005940       0x26 build/main.o
 *fill*         0x0000000000005966       0x1a 
 .rodata.icon_uri.10
                0x0000000000005980       0x26 build/main.o
 .rodata.__FUNCTION__.11
                0x00000000000059a6        0x6 build/main.o
 *fill*         0x00000000000059ac       0x14 
 .rodata.icon_uri.12
                0x00000000000059c0       0x26 build/main.o
 *fill*         0x00000000000059e6       0x1a 
 .rodata.ladder
                0x0000000000005a00       0x28 build/main.o
 .rodata.initKernel.str1.1
                0x0000000000005a28        0x0 /lib/ps4-payload-sdk/libPS4/libPS4.a(kernel.o)
                                        0x391 (size before relaxing)
 .rodata.initLibc.str1.1
                0x0000000000005a28        0x0 /lib/ps4-payload-sdk/libPS4/libPS4.a(libc.o)
                                        0x248 (size before relaxing)
 .rodata.initNetwork.str1.1
                0x0000000000005a28        0x0 /lib/ps4-payload-sdk/libPS4/libPS4.a(network.o)
                                        0x173 (size before relaxing)
 .rodata.kpayload_kbase.str1.1
                0x0000000000005a28        0x0 /lib/ps4-payload-sdk/libPS4/libPS4.a(payload_utils.o)
                                         0x42 (size before relaxing)
 .rodata.kpayload_kbase
                0x0000000000005a28       0x50 /lib/ps4-payload-sdk/libPS4/libPS4.a(payload_utils.o)
 .rodata.kpayload_dump
                0x0000000000005a78       0x50 /lib/ps4-payload-sdk/libPS4/libPS4.a(payload_utils.o)
 .rodata.kpayload_jailbreak
                0x0000000000005ac8       0x50 /lib/ps4-payload-sdk/libPS4/libPS4.a(payload_utils.o)
 .rodata.kpayload_mmap
                0x0000000000005b18       0x50 /lib/ps4-payload-sdk/libPS4/libPS4.a(payload_utils.o)
 .rodata.get_firmware.str1.1
                0x0000000000005b68        0x0 /lib/ps4-payload-sdk/libPS4/libPS4.a(payload_utils.o)
                                         0x41 (size before relaxing)
 .rodata.__FUNCTION__.8
                0x0000000000005b68        0xe /lib/ps4-payload-sdk/libPS4/libPS4.a(payload_utils.o)
 *fill*         0x0000000000005b76        0xa 
 .rodata.__FUNCTION__.9
                0x0000000000005b80       0x13 /lib/ps4-payload-sdk/libPS4/libPS4.a(payload_utils.o)
 *fill*         0x0000000000005b93        0x5 
 .rodata.__FUNCTION__.10
                0x0000000000005b98        0xe /lib/ps4-payload-sdk/libPS4/libPS4.a(payload_utils.o)
 *fill*         0x0000000000005ba6        0x2 
 .rodata.__FUNCTION__.11
                0x0000000000005ba8        0xf /lib/ps4-payload-sdk/libPS4/libPS4.a(payload_utils.o)
 .rodata.initPthread.str1.1
                0x0000000000005bb7        0x0 /lib/ps4-payload-sdk/libPS4/libPS4.a(pthread.o)
                                        0x13a (size before relaxing)
 .rodata.initSysUtil.str1.1
                0x0000000000005bb7        0x0 /lib/ps4-payload-sdk/libPS4/libPS4.a(sysutil.o)
                                         0x9c (size before relaxing)

.gnu.version_d  0x0000000000005bb8        0x0
 .gnu.version_d
                0x0000000000005bb8        0x0 /tmp/ccbASoSI.o

.gnu.version    0x0000000000005bb8        0x0
 .gnu.version   0x0000000000005bb8        0x0 /tmp/ccbASoSI.o

.gnu.version_r  0x0000000000005bb8        0x0
 .gnu.version_r
                0x0000000000005bb8        0x0 /tmp/ccbASoSI.o

.dynsym         0x0000000000005bb8       0x18
 .dynsym        0x0000000000005bb8       0x18 /tmp/ccbASoSI.o

.dynstr         0x0000000000005bd0        0x1
 .dynstr        0x0000000000005bd0        0x1 /tmp/ccbASoSI.o

.gnu.hash       0x0000000000005bd8       0x1c
 .gnu.hash      0x0000000000005bd8       0x1c /tmp/ccbASoSI.o

.eh_frame_hdr   0x0000000000005bf4        0x0
 .eh_frame_hdr  0x0000000000005bf4        0x0 build/main.o

.rela.dyn       0x0000000000005bf8        0x0
 .rela.plt      0x0000000000005bf8        0x0 /tmp/ccbASoSI.o
 .rela.got      0x0000000000005bf8        0x0 /tmp/ccbASoSI.o
 .rela.bss      0x0000000000005bf8        0x0 /tmp/ccbASoSI.o
 .rela.data.rel.ro
                0x0000000000005bf8        0x0 /tmp/ccbASoSI.o
 .rela.ifunc    0x0000000000005bf8        0x0 /tmp/ccbASoSI.o
 .rela.tls      0x0000000000005bf8        0x0 /tmp/ccbASoSI.o

.data
 *(.data)

.dynamic        0x0000000000005bf8       0xe0
 .dynamic       0x0000000000005bf8       0xe0 /tmp/ccbASoSI.o
                0x0000000000005bf8                _DYNAMIC

.got            0x0000000000005cd8        0x0
 .got           0x0000000000005cd8        0x0 /tmp/ccbASoSI.o

.got.plt        0x0000000000005cd8        0x0
 .got.plt       0x0000000000005cd8        0x0 /tmp/ccbASoSI.o

.data.rel.ro    0x0000000000005cd8        0x0
 .data.rel.ro   0x0000000000005cd8        0x0 /tmp/ccbASoSI.o

.data.DEBUG_SOCK
                0x0000000000005cd8        0x4
 .data.DEBUG_SOCK
                0x0000000000005cd8        0x4 /lib/ps4-payload-sdk/libPS4/libPS4.a(debug.o)
                0x0000000000005cd8                DEBUG_SOCK

.bss
 *(.bss)

.dynbss         0x0000000000005cdc        0x0
 .dynbss        0x0000000000005cdc        0x0 /tmp/ccbASoSI.o

.bss.g_kbase    0x0000000000005ce0        0x8
 .bss.g_kbase   0x0000000000005ce0        0x8 build/main.o

.bss.sceKernelGetOpenPsIdForSystem
                0x0000000000005ce8        0x8
 .bss.sceKernelGetOpenPsIdForSystem
                0x0000000000005ce8        0x8 /lib/ps4-payload-sdk/libPS4/libPS4.a(kernel.o)
                0x0000000000005ce8                sceKernelGetOpenPsIdForSystem

.bss.sceKernelGetOpenPsId
                0x0000000000005cf0        0x8
 .bss.sceKernelGetOpenPsId
                0x0000000000005cf0        0x8 /lib/ps4-payload-sdk/libPS4/libPS4.a(kernel.o)
                0x0000000000005cf0                sceKernelGetOpenPsId

.bss.sceKernelGetIdPs
                0x0000000000005cf8        0x8
 .bss.sceKernelGetIdPs
                0x0000000000005cf8        0x8 /lib/ps4-payload-sdk/libPS4/libPS4.a(kernel.o)
                0x0000000000005cf8                sceKernelGetIdPs

.bss.sceKernelGetCpuTemperature
                0x0000000000005d00        0x8
 .bss.sceKernelGetCpuTemperature
                0x0000000000005d00        0x8 /lib/ps4-payload-sdk/libPS4/libPS4.a(kernel.o)
                0x0000000000005d00                sceKernelGetCpuTemperature

.bss.sceKernelGetSystemSwVersion
                0x0000000000005d08        0x8
 .bss.sceKernelGetSystemSwVersion
                0x0000000000005d08        0x8 /lib/ps4-payload-sdk/libPS4/libPS4.a(kernel.o)
                0x0000000000005d08                sceKernelGetSystemSwVersion

.bss.sceKernelGetFsSandboxRandomWord
                0x0000000000005d10        0x8
 .bss.sceKernelGetFsSandboxRandomWord
                0x0000000000005d10        0x8 /lib/ps4-payload-sdk/libPS4/libPS4.a(kernel.o)
                0x0000000000005d10                sceKernelGetFsSandboxRandomWord

.bss.sceKernelSendNotificationRequest
                0x0000000000005d18        0x8
 .bss.sceKernelSendNotificationRequest
                0x0000000000005d18        0x8 /lib/ps4-payload-sdk/libPS4/libPS4.a(kernel.o)
                0x0000000000005d18                sceKernelSendNotificationRequest

.bss.setregid   0x0000000000005d20        0x8
 .bss.setregid  0x0000000000005d20        0x8 /lib/ps4-payload-sdk/libPS4/libPS4.a(kernel.o)
                0x0000000000005d20                setregid

.bss.setreuid   0x0000000000005d28        0x8
 .bss.setreuid  0x0000000000005d28        0x8 /lib/ps4-payload-sdk/libPS4/libPS4.a(kernel.o)
                0x0000000000005d28                setreuid

.bss.setgid     0x0000000000005d30        0x8
 .bss.setgid    0x0000000000005d30        0x8 /lib/ps4-payload-sdk/libPS4/libPS4.a(kernel.o)
                0x0000000000005d30                setgid

.bss.setuid     0x0000000000005d38        0x8
 .bss.setuid    0x0000000000005d38        0x8 /lib/ps4-payload-sdk/libPS4/libPS4.a(kernel.o)
                0x0000000000005d38                setuid

.bss.getpid     0x0000000000005d40        0x8
 .bss.getpid    0x0000000000005d40        0x8 /lib/ps4-payload-sdk/libPS4/libPS4.a(kernel.o)
                0x0000000000005d40                getpid

.bss.getgid     0x0000000000005d48        0x8
 .bss.getgid    0x0000000000005d48        0x8 /lib/ps4-payload-sdk/libPS4/libPS4.a(kernel.o)
                0x0000000000005d48                getgid

.bss.getuid     0x0000000000005d50        0x8
 .bss.getuid    0x0000000000005d50        0x8 /lib/ps4-payload-sdk/libPS4/libPS4.a(kernel.o)
                0x0000000000005d50                getuid

.bss.sceKernelAddReadEvent
                0x0000000000005d58        0x8
 .bss.sceKernelAddReadEvent
                0x0000000000005d58        0x8 /lib/ps4-payload-sdk/libPS4/libPS4.a(kernel.o)
                0x0000000000005d58                sceKernelAddReadEvent

.bss.sceKernelAddUserEvent
                0x0000000000005d60        0x8
 .bss.sceKernelAddUserEvent
                0x0000000000005d60        0x8 /lib/ps4-payload-sdk/libPS4/libPS4.a(kernel.o)
                0x0000000000005d60                sceKernelAddUserEvent

.bss.sceKernelDeleteEqueue
                0x0000000000005d68        0x8
 .bss.sceKernelDeleteEqueue
                0x0000000000005d68        0x8 /lib/ps4-payload-sdk/libPS4/libPS4.a(kernel.o)
                0x0000000000005d68                sceKernelDeleteEqueue

.bss.sceKernelCreateEqueue
                0x0000000000005d70        0x8
 .bss.sceKernelCreateEqueue
                0x0000000000005d70        0x8 /lib/ps4-payload-sdk/libPS4/libPS4.a(kernel.o)
                0x0000000000005d70                sceKernelCreateEqueue

.bss.pthread_setaffinity_np
                0x0000000000005d78        0x8
 .bss.pthread_setaffinity_np
                0x0000000000005d78        0x8 /lib/ps4-payload-sdk/libPS4/libPS4.a(kernel.o)
                0x0000000000005d78                pthread_setaffinity_np

.bss.pthread_self
                0x0000000000005d80        0x8
 .bss.pthread_self
                0x0000000000005d80        0x8 /lib/ps4-payload-sdk/libPS4/libPS4.a(kernel.o)
                0x0000000000005d80                pthread_self

.bss.execve     0x0000000000005d88        0x8
 .bss.execve    0x0000000000005d88        0x8 /lib/ps4-payload-sdk/libPS4/libPS4.a(kernel.o)
                0x0000000000005d88                execve

.bss.sysarch    0x0000000000005d90        0x8
 .bss.sysarch   0x0000000000005d90        0x8 /lib/ps4-payload-sdk/libPS4/libPS4.a(kernel.o)
                0x0000000000005d90                sysarch

.bss.sysctlbyname
                0x0000000000005d98        0x8
 .bss.sysctlbyname
                0x0000000000005d98        0x8 /lib/ps4-payload-sdk/libPS4/libPS4.a(kernel.o)
                0x0000000000005d98                sysctlbyname

.bss.sysctl     0x0000000000005da0        0x8
 .bss.sysctl    0x0000000000005da0        0x8 /lib/ps4-payload-sdk/libPS4/libPS4.a(kernel.o)
                0x0000000000005da0                sysctl

.bss.sceKernelGetCurrentCpu
                0x0000000000005da8        0x8
 .bss.sceKernelGetCurrentCpu
                0x0000000000005da8        0x8 /lib/ps4-payload-sdk/libPS4/libPS4.a(kernel.o)
                0x0000000000005da8                sceKernelGetCurrentCpu

.bss.sceKernelGetProcessTime
                0x0000000000005db0        0x8
 .bss.sceKernelGetProcessTime
                0x0000000000005db0        0x8 /lib/ps4-payload-sdk/libPS4/libPS4.a(kernel.o)
                0x0000000000005db0                sceKernelGetProcessTime

.bss.sceKernelGettimeofday
                0x0000000000005db8        0x8
 .bss.sceKernelGettimeofday
                0x0000000000005db8        0x8 /lib/ps4-payload-sdk/libPS4/libPS4.a(kernel.o)
                0x0000000000005db8                sceKernelGettimeofday

.bss.usleep     0x0000000000005dc0        0x8
 .bss.usleep    0x0000000000005dc0        0x8 /lib/ps4-payload-sdk/libPS4/libPS4.a(kernel.o)
                0x0000000000005dc0                usleep

.bss.sceKernelUsleep
                0x0000000000005dc8        0x8
 .bss.sceKernelUsleep
                0x0000000000005dc8        0x8 /lib/ps4-payload-sdk/libPS4/libPS4.a(kernel.o)
                0x0000000000005dc8                sceKernelUsleep

.bss.sceKernelSleep
                0x0000000000005dd0        0x8
 .bss.sceKernelSleep
                0x0000000000005dd0        0x8 /lib/ps4-payload-sdk/libPS4/libPS4.a(kernel.o)
                0x0000000000005dd0                sceKernelSleep

.bss.sceKernelLwfsWrite
                0x0000000000005dd8        0x8
 .bss.sceKernelLwfsWrite
                0x0000000000005dd8        0x8 /lib/ps4-payload-sdk/libPS4/libPS4.a(kernel.o)
                0x0000000000005dd8                sceKernelLwfsWrite

.bss.sceKernelLwfsLseek
                0x0000000000005de0        0x8
 .bss.sceKernelLwfsLseek
                0x0000000000005de0        0x8 /lib/ps4-payload-sdk/libPS4/libPS4.a(kernel.o)
                0x0000000000005de0                sceKernelLwfsLseek

.bss.sceKernelLwfsTrimBlock
                0x0000000000005de8        0x8
 .bss.sceKernelLwfsTrimBlock
                0x0000000000005de8        0x8 /lib/ps4-payload-sdk/libPS4/libPS4.a(kernel.o)
                0x0000000000005de8                sceKernelLwfsTrimBlock

.bss.sceKernelLwfsSetAttribute
                0x0000000000005df0        0x8
 .bss.sceKernelLwfsSetAttribute
                0x0000000000005df0        0x8 /lib/ps4-payload-sdk/libPS4/libPS4.a(kernel.o)
                0x0000000000005df0                sceKernelLwfsSetAttribute

.bss.sceKernelLwfsAllocateBlock
                0x0000000000005df8        0x8
 .bss.sceKernelLwfsAllocateBlock
                0x0000000000005df8        0x8 /lib/ps4-payload-sdk/libPS4/libPS4.a(kernel.o)
                0x0000000000005df8                sceKernelLwfsAllocateBlock

.bss.sceKernelClose
                0x0000000000005e00        0x8
 .bss.sceKernelClose
                0x0000000000005e00        0x8 /lib/ps4-payload-sdk/libPS4/libPS4.a(kernel.o)
                0x0000000000005e00                sceKernelClose

.bss.sceKernelLseek
                0x0000000000005e08        0x8
 .bss.sceKernelLseek
                0x0000000000005e08        0x8 /lib/ps4-payload-sdk/libPS4/libPS4.a(kernel.o)
                0x0000000000005e08                sceKernelLseek

.bss.sceKernelRead
                0x0000000000005e10        0x8
 .bss.sceKernelRead
                0x0000000000005e10        0x8 /lib/ps4-payload-sdk/libPS4/libPS4.a(kernel.o)
                0x0000000000005e10                sceKernelRead

.bss.sceKernelOpen
                0x0000000000005e18        0x8
 .bss.sceKernelOpen
                0x0000000000005e18        0x8 /lib/ps4-payload-sdk/libPS4/libPS4.a(kernel.o)
                0x0000000000005e18                sceKernelOpen

.bss.sceKernelStat
                0x0000000000005e20        0x8
 .bss.sceKernelStat
                0x0000000000005e20        0x8 /lib/ps4-payload-sdk/libPS4/libPS4.a(kernel.o)
                0x0000000000005e20                sceKernelStat

.bss.sceKernelGetDirectMemorySize
                0x0000000000005e28        0x8
 .bss.sceKernelGetDirectMemorySize
                0x0000000000005e28        0x8 /lib/ps4-payload-sdk/libPS4/libPS4.a(kernel.o)
                0x0000000000005e28                sceKernelGetDirectMemorySize

.bss.sceKernelMapDirectMemory
                0x0000000000005e30        0x8
 .bss.sceKernelMapDirectMemory
                0x0000000000005e30        0x8 /lib/ps4-payload-sdk/libPS4/libPS4.a(kernel.o)
                0x0000000000005e30                sceKernelMapDirectMemory

.bss.sceKernelAllocateDirectMemory
                0x0000000000005e38        0x8
 .bss.sceKernelAllocateDirectMemory
                0x0000000000005e38        0x8 /lib/ps4-payload-sdk/libPS4/libPS4.a(kernel.o)
                0x0000000000005e38                sceKernelAllocateDirectMemory

.bss.sceKernelLoadStartModule
                0x0000000000005e40        0x8
 .bss.sceKernelLoadStartModule
                0x0000000000005e40        0x8 /lib/ps4-payload-sdk/libPS4/libPS4.a(kernel.o)
                0x0000000000005e40                sceKernelLoadStartModule

.bss.sceKernelError
                0x0000000000005e48        0x8
 .bss.sceKernelError
                0x0000000000005e48        0x8 /lib/ps4-payload-sdk/libPS4/libPS4.a(kernel.o)
                0x0000000000005e48                sceKernelError

.bss.__error    0x0000000000005e50        0x8
 .bss.__error   0x0000000000005e50        0x8 /lib/ps4-payload-sdk/libPS4/libPS4.a(kernel.o)
                0x0000000000005e50                __error

.bss.__stack_chk_fail
                0x0000000000005e58        0x8
 .bss.__stack_chk_fail
                0x0000000000005e58        0x8 /lib/ps4-payload-sdk/libPS4/libPS4.a(kernel.o)
                0x0000000000005e58                __stack_chk_fail

.bss.__stack_chk_guard
                0x0000000000005e60        0x8
 .bss.__stack_chk_guard
                0x0000000000005e60        0x8 /lib/ps4-payload-sdk/libPS4/libPS4.a(kernel.o)
                0x0000000000005e60                __stack_chk_guard

.bss.libKernelHandle
                0x0000000000005e68        0x4
 .bss.libKernelHandle
                0x0000000000005e68        0x4 /lib/ps4-payload-sdk/libPS4/libPS4.a(kernel.o)
                0x0000000000005e68                libKernelHandle

.bss.fgets      0x0000000000005e70        0x8
 .bss.fgets     0x0000000000005e70        0x8 /lib/ps4-payload-sdk/libPS4/libPS4.a(libc.o)
                0x0000000000005e70                fgets

.bss.fprintf    0x0000000000005e78        0x8
 .bss.fprintf   0x0000000000005e78        0x8 /lib/ps4-payload-sdk/libPS4/libPS4.a(libc.o)
                0x0000000000005e78                fprintf

.bss.fclose     0x0000000000005e80        0x8
 .bss.fclose    0x0000000000005e80        0x8 /lib/ps4-payload-sdk/libPS4/libPS4.a(libc.o)
                0x0000000000005e80                fclose

.bss.ftell      0x0000000000005e88        0x8
 .bss.ftell     0x0000000000005e88        0x8 /lib/ps4-payload-sdk/libPS4/libPS4.a(libc.o)
                0x0000000000005e88                ftell

.bss.fseek      0x0000000000005e90        0x8
 .bss.fseek     0x0000000000005e90        0x8 /lib/ps4-payload-sdk/libPS4/libPS4.a(libc.o)
                0x0000000000005e90                fseek

.bss.fwrite     0x0000000000005e98        0x8
 .bss.fwrite    0x0000000000005e98        0x8 /lib/ps4-payload-sdk/libPS4/libPS4.a(libc.o)
                0x0000000000005e98                fwrite

.bss.fread      0x0000000000005ea0        0x8
 .bss.fread     0x0000000000005ea0        0x8 /lib/ps4-payload-sdk/libPS4/libPS4.a(libc.o)
                0x0000000000005ea0                fread

.bss.fopen      0x0000000000005ea8        0x8
 .bss.fopen     0x0000000000005ea8        0x8 /lib/ps4-payload-sdk/libPS4/libPS4.a(libc.o)
                0x0000000000005ea8                fopen

.bss.getprogname
                0x0000000000005eb0        0x8
 .bss.getprogname
                0x0000000000005eb0        0x8 /lib/ps4-payload-sdk/libPS4/libPS4.a(libc.o)
                0x0000000000005eb0                getprogname

.bss.dirfd      0x0000000000005eb8        0x8
 .bss.dirfd     0x0000000000005eb8        0x8 /lib/ps4-payload-sdk/libPS4/libPS4.a(libc.o)
                0x0000000000005eb8                dirfd

.bss.closedir   0x0000000000005ec0        0x8
 .bss.closedir  0x0000000000005ec0        0x8 /lib/ps4-payload-sdk/libPS4/libPS4.a(libc.o)
                0x0000000000005ec0                closedir

.bss.rewinddir  0x0000000000005ec8        0x8
 .bss.rewinddir
                0x0000000000005ec8        0x8 /lib/ps4-payload-sdk/libPS4/libPS4.a(libc.o)
                0x0000000000005ec8                rewinddir

.bss.seekdir    0x0000000000005ed0        0x8
 .bss.seekdir   0x0000000000005ed0        0x8 /lib/ps4-payload-sdk/libPS4/libPS4.a(libc.o)
                0x0000000000005ed0                seekdir

.bss.telldir    0x0000000000005ed8        0x8
 .bss.telldir   0x0000000000005ed8        0x8 /lib/ps4-payload-sdk/libPS4/libPS4.a(libc.o)
                0x0000000000005ed8                telldir

.bss.readdir_r  0x0000000000005ee0        0x8
 .bss.readdir_r
                0x0000000000005ee0        0x8 /lib/ps4-payload-sdk/libPS4/libPS4.a(libc.o)
                0x0000000000005ee0                readdir_r

.bss.readdir    0x0000000000005ee8        0x8
 .bss.readdir   0x0000000000005ee8        0x8 /lib/ps4-payload-sdk/libPS4/libPS4.a(libc.o)
                0x0000000000005ee8                readdir

.bss.opendir    0x0000000000005ef0        0x8
 .bss.opendir   0x0000000000005ef0        0x8 /lib/ps4-payload-sdk/libPS4/libPS4.a(libc.o)
                0x0000000000005ef0                opendir

.bss.mktime     0x0000000000005ef8        0x8
 .bss.mktime    0x0000000000005ef8        0x8 /lib/ps4-payload-sdk/libPS4/libPS4.a(libc.o)
                0x0000000000005ef8                mktime

.bss.localtime_r
                0x0000000000005f00        0x8
 .bss.localtime_r
                0x0000000000005f00        0x8 /lib/ps4-payload-sdk/libPS4/libPS4.a(libc.o)
                0x0000000000005f00                localtime_r

.bss.localtime  0x0000000000005f08        0x8
 .bss.localtime
                0x0000000000005f08        0x8 /lib/ps4-payload-sdk/libPS4/libPS4.a(libc.o)
                0x0000000000005f08                localtime

.bss.gmtime_s   0x0000000000005f10        0x8
 .bss.gmtime_s  0x0000000000005f10        0x8 /lib/ps4-payload-sdk/libPS4/libPS4.a(libc.o)
                0x0000000000005f10                gmtime_s

.bss.gmtime     0x0000000000005f18        0x8
 .bss.gmtime    0x0000000000005f18        0x8 /lib/ps4-payload-sdk/libPS4/libPS4.a(libc.o)
                0x0000000000005f18                gmtime

.bss.time       0x0000000000005f20        0x8
 .bss.time      0x0000000000005f20        0x8 /lib/ps4-payload-sdk/libPS4/libPS4.a(libc.o)
                0x0000000000005f20                time

.bss.ctime_r    0x0000000000005f28        0x8
 .bss.ctime_r   0x0000000000005f28        0x8 /lib/ps4-payload-sdk/libPS4/libPS4.a(libc.o)
                0x0000000000005f28                ctime_r

.bss.ctime      0x0000000000005f30        0x8
 .bss.ctime     0x0000000000005f30        0x8 /lib/ps4-payload-sdk/libPS4/libPS4.a(libc.o)
                0x0000000000005f30                ctime

.bss.asctime_r  0x0000000000005f38        0x8
 .bss.asctime_r
                0x0000000000005f38        0x8 /lib/ps4-payload-sdk/libPS4/libPS4.a(libc.o)
                0x0000000000005f38                asctime_r

.bss.asctime    0x0000000000005f40        0x8
 .bss.asctime   0x0000000000005f40        0x8 /lib/ps4-payload-sdk/libPS4/libPS4.a(libc.o)
                0x0000000000005f40                asctime

.bss.rand       0x0000000000005f48        0x8
 .bss.rand      0x0000000000005f48        0x8 /lib/ps4-payload-sdk/libPS4/libPS4.a(libc.o)
                0x0000000000005f48                rand

.bss.srand      0x0000000000005f50        0x8
 .bss.srand     0x0000000000005f50        0x8 /lib/ps4-payload-sdk/libPS4/libPS4.a(libc.o)
                0x0000000000005f50                srand

.bss.toupper    0x0000000000005f58        0x8
 .bss.toupper   0x0000000000005f58        0x8 /lib/ps4-payload-sdk/libPS4/libPS4.a(libc.o)
                0x0000000000005f58                toupper

.bss.tolower    0x0000000000005f60        0x8
 .bss.tolower   0x0000000000005f60        0x8 /lib/ps4-payload-sdk/libPS4/libPS4.a(libc.o)
                0x0000000000005f60                tolower

.bss.ceil       0x0000000000005f68        0x8
 .bss.ceil      0x0000000000005f68        0x8 /lib/ps4-payload-sdk/libPS4/libPS4.a(libc.o)
                0x0000000000005f68                ceil

.bss.bcopy      0x0000000000005f70        0x8
 .bss.bcopy     0x0000000000005f70        0x8 /lib/ps4-payload-sdk/libPS4/libPS4.a(libc.o)
                0x0000000000005f70                bcopy

.bss._Stoul     0x0000000000005f78        0x8
 .bss._Stoul    0x0000000000005f78        0x8 /lib/ps4-payload-sdk/libPS4/libPS4.a(libc.o)
                0x0000000000005f78                _Stoul

.bss._Getpctype
                0x0000000000005f80        0x8
 .bss._Getpctype
                0x0000000000005f80        0x8 /lib/ps4-payload-sdk/libPS4/libPS4.a(libc.o)
                0x0000000000005f80                _Getpctype

.bss.strerror   0x0000000000005f88        0x8
 .bss.strerror  0x0000000000005f88        0x8 /lib/ps4-payload-sdk/libPS4/libPS4.a(libc.o)
                0x0000000000005f88                strerror

.bss.strlcpy    0x0000000000005f90        0x8
 .bss.strlcpy   0x0000000000005f90        0x8 /lib/ps4-payload-sdk/libPS4/libPS4.a(libc.o)
                0x0000000000005f90                strlcpy

.bss.atof       0x0000000000005f98        0x8
 .bss.atof      0x0000000000005f98        0x8 /lib/ps4-payload-sdk/libPS4/libPS4.a(libc.o)
                0x0000000000005f98                atof

.bss.atoi       0x0000000000005fa0        0x8
 .bss.atoi      0x0000000000005fa0        0x8 /lib/ps4-payload-sdk/libPS4/libPS4.a(libc.o)
                0x0000000000005fa0                atoi

.bss.isxdigit   0x0000000000005fa8        0x8
 .bss.isxdigit  0x0000000000005fa8        0x8 /lib/ps4-payload-sdk/libPS4/libPS4.a(libc.o)
                0x0000000000005fa8                isxdigit

.bss.isdigit    0x0000000000005fb0        0x8
 .bss.isdigit   0x0000000000005fb0        0x8 /lib/ps4-payload-sdk/libPS4/libPS4.a(libc.o)
                0x0000000000005fb0                isdigit

.bss.isspace    0x0000000000005fb8        0x8
 .bss.isspace   0x0000000000005fb8        0x8 /lib/ps4-payload-sdk/libPS4/libPS4.a(libc.o)
                0x0000000000005fb8                isspace

.bss.rindex     0x0000000000005fc0        0x8
 .bss.rindex    0x0000000000005fc0        0x8 /lib/ps4-payload-sdk/libPS4/libPS4.a(libc.o)
                0x0000000000005fc0                rindex

.bss.index      0x0000000000005fc8        0x8
 .bss.index     0x0000000000005fc8        0x8 /lib/ps4-payload-sdk/libPS4/libPS4.a(libc.o)
                0x0000000000005fc8                index

.bss.strdup     0x0000000000005fd0        0x8
 .bss.strdup    0x0000000000005fd0        0x8 /lib/ps4-payload-sdk/libPS4/libPS4.a(libc.o)
                0x0000000000005fd0                strdup

.bss.strstr     0x0000000000005fd8        0x8
 .bss.strstr    0x0000000000005fd8        0x8 /lib/ps4-payload-sdk/libPS4/libPS4.a(libc.o)
                0x0000000000005fd8                strstr

.bss.strrchr    0x0000000000005fe0        0x8
 .bss.strrchr   0x0000000000005fe0        0x8 /lib/ps4-payload-sdk/libPS4/libPS4.a(libc.o)
                0x0000000000005fe0                strrchr

.bss.strchr     0x0000000000005fe8        0x8
 .bss.strchr    0x0000000000005fe8        0x8 /lib/ps4-payload-sdk/libPS4/libPS4.a(libc.o)
                0x0000000000005fe8                strchr

.bss.strtok     0x0000000000005ff0        0x8
 .bss.strtok    0x0000000000005ff0        0x8 /lib/ps4-payload-sdk/libPS4/libPS4.a(libc.o)
                0x0000000000005ff0                strtok

.bss.strtol     0x0000000000005ff8        0x8
 .bss.strtol    0x0000000000005ff8        0x8 /lib/ps4-payload-sdk/libPS4/libPS4.a(libc.o)
                0x0000000000005ff8                strtol

.bss.sscanf     0x0000000000006000        0x8
 .bss.sscanf    0x0000000000006000        0x8 /lib/ps4-payload-sdk/libPS4/libPS4.a(libc.o)
                0x0000000000006000                sscanf

.bss.snprintf_s
                0x0000000000006008        0x8
 .bss.snprintf_s
                0x0000000000006008        0x8 /lib/ps4-payload-sdk/libPS4/libPS4.a(libc.o)
                0x0000000000006008                snprintf_s

.bss.snprintf   0x0000000000006010        0x8
 .bss.snprintf  0x0000000000006010        0x8 /lib/ps4-payload-sdk/libPS4/libPS4.a(libc.o)
                0x0000000000006010                snprintf

.bss.sprintf    0x0000000000006018        0x8
 .bss.sprintf   0x0000000000006018        0x8 /lib/ps4-payload-sdk/libPS4/libPS4.a(libc.o)
                0x0000000000006018                sprintf

.bss.strncmp    0x0000000000006020        0x8
 .bss.strncmp   0x0000000000006020        0x8 /lib/ps4-payload-sdk/libPS4/libPS4.a(libc.o)
                0x0000000000006020                strncmp

.bss.strcasecmp
                0x0000000000006028        0x8
 .bss.strcasecmp
                0x0000000000006028        0x8 /lib/ps4-payload-sdk/libPS4/libPS4.a(libc.o)
                0x0000000000006028                strcasecmp

.bss.strcmp     0x0000000000006030        0x8
 .bss.strcmp    0x0000000000006030        0x8 /lib/ps4-payload-sdk/libPS4/libPS4.a(libc.o)
                0x0000000000006030                strcmp

.bss.strlen     0x0000000000006038        0x8
 .bss.strlen    0x0000000000006038        0x8 /lib/ps4-payload-sdk/libPS4/libPS4.a(libc.o)
                0x0000000000006038                strlen

.bss.strncat    0x0000000000006040        0x8
 .bss.strncat   0x0000000000006040        0x8 /lib/ps4-payload-sdk/libPS4/libPS4.a(libc.o)
                0x0000000000006040                strncat

.bss.strcat     0x0000000000006048        0x8
 .bss.strcat    0x0000000000006048        0x8 /lib/ps4-payload-sdk/libPS4/libPS4.a(libc.o)
                0x0000000000006048                strcat

.bss.strncpy_s  0x0000000000006050        0x8
 .bss.strncpy_s
                0x0000000000006050        0x8 /lib/ps4-payload-sdk/libPS4/libPS4.a(libc.o)
                0x0000000000006050                strncpy_s

.bss.strncpy    0x0000000000006058        0x8
 .bss.strncpy   0x0000000000006058        0x8 /lib/ps4-payload-sdk/libPS4/libPS4.a(libc.o)
                0x0000000000006058                strncpy

.bss.strcpy     0x0000000000006060        0x8
 .bss.strcpy    0x0000000000006060        0x8 /lib/ps4-payload-sdk/libPS4/libPS4.a(libc.o)
                0x0000000000006060                strcpy

.bss.memmove_s  0x0000000000006068        0x8
 .bss.memmove_s
                0x0000000000006068        0x8 /lib/ps4-payload-sdk/libPS4/libPS4.a(libc.o)
                0x0000000000006068                memmove_s

.bss.memmove    0x0000000000006070        0x8
 .bss.memmove   0x0000000000006070        0x8 /lib/ps4-payload-sdk/libPS4/libPS4.a(libc.o)
                0x0000000000006070                memmove

.bss.memcmp     0x0000000000006078        0x8
 .bss.memcmp    0x0000000000006078        0x8 /lib/ps4-payload-sdk/libPS4/libPS4.a(libc.o)
                0x0000000000006078                memcmp

.bss.memcpy     0x0000000000006080        0x8
 .bss.memcpy    0x0000000000006080        0x8 /lib/ps4-payload-sdk/libPS4/libPS4.a(libc.o)
                0x0000000000006080                memcpy

.bss.memset     0x0000000000006088        0x8
 .bss.memset    0x0000000000006088        0x8 /lib/ps4-payload-sdk/libPS4/libPS4.a(libc.o)
                0x0000000000006088                memset

.bss.memalign   0x0000000000006090        0x8
 .bss.memalign  0x0000000000006090        0x8 /lib/ps4-payload-sdk/libPS4/libPS4.a(libc.o)
                0x0000000000006090                memalign

.bss.realloc    0x0000000000006098        0x8
 .bss.realloc   0x0000000000006098        0x8 /lib/ps4-payload-sdk/libPS4/libPS4.a(libc.o)
                0x0000000000006098                realloc

.bss.calloc     0x00000000000060a0        0x8
 .bss.calloc    0x00000000000060a0        0x8 /lib/ps4-payload-sdk/libPS4/libPS4.a(libc.o)
                0x00000000000060a0                calloc

.bss.free       0x00000000000060a8        0x8
 .bss.free      0x00000000000060a8        0x8 /lib/ps4-payload-sdk/libPS4/libPS4.a(libc.o)
                0x00000000000060a8                free

.bss.malloc     0x00000000000060b0        0x8
 .bss.malloc    0x00000000000060b0        0x8 /lib/ps4-payload-sdk/libPS4/libPS4.a(libc.o)
                0x00000000000060b0                malloc

.bss.libc       0x00000000000060b8        0x4
 .bss.libc      0x00000000000060b8        0x4 /lib/ps4-payload-sdk/libPS4/libPS4.a(libc.o)
                0x00000000000060b8                libc

.bss.sceNetCtlGetInfo
                0x00000000000060c0        0x8
 .bss.sceNetCtlGetInfo
                0x00000000000060c0        0x8 /lib/ps4-payload-sdk/libPS4/libPS4.a(network.o)
                0x00000000000060c0                sceNetCtlGetInfo

.bss.sceNetCtlTerm
                0x00000000000060c8        0x8
 .bss.sceNetCtlTerm
                0x00000000000060c8        0x8 /lib/ps4-payload-sdk/libPS4/libPS4.a(network.o)
                0x00000000000060c8                sceNetCtlTerm

.bss.sceNetCtlInit
                0x00000000000060d0        0x8
 .bss.sceNetCtlInit
                0x00000000000060d0        0x8 /lib/ps4-payload-sdk/libPS4/libPS4.a(network.o)
                0x00000000000060d0                sceNetCtlInit

.bss.sceNetNtohs
                0x00000000000060d8        0x8
 .bss.sceNetNtohs
                0x00000000000060d8        0x8 /lib/ps4-payload-sdk/libPS4/libPS4.a(network.o)
                0x00000000000060d8                sceNetNtohs

.bss.sceNetNtohl
                0x00000000000060e0        0x8
 .bss.sceNetNtohl
                0x00000000000060e0        0x8 /lib/ps4-payload-sdk/libPS4/libPS4.a(network.o)
                0x00000000000060e0                sceNetNtohl

.bss.sceNetNtohll
                0x00000000000060e8        0x8
 .bss.sceNetNtohll
                0x00000000000060e8        0x8 /lib/ps4-payload-sdk/libPS4/libPS4.a(network.o)
                0x00000000000060e8                sceNetNtohll

.bss.sceNetHtons
                0x00000000000060f0        0x8
 .bss.sceNetHtons
                0x00000000000060f0        0x8 /lib/ps4-payload-sdk/libPS4/libPS4.a(network.o)
                0x00000000000060f0                sceNetHtons

.bss.sceNetHtonl
                0x00000000000060f8        0x8
 .bss.sceNetHtonl
                0x00000000000060f8        0x8 /lib/ps4-payload-sdk/libPS4/libPS4.a(network.o)
                0x00000000000060f8                sceNetHtonl

.bss.sceNetHtonll
                0x0000000000006100        0x8
 .bss.sceNetHtonll
                0x0000000000006100        0x8 /lib/ps4-payload-sdk/libPS4/libPS4.a(network.o)
                0x0000000000006100                sceNetHtonll

.bss.sceNetInetPton
                0x0000000000006108        0x8
 .bss.sceNetInetPton
                0x0000000000006108        0x8 /lib/ps4-payload-sdk/libPS4/libPS4.a(network.o)
                0x0000000000006108                sceNetInetPton

.bss.sceNetInetNtop
                0x0000000000006110        0x8
 .bss.sceNetInetNtop
                0x0000000000006110        0x8 /lib/ps4-payload-sdk/libPS4/libPS4.a(network.o)
                0x0000000000006110                sceNetInetNtop

.bss.sceNetSetsockopt
                0x0000000000006118        0x8
 .bss.sceNetSetsockopt
                0x0000000000006118        0x8 /lib/ps4-payload-sdk/libPS4/libPS4.a(network.o)
                0x0000000000006118                sceNetSetsockopt

.bss.sceNetGetsockopt
                0x0000000000006120        0x8
 .bss.sceNetGetsockopt
                0x0000000000006120        0x8 /lib/ps4-payload-sdk/libPS4/libPS4.a(network.o)
                0x0000000000006120                sceNetGetsockopt

.bss.sceNetGetsockname
                0x0000000000006128        0x8
 .bss.sceNetGetsockname
                0x0000000000006128        0x8 /lib/ps4-payload-sdk/libPS4/libPS4.a(network.o)
                0x0000000000006128                sceNetGetsockname

.bss.sceNetSocketAbort
                0x0000000000006130        0x8
 .bss.sceNetSocketAbort
                0x0000000000006130        0x8 /lib/ps4-payload-sdk/libPS4/libPS4.a(network.o)
                0x0000000000006130                sceNetSocketAbort

.bss.sceNetRecv
                0x0000000000006138        0x8
 .bss.sceNetRecv
                0x0000000000006138        0x8 /lib/ps4-payload-sdk/libPS4/libPS4.a(network.o)
                0x0000000000006138                sceNetRecv

.bss.sceNetAccept
                0x0000000000006140        0x8
 .bss.sceNetAccept
                0x0000000000006140        0x8 /lib/ps4-payload-sdk/libPS4/libPS4.a(network.o)
                0x0000000000006140                sceNetAccept

.bss.sceNetListen
                0x0000000000006148        0x8
 .bss.sceNetListen
                0x0000000000006148        0x8 /lib/ps4-payload-sdk/libPS4/libPS4.a(network.o)
                0x0000000000006148                sceNetListen

.bss.sceNetBind
                0x0000000000006150        0x8
 .bss.sceNetBind
                0x0000000000006150        0x8 /lib/ps4-payload-sdk/libPS4/libPS4.a(network.o)
                0x0000000000006150                sceNetBind

.bss.sceNetSend
                0x0000000000006158        0x8
 .bss.sceNetSend
                0x0000000000006158        0x8 /lib/ps4-payload-sdk/libPS4/libPS4.a(network.o)
                0x0000000000006158                sceNetSend

.bss.sceNetConnect
                0x0000000000006160        0x8
 .bss.sceNetConnect
                0x0000000000006160        0x8 /lib/ps4-payload-sdk/libPS4/libPS4.a(network.o)
                0x0000000000006160                sceNetConnect

.bss.sceNetSocketClose
                0x0000000000006168        0x8
 .bss.sceNetSocketClose
                0x0000000000006168        0x8 /lib/ps4-payload-sdk/libPS4/libPS4.a(network.o)
                0x0000000000006168                sceNetSocketClose

.bss.sceNetSocket
                0x0000000000006170        0x8
 .bss.sceNetSocket
                0x0000000000006170        0x8 /lib/ps4-payload-sdk/libPS4/libPS4.a(network.o)
                0x0000000000006170                sceNetSocket

.bss.sceNetErrnoLoc
                0x0000000000006178        0x8
 .bss.sceNetErrnoLoc
                0x0000000000006178        0x8 /lib/ps4-payload-sdk/libPS4/libPS4.a(network.o)
                0x0000000000006178                sceNetErrnoLoc

.bss.libNetCtl  0x0000000000006180        0x4
 .bss.libNetCtl
                0x0000000000006180        0x4 /lib/ps4-payload-sdk/libPS4/libPS4.a(network.o)
                0x0000000000006180                libNetCtl

.bss.libNet     0x0000000000006184        0x4
 .bss.libNet    0x0000000000006184        0x4 /lib/ps4-payload-sdk/libPS4/libPS4.a(network.o)
                0x0000000000006184                libNet

.bss.g_firmware
                0x0000000000006188        0x2
 .bss.g_firmware
                0x0000000000006188        0x2 /lib/ps4-payload-sdk/libPS4/libPS4.a(payload_utils.o)
                0x0000000000006188                g_firmware

.bss.scePthreadBarrierDestroy
                0x0000000000006190        0x8
 .bss.scePthreadBarrierDestroy
                0x0000000000006190        0x8 /lib/ps4-payload-sdk/libPS4/libPS4.a(pthread.o)
                0x0000000000006190                scePthreadBarrierDestroy

.bss.scePthreadBarrierWait
                0x0000000000006198        0x8
 .bss.scePthreadBarrierWait
                0x0000000000006198        0x8 /lib/ps4-payload-sdk/libPS4/libPS4.a(pthread.o)
                0x0000000000006198                scePthreadBarrierWait

.bss.scePthreadBarrierInit
                0x00000000000061a0        0x8
 .bss.scePthreadBarrierInit
                0x00000000000061a0        0x8 /lib/ps4-payload-sdk/libPS4/libPS4.a(pthread.o)
                0x00000000000061a0                scePthreadBarrierInit

.bss.scePthreadMutexUnlock
                0x00000000000061a8        0x8
 .bss.scePthreadMutexUnlock
                0x00000000000061a8        0x8 /lib/ps4-payload-sdk/libPS4/libPS4.a(pthread.o)
                0x00000000000061a8                scePthreadMutexUnlock

.bss.scePthreadMutexTimedlock
                0x00000000000061b0        0x8
 .bss.scePthreadMutexTimedlock
                0x00000000000061b0        0x8 /lib/ps4-payload-sdk/libPS4/libPS4.a(pthread.o)
                0x00000000000061b0                scePthreadMutexTimedlock

.bss.scePthreadMutexTrylock
                0x00000000000061b8        0x8
 .bss.scePthreadMutexTrylock
                0x00000000000061b8        0x8 /lib/ps4-payload-sdk/libPS4/libPS4.a(pthread.o)
                0x00000000000061b8                scePthreadMutexTrylock

.bss.scePthreadMutexLock
                0x00000000000061c0        0x8
 .bss.scePthreadMutexLock
                0x00000000000061c0        0x8 /lib/ps4-payload-sdk/libPS4/libPS4.a(pthread.o)
                0x00000000000061c0                scePthreadMutexLock

.bss.scePthreadMutexDestroy
                0x00000000000061c8        0x8
 .bss.scePthreadMutexDestroy
                0x00000000000061c8        0x8 /lib/ps4-payload-sdk/libPS4/libPS4.a(pthread.o)
                0x00000000000061c8                scePthreadMutexDestroy

.bss.scePthreadMutexInit
                0x00000000000061d0        0x8
 .bss.scePthreadMutexInit
                0x00000000000061d0        0x8 /lib/ps4-payload-sdk/libPS4/libPS4.a(pthread.o)
                0x00000000000061d0                scePthreadMutexInit

.bss.scePthreadCancel
                0x00000000000061d8        0x8
 .bss.scePthreadCancel
                0x00000000000061d8        0x8 /lib/ps4-payload-sdk/libPS4/libPS4.a(pthread.o)
                0x00000000000061d8                scePthreadCancel

.bss.scePthreadSelf
                0x00000000000061e0        0x8
 .bss.scePthreadSelf
                0x00000000000061e0        0x8 /lib/ps4-payload-sdk/libPS4/libPS4.a(pthread.o)
                0x00000000000061e0                scePthreadSelf

.bss.scePthreadYield
                0x00000000000061e8        0x8
 .bss.scePthreadYield
                0x00000000000061e8        0x8 /lib/ps4-payload-sdk/libPS4/libPS4.a(pthread.o)
                0x00000000000061e8                scePthreadYield

.bss.scePthreadJoin
                0x00000000000061f0        0x8
 .bss.scePthreadJoin
                0x00000000000061f0        0x8 /lib/ps4-payload-sdk/libPS4/libPS4.a(pthread.o)
                0x00000000000061f0                scePthreadJoin

.bss.scePthreadDetach
                0x00000000000061f8        0x8
 .bss.scePthreadDetach
                0x00000000000061f8        0x8 /lib/ps4-payload-sdk/libPS4/libPS4.a(pthread.o)
                0x00000000000061f8                scePthreadDetach

.bss.scePthreadExit
                0x0000000000006200        0x8
 .bss.scePthreadExit
                0x0000000000006200        0x8 /lib/ps4-payload-sdk/libPS4/libPS4.a(pthread.o)
                0x0000000000006200                scePthreadExit

.bss.scePthreadCreate
                0x0000000000006208        0x8
 .bss.scePthreadCreate
                0x0000000000006208        0x8 /lib/ps4-payload-sdk/libPS4/libPS4.a(pthread.o)
                0x0000000000006208                scePthreadCreate

.bss.libPthread
                0x0000000000006210        0x4
 .bss.libPthread
                0x0000000000006210        0x4 /lib/ps4-payload-sdk/libPS4/libPS4.a(pthread.o)
                0x0000000000006210                libPthread

.bss.sceSystemServiceLaunchWebBrowser
                0x0000000000006218        0x8
 .bss.sceSystemServiceLaunchWebBrowser
                0x0000000000006218        0x8 /lib/ps4-payload-sdk/libPS4/libPS4.a(sysutil.o)
                0x0000000000006218                sceSystemServiceLaunchWebBrowser

.bss.sceSysUtilSendSystemNotificationWithText
                0x0000000000006220        0x8
 .bss.sceSysUtilSendSystemNotificationWithText
                0x0000000000006220        0x8 /lib/ps4-payload-sdk/libPS4/libPS4.a(sysutil.o)
                0x0000000000006220                sceSysUtilSendSystemNotificationWithText

.bss.libSceSystemService
                0x0000000000006228        0x4
 .bss.libSceSystemService
                0x0000000000006228        0x4 /lib/ps4-payload-sdk/libPS4/libPS4.a(sysutil.o)
                0x0000000000006228                libSceSystemService

.bss.sysUtilHandle
                0x000000000000622c        0x4
 .bss.sysUtilHandle
                0x000000000000622c        0x4 /lib/ps4-payload-sdk/libPS4/libPS4.a(sysutil.o)
                0x000000000000622c                sysUtilHandle

/DISCARD/
 *(.comment)
 *(.note.GNU-stack)
 *(.eh_frame)
 *(.interp)
LOAD /lib/ps4-payload-sdk/libPS4/libPS4.a
OUTPUT(temp.t elf64-x86-64)
